Apr 08, 2021 1:12:43 PM Server.Domain.CommonClasses.Response <init>
WARNING: User not connected
Apr 08, 2021 1:12:44 PM Server.Domain.CommonClasses.Response <init>
WARNING: User not connected
Apr 08, 2021 1:12:44 PM Server.Domain.CommonClasses.Response <init>
WARNING: User is not allowed to register
Apr 08, 2021 1:12:44 PM Server.Domain.CommonClasses.Response <init>
WARNING: User not connected
Apr 08, 2021 1:12:44 PM Server.Domain.CommonClasses.Response <init>
WARNING: User not connected
Apr 08, 2021 1:12:44 PM Server.Domain.CommonClasses.Response <init>
WARNING: The user is not allowed to remove products from the store
Apr 08, 2021 1:12:44 PM Server.Domain.CommonClasses.Response <init>
WARNING: The user is not allowed to remove products from the store
Apr 08, 2021 1:12:44 PM Server.Domain.CommonClasses.Response <init>
WARNING: User not connected
Apr 08, 2021 1:12:44 PM Server.Domain.CommonClasses.Response <init>
WARNING: User not connected
Apr 08, 2021 1:12:44 PM Server.Domain.CommonClasses.Response <init>
WARNING: User not allowed to view purchase history
Apr 08, 2021 1:12:44 PM Server.Domain.CommonClasses.Response <init>
WARNING: User not connected
Apr 08, 2021 1:12:44 PM Server.Domain.CommonClasses.Response <init>
WARNING: User not connected
Apr 08, 2021 1:12:44 PM Server.Domain.CommonClasses.Response <init>
WARNING: User not connected
Apr 08, 2021 1:12:44 PM Server.Domain.CommonClasses.Response <init>
WARNING: User not connected
Apr 08, 2021 1:12:44 PM Server.Domain.CommonClasses.Response <init>
WARNING: The user is not allowed to add products to the store
Apr 08, 2021 1:12:44 PM Server.Domain.CommonClasses.Response <init>
WARNING: User not connected
Apr 08, 2021 1:12:44 PM Server.Domain.CommonClasses.Response <init>
WARNING: User not connected
Apr 08, 2021 1:12:44 PM Server.Domain.CommonClasses.Response <init>
WARNING: Cannot logout without being logged in
Apr 08, 2021 1:13:35 PM Server.Domain.CommonClasses.Response <init>
WARNING: User not connected
Apr 08, 2021 1:13:35 PM Server.Domain.CommonClasses.Response <init>
WARNING: User not connected
Apr 08, 2021 1:13:35 PM Server.Domain.CommonClasses.Response <init>
WARNING: This store does not exists
Apr 08, 2021 1:13:35 PM Server.Domain.CommonClasses.Response <init>
WARNING: This store does not exists
Apr 08, 2021 1:13:35 PM Server.Domain.CommonClasses.Response <init>
WARNING: User is not allowed to register
Apr 08, 2021 1:13:35 PM Server.Domain.CommonClasses.Response <init>
WARNING: User not connected
Apr 08, 2021 1:13:35 PM Server.Domain.CommonClasses.Response <init>
WARNING: User not connected
Apr 08, 2021 1:13:35 PM Server.Domain.CommonClasses.Response <init>
WARNING: User not connected
Apr 08, 2021 1:13:35 PM Server.Domain.CommonClasses.Response <init>
WARNING: User not connected
Apr 08, 2021 1:13:35 PM Server.Domain.CommonClasses.Response <init>
WARNING: This store does not exists
Apr 08, 2021 1:13:35 PM Server.Domain.CommonClasses.Response <init>
WARNING: This store does not exists
Apr 08, 2021 1:13:35 PM Server.Domain.CommonClasses.Response <init>
WARNING: The user is not allowed to remove products from the store
Apr 08, 2021 1:13:35 PM Server.Domain.CommonClasses.Response <init>
WARNING: This store does not exists
Apr 08, 2021 1:13:35 PM Server.Domain.CommonClasses.Response <init>
WARNING: User not connected
Apr 08, 2021 1:13:35 PM Server.Domain.CommonClasses.Response <init>
WARNING: User not connected
Apr 08, 2021 1:13:35 PM Server.Domain.CommonClasses.Response <init>
WARNING: User not connected
Apr 08, 2021 1:13:35 PM Server.Domain.CommonClasses.Response <init>
WARNING: User not connected
Apr 08, 2021 1:13:35 PM Server.Domain.CommonClasses.Response <init>
WARNING: This store does not exists
Apr 08, 2021 1:13:35 PM Server.Domain.CommonClasses.Response <init>
WARNING: This store does not exists
Apr 08, 2021 1:13:35 PM Server.Domain.CommonClasses.Response <init>
WARNING: User not allowed to view purchase history
Apr 08, 2021 1:13:35 PM Server.Domain.CommonClasses.Response <init>
WARNING: User not connected
Apr 08, 2021 1:13:35 PM Server.Domain.CommonClasses.Response <init>
WARNING: User not connected
Apr 08, 2021 1:13:35 PM Server.Domain.CommonClasses.Response <init>
WARNING: User not connected
Apr 08, 2021 1:13:35 PM Server.Domain.CommonClasses.Response <init>
WARNING: User not connected
Apr 08, 2021 1:13:35 PM Server.Domain.CommonClasses.Response <init>
WARNING: This store does not exists
Apr 08, 2021 1:13:35 PM Server.Domain.CommonClasses.Response <init>
WARNING: This store does not exists
Apr 08, 2021 1:13:35 PM Server.Domain.CommonClasses.Response <init>
WARNING: User not connected
Apr 08, 2021 1:13:35 PM Server.Domain.CommonClasses.Response <init>
WARNING: User not connected
Apr 08, 2021 1:13:35 PM Server.Domain.CommonClasses.Response <init>
WARNING: User not connected
Apr 08, 2021 1:13:35 PM Server.Domain.CommonClasses.Response <init>
WARNING: User not connected
Apr 08, 2021 1:13:35 PM Server.Domain.CommonClasses.Response <init>
WARNING: This store does not exists
Apr 08, 2021 1:13:35 PM Server.Domain.CommonClasses.Response <init>
WARNING: The user is not allowed to add products to the store
Apr 08, 2021 1:13:35 PM Server.Domain.CommonClasses.Response <init>
WARNING: User not connected
Apr 08, 2021 1:13:35 PM Server.Domain.CommonClasses.Response <init>
WARNING: User not connected
Apr 08, 2021 1:13:35 PM Server.Domain.CommonClasses.Response <init>
WARNING: User not connected
Apr 08, 2021 1:13:35 PM Server.Domain.CommonClasses.Response <init>
WARNING: User not connected
Apr 08, 2021 1:13:35 PM Server.Domain.CommonClasses.Response <init>
WARNING: This store does not exists
Apr 08, 2021 1:13:35 PM Server.Domain.CommonClasses.Response <init>
WARNING: Cannot logout without being logged in
Apr 08, 2021 1:13:35 PM Server.Domain.CommonClasses.Response <init>
WARNING: User not connected
Apr 08, 2021 1:13:35 PM Server.Domain.CommonClasses.Response <init>
WARNING: User not connected
Apr 08, 2021 1:13:59 PM Server.Domain.CommonClasses.Response <init>
WARNING: username already exists
Apr 08, 2021 1:14:00 PM Server.Domain.CommonClasses.Response <init>
WARNING: username already exists
Apr 08, 2021 1:14:00 PM Server.Domain.CommonClasses.Response <init>
WARNING: Failed to login user
Apr 08, 2021 1:14:00 PM Server.Domain.CommonClasses.Response <init>
WARNING: Failed to login user
Apr 08, 2021 1:14:00 PM Server.Domain.CommonClasses.Response <init>
WARNING: username already exists
Apr 08, 2021 1:14:00 PM Server.Domain.CommonClasses.Response <init>
WARNING: username already exists
Apr 08, 2021 1:14:00 PM Server.Domain.CommonClasses.Response <init>
WARNING: username already exists
Apr 08, 2021 1:14:00 PM Server.Domain.CommonClasses.Response <init>
WARNING: username already exists
Apr 08, 2021 1:14:00 PM Server.Domain.CommonClasses.Response <init>
WARNING: username already exists
Apr 08, 2021 1:14:00 PM Server.Domain.CommonClasses.Response <init>
WARNING: user doesn't exist
Apr 08, 2021 1:14:00 PM Server.Domain.CommonClasses.Response <init>
WARNING: username already exists
Apr 08, 2021 1:14:00 PM Server.Domain.CommonClasses.Response <init>
WARNING: username already exists
Apr 08, 2021 1:14:00 PM Server.Domain.CommonClasses.Response <init>
WARNING: username already exists
Apr 08, 2021 1:14:00 PM Server.Domain.CommonClasses.Response <init>
WARNING: username already exists
Apr 08, 2021 1:14:00 PM Server.Domain.CommonClasses.Response <init>
WARNING: username already exists
Apr 08, 2021 1:14:00 PM Server.Domain.CommonClasses.Response <init>
WARNING: username already exists
Apr 08, 2021 1:14:00 PM Server.Domain.CommonClasses.Response <init>
WARNING: username already exists
Apr 08, 2021 1:14:00 PM Server.Domain.CommonClasses.Response <init>
WARNING: user doesn't exist
Apr 08, 2021 1:14:00 PM Server.Domain.CommonClasses.Response <init>
WARNING: user doesn't exist
Apr 08, 2021 1:14:00 PM Server.Domain.CommonClasses.Response <init>
WARNING: user doesn't exist
Apr 08, 2021 1:14:00 PM Server.Domain.CommonClasses.Response <init>
WARNING: user doesn't exist
Apr 08, 2021 1:14:00 PM Server.Domain.CommonClasses.Response <init>
WARNING: user doesn't exist
Apr 08, 2021 1:14:00 PM Server.Domain.CommonClasses.Response <init>
WARNING: user not appointed by this appointer
Apr 08, 2021 1:14:00 PM Server.Domain.CommonClasses.Response <init>
WARNING: user not appointed by this appointer
Apr 08, 2021 1:14:00 PM Server.Domain.CommonClasses.Response <init>
WARNING: User doesn't exist
Apr 08, 2021 1:14:00 PM Server.Domain.CommonClasses.Response <init>
WARNING: user not appointed by this appointer
Apr 08, 2021 1:14:00 PM Server.Domain.CommonClasses.Response <init>
WARNING: User doesn't exist
Apr 08, 2021 1:14:00 PM Server.Domain.CommonClasses.Response <init>
WARNING: user not appointed by this appointer
Apr 08, 2021 1:14:00 PM Server.Domain.CommonClasses.Response <init>
WARNING: User doesn't exist
Apr 08, 2021 1:14:00 PM Server.Domain.CommonClasses.Response <init>
WARNING: username already exists
Apr 08, 2021 1:14:00 PM Server.Domain.CommonClasses.Response <init>
WARNING: username already exists
Apr 08, 2021 1:14:00 PM Server.Domain.CommonClasses.Response <init>
WARNING: user doesn't exist
Apr 08, 2021 1:14:00 PM Server.Domain.CommonClasses.Response <init>
WARNING: username already exists
Apr 08, 2021 1:14:00 PM Server.Domain.CommonClasses.Response <init>
WARNING: username already exists
Apr 08, 2021 1:14:00 PM Server.Domain.CommonClasses.Response <init>
WARNING: username already exists
Apr 08, 2021 1:14:00 PM Server.Domain.CommonClasses.Response <init>
WARNING: user doesn't exist
Apr 08, 2021 1:14:00 PM Server.Domain.CommonClasses.Response <init>
WARNING: username already exists
Apr 08, 2021 1:14:00 PM Server.Domain.CommonClasses.Response <init>
WARNING: username already exists
Apr 08, 2021 1:14:00 PM Server.Domain.CommonClasses.Response <init>
WARNING: username already exists
Apr 08, 2021 1:14:00 PM Server.Domain.CommonClasses.Response <init>
WARNING: username already exists
Apr 08, 2021 1:14:00 PM Server.Domain.CommonClasses.Response <init>
WARNING: username already exists
Apr 08, 2021 1:14:00 PM Server.Domain.CommonClasses.Response <init>
WARNING: username already exists
Apr 08, 2021 1:14:00 PM Server.Domain.CommonClasses.Response <init>
WARNING: user doesn't exist
Apr 08, 2021 1:14:00 PM Server.Domain.CommonClasses.Response <init>
WARNING: user doesn't exist
Apr 08, 2021 1:14:00 PM Server.Domain.CommonClasses.Response <init>
WARNING: user doesn't exist
Apr 08, 2021 1:14:00 PM Server.Domain.CommonClasses.Response <init>
WARNING: user doesn't exist
Apr 08, 2021 1:14:00 PM Server.Domain.CommonClasses.Response <init>
WARNING: user doesn't exist
Apr 08, 2021 1:14:00 PM Server.Domain.CommonClasses.Response <init>
WARNING: User doesn't exist
Apr 08, 2021 1:14:00 PM Server.Domain.CommonClasses.Response <init>
WARNING: User doesn't exist
Apr 08, 2021 1:14:00 PM Server.Domain.CommonClasses.Response <init>
WARNING: User doesn't exist
Apr 08, 2021 1:14:00 PM Server.Domain.CommonClasses.Response <init>
WARNING: username already exists
Apr 08, 2021 1:14:00 PM Server.Domain.CommonClasses.Response <init>
WARNING: username already exists
Apr 08, 2021 1:14:00 PM Server.Domain.CommonClasses.Response <init>
WARNING: user doesn't exist
Apr 08, 2021 1:14:00 PM Server.Domain.CommonClasses.Response <init>
WARNING: username already exists
Apr 08, 2021 1:14:00 PM Server.Domain.CommonClasses.Response <init>
WARNING: username already exists
Apr 08, 2021 1:14:00 PM Server.Domain.CommonClasses.Response <init>
WARNING: user doesn't exist
Apr 08, 2021 1:14:00 PM Server.Domain.CommonClasses.Response <init>
WARNING: User doesn't exist
Apr 08, 2021 1:14:00 PM Server.Domain.CommonClasses.Response <init>
WARNING: username already exists
Apr 08, 2021 1:14:00 PM Server.Domain.CommonClasses.Response <init>
WARNING: username already exists
Apr 08, 2021 1:14:00 PM Server.Domain.CommonClasses.Response <init>
WARNING: user doesn't exist
Apr 08, 2021 1:14:00 PM Server.Domain.CommonClasses.Response <init>
WARNING: User doesn't exist
Apr 08, 2021 1:14:40 PM Server.Domain.CommonClasses.Response <init>
WARNING: ShoppingCart: This store basket doesn't exists
Apr 08, 2021 1:14:51 PM Server.Domain.CommonClasses.Response <init>
WARNING: ShoppingBasket: The given product doesn't exists
Apr 08, 2021 1:14:51 PM Server.Domain.CommonClasses.Response <init>
WARNING: ShoppingBasket: Product AirPods isn't from store
Apr 08, 2021 1:15:13 PM Server.Domain.CommonClasses.Response <init>
WARNING: ShoppingBasket: The given product doesn't exists
Apr 08, 2021 1:15:13 PM Server.Domain.CommonClasses.Response <init>
WARNING: ShoppingBasket: Product AirPods isn't from store
Apr 08, 2021 1:15:19 PM Server.Domain.CommonClasses.Response <init>
WARNING: Inventory: Amount to remove exceeds the amount in stock
Apr 08, 2021 1:15:19 PM Server.Domain.CommonClasses.Response <init>
WARNING: Inventory: Amount to remove exceeds the amount in stock
Apr 08, 2021 1:15:40 PM Server.Domain.CommonClasses.Response <init>
WARNING: Inventory: This product doesn't exist
Apr 08, 2021 1:15:40 PM Server.Domain.CommonClasses.Response <init>
WARNING: Inventory: This product doesn't exist
Apr 08, 2021 1:16:01 PM Server.Domain.CommonClasses.Response <init>
WARNING: User not connected
Apr 08, 2021 1:16:01 PM Server.Domain.CommonClasses.Response <init>
WARNING: User not connected
Apr 08, 2021 1:16:01 PM Server.Domain.CommonClasses.Response <init>
WARNING: The user is not allowed to add products to the store
Apr 08, 2021 1:16:01 PM Server.Domain.CommonClasses.Response <init>
WARNING: You cannot purchase an empty cart
Apr 08, 2021 1:16:01 PM Server.Domain.CommonClasses.Response <init>
WARNING: You cannot purchase an empty cart
Apr 08, 2021 1:16:01 PM Server.Domain.CommonClasses.Response <init>
WARNING: User not connected
Apr 08, 2021 1:16:01 PM Server.Domain.CommonClasses.Response <init>
WARNING: User not connected
Apr 08, 2021 1:16:01 PM Server.Domain.CommonClasses.Response <init>
WARNING: The user is not allowed to add products to the store
Apr 08, 2021 1:16:01 PM Server.Domain.CommonClasses.Response <init>
WARNING: You cannot purchase an empty cart
Apr 08, 2021 1:16:01 PM Server.Domain.CommonClasses.Response <init>
WARNING: You cannot purchase an empty cart
Apr 08, 2021 1:16:01 PM Server.Domain.CommonClasses.Response <init>
WARNING: User not connected
Apr 08, 2021 1:16:01 PM Server.Domain.CommonClasses.Response <init>
WARNING: User not connected
Apr 08, 2021 1:16:01 PM Server.Domain.CommonClasses.Response <init>
WARNING: The user is not allowed to add products to the store
Apr 08, 2021 1:16:01 PM Server.Domain.CommonClasses.Response <init>
WARNING: User not connected
Apr 08, 2021 1:16:01 PM Server.Domain.CommonClasses.Response <init>
WARNING: User not connected
Apr 08, 2021 1:16:01 PM Server.Domain.CommonClasses.Response <init>
WARNING: The user is not allowed to add products to the store
Apr 08, 2021 1:17:29 PM Server.Domain.CommonClasses.Response <init>
WARNING: username already exists
Apr 08, 2021 1:17:29 PM Server.Domain.CommonClasses.Response <init>
WARNING: username already exists
Apr 08, 2021 1:17:29 PM Server.Domain.CommonClasses.Response <init>
WARNING: username already exists
Apr 08, 2021 1:17:29 PM Server.Domain.CommonClasses.Response <init>
WARNING: username already exists
Apr 08, 2021 1:17:29 PM Server.Domain.CommonClasses.Response <init>
WARNING: user doesn't exist
Apr 08, 2021 1:17:29 PM Server.Domain.CommonClasses.Response <init>
WARNING: username already exists
Apr 08, 2021 1:17:29 PM Server.Domain.CommonClasses.Response <init>
WARNING: username already exists
Apr 08, 2021 1:17:29 PM Server.Domain.CommonClasses.Response <init>
WARNING: user doesn't exist
Apr 08, 2021 1:17:29 PM Server.Domain.CommonClasses.Response <init>
WARNING: Inventory: Product air bending exceeding to inventory capacity
Apr 08, 2021 1:17:29 PM Server.Domain.CommonClasses.Response <init>
WARNING: Store: Product deletion failed successfully
Apr 08, 2021 1:17:29 PM Server.Domain.CommonClasses.Response <init>
WARNING: Problem with purchase from store 0.
Apr 08, 2021 1:17:29 PM Server.Domain.CommonClasses.Response <init>
WARNING: Problem with purchase from store 0.
Apr 08, 2021 1:17:29 PM Server.Domain.CommonClasses.Response <init>
WARNING: Problem with purchase from store 0.
Apr 08, 2021 1:17:29 PM Server.Domain.CommonClasses.Response <init>
WARNING: Inventory: Product air bending exceeding to inventory capacity
Apr 08, 2021 1:17:29 PM Server.Domain.CommonClasses.Response <init>
WARNING: Store: Product deletion failed successfully
Apr 08, 2021 1:17:29 PM Server.Domain.CommonClasses.Response <init>
WARNING: Problem with purchase from store 0.
Apr 08, 2021 1:17:29 PM Server.Domain.CommonClasses.Response <init>
WARNING: Problem with purchase from store 0.
Apr 08, 2021 1:17:29 PM Server.Domain.CommonClasses.Response <init>
WARNING: Problem with purchase from store 0.
Apr 08, 2021 1:17:29 PM Server.Domain.CommonClasses.Response <init>
WARNING: user doesn't exist
Apr 08, 2021 1:17:29 PM Server.Domain.CommonClasses.Response <init>
WARNING: User was already appointed in this store
Apr 08, 2021 1:17:29 PM Server.Domain.CommonClasses.Response <init>
WARNING: User not allowed to receive store history
Apr 08, 2021 1:17:38 PM Server.Domain.CommonClasses.Response <init>
WARNING: username already exists
Apr 08, 2021 1:17:38 PM Server.Domain.CommonClasses.Response <init>
WARNING: username already exists
Apr 08, 2021 1:17:38 PM Server.Domain.CommonClasses.Response <init>
WARNING: User not allowed to view purchase history
Apr 08, 2021 1:17:38 PM Server.Domain.CommonClasses.Response <init>
WARNING: User not connected
Apr 08, 2021 1:17:38 PM Server.Domain.CommonClasses.Response <init>
WARNING: Not allowed to open store
Apr 08, 2021 1:17:38 PM Server.Domain.CommonClasses.Response <init>
WARNING: The given product wasn't purchased before
Apr 08, 2021 1:17:38 PM Server.Domain.CommonClasses.Response <init>
WARNING: User not allowed to review product
Apr 08, 2021 1:17:45 PM Server.Domain.CommonClasses.Response <init>
WARNING: username already exists
Apr 08, 2021 1:17:45 PM Server.Domain.CommonClasses.Response <init>
WARNING: username already exists
Apr 08, 2021 1:17:45 PM Server.Domain.CommonClasses.Response <init>
WARNING: User not connected
Apr 08, 2021 1:17:45 PM Server.Domain.CommonClasses.Response <init>
WARNING: username already exists
Apr 08, 2021 1:17:45 PM Server.Domain.CommonClasses.Response <init>
WARNING: username already exists
Apr 08, 2021 1:17:45 PM Server.Domain.CommonClasses.Response <init>
WARNING: username already exists
Apr 08, 2021 1:17:45 PM Server.Domain.CommonClasses.Response <init>
WARNING: user doesn't exist
Apr 08, 2021 1:17:45 PM Server.Domain.CommonClasses.Response <init>
WARNING: user doesn't exist
Apr 08, 2021 1:17:45 PM Server.Domain.CommonClasses.Response <init>
WARNING: Attempted to remove a user that wasn't appointed by him
Apr 08, 2021 1:17:45 PM Server.Domain.CommonClasses.Response <init>
WARNING: user not appointed by this appointer
Apr 08, 2021 1:17:45 PM Server.Domain.CommonClasses.Response <init>
WARNING: User doesn't exist
Apr 08, 2021 1:17:45 PM Server.Domain.CommonClasses.Response <init>
WARNING: User isn't allowed to appoint owner
Apr 08, 2021 1:17:45 PM Server.Domain.CommonClasses.Response <init>
WARNING: User isn't allowed to appoint owner
Apr 08, 2021 1:17:45 PM Server.Domain.CommonClasses.Response <init>
WARNING: username already exists
Apr 08, 2021 1:17:45 PM Server.Domain.CommonClasses.Response <init>
WARNING: username already exists
Apr 08, 2021 1:17:45 PM Server.Domain.CommonClasses.Response <init>
WARNING: username already exists
Apr 08, 2021 1:17:45 PM Server.Domain.CommonClasses.Response <init>
WARNING: user doesn't exist
Apr 08, 2021 1:17:45 PM Server.Domain.CommonClasses.Response <init>
WARNING: The user already has the permission
Apr 08, 2021 1:17:45 PM Server.Domain.CommonClasses.Response <init>
WARNING: The user is not allowed to add products to the store
Apr 08, 2021 1:17:45 PM Server.Domain.CommonClasses.Response <init>
WARNING: The user is not allowed to remove products from the store
Apr 08, 2021 1:17:45 PM Server.Domain.CommonClasses.Response <init>
WARNING: The user is not allowed to edit products information in the store
Apr 08, 2021 1:17:45 PM Server.Domain.CommonClasses.Response <init>
WARNING: User isn't allowed to appoint owner
Apr 08, 2021 1:17:45 PM Server.Domain.CommonClasses.Response <init>
WARNING: user doesn't exist
Apr 08, 2021 1:17:45 PM Server.Domain.CommonClasses.Response <init>
WARNING: User not allowed to REMOVE_OWNER_APPOINTMENT
Apr 08, 2021 1:17:45 PM Server.Domain.CommonClasses.Response <init>
WARNING: User isn't allowed to appoint manager
Apr 08, 2021 1:17:45 PM Server.Domain.CommonClasses.Response <init>
WARNING: user doesn't exist
Apr 08, 2021 1:17:45 PM Server.Domain.CommonClasses.Response <init>
WARNING: User not allowed to add permissions to this user
Apr 08, 2021 1:17:45 PM Server.Domain.CommonClasses.Response <init>
WARNING: User not allowed to REMOVE_MANAGER_APPOINTMENT
Apr 08, 2021 1:17:45 PM Server.Domain.CommonClasses.Response <init>
WARNING: User not allowed to receive store workers information
Apr 08, 2021 1:17:45 PM Server.Domain.CommonClasses.Response <init>
WARNING: User not permitted to get worker info
Apr 08, 2021 1:17:45 PM Server.Domain.CommonClasses.Response <init>
WARNING: User not allowed to receive store history
Apr 08, 2021 1:17:45 PM Server.Domain.CommonClasses.Response <init>
WARNING: username already exists
Apr 08, 2021 1:17:45 PM Server.Domain.CommonClasses.Response <init>
WARNING: username already exists
Apr 08, 2021 1:17:45 PM Server.Domain.CommonClasses.Response <init>
WARNING: username already exists
Apr 08, 2021 1:17:45 PM Server.Domain.CommonClasses.Response <init>
WARNING: user doesn't exist
Apr 08, 2021 1:17:45 PM Server.Domain.CommonClasses.Response <init>
WARNING: user doesn't exist
Apr 08, 2021 1:17:45 PM Server.Domain.CommonClasses.Response <init>
WARNING: User not allowed to REMOVE_MANAGER_APPOINTMENT
Apr 08, 2021 1:17:45 PM Server.Domain.CommonClasses.Response <init>
WARNING: user not appointed by this appointer
Apr 08, 2021 1:17:45 PM Server.Domain.CommonClasses.Response <init>
WARNING: User doesn't exist
Apr 08, 2021 1:17:45 PM Server.Domain.CommonClasses.Response <init>
WARNING: User isn't allowed to appoint owner
Apr 08, 2021 1:17:45 PM Server.Domain.CommonClasses.Response <init>
WARNING: User not allowed to receive store workers information
Apr 08, 2021 1:17:45 PM Server.Domain.CommonClasses.Response <init>
WARNING: User not permitted to get worker info
Apr 08, 2021 1:17:45 PM Server.Domain.CommonClasses.Response <init>
WARNING: username already exists
Apr 08, 2021 1:17:45 PM Server.Domain.CommonClasses.Response <init>
WARNING: username already exists
Apr 08, 2021 1:17:45 PM Server.Domain.CommonClasses.Response <init>
WARNING: user doesn't exist
Apr 08, 2021 1:17:45 PM Server.Domain.CommonClasses.Response <init>
WARNING: user doesn't exist
Apr 08, 2021 1:17:45 PM Server.Domain.CommonClasses.Response <init>
WARNING: User was already appointed in this store
Apr 08, 2021 1:17:45 PM Server.Domain.CommonClasses.Response <init>
WARNING: username already exists
Apr 08, 2021 1:17:45 PM Server.Domain.CommonClasses.Response <init>
WARNING: username already exists
Apr 08, 2021 1:17:45 PM Server.Domain.CommonClasses.Response <init>
WARNING: User isn't allowed to appoint owner
Apr 08, 2021 1:17:45 PM Server.Domain.CommonClasses.Response <init>
WARNING: Inventory: This product doesn't exist
Apr 08, 2021 1:17:45 PM Server.Domain.CommonClasses.Response <init>
WARNING: User not connected
Apr 08, 2021 1:17:45 PM Server.Domain.CommonClasses.Response <init>
WARNING: username already exists
Apr 08, 2021 1:17:45 PM Server.Domain.CommonClasses.Response <init>
WARNING: username already exists
Apr 08, 2021 1:17:45 PM Server.Domain.CommonClasses.Response <init>
WARNING: username already exists
Apr 08, 2021 1:17:45 PM Server.Domain.CommonClasses.Response <init>
WARNING: user doesn't exist
Apr 08, 2021 1:17:45 PM Server.Domain.CommonClasses.Response <init>
WARNING: user doesn't exist
Apr 08, 2021 1:17:45 PM Server.Domain.CommonClasses.Response <init>
WARNING: User not allowed to receive store history
Apr 08, 2021 1:17:45 PM Server.Domain.CommonClasses.Response <init>
WARNING: User not allowed to receive store history
Apr 08, 2021 1:17:45 PM Server.Domain.CommonClasses.Response <init>
WARNING: User not allowed to receive store history
Apr 08, 2021 1:17:45 PM Server.Domain.CommonClasses.Response <init>
WARNING: username already exists
Apr 08, 2021 1:17:45 PM Server.Domain.CommonClasses.Response <init>
WARNING: username already exists
Apr 08, 2021 1:17:45 PM Server.Domain.CommonClasses.Response <init>
WARNING: username already exists
Apr 08, 2021 1:17:45 PM Server.Domain.CommonClasses.Response <init>
WARNING: user doesn't exist
Apr 08, 2021 1:17:45 PM Server.Domain.CommonClasses.Response <init>
WARNING: user doesn't exist
Apr 08, 2021 1:17:45 PM Server.Domain.CommonClasses.Response <init>
WARNING: User doesn't exist
Apr 08, 2021 1:17:45 PM Server.Domain.CommonClasses.Response <init>
WARNING: user doesn't exist
Apr 08, 2021 1:17:45 PM Server.Domain.CommonClasses.Response <init>
WARNING: User doesn't exist
Apr 08, 2021 1:17:45 PM Server.Domain.CommonClasses.Response <init>
WARNING: User not connected
Apr 08, 2021 1:17:45 PM Server.Domain.CommonClasses.Response <init>
WARNING: username already exists
Apr 08, 2021 1:17:45 PM Server.Domain.CommonClasses.Response <init>
WARNING: username already exists
Apr 08, 2021 1:17:45 PM Server.Domain.CommonClasses.Response <init>
WARNING: username already exists
Apr 08, 2021 1:17:45 PM Server.Domain.CommonClasses.Response <init>
WARNING: user doesn't exist
Apr 08, 2021 1:17:45 PM Server.Domain.CommonClasses.Response <init>
WARNING: user doesn't exist
Apr 08, 2021 1:17:45 PM Server.Domain.CommonClasses.Response <init>
WARNING: User doesn't exist
Apr 08, 2021 1:17:45 PM Server.Domain.CommonClasses.Response <init>
WARNING: User doesn't exist
Apr 08, 2021 1:17:45 PM Server.Domain.CommonClasses.Response <init>
WARNING: User not allowed to receive store workers information
Apr 08, 2021 1:17:45 PM Server.Domain.CommonClasses.Response <init>
WARNING: User not permitted to get worker info
Apr 08, 2021 1:17:45 PM Server.Domain.CommonClasses.Response <init>
WARNING: User not allowed to receive store workers information
Apr 08, 2021 1:17:45 PM Server.Domain.CommonClasses.Response <init>
WARNING: User not permitted to get worker info
Apr 08, 2021 1:17:45 PM Server.Domain.CommonClasses.Response <init>
WARNING: User not allowed to receive store workers information
Apr 08, 2021 1:17:45 PM Server.Domain.CommonClasses.Response <init>
WARNING: User not permitted to get worker info
Apr 08, 2021 1:17:45 PM Server.Domain.CommonClasses.Response <init>
WARNING: User not connected
Apr 08, 2021 1:17:45 PM Server.Domain.CommonClasses.Response <init>
WARNING: username already exists
Apr 08, 2021 1:17:45 PM Server.Domain.CommonClasses.Response <init>
WARNING: username already exists
Apr 08, 2021 1:17:45 PM Server.Domain.CommonClasses.Response <init>
WARNING: Failed to login user
Apr 08, 2021 1:17:45 PM Server.Domain.CommonClasses.Response <init>
WARNING: user doesn't exist
Apr 08, 2021 1:17:45 PM Server.Domain.CommonClasses.Response <init>
WARNING: User doesn't exist
Apr 08, 2021 1:17:45 PM Server.Domain.CommonClasses.Response <init>
WARNING: User isn't allowed to appoint manager
Apr 08, 2021 1:17:45 PM Server.Domain.CommonClasses.Response <init>
WARNING: User not allowed to receive store workers information
Apr 08, 2021 1:17:45 PM Server.Domain.CommonClasses.Response <init>
WARNING: User not permitted to get worker info
Apr 08, 2021 1:17:45 PM Server.Domain.CommonClasses.Response <init>
WARNING: User was already appointed in this store
Apr 08, 2021 1:17:52 PM Server.Domain.CommonClasses.Response <init>
WARNING: Failed to login user
Apr 08, 2021 1:17:52 PM Server.Domain.CommonClasses.Response <init>
WARNING: username already exists
Apr 08, 2021 1:17:52 PM Server.Domain.CommonClasses.Response <init>
WARNING: username already exists
Apr 08, 2021 1:17:52 PM Server.Domain.CommonClasses.Response <init>
WARNING: User not allowed to view user's purchase
Apr 08, 2021 1:17:52 PM Server.Domain.CommonClasses.Response <init>
WARNING: Failed to login user
Apr 08, 2021 1:17:52 PM Server.Domain.CommonClasses.Response <init>
WARNING: username already exists
Apr 08, 2021 1:17:52 PM Server.Domain.CommonClasses.Response <init>
WARNING: username already exists
Apr 08, 2021 1:17:52 PM Server.Domain.CommonClasses.Response <init>
WARNING: User not allowed to view user's purchase
Apr 08, 2021 1:18:06 PM Server.Domain.CommonClasses.Response <init>
WARNING: username already exists
Apr 08, 2021 1:18:06 PM Server.Domain.CommonClasses.Response <init>
WARNING: username already exists
Apr 08, 2021 1:18:06 PM Server.Domain.CommonClasses.Response <init>
WARNING: The amount cannot be negative or zero
Apr 08, 2021 1:18:06 PM Server.Domain.CommonClasses.Response <init>
WARNING: Failed to login user
Apr 08, 2021 1:18:06 PM Server.Domain.CommonClasses.Response <init>
WARNING: User not connected
Apr 08, 2021 1:18:06 PM Server.Domain.CommonClasses.Response <init>
WARNING: username already exists
Apr 08, 2021 1:18:06 PM Server.Domain.CommonClasses.Response <init>
WARNING: username already exists
Apr 08, 2021 1:18:06 PM Server.Domain.CommonClasses.Response <init>
WARNING: You cannot purchase an empty cart
Apr 08, 2021 1:18:06 PM Server.Domain.CommonClasses.Response <init>
WARNING: You cannot purchase an empty cart
Apr 08, 2021 1:18:06 PM Server.Domain.CommonClasses.Response <init>
WARNING: You cannot purchase an empty cart
Apr 08, 2021 1:18:06 PM Server.Domain.CommonClasses.Response <init>
WARNING: ShoppingCart: This store basket doesn't exists
Apr 08, 2021 1:18:06 PM Server.Domain.CommonClasses.Response <init>
WARNING: ShoppingBasket: The amount can't be negative
Apr 08, 2021 1:32:10 PM Server.Domain.CommonClasses.Response <init>
WARNING: User not connected
Apr 08, 2021 1:32:10 PM Server.Domain.CommonClasses.Response <init>
WARNING: User not connected
Apr 08, 2021 1:32:10 PM Server.Domain.CommonClasses.Response <init>
WARNING: This store does not exists
Apr 08, 2021 1:32:10 PM Server.Domain.CommonClasses.Response <init>
WARNING: This store does not exists
Apr 08, 2021 1:32:10 PM Server.Domain.CommonClasses.Response <init>
WARNING: User is not allowed to register
Apr 08, 2021 1:32:10 PM Server.Domain.CommonClasses.Response <init>
WARNING: User not connected
Apr 08, 2021 1:32:10 PM Server.Domain.CommonClasses.Response <init>
WARNING: User not connected
Apr 08, 2021 1:32:10 PM Server.Domain.CommonClasses.Response <init>
WARNING: User not connected
Apr 08, 2021 1:32:10 PM Server.Domain.CommonClasses.Response <init>
WARNING: User not connected
Apr 08, 2021 1:32:10 PM Server.Domain.CommonClasses.Response <init>
WARNING: This store does not exists
Apr 08, 2021 1:32:10 PM Server.Domain.CommonClasses.Response <init>
WARNING: This store does not exists
Apr 08, 2021 1:32:10 PM Server.Domain.CommonClasses.Response <init>
WARNING: The user is not allowed to remove products from the store
Apr 08, 2021 1:32:10 PM Server.Domain.CommonClasses.Response <init>
WARNING: This store does not exists
Apr 08, 2021 1:32:10 PM Server.Domain.CommonClasses.Response <init>
WARNING: User not connected
Apr 08, 2021 1:32:10 PM Server.Domain.CommonClasses.Response <init>
WARNING: User not connected
Apr 08, 2021 1:32:10 PM Server.Domain.CommonClasses.Response <init>
WARNING: User not connected
Apr 08, 2021 1:32:10 PM Server.Domain.CommonClasses.Response <init>
WARNING: User not connected
Apr 08, 2021 1:32:10 PM Server.Domain.CommonClasses.Response <init>
WARNING: This store does not exists
Apr 08, 2021 1:32:10 PM Server.Domain.CommonClasses.Response <init>
WARNING: This store does not exists
Apr 08, 2021 1:32:10 PM Server.Domain.CommonClasses.Response <init>
WARNING: User not allowed to view purchase history
Apr 08, 2021 1:32:10 PM Server.Domain.CommonClasses.Response <init>
WARNING: User not connected
Apr 08, 2021 1:32:10 PM Server.Domain.CommonClasses.Response <init>
WARNING: User not connected
Apr 08, 2021 1:32:10 PM Server.Domain.CommonClasses.Response <init>
WARNING: User not connected
Apr 08, 2021 1:32:10 PM Server.Domain.CommonClasses.Response <init>
WARNING: User not connected
Apr 08, 2021 1:32:10 PM Server.Domain.CommonClasses.Response <init>
WARNING: This store does not exists
Apr 08, 2021 1:32:10 PM Server.Domain.CommonClasses.Response <init>
WARNING: This store does not exists
Apr 08, 2021 1:32:10 PM Server.Domain.CommonClasses.Response <init>
WARNING: User not connected
Apr 08, 2021 1:32:10 PM Server.Domain.CommonClasses.Response <init>
WARNING: User not connected
Apr 08, 2021 1:32:10 PM Server.Domain.CommonClasses.Response <init>
WARNING: User not connected
Apr 08, 2021 1:32:10 PM Server.Domain.CommonClasses.Response <init>
WARNING: User not connected
Apr 08, 2021 1:32:10 PM Server.Domain.CommonClasses.Response <init>
WARNING: This store does not exists
Apr 08, 2021 1:32:10 PM Server.Domain.CommonClasses.Response <init>
WARNING: The user is not allowed to add products to the store
Apr 08, 2021 1:32:10 PM Server.Domain.CommonClasses.Response <init>
WARNING: User not connected
Apr 08, 2021 1:32:10 PM Server.Domain.CommonClasses.Response <init>
WARNING: User not connected
Apr 08, 2021 1:32:10 PM Server.Domain.CommonClasses.Response <init>
WARNING: User not connected
Apr 08, 2021 1:32:10 PM Server.Domain.CommonClasses.Response <init>
WARNING: User not connected
Apr 08, 2021 1:32:10 PM Server.Domain.CommonClasses.Response <init>
WARNING: This store does not exists
Apr 08, 2021 1:32:10 PM Server.Domain.CommonClasses.Response <init>
WARNING: Cannot logout without being logged in
Apr 08, 2021 1:32:10 PM Server.Domain.CommonClasses.Response <init>
WARNING: User not connected
Apr 08, 2021 1:32:10 PM Server.Domain.CommonClasses.Response <init>
WARNING: User not connected
Apr 08, 2021 1:33:17 PM Server.Domain.CommonClasses.Response <init>
WARNING: User not connected
Apr 08, 2021 1:33:17 PM Server.Domain.CommonClasses.Response <init>
WARNING: User not connected
Apr 08, 2021 1:33:17 PM Server.Domain.CommonClasses.Response <init>
WARNING: This store does not exists
Apr 08, 2021 1:33:17 PM Server.Domain.CommonClasses.Response <init>
WARNING: This store does not exists
Apr 08, 2021 1:33:17 PM Server.Domain.CommonClasses.Response <init>
WARNING: User is not allowed to register
Apr 08, 2021 1:33:17 PM Server.Domain.CommonClasses.Response <init>
WARNING: User not connected
Apr 08, 2021 1:33:17 PM Server.Domain.CommonClasses.Response <init>
WARNING: User not connected
Apr 08, 2021 1:33:17 PM Server.Domain.CommonClasses.Response <init>
WARNING: User not connected
Apr 08, 2021 1:33:17 PM Server.Domain.CommonClasses.Response <init>
WARNING: User not connected
Apr 08, 2021 1:33:17 PM Server.Domain.CommonClasses.Response <init>
WARNING: This store does not exists
Apr 08, 2021 1:33:17 PM Server.Domain.CommonClasses.Response <init>
WARNING: This store does not exists
Apr 08, 2021 1:33:17 PM Server.Domain.CommonClasses.Response <init>
WARNING: The user is not allowed to remove products from the store
Apr 08, 2021 1:33:17 PM Server.Domain.CommonClasses.Response <init>
WARNING: This store does not exists
Apr 08, 2021 1:33:17 PM Server.Domain.CommonClasses.Response <init>
WARNING: User not connected
Apr 08, 2021 1:33:17 PM Server.Domain.CommonClasses.Response <init>
WARNING: User not connected
Apr 08, 2021 1:33:17 PM Server.Domain.CommonClasses.Response <init>
WARNING: User not connected
Apr 08, 2021 1:33:17 PM Server.Domain.CommonClasses.Response <init>
WARNING: User not connected
Apr 08, 2021 1:33:17 PM Server.Domain.CommonClasses.Response <init>
WARNING: This store does not exists
Apr 08, 2021 1:33:17 PM Server.Domain.CommonClasses.Response <init>
WARNING: This store does not exists
Apr 08, 2021 1:33:17 PM Server.Domain.CommonClasses.Response <init>
WARNING: User not allowed to view purchase history
Apr 08, 2021 1:33:17 PM Server.Domain.CommonClasses.Response <init>
WARNING: User not connected
Apr 08, 2021 1:33:17 PM Server.Domain.CommonClasses.Response <init>
WARNING: User not connected
Apr 08, 2021 1:33:17 PM Server.Domain.CommonClasses.Response <init>
WARNING: User not connected
Apr 08, 2021 1:33:17 PM Server.Domain.CommonClasses.Response <init>
WARNING: User not connected
Apr 08, 2021 1:33:17 PM Server.Domain.CommonClasses.Response <init>
WARNING: This store does not exists
Apr 08, 2021 1:33:17 PM Server.Domain.CommonClasses.Response <init>
WARNING: This store does not exists
Apr 08, 2021 1:33:17 PM Server.Domain.CommonClasses.Response <init>
WARNING: User not connected
Apr 08, 2021 1:33:17 PM Server.Domain.CommonClasses.Response <init>
WARNING: User not connected
Apr 08, 2021 1:33:17 PM Server.Domain.CommonClasses.Response <init>
WARNING: User not connected
Apr 08, 2021 1:33:17 PM Server.Domain.CommonClasses.Response <init>
WARNING: User not connected
Apr 08, 2021 1:33:17 PM Server.Domain.CommonClasses.Response <init>
WARNING: This store does not exists
Apr 08, 2021 1:33:17 PM Server.Domain.CommonClasses.Response <init>
WARNING: The user is not allowed to add products to the store
Apr 08, 2021 1:33:17 PM Server.Domain.CommonClasses.Response <init>
WARNING: User not connected
Apr 08, 2021 1:33:17 PM Server.Domain.CommonClasses.Response <init>
WARNING: User not connected
Apr 08, 2021 1:33:17 PM Server.Domain.CommonClasses.Response <init>
WARNING: User not connected
Apr 08, 2021 1:33:17 PM Server.Domain.CommonClasses.Response <init>
WARNING: User not connected
Apr 08, 2021 1:33:17 PM Server.Domain.CommonClasses.Response <init>
WARNING: This store does not exists
Apr 08, 2021 1:33:17 PM Server.Domain.CommonClasses.Response <init>
WARNING: Cannot logout without being logged in
Apr 08, 2021 1:33:17 PM Server.Domain.CommonClasses.Response <init>
WARNING: User not connected
Apr 08, 2021 1:33:17 PM Server.Domain.CommonClasses.Response <init>
WARNING: User not connected
Apr 08, 2021 1:34:20 PM Server.Domain.CommonClasses.Response <init>
WARNING: User not connected
Apr 08, 2021 1:34:20 PM Server.Domain.CommonClasses.Response <init>
WARNING: User not connected
Apr 08, 2021 1:34:20 PM Server.Domain.CommonClasses.Response <init>
WARNING: This store does not exists
Apr 08, 2021 1:34:20 PM Server.Domain.CommonClasses.Response <init>
WARNING: This store does not exists
Apr 08, 2021 1:34:20 PM Server.Domain.CommonClasses.Response <init>
WARNING: User not allowed to review product
Apr 08, 2021 1:34:20 PM Server.Domain.CommonClasses.Response <init>
WARNING: The given product wasn't purchased before
Apr 08, 2021 1:34:20 PM Server.Domain.CommonClasses.Response <init>
WARNING: User not connected
Apr 08, 2021 1:34:20 PM Server.Domain.CommonClasses.Response <init>
WARNING: User not connected
Apr 08, 2021 1:34:20 PM Server.Domain.CommonClasses.Response <init>
WARNING: User not connected
Apr 08, 2021 1:34:20 PM Server.Domain.CommonClasses.Response <init>
WARNING: User not connected
Apr 08, 2021 1:34:20 PM Server.Domain.CommonClasses.Response <init>
WARNING: This store does not exists
Apr 08, 2021 1:34:20 PM Server.Domain.CommonClasses.Response <init>
WARNING: This store does not exists
Apr 08, 2021 1:34:20 PM Server.Domain.CommonClasses.Response <init>
WARNING: User is not allowed to register
Apr 08, 2021 1:34:20 PM Server.Domain.CommonClasses.Response <init>
WARNING: User not connected
Apr 08, 2021 1:34:20 PM Server.Domain.CommonClasses.Response <init>
WARNING: User not connected
Apr 08, 2021 1:34:20 PM Server.Domain.CommonClasses.Response <init>
WARNING: User not connected
Apr 08, 2021 1:34:20 PM Server.Domain.CommonClasses.Response <init>
WARNING: User not connected
Apr 08, 2021 1:34:20 PM Server.Domain.CommonClasses.Response <init>
WARNING: This store does not exists
Apr 08, 2021 1:34:20 PM Server.Domain.CommonClasses.Response <init>
WARNING: This store does not exists
Apr 08, 2021 1:34:20 PM Server.Domain.CommonClasses.Response <init>
WARNING: The user is not allowed to remove products from the store
Apr 08, 2021 1:34:20 PM Server.Domain.CommonClasses.Response <init>
WARNING: This store does not exists
Apr 08, 2021 1:34:20 PM Server.Domain.CommonClasses.Response <init>
WARNING: User not connected
Apr 08, 2021 1:34:20 PM Server.Domain.CommonClasses.Response <init>
WARNING: User not connected
Apr 08, 2021 1:34:20 PM Server.Domain.CommonClasses.Response <init>
WARNING: User not connected
Apr 08, 2021 1:34:20 PM Server.Domain.CommonClasses.Response <init>
WARNING: User not connected
Apr 08, 2021 1:34:20 PM Server.Domain.CommonClasses.Response <init>
WARNING: This store does not exists
Apr 08, 2021 1:34:20 PM Server.Domain.CommonClasses.Response <init>
WARNING: This store does not exists
Apr 08, 2021 1:34:20 PM Server.Domain.CommonClasses.Response <init>
WARNING: User not allowed to view purchase history
Apr 08, 2021 1:34:20 PM Server.Domain.CommonClasses.Response <init>
WARNING: User not connected
Apr 08, 2021 1:34:20 PM Server.Domain.CommonClasses.Response <init>
WARNING: User not connected
Apr 08, 2021 1:34:20 PM Server.Domain.CommonClasses.Response <init>
WARNING: User not connected
Apr 08, 2021 1:34:20 PM Server.Domain.CommonClasses.Response <init>
WARNING: User not connected
Apr 08, 2021 1:34:20 PM Server.Domain.CommonClasses.Response <init>
WARNING: This store does not exists
Apr 08, 2021 1:34:20 PM Server.Domain.CommonClasses.Response <init>
WARNING: This store does not exists
Apr 08, 2021 1:34:21 PM Server.Domain.CommonClasses.Response <init>
WARNING: User not connected
Apr 08, 2021 1:34:21 PM Server.Domain.CommonClasses.Response <init>
WARNING: User not connected
Apr 08, 2021 1:34:21 PM Server.Domain.CommonClasses.Response <init>
WARNING: User not connected
Apr 08, 2021 1:34:21 PM Server.Domain.CommonClasses.Response <init>
WARNING: User not connected
Apr 08, 2021 1:34:21 PM Server.Domain.CommonClasses.Response <init>
WARNING: This store does not exists
Apr 08, 2021 1:34:21 PM Server.Domain.CommonClasses.Response <init>
WARNING: The user is not allowed to add products to the store
Apr 08, 2021 1:34:21 PM Server.Domain.CommonClasses.Response <init>
WARNING: User not connected
Apr 08, 2021 1:34:21 PM Server.Domain.CommonClasses.Response <init>
WARNING: User not connected
Apr 08, 2021 1:34:21 PM Server.Domain.CommonClasses.Response <init>
WARNING: User not connected
Apr 08, 2021 1:34:21 PM Server.Domain.CommonClasses.Response <init>
WARNING: User not connected
Apr 08, 2021 1:34:21 PM Server.Domain.CommonClasses.Response <init>
WARNING: This store does not exists
Apr 08, 2021 1:34:21 PM Server.Domain.CommonClasses.Response <init>
WARNING: Cannot logout without being logged in
Apr 08, 2021 1:34:21 PM Server.Domain.CommonClasses.Response <init>
WARNING: User not connected
Apr 08, 2021 1:34:21 PM Server.Domain.CommonClasses.Response <init>
WARNING: User not connected
Apr 08, 2021 1:34:40 PM Server.Domain.CommonClasses.Response <init>
WARNING: User not connected
Apr 08, 2021 1:34:40 PM Server.Domain.CommonClasses.Response <init>
WARNING: User not connected
Apr 08, 2021 1:34:40 PM Server.Domain.CommonClasses.Response <init>
WARNING: This store does not exists
Apr 08, 2021 1:34:40 PM Server.Domain.CommonClasses.Response <init>
WARNING: This store does not exists
Apr 08, 2021 1:34:40 PM Server.Domain.CommonClasses.Response <init>
WARNING: User not allowed to review product
Apr 08, 2021 1:34:40 PM Server.Domain.CommonClasses.Response <init>
WARNING: The given product wasn't purchased before
Apr 08, 2021 1:34:40 PM Server.Domain.CommonClasses.Response <init>
WARNING: User not connected
Apr 08, 2021 1:34:40 PM Server.Domain.CommonClasses.Response <init>
WARNING: User not connected
Apr 08, 2021 1:34:40 PM Server.Domain.CommonClasses.Response <init>
WARNING: This store does not exists
Apr 08, 2021 1:34:40 PM Server.Domain.CommonClasses.Response <init>
WARNING: This store does not exists
Apr 08, 2021 1:34:40 PM Server.Domain.CommonClasses.Response <init>
WARNING: User is not allowed to register
Apr 08, 2021 1:34:40 PM Server.Domain.CommonClasses.Response <init>
WARNING: User not connected
Apr 08, 2021 1:34:40 PM Server.Domain.CommonClasses.Response <init>
WARNING: User not connected
Apr 08, 2021 1:34:40 PM Server.Domain.CommonClasses.Response <init>
WARNING: This store does not exists
Apr 08, 2021 1:34:40 PM Server.Domain.CommonClasses.Response <init>
WARNING: This store does not exists
Apr 08, 2021 1:34:40 PM Server.Domain.CommonClasses.Response <init>
WARNING: The user is not allowed to remove products from the store
Apr 08, 2021 1:34:40 PM Server.Domain.CommonClasses.Response <init>
WARNING: This store does not exists
Apr 08, 2021 1:34:40 PM Server.Domain.CommonClasses.Response <init>
WARNING: User not connected
Apr 08, 2021 1:34:40 PM Server.Domain.CommonClasses.Response <init>
WARNING: User not connected
Apr 08, 2021 1:34:40 PM Server.Domain.CommonClasses.Response <init>
WARNING: This store does not exists
Apr 08, 2021 1:34:40 PM Server.Domain.CommonClasses.Response <init>
WARNING: This store does not exists
Apr 08, 2021 1:34:40 PM Server.Domain.CommonClasses.Response <init>
WARNING: User not allowed to view purchase history
Apr 08, 2021 1:34:40 PM Server.Domain.CommonClasses.Response <init>
WARNING: User not connected
Apr 08, 2021 1:34:40 PM Server.Domain.CommonClasses.Response <init>
WARNING: User not connected
Apr 08, 2021 1:34:40 PM Server.Domain.CommonClasses.Response <init>
WARNING: This store does not exists
Apr 08, 2021 1:34:40 PM Server.Domain.CommonClasses.Response <init>
WARNING: This store does not exists
Apr 08, 2021 1:34:40 PM Server.Domain.CommonClasses.Response <init>
WARNING: User not connected
Apr 08, 2021 1:34:41 PM Server.Domain.CommonClasses.Response <init>
WARNING: User not connected
Apr 08, 2021 1:34:41 PM Server.Domain.CommonClasses.Response <init>
WARNING: This store does not exists
Apr 08, 2021 1:34:41 PM Server.Domain.CommonClasses.Response <init>
WARNING: The user is not allowed to add products to the store
Apr 08, 2021 1:34:41 PM Server.Domain.CommonClasses.Response <init>
WARNING: User not connected
Apr 08, 2021 1:34:41 PM Server.Domain.CommonClasses.Response <init>
WARNING: User not connected
Apr 08, 2021 1:34:41 PM Server.Domain.CommonClasses.Response <init>
WARNING: This store does not exists
Apr 08, 2021 1:34:41 PM Server.Domain.CommonClasses.Response <init>
WARNING: Cannot logout without being logged in
Apr 08, 2021 1:36:29 PM Server.Domain.CommonClasses.Response <init>
WARNING: User not connected
Apr 08, 2021 1:36:29 PM Server.Domain.CommonClasses.Response <init>
WARNING: User not connected
Apr 08, 2021 1:36:29 PM Server.Domain.CommonClasses.Response <init>
WARNING: This store does not exists
Apr 08, 2021 1:36:29 PM Server.Domain.CommonClasses.Response <init>
WARNING: This store does not exists
Apr 08, 2021 1:36:29 PM Server.Domain.CommonClasses.Response <init>
WARNING: User not allowed to review product
Apr 08, 2021 1:36:29 PM Server.Domain.CommonClasses.Response <init>
WARNING: The given product wasn't purchased before
Apr 08, 2021 1:36:29 PM Server.Domain.CommonClasses.Response <init>
WARNING: User not connected
Apr 08, 2021 1:36:29 PM Server.Domain.CommonClasses.Response <init>
WARNING: User not connected
Apr 08, 2021 1:36:29 PM Server.Domain.CommonClasses.Response <init>
WARNING: This store does not exists
Apr 08, 2021 1:36:29 PM Server.Domain.CommonClasses.Response <init>
WARNING: This store does not exists
Apr 08, 2021 1:36:29 PM Server.Domain.CommonClasses.Response <init>
WARNING: User is not allowed to register
Apr 08, 2021 1:36:29 PM Server.Domain.CommonClasses.Response <init>
WARNING: User not connected
Apr 08, 2021 1:36:29 PM Server.Domain.CommonClasses.Response <init>
WARNING: User not connected
Apr 08, 2021 1:36:29 PM Server.Domain.CommonClasses.Response <init>
WARNING: This store does not exists
Apr 08, 2021 1:36:29 PM Server.Domain.CommonClasses.Response <init>
WARNING: This store does not exists
Apr 08, 2021 1:36:29 PM Server.Domain.CommonClasses.Response <init>
WARNING: The user is not allowed to remove products from the store
Apr 08, 2021 1:36:29 PM Server.Domain.CommonClasses.Response <init>
WARNING: This store does not exists
Apr 08, 2021 1:36:29 PM Server.Domain.CommonClasses.Response <init>
WARNING: User not connected
Apr 08, 2021 1:36:29 PM Server.Domain.CommonClasses.Response <init>
WARNING: User not connected
Apr 08, 2021 1:36:29 PM Server.Domain.CommonClasses.Response <init>
WARNING: This store does not exists
Apr 08, 2021 1:36:29 PM Server.Domain.CommonClasses.Response <init>
WARNING: This store does not exists
Apr 08, 2021 1:36:29 PM Server.Domain.CommonClasses.Response <init>
WARNING: User not allowed to view purchase history
Apr 08, 2021 1:36:29 PM Server.Domain.CommonClasses.Response <init>
WARNING: User not connected
Apr 08, 2021 1:36:29 PM Server.Domain.CommonClasses.Response <init>
WARNING: User not connected
Apr 08, 2021 1:36:29 PM Server.Domain.CommonClasses.Response <init>
WARNING: This store does not exists
Apr 08, 2021 1:36:29 PM Server.Domain.CommonClasses.Response <init>
WARNING: This store does not exists
Apr 08, 2021 1:36:29 PM Server.Domain.CommonClasses.Response <init>
WARNING: User not connected
Apr 08, 2021 1:36:29 PM Server.Domain.CommonClasses.Response <init>
WARNING: User not connected
Apr 08, 2021 1:36:29 PM Server.Domain.CommonClasses.Response <init>
WARNING: This store does not exists
Apr 08, 2021 1:36:29 PM Server.Domain.CommonClasses.Response <init>
WARNING: The user is not allowed to add products to the store
Apr 08, 2021 1:36:29 PM Server.Domain.CommonClasses.Response <init>
WARNING: User not connected
Apr 08, 2021 1:36:29 PM Server.Domain.CommonClasses.Response <init>
WARNING: User not connected
Apr 08, 2021 1:36:29 PM Server.Domain.CommonClasses.Response <init>
WARNING: This store does not exists
Apr 08, 2021 1:36:29 PM Server.Domain.CommonClasses.Response <init>
WARNING: Cannot logout without being logged in
Apr 08, 2021 1:39:51 PM Server.Domain.CommonClasses.Response <init>
WARNING: User not connected
Apr 08, 2021 1:39:51 PM Server.Domain.CommonClasses.Response <init>
WARNING: User not connected
Apr 08, 2021 1:39:51 PM Server.Domain.CommonClasses.Response <init>
WARNING: This store does not exists
Apr 08, 2021 1:39:51 PM Server.Domain.CommonClasses.Response <init>
WARNING: This store does not exists
Apr 08, 2021 1:39:51 PM Server.Domain.CommonClasses.Response <init>
WARNING: User not allowed to review product
Apr 08, 2021 1:39:51 PM Server.Domain.CommonClasses.Response <init>
WARNING: The given product wasn't purchased before
Apr 08, 2021 1:39:51 PM Server.Domain.CommonClasses.Response <init>
WARNING: User not connected
Apr 08, 2021 1:39:51 PM Server.Domain.CommonClasses.Response <init>
WARNING: User not connected
Apr 08, 2021 1:39:51 PM Server.Domain.CommonClasses.Response <init>
WARNING: This store does not exists
Apr 08, 2021 1:39:51 PM Server.Domain.CommonClasses.Response <init>
WARNING: This store does not exists
Apr 08, 2021 1:39:51 PM Server.Domain.CommonClasses.Response <init>
WARNING: User is not allowed to register
Apr 08, 2021 1:39:51 PM Server.Domain.CommonClasses.Response <init>
WARNING: User not connected
Apr 08, 2021 1:39:51 PM Server.Domain.CommonClasses.Response <init>
WARNING: User not connected
Apr 08, 2021 1:39:51 PM Server.Domain.CommonClasses.Response <init>
WARNING: This store does not exists
Apr 08, 2021 1:39:51 PM Server.Domain.CommonClasses.Response <init>
WARNING: This store does not exists
Apr 08, 2021 1:39:51 PM Server.Domain.CommonClasses.Response <init>
WARNING: The user is not allowed to remove products from the store
Apr 08, 2021 1:39:51 PM Server.Domain.CommonClasses.Response <init>
WARNING: This store does not exists
Apr 08, 2021 1:39:51 PM Server.Domain.CommonClasses.Response <init>
WARNING: User not connected
Apr 08, 2021 1:39:51 PM Server.Domain.CommonClasses.Response <init>
WARNING: User not connected
Apr 08, 2021 1:39:51 PM Server.Domain.CommonClasses.Response <init>
WARNING: This store does not exists
Apr 08, 2021 1:39:51 PM Server.Domain.CommonClasses.Response <init>
WARNING: This store does not exists
Apr 08, 2021 1:39:51 PM Server.Domain.CommonClasses.Response <init>
WARNING: User not allowed to view purchase history
Apr 08, 2021 1:39:51 PM Server.Domain.CommonClasses.Response <init>
WARNING: User not connected
Apr 08, 2021 1:39:51 PM Server.Domain.CommonClasses.Response <init>
WARNING: User not connected
Apr 08, 2021 1:39:51 PM Server.Domain.CommonClasses.Response <init>
WARNING: This store does not exists
Apr 08, 2021 1:39:51 PM Server.Domain.CommonClasses.Response <init>
WARNING: This store does not exists
Apr 08, 2021 1:39:51 PM Server.Domain.CommonClasses.Response <init>
WARNING: User not connected
Apr 08, 2021 1:39:51 PM Server.Domain.CommonClasses.Response <init>
WARNING: User not connected
Apr 08, 2021 1:39:51 PM Server.Domain.CommonClasses.Response <init>
WARNING: This store does not exists
Apr 08, 2021 1:39:51 PM Server.Domain.CommonClasses.Response <init>
WARNING: The user is not allowed to add products to the store
Apr 08, 2021 1:39:51 PM Server.Domain.CommonClasses.Response <init>
WARNING: User not connected
Apr 08, 2021 1:39:51 PM Server.Domain.CommonClasses.Response <init>
WARNING: User not connected
Apr 08, 2021 1:39:51 PM Server.Domain.CommonClasses.Response <init>
WARNING: This store does not exists
Apr 08, 2021 1:39:51 PM Server.Domain.CommonClasses.Response <init>
WARNING: Cannot logout without being logged in
Apr 08, 2021 1:40:49 PM Server.Domain.CommonClasses.Response <init>
WARNING: User not connected
Apr 08, 2021 1:40:49 PM Server.Domain.CommonClasses.Response <init>
WARNING: User not connected
Apr 08, 2021 1:40:49 PM Server.Domain.CommonClasses.Response <init>
WARNING: This store does not exists
Apr 08, 2021 1:40:49 PM Server.Domain.CommonClasses.Response <init>
WARNING: This store does not exists
Apr 08, 2021 1:40:49 PM Server.Domain.CommonClasses.Response <init>
WARNING: User not allowed to review product
Apr 08, 2021 1:40:49 PM Server.Domain.CommonClasses.Response <init>
WARNING: The given product wasn't purchased before
Apr 08, 2021 1:40:49 PM Server.Domain.CommonClasses.Response <init>
WARNING: User not connected
Apr 08, 2021 1:40:49 PM Server.Domain.CommonClasses.Response <init>
WARNING: User not connected
Apr 08, 2021 1:40:49 PM Server.Domain.CommonClasses.Response <init>
WARNING: This store does not exists
Apr 08, 2021 1:40:49 PM Server.Domain.CommonClasses.Response <init>
WARNING: This store does not exists
Apr 08, 2021 1:40:49 PM Server.Domain.CommonClasses.Response <init>
WARNING: User is not allowed to register
Apr 08, 2021 1:40:49 PM Server.Domain.CommonClasses.Response <init>
WARNING: User not connected
Apr 08, 2021 1:40:49 PM Server.Domain.CommonClasses.Response <init>
WARNING: User not connected
Apr 08, 2021 1:40:49 PM Server.Domain.CommonClasses.Response <init>
WARNING: This store does not exists
Apr 08, 2021 1:40:49 PM Server.Domain.CommonClasses.Response <init>
WARNING: This store does not exists
Apr 08, 2021 1:40:49 PM Server.Domain.CommonClasses.Response <init>
WARNING: The user is not allowed to remove products from the store
Apr 08, 2021 1:40:49 PM Server.Domain.CommonClasses.Response <init>
WARNING: This store does not exists
Apr 08, 2021 1:40:49 PM Server.Domain.CommonClasses.Response <init>
WARNING: User not connected
Apr 08, 2021 1:40:49 PM Server.Domain.CommonClasses.Response <init>
WARNING: User not connected
Apr 08, 2021 1:40:49 PM Server.Domain.CommonClasses.Response <init>
WARNING: This store does not exists
Apr 08, 2021 1:40:49 PM Server.Domain.CommonClasses.Response <init>
WARNING: This store does not exists
Apr 08, 2021 1:40:49 PM Server.Domain.CommonClasses.Response <init>
WARNING: User not allowed to view purchase history
Apr 08, 2021 1:40:49 PM Server.Domain.CommonClasses.Response <init>
WARNING: User not connected
Apr 08, 2021 1:40:49 PM Server.Domain.CommonClasses.Response <init>
WARNING: User not connected
Apr 08, 2021 1:40:49 PM Server.Domain.CommonClasses.Response <init>
WARNING: This store does not exists
Apr 08, 2021 1:40:49 PM Server.Domain.CommonClasses.Response <init>
WARNING: This store does not exists
Apr 08, 2021 1:40:49 PM Server.Domain.CommonClasses.Response <init>
WARNING: User not connected
Apr 08, 2021 1:40:49 PM Server.Domain.CommonClasses.Response <init>
WARNING: User not connected
Apr 08, 2021 1:40:49 PM Server.Domain.CommonClasses.Response <init>
WARNING: This store does not exists
Apr 08, 2021 1:40:49 PM Server.Domain.CommonClasses.Response <init>
WARNING: The user is not allowed to add products to the store
Apr 08, 2021 1:40:49 PM Server.Domain.CommonClasses.Response <init>
WARNING: User not connected
Apr 08, 2021 1:40:49 PM Server.Domain.CommonClasses.Response <init>
WARNING: User not connected
Apr 08, 2021 1:40:49 PM Server.Domain.CommonClasses.Response <init>
WARNING: This store does not exists
Apr 08, 2021 1:40:49 PM Server.Domain.CommonClasses.Response <init>
WARNING: Cannot logout without being logged in
Apr 08, 2021 1:42:27 PM Server.Domain.CommonClasses.Response <init>
WARNING: User not connected
Apr 08, 2021 1:42:27 PM Server.Domain.CommonClasses.Response <init>
WARNING: User not connected
Apr 08, 2021 1:42:27 PM Server.Domain.CommonClasses.Response <init>
WARNING: This store does not exists
Apr 08, 2021 1:42:27 PM Server.Domain.CommonClasses.Response <init>
WARNING: This store does not exists
Apr 08, 2021 1:42:27 PM Server.Domain.CommonClasses.Response <init>
WARNING: User not allowed to review product
Apr 08, 2021 1:42:27 PM Server.Domain.CommonClasses.Response <init>
WARNING: The given product wasn't purchased before
Apr 08, 2021 1:42:27 PM Server.Domain.CommonClasses.Response <init>
WARNING: User not connected
Apr 08, 2021 1:42:27 PM Server.Domain.CommonClasses.Response <init>
WARNING: User not connected
Apr 08, 2021 1:42:27 PM Server.Domain.CommonClasses.Response <init>
WARNING: This store does not exists
Apr 08, 2021 1:42:27 PM Server.Domain.CommonClasses.Response <init>
WARNING: This store does not exists
Apr 08, 2021 1:42:27 PM Server.Domain.CommonClasses.Response <init>
WARNING: User is not allowed to register
Apr 08, 2021 1:42:27 PM Server.Domain.CommonClasses.Response <init>
WARNING: User not connected
Apr 08, 2021 1:42:27 PM Server.Domain.CommonClasses.Response <init>
WARNING: User not connected
Apr 08, 2021 1:42:27 PM Server.Domain.CommonClasses.Response <init>
WARNING: This store does not exists
Apr 08, 2021 1:42:27 PM Server.Domain.CommonClasses.Response <init>
WARNING: This store does not exists
Apr 08, 2021 1:42:27 PM Server.Domain.CommonClasses.Response <init>
WARNING: The user is not allowed to remove products from the store
Apr 08, 2021 1:42:27 PM Server.Domain.CommonClasses.Response <init>
WARNING: This store does not exists
Apr 08, 2021 1:42:27 PM Server.Domain.CommonClasses.Response <init>
WARNING: User not connected
Apr 08, 2021 1:42:27 PM Server.Domain.CommonClasses.Response <init>
WARNING: User not connected
Apr 08, 2021 1:42:27 PM Server.Domain.CommonClasses.Response <init>
WARNING: This store does not exists
Apr 08, 2021 1:42:27 PM Server.Domain.CommonClasses.Response <init>
WARNING: This store does not exists
Apr 08, 2021 1:42:27 PM Server.Domain.CommonClasses.Response <init>
WARNING: User not allowed to view purchase history
Apr 08, 2021 1:42:27 PM Server.Domain.CommonClasses.Response <init>
WARNING: User not connected
Apr 08, 2021 1:42:27 PM Server.Domain.CommonClasses.Response <init>
WARNING: User not connected
Apr 08, 2021 1:42:27 PM Server.Domain.CommonClasses.Response <init>
WARNING: This store does not exists
Apr 08, 2021 1:42:27 PM Server.Domain.CommonClasses.Response <init>
WARNING: This store does not exists
Apr 08, 2021 1:42:27 PM Server.Domain.CommonClasses.Response <init>
WARNING: User not connected
Apr 08, 2021 1:42:27 PM Server.Domain.CommonClasses.Response <init>
WARNING: User not connected
Apr 08, 2021 1:42:27 PM Server.Domain.CommonClasses.Response <init>
WARNING: This store does not exists
Apr 08, 2021 1:42:27 PM Server.Domain.CommonClasses.Response <init>
WARNING: The user is not allowed to add products to the store
Apr 08, 2021 1:42:27 PM Server.Domain.CommonClasses.Response <init>
WARNING: User not connected
Apr 08, 2021 1:42:27 PM Server.Domain.CommonClasses.Response <init>
WARNING: User not connected
Apr 08, 2021 1:42:27 PM Server.Domain.CommonClasses.Response <init>
WARNING: This store does not exists
Apr 08, 2021 1:42:27 PM Server.Domain.CommonClasses.Response <init>
WARNING: Cannot logout without being logged in
Apr 08, 2021 1:42:55 PM Server.Domain.CommonClasses.Response <init>
WARNING: User not connected
Apr 08, 2021 1:42:55 PM Server.Domain.CommonClasses.Response <init>
WARNING: User not connected
Apr 08, 2021 1:42:55 PM Server.Domain.CommonClasses.Response <init>
WARNING: This store does not exists
Apr 08, 2021 1:42:55 PM Server.Domain.CommonClasses.Response <init>
WARNING: This store does not exists
Apr 08, 2021 1:42:55 PM Server.Domain.CommonClasses.Response <init>
WARNING: User not allowed to review product
Apr 08, 2021 1:42:55 PM Server.Domain.CommonClasses.Response <init>
WARNING: The given product wasn't purchased before
Apr 08, 2021 1:42:55 PM Server.Domain.CommonClasses.Response <init>
WARNING: User not connected
Apr 08, 2021 1:42:55 PM Server.Domain.CommonClasses.Response <init>
WARNING: User not connected
Apr 08, 2021 1:42:55 PM Server.Domain.CommonClasses.Response <init>
WARNING: This store does not exists
Apr 08, 2021 1:42:55 PM Server.Domain.CommonClasses.Response <init>
WARNING: This store does not exists
Apr 08, 2021 1:42:55 PM Server.Domain.CommonClasses.Response <init>
WARNING: User is not allowed to register
Apr 08, 2021 1:42:55 PM Server.Domain.CommonClasses.Response <init>
WARNING: User not connected
Apr 08, 2021 1:42:55 PM Server.Domain.CommonClasses.Response <init>
WARNING: User not connected
Apr 08, 2021 1:42:55 PM Server.Domain.CommonClasses.Response <init>
WARNING: This store does not exists
Apr 08, 2021 1:42:55 PM Server.Domain.CommonClasses.Response <init>
WARNING: This store does not exists
Apr 08, 2021 1:42:55 PM Server.Domain.CommonClasses.Response <init>
WARNING: The user is not allowed to remove products from the store
Apr 08, 2021 1:42:55 PM Server.Domain.CommonClasses.Response <init>
WARNING: This store does not exists
Apr 08, 2021 1:42:55 PM Server.Domain.CommonClasses.Response <init>
WARNING: User not connected
Apr 08, 2021 1:42:55 PM Server.Domain.CommonClasses.Response <init>
WARNING: User not connected
Apr 08, 2021 1:42:55 PM Server.Domain.CommonClasses.Response <init>
WARNING: This store does not exists
Apr 08, 2021 1:42:55 PM Server.Domain.CommonClasses.Response <init>
WARNING: This store does not exists
Apr 08, 2021 1:42:55 PM Server.Domain.CommonClasses.Response <init>
WARNING: User not allowed to view purchase history
Apr 08, 2021 1:42:55 PM Server.Domain.CommonClasses.Response <init>
WARNING: User not connected
Apr 08, 2021 1:42:55 PM Server.Domain.CommonClasses.Response <init>
WARNING: User not connected
Apr 08, 2021 1:42:55 PM Server.Domain.CommonClasses.Response <init>
WARNING: This store does not exists
Apr 08, 2021 1:42:55 PM Server.Domain.CommonClasses.Response <init>
WARNING: This store does not exists
Apr 08, 2021 1:42:55 PM Server.Domain.CommonClasses.Response <init>
WARNING: User not connected
Apr 08, 2021 1:42:55 PM Server.Domain.CommonClasses.Response <init>
WARNING: User not connected
Apr 08, 2021 1:42:55 PM Server.Domain.CommonClasses.Response <init>
WARNING: This store does not exists
Apr 08, 2021 1:42:55 PM Server.Domain.CommonClasses.Response <init>
WARNING: The user is not allowed to add products to the store
Apr 08, 2021 1:42:55 PM Server.Domain.CommonClasses.Response <init>
WARNING: User not connected
Apr 08, 2021 1:42:55 PM Server.Domain.CommonClasses.Response <init>
WARNING: User not connected
Apr 08, 2021 1:42:55 PM Server.Domain.CommonClasses.Response <init>
WARNING: This store does not exists
Apr 08, 2021 1:42:55 PM Server.Domain.CommonClasses.Response <init>
WARNING: Cannot logout without being logged in
Apr 08, 2021 1:43:14 PM Server.Domain.CommonClasses.Response <init>
WARNING: User not connected
Apr 08, 2021 1:43:14 PM Server.Domain.CommonClasses.Response <init>
WARNING: User not connected
Apr 08, 2021 1:43:14 PM Server.Domain.CommonClasses.Response <init>
WARNING: This store does not exists
Apr 08, 2021 1:43:14 PM Server.Domain.CommonClasses.Response <init>
WARNING: This store does not exists
Apr 08, 2021 1:43:14 PM Server.Domain.CommonClasses.Response <init>
WARNING: User not allowed to review product
Apr 08, 2021 1:43:14 PM Server.Domain.CommonClasses.Response <init>
WARNING: The given product wasn't purchased before
Apr 08, 2021 1:43:14 PM Server.Domain.CommonClasses.Response <init>
WARNING: User not connected
Apr 08, 2021 1:43:14 PM Server.Domain.CommonClasses.Response <init>
WARNING: User not connected
Apr 08, 2021 1:43:14 PM Server.Domain.CommonClasses.Response <init>
WARNING: This store does not exists
Apr 08, 2021 1:43:14 PM Server.Domain.CommonClasses.Response <init>
WARNING: This store does not exists
Apr 08, 2021 1:43:14 PM Server.Domain.CommonClasses.Response <init>
WARNING: User is not allowed to register
Apr 08, 2021 1:43:14 PM Server.Domain.CommonClasses.Response <init>
WARNING: User not connected
Apr 08, 2021 1:43:14 PM Server.Domain.CommonClasses.Response <init>
WARNING: User not connected
Apr 08, 2021 1:43:14 PM Server.Domain.CommonClasses.Response <init>
WARNING: This store does not exists
Apr 08, 2021 1:43:14 PM Server.Domain.CommonClasses.Response <init>
WARNING: This store does not exists
Apr 08, 2021 1:43:14 PM Server.Domain.CommonClasses.Response <init>
WARNING: The user is not allowed to remove products from the store
Apr 08, 2021 1:43:14 PM Server.Domain.CommonClasses.Response <init>
WARNING: This store does not exists
Apr 08, 2021 1:43:14 PM Server.Domain.CommonClasses.Response <init>
WARNING: User not connected
Apr 08, 2021 1:43:14 PM Server.Domain.CommonClasses.Response <init>
WARNING: User not connected
Apr 08, 2021 1:43:14 PM Server.Domain.CommonClasses.Response <init>
WARNING: This store does not exists
Apr 08, 2021 1:43:14 PM Server.Domain.CommonClasses.Response <init>
WARNING: This store does not exists
Apr 08, 2021 1:43:14 PM Server.Domain.CommonClasses.Response <init>
WARNING: User not allowed to view purchase history
Apr 08, 2021 1:43:14 PM Server.Domain.CommonClasses.Response <init>
WARNING: User not connected
Apr 08, 2021 1:43:14 PM Server.Domain.CommonClasses.Response <init>
WARNING: User not connected
Apr 08, 2021 1:43:14 PM Server.Domain.CommonClasses.Response <init>
WARNING: This store does not exists
Apr 08, 2021 1:43:14 PM Server.Domain.CommonClasses.Response <init>
WARNING: This store does not exists
Apr 08, 2021 1:43:14 PM Server.Domain.CommonClasses.Response <init>
WARNING: User not connected
Apr 08, 2021 1:43:14 PM Server.Domain.CommonClasses.Response <init>
WARNING: User not connected
Apr 08, 2021 1:43:14 PM Server.Domain.CommonClasses.Response <init>
WARNING: This store does not exists
Apr 08, 2021 1:43:14 PM Server.Domain.CommonClasses.Response <init>
WARNING: The user is not allowed to add products to the store
Apr 08, 2021 1:43:14 PM Server.Domain.CommonClasses.Response <init>
WARNING: User not connected
Apr 08, 2021 1:43:14 PM Server.Domain.CommonClasses.Response <init>
WARNING: User not connected
Apr 08, 2021 1:43:14 PM Server.Domain.CommonClasses.Response <init>
WARNING: This store does not exists
Apr 08, 2021 1:43:14 PM Server.Domain.CommonClasses.Response <init>
WARNING: Cannot logout without being logged in
Apr 08, 2021 1:43:30 PM Server.Domain.CommonClasses.Response <init>
WARNING: User not connected
Apr 08, 2021 1:43:30 PM Server.Domain.CommonClasses.Response <init>
WARNING: User not connected
Apr 08, 2021 1:43:30 PM Server.Domain.CommonClasses.Response <init>
WARNING: This store does not exists
Apr 08, 2021 1:43:30 PM Server.Domain.CommonClasses.Response <init>
WARNING: This store does not exists
Apr 08, 2021 1:43:30 PM Server.Domain.CommonClasses.Response <init>
WARNING: User not allowed to review product
Apr 08, 2021 1:43:30 PM Server.Domain.CommonClasses.Response <init>
WARNING: The given product wasn't purchased before
Apr 08, 2021 1:43:30 PM Server.Domain.CommonClasses.Response <init>
WARNING: User not connected
Apr 08, 2021 1:43:30 PM Server.Domain.CommonClasses.Response <init>
WARNING: User not connected
Apr 08, 2021 1:43:30 PM Server.Domain.CommonClasses.Response <init>
WARNING: This store does not exists
Apr 08, 2021 1:43:30 PM Server.Domain.CommonClasses.Response <init>
WARNING: This store does not exists
Apr 08, 2021 1:43:30 PM Server.Domain.CommonClasses.Response <init>
WARNING: User is not allowed to register
Apr 08, 2021 1:43:30 PM Server.Domain.CommonClasses.Response <init>
WARNING: User not connected
Apr 08, 2021 1:43:30 PM Server.Domain.CommonClasses.Response <init>
WARNING: User not connected
Apr 08, 2021 1:43:30 PM Server.Domain.CommonClasses.Response <init>
WARNING: This store does not exists
Apr 08, 2021 1:43:30 PM Server.Domain.CommonClasses.Response <init>
WARNING: This store does not exists
Apr 08, 2021 1:43:30 PM Server.Domain.CommonClasses.Response <init>
WARNING: The user is not allowed to remove products from the store
Apr 08, 2021 1:43:30 PM Server.Domain.CommonClasses.Response <init>
WARNING: This store does not exists
Apr 08, 2021 1:43:30 PM Server.Domain.CommonClasses.Response <init>
WARNING: User not connected
Apr 08, 2021 1:43:30 PM Server.Domain.CommonClasses.Response <init>
WARNING: User not connected
Apr 08, 2021 1:43:30 PM Server.Domain.CommonClasses.Response <init>
WARNING: This store does not exists
Apr 08, 2021 1:43:30 PM Server.Domain.CommonClasses.Response <init>
WARNING: This store does not exists
Apr 08, 2021 1:43:30 PM Server.Domain.CommonClasses.Response <init>
WARNING: User not allowed to view purchase history
Apr 08, 2021 1:43:30 PM Server.Domain.CommonClasses.Response <init>
WARNING: User not connected
Apr 08, 2021 1:43:30 PM Server.Domain.CommonClasses.Response <init>
WARNING: User not connected
Apr 08, 2021 1:43:30 PM Server.Domain.CommonClasses.Response <init>
WARNING: This store does not exists
Apr 08, 2021 1:43:30 PM Server.Domain.CommonClasses.Response <init>
WARNING: This store does not exists
Apr 08, 2021 1:43:30 PM Server.Domain.CommonClasses.Response <init>
WARNING: User not connected
Apr 08, 2021 1:43:30 PM Server.Domain.CommonClasses.Response <init>
WARNING: User not connected
Apr 08, 2021 1:43:30 PM Server.Domain.CommonClasses.Response <init>
WARNING: This store does not exists
Apr 08, 2021 1:43:30 PM Server.Domain.CommonClasses.Response <init>
WARNING: The user is not allowed to add products to the store
Apr 08, 2021 1:43:30 PM Server.Domain.CommonClasses.Response <init>
WARNING: User not connected
Apr 08, 2021 1:43:30 PM Server.Domain.CommonClasses.Response <init>
WARNING: User not connected
Apr 08, 2021 1:43:30 PM Server.Domain.CommonClasses.Response <init>
WARNING: This store does not exists
Apr 08, 2021 1:43:30 PM Server.Domain.CommonClasses.Response <init>
WARNING: Cannot logout without being logged in
Apr 08, 2021 2:54:57 PM Server.Domain.CommonClasses.Response <init>
WARNING: User not connected
Apr 08, 2021 2:54:58 PM Server.Domain.CommonClasses.Response <init>
WARNING: User not connected
Apr 08, 2021 2:54:58 PM Server.Domain.CommonClasses.Response <init>
WARNING: This store does not exists
Apr 08, 2021 2:54:58 PM Server.Domain.CommonClasses.Response <init>
WARNING: This store does not exists
Apr 08, 2021 2:54:58 PM Server.Domain.CommonClasses.Response <init>
WARNING: User not allowed to review product
Apr 08, 2021 2:54:58 PM Server.Domain.CommonClasses.Response <init>
WARNING: The given product wasn't purchased before
Apr 08, 2021 2:54:58 PM Server.Domain.CommonClasses.Response <init>
WARNING: User not connected
Apr 08, 2021 2:54:58 PM Server.Domain.CommonClasses.Response <init>
WARNING: User not connected
Apr 08, 2021 2:54:58 PM Server.Domain.CommonClasses.Response <init>
WARNING: This store does not exists
Apr 08, 2021 2:54:58 PM Server.Domain.CommonClasses.Response <init>
WARNING: This store does not exists
Apr 08, 2021 2:54:58 PM Server.Domain.CommonClasses.Response <init>
WARNING: User is not allowed to register
Apr 08, 2021 2:54:58 PM Server.Domain.CommonClasses.Response <init>
WARNING: User not connected
Apr 08, 2021 2:54:58 PM Server.Domain.CommonClasses.Response <init>
WARNING: User not connected
Apr 08, 2021 2:54:58 PM Server.Domain.CommonClasses.Response <init>
WARNING: This store does not exists
Apr 08, 2021 2:54:58 PM Server.Domain.CommonClasses.Response <init>
WARNING: This store does not exists
Apr 08, 2021 2:54:58 PM Server.Domain.CommonClasses.Response <init>
WARNING: The user is not allowed to remove products from the store
Apr 08, 2021 2:54:58 PM Server.Domain.CommonClasses.Response <init>
WARNING: This store does not exists
Apr 08, 2021 2:54:58 PM Server.Domain.CommonClasses.Response <init>
WARNING: User not connected
Apr 08, 2021 2:54:58 PM Server.Domain.CommonClasses.Response <init>
WARNING: User not connected
Apr 08, 2021 2:54:58 PM Server.Domain.CommonClasses.Response <init>
WARNING: This store does not exists
Apr 08, 2021 2:54:58 PM Server.Domain.CommonClasses.Response <init>
WARNING: This store does not exists
Apr 08, 2021 2:54:58 PM Server.Domain.CommonClasses.Response <init>
WARNING: User not allowed to view purchase history
Apr 08, 2021 2:54:58 PM Server.Domain.CommonClasses.Response <init>
WARNING: User not connected
Apr 08, 2021 2:54:58 PM Server.Domain.CommonClasses.Response <init>
WARNING: User not connected
Apr 08, 2021 2:54:58 PM Server.Domain.CommonClasses.Response <init>
WARNING: This store does not exists
Apr 08, 2021 2:54:58 PM Server.Domain.CommonClasses.Response <init>
WARNING: This store does not exists
Apr 08, 2021 2:54:58 PM Server.Domain.CommonClasses.Response <init>
WARNING: User not connected
Apr 08, 2021 2:54:58 PM Server.Domain.CommonClasses.Response <init>
WARNING: User not connected
Apr 08, 2021 2:54:58 PM Server.Domain.CommonClasses.Response <init>
WARNING: This store does not exists
Apr 08, 2021 2:54:58 PM Server.Domain.CommonClasses.Response <init>
WARNING: The user is not allowed to add products to the store
Apr 08, 2021 2:54:58 PM Server.Domain.CommonClasses.Response <init>
WARNING: User not connected
Apr 08, 2021 2:54:58 PM Server.Domain.CommonClasses.Response <init>
WARNING: User not connected
Apr 08, 2021 2:54:58 PM Server.Domain.CommonClasses.Response <init>
WARNING: This store does not exists
Apr 08, 2021 2:54:58 PM Server.Domain.CommonClasses.Response <init>
WARNING: Cannot logout without being logged in
Apr 08, 2021 2:56:55 PM Server.Domain.CommonClasses.Response <init>
WARNING: User not connected
Apr 08, 2021 2:56:55 PM Server.Domain.CommonClasses.Response <init>
WARNING: User not connected
Apr 08, 2021 2:56:55 PM Server.Domain.CommonClasses.Response <init>
WARNING: This store does not exists
Apr 08, 2021 2:56:55 PM Server.Domain.CommonClasses.Response <init>
WARNING: This store does not exists
Apr 08, 2021 2:56:55 PM Server.Domain.CommonClasses.Response <init>
WARNING: store doesn't exists
Apr 08, 2021 2:56:55 PM Server.Domain.CommonClasses.Response <init>
WARNING: store doesn't exists
Apr 08, 2021 2:56:55 PM Server.Domain.CommonClasses.Response <init>
WARNING: User not allowed to review product
Apr 08, 2021 2:56:55 PM Server.Domain.CommonClasses.Response <init>
WARNING: The given product wasn't purchased before
Apr 08, 2021 2:56:55 PM Server.Domain.CommonClasses.Response <init>
WARNING: User not connected
Apr 08, 2021 2:56:55 PM Server.Domain.CommonClasses.Response <init>
WARNING: User not connected
Apr 08, 2021 2:56:55 PM Server.Domain.CommonClasses.Response <init>
WARNING: This store does not exists
Apr 08, 2021 2:56:55 PM Server.Domain.CommonClasses.Response <init>
WARNING: This store does not exists
Apr 08, 2021 2:56:55 PM Server.Domain.CommonClasses.Response <init>
WARNING: User is not allowed to register
Apr 08, 2021 2:56:55 PM Server.Domain.CommonClasses.Response <init>
WARNING: User not connected
Apr 08, 2021 2:56:55 PM Server.Domain.CommonClasses.Response <init>
WARNING: User not connected
Apr 08, 2021 2:56:55 PM Server.Domain.CommonClasses.Response <init>
WARNING: This store does not exists
Apr 08, 2021 2:56:55 PM Server.Domain.CommonClasses.Response <init>
WARNING: This store does not exists
Apr 08, 2021 2:56:55 PM Server.Domain.CommonClasses.Response <init>
WARNING: The user is not allowed to remove products from the store
Apr 08, 2021 2:56:55 PM Server.Domain.CommonClasses.Response <init>
WARNING: This store does not exists
Apr 08, 2021 2:56:55 PM Server.Domain.CommonClasses.Response <init>
WARNING: User not connected
Apr 08, 2021 2:56:55 PM Server.Domain.CommonClasses.Response <init>
WARNING: User not connected
Apr 08, 2021 2:56:55 PM Server.Domain.CommonClasses.Response <init>
WARNING: This store does not exists
Apr 08, 2021 2:56:55 PM Server.Domain.CommonClasses.Response <init>
WARNING: This store does not exists
Apr 08, 2021 2:56:55 PM Server.Domain.CommonClasses.Response <init>
WARNING: User not allowed to view purchase history
Apr 08, 2021 2:56:55 PM Server.Domain.CommonClasses.Response <init>
WARNING: User not connected
Apr 08, 2021 2:56:55 PM Server.Domain.CommonClasses.Response <init>
WARNING: User not connected
Apr 08, 2021 2:56:55 PM Server.Domain.CommonClasses.Response <init>
WARNING: This store does not exists
Apr 08, 2021 2:56:55 PM Server.Domain.CommonClasses.Response <init>
WARNING: This store does not exists
Apr 08, 2021 2:56:55 PM Server.Domain.CommonClasses.Response <init>
WARNING: User not connected
Apr 08, 2021 2:56:55 PM Server.Domain.CommonClasses.Response <init>
WARNING: User not connected
Apr 08, 2021 2:56:55 PM Server.Domain.CommonClasses.Response <init>
WARNING: This store does not exists
Apr 08, 2021 2:56:55 PM Server.Domain.CommonClasses.Response <init>
WARNING: The user is not allowed to add products to the store
Apr 08, 2021 2:56:55 PM Server.Domain.CommonClasses.Response <init>
WARNING: User not connected
Apr 08, 2021 2:56:55 PM Server.Domain.CommonClasses.Response <init>
WARNING: User not connected
Apr 08, 2021 2:56:55 PM Server.Domain.CommonClasses.Response <init>
WARNING: This store does not exists
Apr 08, 2021 2:56:55 PM Server.Domain.CommonClasses.Response <init>
WARNING: Cannot logout without being logged in
Apr 08, 2021 3:28:45 PM Server.Domain.CommonClasses.Response <init>
WARNING: username already exists
Apr 08, 2021 3:28:46 PM Server.Domain.CommonClasses.Response <init>
WARNING: username already exists
Apr 08, 2021 3:28:46 PM Server.Domain.CommonClasses.Response <init>
WARNING: Failed to login user
Apr 08, 2021 3:28:46 PM Server.Domain.CommonClasses.Response <init>
WARNING: User not allowed to review product
Apr 08, 2021 3:28:46 PM Server.Domain.CommonClasses.Response <init>
WARNING: The given product wasn't purchased before
Apr 08, 2021 3:28:46 PM Server.Domain.CommonClasses.Response <init>
WARNING: username already exists
Apr 08, 2021 3:28:46 PM Server.Domain.CommonClasses.Response <init>
WARNING: username already exists
Apr 08, 2021 3:28:46 PM Server.Domain.CommonClasses.Response <init>
WARNING: Failed to login user
Apr 08, 2021 3:28:46 PM Server.Domain.CommonClasses.Response <init>
WARNING: username already exists
Apr 08, 2021 3:28:46 PM Server.Domain.CommonClasses.Response <init>
WARNING: username already exists
Apr 08, 2021 3:28:46 PM Server.Domain.CommonClasses.Response <init>
WARNING: Failed to login user
Apr 08, 2021 3:28:46 PM Server.Domain.CommonClasses.Response <init>
WARNING: The user is not allowed to remove products from the store
Apr 08, 2021 3:28:46 PM Server.Domain.CommonClasses.Response <init>
WARNING: Inventory: This product doesn't exist
Apr 08, 2021 3:28:46 PM Server.Domain.CommonClasses.Response <init>
WARNING: username already exists
Apr 08, 2021 3:28:46 PM Server.Domain.CommonClasses.Response <init>
WARNING: username already exists
Apr 08, 2021 3:28:46 PM Server.Domain.CommonClasses.Response <init>
WARNING: Failed to login user
Apr 08, 2021 3:28:46 PM Server.Domain.CommonClasses.Response <init>
WARNING: User not allowed to view purchase history
Apr 08, 2021 3:28:46 PM Server.Domain.CommonClasses.Response <init>
WARNING: username already exists
Apr 08, 2021 3:28:46 PM Server.Domain.CommonClasses.Response <init>
WARNING: username already exists
Apr 08, 2021 3:28:46 PM Server.Domain.CommonClasses.Response <init>
WARNING: Failed to login user
Apr 08, 2021 3:28:46 PM Server.Domain.CommonClasses.Response <init>
WARNING: username already exists
Apr 08, 2021 3:28:46 PM Server.Domain.CommonClasses.Response <init>
WARNING: username already exists
Apr 08, 2021 3:28:46 PM Server.Domain.CommonClasses.Response <init>
WARNING: Failed to login user
Apr 08, 2021 3:28:46 PM Server.Domain.CommonClasses.Response <init>
WARNING: The user is not allowed to add products to the store
Apr 08, 2021 3:28:46 PM Server.Domain.CommonClasses.Response <init>
WARNING: username already exists
Apr 08, 2021 3:28:46 PM Server.Domain.CommonClasses.Response <init>
WARNING: username already exists
Apr 08, 2021 3:28:46 PM Server.Domain.CommonClasses.Response <init>
WARNING: Failed to login user
Apr 08, 2021 3:28:46 PM Server.Domain.CommonClasses.Response <init>
WARNING: Cannot logout without being logged in
Apr 08, 2021 3:29:00 PM Server.Domain.CommonClasses.Response <init>
WARNING: username already exists
Apr 08, 2021 3:29:00 PM Server.Domain.CommonClasses.Response <init>
WARNING: username already exists
Apr 08, 2021 3:29:00 PM Server.Domain.CommonClasses.Response <init>
WARNING: Failed to login user
Apr 08, 2021 3:29:00 PM Server.Domain.CommonClasses.Response <init>
WARNING: User not allowed to review product
Apr 08, 2021 3:29:00 PM Server.Domain.CommonClasses.Response <init>
WARNING: The given product wasn't purchased before
Apr 08, 2021 3:29:00 PM Server.Domain.CommonClasses.Response <init>
WARNING: username already exists
Apr 08, 2021 3:29:00 PM Server.Domain.CommonClasses.Response <init>
WARNING: username already exists
Apr 08, 2021 3:29:00 PM Server.Domain.CommonClasses.Response <init>
WARNING: Failed to login user
Apr 08, 2021 3:29:00 PM Server.Domain.CommonClasses.Response <init>
WARNING: username already exists
Apr 08, 2021 3:29:00 PM Server.Domain.CommonClasses.Response <init>
WARNING: username already exists
Apr 08, 2021 3:29:00 PM Server.Domain.CommonClasses.Response <init>
WARNING: Failed to login user
Apr 08, 2021 3:29:00 PM Server.Domain.CommonClasses.Response <init>
WARNING: The user is not allowed to remove products from the store
Apr 08, 2021 3:29:00 PM Server.Domain.CommonClasses.Response <init>
WARNING: Inventory: This product doesn't exist
Apr 08, 2021 3:29:00 PM Server.Domain.CommonClasses.Response <init>
WARNING: username already exists
Apr 08, 2021 3:29:00 PM Server.Domain.CommonClasses.Response <init>
WARNING: username already exists
Apr 08, 2021 3:29:00 PM Server.Domain.CommonClasses.Response <init>
WARNING: Failed to login user
Apr 08, 2021 3:29:00 PM Server.Domain.CommonClasses.Response <init>
WARNING: User not allowed to view purchase history
Apr 08, 2021 3:29:00 PM Server.Domain.CommonClasses.Response <init>
WARNING: username already exists
Apr 08, 2021 3:29:00 PM Server.Domain.CommonClasses.Response <init>
WARNING: username already exists
Apr 08, 2021 3:29:00 PM Server.Domain.CommonClasses.Response <init>
WARNING: Failed to login user
Apr 08, 2021 3:29:00 PM Server.Domain.CommonClasses.Response <init>
WARNING: username already exists
Apr 08, 2021 3:29:00 PM Server.Domain.CommonClasses.Response <init>
WARNING: username already exists
Apr 08, 2021 3:29:00 PM Server.Domain.CommonClasses.Response <init>
WARNING: Failed to login user
Apr 08, 2021 3:29:00 PM Server.Domain.CommonClasses.Response <init>
WARNING: The user is not allowed to add products to the store
Apr 08, 2021 3:29:00 PM Server.Domain.CommonClasses.Response <init>
WARNING: username already exists
Apr 08, 2021 3:29:00 PM Server.Domain.CommonClasses.Response <init>
WARNING: username already exists
Apr 08, 2021 3:29:00 PM Server.Domain.CommonClasses.Response <init>
WARNING: Failed to login user
Apr 08, 2021 3:29:00 PM Server.Domain.CommonClasses.Response <init>
WARNING: Cannot logout without being logged in
Apr 08, 2021 3:31:06 PM Server.Domain.CommonClasses.Response <init>
WARNING: username already exists
Apr 08, 2021 3:31:06 PM Server.Domain.CommonClasses.Response <init>
WARNING: username already exists
Apr 08, 2021 3:31:06 PM Server.Domain.CommonClasses.Response <init>
WARNING: Failed to login user
Apr 08, 2021 3:31:06 PM Server.Domain.CommonClasses.Response <init>
WARNING: User not allowed to review product
Apr 08, 2021 3:31:06 PM Server.Domain.CommonClasses.Response <init>
WARNING: The given product wasn't purchased before
Apr 08, 2021 3:31:06 PM Server.Domain.CommonClasses.Response <init>
WARNING: username already exists
Apr 08, 2021 3:31:06 PM Server.Domain.CommonClasses.Response <init>
WARNING: username already exists
Apr 08, 2021 3:31:06 PM Server.Domain.CommonClasses.Response <init>
WARNING: Failed to login user
Apr 08, 2021 3:31:06 PM Server.Domain.CommonClasses.Response <init>
WARNING: username already exists
Apr 08, 2021 3:31:06 PM Server.Domain.CommonClasses.Response <init>
WARNING: username already exists
Apr 08, 2021 3:31:06 PM Server.Domain.CommonClasses.Response <init>
WARNING: Failed to login user
Apr 08, 2021 3:31:06 PM Server.Domain.CommonClasses.Response <init>
WARNING: The user is not allowed to remove products from the store
Apr 08, 2021 3:31:06 PM Server.Domain.CommonClasses.Response <init>
WARNING: Inventory: This product doesn't exist
Apr 08, 2021 3:31:06 PM Server.Domain.CommonClasses.Response <init>
WARNING: username already exists
Apr 08, 2021 3:31:06 PM Server.Domain.CommonClasses.Response <init>
WARNING: username already exists
Apr 08, 2021 3:31:06 PM Server.Domain.CommonClasses.Response <init>
WARNING: Failed to login user
Apr 08, 2021 3:31:06 PM Server.Domain.CommonClasses.Response <init>
WARNING: User not allowed to view purchase history
Apr 08, 2021 3:31:06 PM Server.Domain.CommonClasses.Response <init>
WARNING: username already exists
Apr 08, 2021 3:31:06 PM Server.Domain.CommonClasses.Response <init>
WARNING: username already exists
Apr 08, 2021 3:31:06 PM Server.Domain.CommonClasses.Response <init>
WARNING: Failed to login user
Apr 08, 2021 3:31:06 PM Server.Domain.CommonClasses.Response <init>
WARNING: username already exists
Apr 08, 2021 3:31:06 PM Server.Domain.CommonClasses.Response <init>
WARNING: username already exists
Apr 08, 2021 3:31:06 PM Server.Domain.CommonClasses.Response <init>
WARNING: Failed to login user
Apr 08, 2021 3:31:06 PM Server.Domain.CommonClasses.Response <init>
WARNING: The user is not allowed to add products to the store
Apr 08, 2021 3:31:06 PM Server.Domain.CommonClasses.Response <init>
WARNING: username already exists
Apr 08, 2021 3:31:06 PM Server.Domain.CommonClasses.Response <init>
WARNING: username already exists
Apr 08, 2021 3:31:06 PM Server.Domain.CommonClasses.Response <init>
WARNING: Failed to login user
Apr 08, 2021 3:31:06 PM Server.Domain.CommonClasses.Response <init>
WARNING: Cannot logout without being logged in
Apr 08, 2021 3:33:26 PM Server.Domain.CommonClasses.Response <init>
WARNING: username already exists
Apr 08, 2021 3:33:26 PM Server.Domain.CommonClasses.Response <init>
WARNING: username already exists
Apr 08, 2021 3:33:26 PM Server.Domain.CommonClasses.Response <init>
WARNING: User not allowed to review product
Apr 08, 2021 3:33:26 PM Server.Domain.CommonClasses.Response <init>
WARNING: The given product wasn't purchased before
Apr 08, 2021 3:33:26 PM Server.Domain.CommonClasses.Response <init>
WARNING: username already exists
Apr 08, 2021 3:33:26 PM Server.Domain.CommonClasses.Response <init>
WARNING: username already exists
Apr 08, 2021 3:33:26 PM Server.Domain.CommonClasses.Response <init>
WARNING: username already exists
Apr 08, 2021 3:33:26 PM Server.Domain.CommonClasses.Response <init>
WARNING: username already exists
Apr 08, 2021 3:33:26 PM Server.Domain.CommonClasses.Response <init>
WARNING: The user is not allowed to remove products from the store
Apr 08, 2021 3:33:26 PM Server.Domain.CommonClasses.Response <init>
WARNING: Inventory: This product doesn't exist
Apr 08, 2021 3:33:26 PM Server.Domain.CommonClasses.Response <init>
WARNING: username already exists
Apr 08, 2021 3:33:26 PM Server.Domain.CommonClasses.Response <init>
WARNING: username already exists
Apr 08, 2021 3:33:26 PM Server.Domain.CommonClasses.Response <init>
WARNING: User not allowed to view purchase history
Apr 08, 2021 3:33:26 PM Server.Domain.CommonClasses.Response <init>
WARNING: username already exists
Apr 08, 2021 3:33:26 PM Server.Domain.CommonClasses.Response <init>
WARNING: username already exists
Apr 08, 2021 3:33:26 PM Server.Domain.CommonClasses.Response <init>
WARNING: username already exists
Apr 08, 2021 3:33:26 PM Server.Domain.CommonClasses.Response <init>
WARNING: username already exists
Apr 08, 2021 3:33:26 PM Server.Domain.CommonClasses.Response <init>
WARNING: The user is not allowed to add products to the store
Apr 08, 2021 3:33:26 PM Server.Domain.CommonClasses.Response <init>
WARNING: username already exists
Apr 08, 2021 3:33:26 PM Server.Domain.CommonClasses.Response <init>
WARNING: username already exists
Apr 08, 2021 3:33:26 PM Server.Domain.CommonClasses.Response <init>
WARNING: Cannot logout without being logged in
Apr 08, 2021 3:34:20 PM Server.Domain.CommonClasses.Response <init>
WARNING: username already exists
Apr 08, 2021 3:34:20 PM Server.Domain.CommonClasses.Response <init>
WARNING: username already exists
Apr 08, 2021 3:34:20 PM Server.Domain.CommonClasses.Response <init>
WARNING: User not allowed to review product
Apr 08, 2021 3:34:20 PM Server.Domain.CommonClasses.Response <init>
WARNING: The given product wasn't purchased before
Apr 08, 2021 3:34:20 PM Server.Domain.CommonClasses.Response <init>
WARNING: username already exists
Apr 08, 2021 3:34:20 PM Server.Domain.CommonClasses.Response <init>
WARNING: username already exists
Apr 08, 2021 3:34:20 PM Server.Domain.CommonClasses.Response <init>
WARNING: User is not allowed to register
Apr 08, 2021 3:34:20 PM Server.Domain.CommonClasses.Response <init>
WARNING: username already exists
Apr 08, 2021 3:34:20 PM Server.Domain.CommonClasses.Response <init>
WARNING: username already exists
Apr 08, 2021 3:34:20 PM Server.Domain.CommonClasses.Response <init>
WARNING: The user is not allowed to remove products from the store
Apr 08, 2021 3:34:20 PM Server.Domain.CommonClasses.Response <init>
WARNING: Inventory: This product doesn't exist
Apr 08, 2021 3:34:20 PM Server.Domain.CommonClasses.Response <init>
WARNING: username already exists
Apr 08, 2021 3:34:20 PM Server.Domain.CommonClasses.Response <init>
WARNING: username already exists
Apr 08, 2021 3:34:20 PM Server.Domain.CommonClasses.Response <init>
WARNING: User not allowed to view purchase history
Apr 08, 2021 3:34:20 PM Server.Domain.CommonClasses.Response <init>
WARNING: username already exists
Apr 08, 2021 3:34:20 PM Server.Domain.CommonClasses.Response <init>
WARNING: username already exists
Apr 08, 2021 3:34:20 PM Server.Domain.CommonClasses.Response <init>
WARNING: username already exists
Apr 08, 2021 3:34:20 PM Server.Domain.CommonClasses.Response <init>
WARNING: username already exists
Apr 08, 2021 3:34:20 PM Server.Domain.CommonClasses.Response <init>
WARNING: The user is not allowed to add products to the store
Apr 08, 2021 3:34:20 PM Server.Domain.CommonClasses.Response <init>
WARNING: username already exists
Apr 08, 2021 3:34:20 PM Server.Domain.CommonClasses.Response <init>
WARNING: username already exists
Apr 08, 2021 3:34:20 PM Server.Domain.CommonClasses.Response <init>
WARNING: Cannot logout without being logged in
Apr 08, 2021 3:36:51 PM Server.Domain.CommonClasses.Response <init>
WARNING: username already exists
Apr 08, 2021 3:36:52 PM Server.Domain.CommonClasses.Response <init>
WARNING: username already exists
Apr 08, 2021 3:36:52 PM Server.Domain.CommonClasses.Response <init>
WARNING: User not allowed to review product
Apr 08, 2021 3:36:52 PM Server.Domain.CommonClasses.Response <init>
WARNING: The given product wasn't purchased before
Apr 08, 2021 3:36:52 PM Server.Domain.CommonClasses.Response <init>
WARNING: username already exists
Apr 08, 2021 3:36:52 PM Server.Domain.CommonClasses.Response <init>
WARNING: username already exists
Apr 08, 2021 3:36:52 PM Server.Domain.CommonClasses.Response <init>
WARNING: User is not allowed to register
Apr 08, 2021 3:36:52 PM Server.Domain.CommonClasses.Response <init>
WARNING: username already exists
Apr 08, 2021 3:36:52 PM Server.Domain.CommonClasses.Response <init>
WARNING: username already exists
Apr 08, 2021 3:36:52 PM Server.Domain.CommonClasses.Response <init>
WARNING: The user is not allowed to remove products from the store
Apr 08, 2021 3:36:52 PM Server.Domain.CommonClasses.Response <init>
WARNING: Inventory: This product doesn't exist
Apr 08, 2021 3:36:52 PM Server.Domain.CommonClasses.Response <init>
WARNING: username already exists
Apr 08, 2021 3:36:52 PM Server.Domain.CommonClasses.Response <init>
WARNING: username already exists
Apr 08, 2021 3:36:52 PM Server.Domain.CommonClasses.Response <init>
WARNING: User not allowed to view purchase history
Apr 08, 2021 3:36:52 PM Server.Domain.CommonClasses.Response <init>
WARNING: username already exists
Apr 08, 2021 3:36:52 PM Server.Domain.CommonClasses.Response <init>
WARNING: username already exists
Apr 08, 2021 3:36:52 PM Server.Domain.CommonClasses.Response <init>
WARNING: username already exists
Apr 08, 2021 3:36:52 PM Server.Domain.CommonClasses.Response <init>
WARNING: username already exists
Apr 08, 2021 3:36:52 PM Server.Domain.CommonClasses.Response <init>
WARNING: The user is not allowed to add products to the store
Apr 08, 2021 3:36:52 PM Server.Domain.CommonClasses.Response <init>
WARNING: username already exists
Apr 08, 2021 3:36:52 PM Server.Domain.CommonClasses.Response <init>
WARNING: username already exists
Apr 08, 2021 3:36:52 PM Server.Domain.CommonClasses.Response <init>
WARNING: Cannot logout without being logged in
Apr 08, 2021 3:41:39 PM Server.Domain.CommonClasses.Response <init>
WARNING: username already exists
Apr 08, 2021 3:41:39 PM Server.Domain.CommonClasses.Response <init>
WARNING: username already exists
Apr 08, 2021 3:41:39 PM Server.Domain.CommonClasses.Response <init>
WARNING: User not allowed to review product
Apr 08, 2021 3:41:39 PM Server.Domain.CommonClasses.Response <init>
WARNING: The given product wasn't purchased before
Apr 08, 2021 3:41:39 PM Server.Domain.CommonClasses.Response <init>
WARNING: username already exists
Apr 08, 2021 3:41:39 PM Server.Domain.CommonClasses.Response <init>
WARNING: username already exists
Apr 08, 2021 3:41:39 PM Server.Domain.CommonClasses.Response <init>
WARNING: User is not allowed to register
Apr 08, 2021 3:41:39 PM Server.Domain.CommonClasses.Response <init>
WARNING: username already exists
Apr 08, 2021 3:41:39 PM Server.Domain.CommonClasses.Response <init>
WARNING: username already exists
Apr 08, 2021 3:41:39 PM Server.Domain.CommonClasses.Response <init>
WARNING: The user is not allowed to remove products from the store
Apr 08, 2021 3:41:39 PM Server.Domain.CommonClasses.Response <init>
WARNING: Inventory: This product doesn't exist
Apr 08, 2021 3:41:39 PM Server.Domain.CommonClasses.Response <init>
WARNING: username already exists
Apr 08, 2021 3:41:39 PM Server.Domain.CommonClasses.Response <init>
WARNING: username already exists
Apr 08, 2021 3:41:39 PM Server.Domain.CommonClasses.Response <init>
WARNING: User not allowed to view purchase history
Apr 08, 2021 3:41:39 PM Server.Domain.CommonClasses.Response <init>
WARNING: username already exists
Apr 08, 2021 3:41:39 PM Server.Domain.CommonClasses.Response <init>
WARNING: username already exists
Apr 08, 2021 3:41:39 PM Server.Domain.CommonClasses.Response <init>
WARNING: username already exists
Apr 08, 2021 3:41:39 PM Server.Domain.CommonClasses.Response <init>
WARNING: username already exists
Apr 08, 2021 3:41:39 PM Server.Domain.CommonClasses.Response <init>
WARNING: The user is not allowed to add products to the store
Apr 08, 2021 3:41:39 PM Server.Domain.CommonClasses.Response <init>
WARNING: username already exists
Apr 08, 2021 3:41:39 PM Server.Domain.CommonClasses.Response <init>
WARNING: username already exists
Apr 08, 2021 3:41:39 PM Server.Domain.CommonClasses.Response <init>
WARNING: Cannot logout without being logged in
Apr 08, 2021 3:47:25 PM Server.Domain.CommonClasses.Response <init>
WARNING: username already exists
Apr 08, 2021 3:47:25 PM Server.Domain.CommonClasses.Response <init>
WARNING: username already exists
Apr 08, 2021 3:47:25 PM Server.Domain.CommonClasses.Response <init>
WARNING: User not allowed to review product
Apr 08, 2021 3:47:25 PM Server.Domain.CommonClasses.Response <init>
WARNING: username already exists
Apr 08, 2021 3:47:25 PM Server.Domain.CommonClasses.Response <init>
WARNING: username already exists
Apr 08, 2021 3:47:25 PM Server.Domain.CommonClasses.Response <init>
WARNING: User is not allowed to register
Apr 08, 2021 3:47:25 PM Server.Domain.CommonClasses.Response <init>
WARNING: username already exists
Apr 08, 2021 3:47:25 PM Server.Domain.CommonClasses.Response <init>
WARNING: username already exists
Apr 08, 2021 3:47:25 PM Server.Domain.CommonClasses.Response <init>
WARNING: The user is not allowed to remove products from the store
Apr 08, 2021 3:47:25 PM Server.Domain.CommonClasses.Response <init>
WARNING: Inventory: This product doesn't exist
Apr 08, 2021 3:47:25 PM Server.Domain.CommonClasses.Response <init>
WARNING: username already exists
Apr 08, 2021 3:47:25 PM Server.Domain.CommonClasses.Response <init>
WARNING: username already exists
Apr 08, 2021 3:47:25 PM Server.Domain.CommonClasses.Response <init>
WARNING: User not allowed to view purchase history
Apr 08, 2021 3:47:25 PM Server.Domain.CommonClasses.Response <init>
WARNING: username already exists
Apr 08, 2021 3:47:25 PM Server.Domain.CommonClasses.Response <init>
WARNING: username already exists
Apr 08, 2021 3:47:25 PM Server.Domain.CommonClasses.Response <init>
WARNING: username already exists
Apr 08, 2021 3:47:25 PM Server.Domain.CommonClasses.Response <init>
WARNING: username already exists
Apr 08, 2021 3:47:25 PM Server.Domain.CommonClasses.Response <init>
WARNING: The user is not allowed to add products to the store
Apr 08, 2021 3:47:25 PM Server.Domain.CommonClasses.Response <init>
WARNING: username already exists
Apr 08, 2021 3:47:25 PM Server.Domain.CommonClasses.Response <init>
WARNING: username already exists
Apr 08, 2021 3:47:25 PM Server.Domain.CommonClasses.Response <init>
WARNING: Cannot logout without being logged in
Apr 08, 2021 3:51:06 PM Server.Domain.CommonClasses.Response <init>
WARNING: username already exists
Apr 08, 2021 3:51:06 PM Server.Domain.CommonClasses.Response <init>
WARNING: username already exists
Apr 08, 2021 3:51:06 PM Server.Domain.CommonClasses.Response <init>
WARNING: User not allowed to review product
Apr 08, 2021 3:51:06 PM Server.Domain.CommonClasses.Response <init>
WARNING: username already exists
Apr 08, 2021 3:51:06 PM Server.Domain.CommonClasses.Response <init>
WARNING: username already exists
Apr 08, 2021 3:51:06 PM Server.Domain.CommonClasses.Response <init>
WARNING: User is not allowed to register
Apr 08, 2021 3:51:06 PM Server.Domain.CommonClasses.Response <init>
WARNING: username already exists
Apr 08, 2021 3:51:06 PM Server.Domain.CommonClasses.Response <init>
WARNING: username already exists
Apr 08, 2021 3:51:06 PM Server.Domain.CommonClasses.Response <init>
WARNING: The user is not allowed to remove products from the store
Apr 08, 2021 3:51:06 PM Server.Domain.CommonClasses.Response <init>
WARNING: Inventory: This product doesn't exist
Apr 08, 2021 3:51:06 PM Server.Domain.CommonClasses.Response <init>
WARNING: username already exists
Apr 08, 2021 3:51:06 PM Server.Domain.CommonClasses.Response <init>
WARNING: username already exists
Apr 08, 2021 3:51:06 PM Server.Domain.CommonClasses.Response <init>
WARNING: User not allowed to view purchase history
Apr 08, 2021 3:51:06 PM Server.Domain.CommonClasses.Response <init>
WARNING: username already exists
Apr 08, 2021 3:51:06 PM Server.Domain.CommonClasses.Response <init>
WARNING: username already exists
Apr 08, 2021 3:51:06 PM Server.Domain.CommonClasses.Response <init>
WARNING: username already exists
Apr 08, 2021 3:51:06 PM Server.Domain.CommonClasses.Response <init>
WARNING: username already exists
Apr 08, 2021 3:51:06 PM Server.Domain.CommonClasses.Response <init>
WARNING: The user is not allowed to add products to the store
Apr 08, 2021 3:51:06 PM Server.Domain.CommonClasses.Response <init>
WARNING: username already exists
Apr 08, 2021 3:51:06 PM Server.Domain.CommonClasses.Response <init>
WARNING: username already exists
Apr 08, 2021 3:51:06 PM Server.Domain.CommonClasses.Response <init>
WARNING: Cannot logout without being logged in
Apr 08, 2021 3:51:39 PM Server.Domain.CommonClasses.Response <init>
WARNING: username already exists
Apr 08, 2021 3:51:39 PM Server.Domain.CommonClasses.Response <init>
WARNING: username already exists
Apr 08, 2021 3:51:39 PM Server.Domain.CommonClasses.Response <init>
WARNING: User not allowed to review product
Apr 08, 2021 3:51:39 PM Server.Domain.CommonClasses.Response <init>
WARNING: username already exists
Apr 08, 2021 3:51:39 PM Server.Domain.CommonClasses.Response <init>
WARNING: username already exists
Apr 08, 2021 3:51:39 PM Server.Domain.CommonClasses.Response <init>
WARNING: User is not allowed to register
Apr 08, 2021 3:51:39 PM Server.Domain.CommonClasses.Response <init>
WARNING: username already exists
Apr 08, 2021 3:51:39 PM Server.Domain.CommonClasses.Response <init>
WARNING: username already exists
Apr 08, 2021 3:51:39 PM Server.Domain.CommonClasses.Response <init>
WARNING: The user is not allowed to remove products from the store
Apr 08, 2021 3:51:39 PM Server.Domain.CommonClasses.Response <init>
WARNING: Inventory: This product doesn't exist
Apr 08, 2021 3:51:39 PM Server.Domain.CommonClasses.Response <init>
WARNING: username already exists
Apr 08, 2021 3:51:39 PM Server.Domain.CommonClasses.Response <init>
WARNING: username already exists
Apr 08, 2021 3:51:39 PM Server.Domain.CommonClasses.Response <init>
WARNING: User not allowed to view purchase history
Apr 08, 2021 3:51:39 PM Server.Domain.CommonClasses.Response <init>
WARNING: username already exists
Apr 08, 2021 3:51:39 PM Server.Domain.CommonClasses.Response <init>
WARNING: username already exists
Apr 08, 2021 3:51:39 PM Server.Domain.CommonClasses.Response <init>
WARNING: username already exists
Apr 08, 2021 3:51:39 PM Server.Domain.CommonClasses.Response <init>
WARNING: username already exists
Apr 08, 2021 3:51:39 PM Server.Domain.CommonClasses.Response <init>
WARNING: The user is not allowed to add products to the store
Apr 08, 2021 3:51:39 PM Server.Domain.CommonClasses.Response <init>
WARNING: username already exists
Apr 08, 2021 3:51:39 PM Server.Domain.CommonClasses.Response <init>
WARNING: username already exists
Apr 08, 2021 3:51:39 PM Server.Domain.CommonClasses.Response <init>
WARNING: Cannot logout without being logged in
Apr 08, 2021 3:53:50 PM Server.Domain.CommonClasses.Response <init>
WARNING: username already exists
Apr 08, 2021 3:53:50 PM Server.Domain.CommonClasses.Response <init>
WARNING: username already exists
Apr 08, 2021 3:53:50 PM Server.Domain.CommonClasses.Response <init>
WARNING: User not allowed to review product
Apr 08, 2021 3:53:50 PM Server.Domain.CommonClasses.Response <init>
WARNING: username already exists
Apr 08, 2021 3:53:50 PM Server.Domain.CommonClasses.Response <init>
WARNING: username already exists
Apr 08, 2021 3:53:50 PM Server.Domain.CommonClasses.Response <init>
WARNING: User is not allowed to register
Apr 08, 2021 3:53:50 PM Server.Domain.CommonClasses.Response <init>
WARNING: username already exists
Apr 08, 2021 3:53:50 PM Server.Domain.CommonClasses.Response <init>
WARNING: username already exists
Apr 08, 2021 3:53:50 PM Server.Domain.CommonClasses.Response <init>
WARNING: The user is not allowed to remove products from the store
Apr 08, 2021 3:53:50 PM Server.Domain.CommonClasses.Response <init>
WARNING: Inventory: This product doesn't exist
Apr 08, 2021 3:53:50 PM Server.Domain.CommonClasses.Response <init>
WARNING: username already exists
Apr 08, 2021 3:53:50 PM Server.Domain.CommonClasses.Response <init>
WARNING: username already exists
Apr 08, 2021 3:53:50 PM Server.Domain.CommonClasses.Response <init>
WARNING: User not allowed to view purchase history
Apr 08, 2021 3:53:50 PM Server.Domain.CommonClasses.Response <init>
WARNING: username already exists
Apr 08, 2021 3:53:50 PM Server.Domain.CommonClasses.Response <init>
WARNING: username already exists
Apr 08, 2021 3:53:50 PM Server.Domain.CommonClasses.Response <init>
WARNING: username already exists
Apr 08, 2021 3:53:50 PM Server.Domain.CommonClasses.Response <init>
WARNING: username already exists
Apr 08, 2021 3:53:50 PM Server.Domain.CommonClasses.Response <init>
WARNING: The user is not allowed to add products to the store
Apr 08, 2021 3:53:50 PM Server.Domain.CommonClasses.Response <init>
WARNING: username already exists
Apr 08, 2021 3:53:50 PM Server.Domain.CommonClasses.Response <init>
WARNING: username already exists
Apr 08, 2021 3:53:50 PM Server.Domain.CommonClasses.Response <init>
WARNING: Cannot logout without being logged in
Apr 08, 2021 3:55:49 PM Server.Domain.CommonClasses.Response <init>
WARNING: username already exists
Apr 08, 2021 3:55:49 PM Server.Domain.CommonClasses.Response <init>
WARNING: username already exists
Apr 08, 2021 3:55:49 PM Server.Domain.CommonClasses.Response <init>
WARNING: User not allowed to review product
Apr 08, 2021 3:55:49 PM Server.Domain.CommonClasses.Response <init>
WARNING: username already exists
Apr 08, 2021 3:55:49 PM Server.Domain.CommonClasses.Response <init>
WARNING: username already exists
Apr 08, 2021 3:55:49 PM Server.Domain.CommonClasses.Response <init>
WARNING: User is not allowed to register
Apr 08, 2021 3:55:49 PM Server.Domain.CommonClasses.Response <init>
WARNING: username already exists
Apr 08, 2021 3:55:49 PM Server.Domain.CommonClasses.Response <init>
WARNING: username already exists
Apr 08, 2021 3:55:49 PM Server.Domain.CommonClasses.Response <init>
WARNING: The user is not allowed to remove products from the store
Apr 08, 2021 3:55:49 PM Server.Domain.CommonClasses.Response <init>
WARNING: Inventory: This product doesn't exist
Apr 08, 2021 3:55:49 PM Server.Domain.CommonClasses.Response <init>
WARNING: username already exists
Apr 08, 2021 3:55:49 PM Server.Domain.CommonClasses.Response <init>
WARNING: username already exists
Apr 08, 2021 3:55:49 PM Server.Domain.CommonClasses.Response <init>
WARNING: User not allowed to view purchase history
Apr 08, 2021 3:55:49 PM Server.Domain.CommonClasses.Response <init>
WARNING: username already exists
Apr 08, 2021 3:55:49 PM Server.Domain.CommonClasses.Response <init>
WARNING: username already exists
Apr 08, 2021 3:55:49 PM Server.Domain.CommonClasses.Response <init>
WARNING: username already exists
Apr 08, 2021 3:55:49 PM Server.Domain.CommonClasses.Response <init>
WARNING: username already exists
Apr 08, 2021 3:55:49 PM Server.Domain.CommonClasses.Response <init>
WARNING: The user is not allowed to add products to the store
Apr 08, 2021 3:55:49 PM Server.Domain.CommonClasses.Response <init>
WARNING: username already exists
Apr 08, 2021 3:55:49 PM Server.Domain.CommonClasses.Response <init>
WARNING: username already exists
Apr 08, 2021 3:55:49 PM Server.Domain.CommonClasses.Response <init>
WARNING: Cannot logout without being logged in
Apr 08, 2021 3:59:21 PM Server.Domain.CommonClasses.Response <init>
WARNING: username already exists
Apr 08, 2021 3:59:21 PM Server.Domain.CommonClasses.Response <init>
WARNING: username already exists
Apr 08, 2021 3:59:21 PM Server.Domain.CommonClasses.Response <init>
WARNING: User not allowed to review product
Apr 08, 2021 3:59:21 PM Server.Domain.CommonClasses.Response <init>
WARNING: username already exists
Apr 08, 2021 3:59:21 PM Server.Domain.CommonClasses.Response <init>
WARNING: username already exists
Apr 08, 2021 3:59:21 PM Server.Domain.CommonClasses.Response <init>
WARNING: User is not allowed to register
Apr 08, 2021 3:59:21 PM Server.Domain.CommonClasses.Response <init>
WARNING: username already exists
Apr 08, 2021 3:59:21 PM Server.Domain.CommonClasses.Response <init>
WARNING: username already exists
Apr 08, 2021 3:59:21 PM Server.Domain.CommonClasses.Response <init>
WARNING: The user is not allowed to remove products from the store
Apr 08, 2021 3:59:21 PM Server.Domain.CommonClasses.Response <init>
WARNING: Inventory: This product doesn't exist
Apr 08, 2021 3:59:21 PM Server.Domain.CommonClasses.Response <init>
WARNING: username already exists
Apr 08, 2021 3:59:21 PM Server.Domain.CommonClasses.Response <init>
WARNING: username already exists
Apr 08, 2021 3:59:21 PM Server.Domain.CommonClasses.Response <init>
WARNING: User not allowed to view purchase history
Apr 08, 2021 3:59:21 PM Server.Domain.CommonClasses.Response <init>
WARNING: username already exists
Apr 08, 2021 3:59:21 PM Server.Domain.CommonClasses.Response <init>
WARNING: username already exists
Apr 08, 2021 3:59:21 PM Server.Domain.CommonClasses.Response <init>
WARNING: username already exists
Apr 08, 2021 3:59:21 PM Server.Domain.CommonClasses.Response <init>
WARNING: username already exists
Apr 08, 2021 3:59:21 PM Server.Domain.CommonClasses.Response <init>
WARNING: The user is not allowed to add products to the store
Apr 08, 2021 3:59:21 PM Server.Domain.CommonClasses.Response <init>
WARNING: username already exists
Apr 08, 2021 3:59:21 PM Server.Domain.CommonClasses.Response <init>
WARNING: username already exists
Apr 08, 2021 3:59:21 PM Server.Domain.CommonClasses.Response <init>
WARNING: Cannot logout without being logged in
Apr 08, 2021 3:59:48 PM Server.Domain.CommonClasses.Response <init>
WARNING: username already exists
Apr 08, 2021 3:59:48 PM Server.Domain.CommonClasses.Response <init>
WARNING: username already exists
Apr 08, 2021 3:59:48 PM Server.Domain.CommonClasses.Response <init>
WARNING: User not allowed to review product
Apr 08, 2021 3:59:48 PM Server.Domain.CommonClasses.Response <init>
WARNING: username already exists
Apr 08, 2021 3:59:48 PM Server.Domain.CommonClasses.Response <init>
WARNING: username already exists
Apr 08, 2021 3:59:48 PM Server.Domain.CommonClasses.Response <init>
WARNING: User is not allowed to register
Apr 08, 2021 3:59:48 PM Server.Domain.CommonClasses.Response <init>
WARNING: username already exists
Apr 08, 2021 3:59:48 PM Server.Domain.CommonClasses.Response <init>
WARNING: username already exists
Apr 08, 2021 3:59:48 PM Server.Domain.CommonClasses.Response <init>
WARNING: The user is not allowed to remove products from the store
Apr 08, 2021 3:59:48 PM Server.Domain.CommonClasses.Response <init>
WARNING: Inventory: This product doesn't exist
Apr 08, 2021 3:59:48 PM Server.Domain.CommonClasses.Response <init>
WARNING: username already exists
Apr 08, 2021 3:59:48 PM Server.Domain.CommonClasses.Response <init>
WARNING: username already exists
Apr 08, 2021 3:59:48 PM Server.Domain.CommonClasses.Response <init>
WARNING: User not allowed to view purchase history
Apr 08, 2021 3:59:48 PM Server.Domain.CommonClasses.Response <init>
WARNING: username already exists
Apr 08, 2021 3:59:48 PM Server.Domain.CommonClasses.Response <init>
WARNING: username already exists
Apr 08, 2021 3:59:48 PM Server.Domain.CommonClasses.Response <init>
WARNING: username already exists
Apr 08, 2021 3:59:48 PM Server.Domain.CommonClasses.Response <init>
WARNING: username already exists
Apr 08, 2021 3:59:48 PM Server.Domain.CommonClasses.Response <init>
WARNING: The user is not allowed to add products to the store
Apr 08, 2021 3:59:48 PM Server.Domain.CommonClasses.Response <init>
WARNING: username already exists
Apr 08, 2021 3:59:48 PM Server.Domain.CommonClasses.Response <init>
WARNING: username already exists
Apr 08, 2021 3:59:48 PM Server.Domain.CommonClasses.Response <init>
WARNING: Cannot logout without being logged in
Apr 08, 2021 4:01:59 PM Server.Domain.CommonClasses.Response <init>
WARNING: username already exists
Apr 08, 2021 4:01:59 PM Server.Domain.CommonClasses.Response <init>
WARNING: username already exists
Apr 08, 2021 4:01:59 PM Server.Domain.CommonClasses.Response <init>
WARNING: User not allowed to review product
Apr 08, 2021 4:01:59 PM Server.Domain.CommonClasses.Response <init>
WARNING: username already exists
Apr 08, 2021 4:01:59 PM Server.Domain.CommonClasses.Response <init>
WARNING: username already exists
Apr 08, 2021 4:01:59 PM Server.Domain.CommonClasses.Response <init>
WARNING: User is not allowed to register
Apr 08, 2021 4:01:59 PM Server.Domain.CommonClasses.Response <init>
WARNING: username already exists
Apr 08, 2021 4:01:59 PM Server.Domain.CommonClasses.Response <init>
WARNING: username already exists
Apr 08, 2021 4:01:59 PM Server.Domain.CommonClasses.Response <init>
WARNING: The user is not allowed to remove products from the store
Apr 08, 2021 4:01:59 PM Server.Domain.CommonClasses.Response <init>
WARNING: username already exists
Apr 08, 2021 4:01:59 PM Server.Domain.CommonClasses.Response <init>
WARNING: username already exists
Apr 08, 2021 4:01:59 PM Server.Domain.CommonClasses.Response <init>
WARNING: User not allowed to view purchase history
Apr 08, 2021 4:01:59 PM Server.Domain.CommonClasses.Response <init>
WARNING: username already exists
Apr 08, 2021 4:01:59 PM Server.Domain.CommonClasses.Response <init>
WARNING: username already exists
Apr 08, 2021 4:01:59 PM Server.Domain.CommonClasses.Response <init>
WARNING: username already exists
Apr 08, 2021 4:01:59 PM Server.Domain.CommonClasses.Response <init>
WARNING: username already exists
Apr 08, 2021 4:01:59 PM Server.Domain.CommonClasses.Response <init>
WARNING: The user is not allowed to add products to the store
Apr 08, 2021 4:01:59 PM Server.Domain.CommonClasses.Response <init>
WARNING: username already exists
Apr 08, 2021 4:01:59 PM Server.Domain.CommonClasses.Response <init>
WARNING: username already exists
Apr 08, 2021 4:01:59 PM Server.Domain.CommonClasses.Response <init>
WARNING: Cannot logout without being logged in
Apr 08, 2021 4:02:45 PM Server.Domain.CommonClasses.Response <init>
WARNING: username already exists
Apr 08, 2021 4:02:45 PM Server.Domain.CommonClasses.Response <init>
WARNING: username already exists
Apr 08, 2021 4:02:45 PM Server.Domain.CommonClasses.Response <init>
WARNING: User not allowed to review product
Apr 08, 2021 4:02:45 PM Server.Domain.CommonClasses.Response <init>
WARNING: username already exists
Apr 08, 2021 4:02:45 PM Server.Domain.CommonClasses.Response <init>
WARNING: username already exists
Apr 08, 2021 4:02:45 PM Server.Domain.CommonClasses.Response <init>
WARNING: User is not allowed to register
Apr 08, 2021 4:02:45 PM Server.Domain.CommonClasses.Response <init>
WARNING: username already exists
Apr 08, 2021 4:02:45 PM Server.Domain.CommonClasses.Response <init>
WARNING: username already exists
Apr 08, 2021 4:02:45 PM Server.Domain.CommonClasses.Response <init>
WARNING: The user is not allowed to remove products from the store
Apr 08, 2021 4:02:45 PM Server.Domain.CommonClasses.Response <init>
WARNING: username already exists
Apr 08, 2021 4:02:45 PM Server.Domain.CommonClasses.Response <init>
WARNING: username already exists
Apr 08, 2021 4:02:45 PM Server.Domain.CommonClasses.Response <init>
WARNING: User not allowed to view purchase history
Apr 08, 2021 4:02:45 PM Server.Domain.CommonClasses.Response <init>
WARNING: username already exists
Apr 08, 2021 4:02:45 PM Server.Domain.CommonClasses.Response <init>
WARNING: username already exists
Apr 08, 2021 4:02:45 PM Server.Domain.CommonClasses.Response <init>
WARNING: username already exists
Apr 08, 2021 4:02:45 PM Server.Domain.CommonClasses.Response <init>
WARNING: username already exists
Apr 08, 2021 4:02:45 PM Server.Domain.CommonClasses.Response <init>
WARNING: The user is not allowed to add products to the store
Apr 08, 2021 4:02:45 PM Server.Domain.CommonClasses.Response <init>
WARNING: username already exists
Apr 08, 2021 4:02:45 PM Server.Domain.CommonClasses.Response <init>
WARNING: username already exists
Apr 08, 2021 4:02:45 PM Server.Domain.CommonClasses.Response <init>
WARNING: Cannot logout without being logged in
Apr 08, 2021 4:03:34 PM Server.Domain.CommonClasses.Response <init>
WARNING: username already exists
Apr 08, 2021 4:03:34 PM Server.Domain.CommonClasses.Response <init>
WARNING: username already exists
Apr 08, 2021 4:03:34 PM Server.Domain.CommonClasses.Response <init>
WARNING: User not allowed to review product
Apr 08, 2021 4:03:34 PM Server.Domain.CommonClasses.Response <init>
WARNING: username already exists
Apr 08, 2021 4:03:34 PM Server.Domain.CommonClasses.Response <init>
WARNING: username already exists
Apr 08, 2021 4:03:34 PM Server.Domain.CommonClasses.Response <init>
WARNING: User is not allowed to register
Apr 08, 2021 4:03:34 PM Server.Domain.CommonClasses.Response <init>
WARNING: username already exists
Apr 08, 2021 4:03:34 PM Server.Domain.CommonClasses.Response <init>
WARNING: username already exists
Apr 08, 2021 4:03:34 PM Server.Domain.CommonClasses.Response <init>
WARNING: The user is not allowed to remove products from the store
Apr 08, 2021 4:03:34 PM Server.Domain.CommonClasses.Response <init>
WARNING: username already exists
Apr 08, 2021 4:03:34 PM Server.Domain.CommonClasses.Response <init>
WARNING: username already exists
Apr 08, 2021 4:03:34 PM Server.Domain.CommonClasses.Response <init>
WARNING: User not allowed to view purchase history
Apr 08, 2021 4:03:34 PM Server.Domain.CommonClasses.Response <init>
WARNING: username already exists
Apr 08, 2021 4:03:34 PM Server.Domain.CommonClasses.Response <init>
WARNING: username already exists
Apr 08, 2021 4:03:34 PM Server.Domain.CommonClasses.Response <init>
WARNING: username already exists
Apr 08, 2021 4:03:34 PM Server.Domain.CommonClasses.Response <init>
WARNING: username already exists
Apr 08, 2021 4:03:34 PM Server.Domain.CommonClasses.Response <init>
WARNING: The user is not allowed to add products to the store
Apr 08, 2021 4:03:34 PM Server.Domain.CommonClasses.Response <init>
WARNING: username already exists
Apr 08, 2021 4:03:34 PM Server.Domain.CommonClasses.Response <init>
WARNING: username already exists
Apr 08, 2021 4:03:34 PM Server.Domain.CommonClasses.Response <init>
WARNING: Cannot logout without being logged in
Apr 08, 2021 4:06:02 PM Server.Domain.CommonClasses.Response <init>
WARNING: username already exists
Apr 08, 2021 4:06:02 PM Server.Domain.CommonClasses.Response <init>
WARNING: username already exists
Apr 08, 2021 4:06:03 PM Server.Domain.CommonClasses.Response <init>
WARNING: User not allowed to review product
Apr 08, 2021 4:06:03 PM Server.Domain.CommonClasses.Response <init>
WARNING: username already exists
Apr 08, 2021 4:06:03 PM Server.Domain.CommonClasses.Response <init>
WARNING: username already exists
Apr 08, 2021 4:06:03 PM Server.Domain.CommonClasses.Response <init>
WARNING: User is not allowed to register
Apr 08, 2021 4:06:03 PM Server.Domain.CommonClasses.Response <init>
WARNING: username already exists
Apr 08, 2021 4:06:03 PM Server.Domain.CommonClasses.Response <init>
WARNING: username already exists
Apr 08, 2021 4:06:03 PM Server.Domain.CommonClasses.Response <init>
WARNING: The user is not allowed to remove products from the store
Apr 08, 2021 4:06:03 PM Server.Domain.CommonClasses.Response <init>
WARNING: username already exists
Apr 08, 2021 4:06:03 PM Server.Domain.CommonClasses.Response <init>
WARNING: username already exists
Apr 08, 2021 4:06:03 PM Server.Domain.CommonClasses.Response <init>
WARNING: User not allowed to view purchase history
Apr 08, 2021 4:06:03 PM Server.Domain.CommonClasses.Response <init>
WARNING: username already exists
Apr 08, 2021 4:06:03 PM Server.Domain.CommonClasses.Response <init>
WARNING: username already exists
Apr 08, 2021 4:06:03 PM Server.Domain.CommonClasses.Response <init>
WARNING: Not allowed to open store
Apr 08, 2021 4:06:03 PM Server.Domain.CommonClasses.Response <init>
WARNING: username already exists
Apr 08, 2021 4:06:03 PM Server.Domain.CommonClasses.Response <init>
WARNING: username already exists
Apr 08, 2021 4:06:03 PM Server.Domain.CommonClasses.Response <init>
WARNING: username already exists
Apr 08, 2021 4:06:03 PM Server.Domain.CommonClasses.Response <init>
WARNING: username already exists
Apr 08, 2021 4:06:03 PM Server.Domain.CommonClasses.Response <init>
WARNING: The user is not allowed to add products to the store
Apr 08, 2021 4:06:03 PM Server.Domain.CommonClasses.Response <init>
WARNING: username already exists
Apr 08, 2021 4:06:03 PM Server.Domain.CommonClasses.Response <init>
WARNING: username already exists
Apr 08, 2021 4:06:03 PM Server.Domain.CommonClasses.Response <init>
WARNING: Cannot logout without being logged in
Apr 08, 2021 4:16:48 PM Server.Domain.CommonClasses.Response <init>
WARNING: username already exists
Apr 08, 2021 4:16:48 PM Server.Domain.CommonClasses.Response <init>
WARNING: username already exists
Apr 08, 2021 4:16:48 PM Server.Domain.CommonClasses.Response <init>
WARNING: User not allowed to review product
Apr 08, 2021 4:16:48 PM Server.Domain.CommonClasses.Response <init>
WARNING: username already exists
Apr 08, 2021 4:16:48 PM Server.Domain.CommonClasses.Response <init>
WARNING: username already exists
Apr 08, 2021 4:16:48 PM Server.Domain.CommonClasses.Response <init>
WARNING: User is not allowed to register
Apr 08, 2021 4:16:48 PM Server.Domain.CommonClasses.Response <init>
WARNING: username already exists
Apr 08, 2021 4:16:48 PM Server.Domain.CommonClasses.Response <init>
WARNING: username already exists
Apr 08, 2021 4:16:48 PM Server.Domain.CommonClasses.Response <init>
WARNING: The user is not allowed to remove products from the store
Apr 08, 2021 4:16:48 PM Server.Domain.CommonClasses.Response <init>
WARNING: username already exists
Apr 08, 2021 4:16:48 PM Server.Domain.CommonClasses.Response <init>
WARNING: username already exists
Apr 08, 2021 4:16:48 PM Server.Domain.CommonClasses.Response <init>
WARNING: User not allowed to view purchase history
Apr 08, 2021 4:16:48 PM Server.Domain.CommonClasses.Response <init>
WARNING: username already exists
Apr 08, 2021 4:16:48 PM Server.Domain.CommonClasses.Response <init>
WARNING: username already exists
Apr 08, 2021 4:16:48 PM Server.Domain.CommonClasses.Response <init>
WARNING: Not allowed to open store
Apr 08, 2021 4:16:48 PM Server.Domain.CommonClasses.Response <init>
WARNING: username already exists
Apr 08, 2021 4:16:48 PM Server.Domain.CommonClasses.Response <init>
WARNING: username already exists
Apr 08, 2021 4:16:48 PM Server.Domain.CommonClasses.Response <init>
WARNING: User not allowed to view user's purchase
Apr 08, 2021 4:16:48 PM Server.Domain.CommonClasses.Response <init>
WARNING: User not allowed to view user's purchase
Apr 08, 2021 4:16:48 PM Server.Domain.CommonClasses.Response <init>
WARNING: username already exists
Apr 08, 2021 4:16:48 PM Server.Domain.CommonClasses.Response <init>
WARNING: username already exists
Apr 08, 2021 4:16:48 PM Server.Domain.CommonClasses.Response <init>
WARNING: username already exists
Apr 08, 2021 4:16:48 PM Server.Domain.CommonClasses.Response <init>
WARNING: username already exists
Apr 08, 2021 4:16:48 PM Server.Domain.CommonClasses.Response <init>
WARNING: The user is not allowed to add products to the store
Apr 08, 2021 4:16:48 PM Server.Domain.CommonClasses.Response <init>
WARNING: username already exists
Apr 08, 2021 4:16:48 PM Server.Domain.CommonClasses.Response <init>
WARNING: username already exists
Apr 08, 2021 4:16:48 PM Server.Domain.CommonClasses.Response <init>
WARNING: Cannot logout without being logged in
Apr 08, 2021 4:34:05 PM Server.Domain.CommonClasses.Response <init>
WARNING: username already exists
Apr 08, 2021 4:34:05 PM Server.Domain.CommonClasses.Response <init>
WARNING: username already exists
Apr 08, 2021 4:34:05 PM Server.Domain.CommonClasses.Response <init>
WARNING: User not allowed to review product
Apr 08, 2021 4:34:05 PM Server.Domain.CommonClasses.Response <init>
WARNING: username already exists
Apr 08, 2021 4:34:05 PM Server.Domain.CommonClasses.Response <init>
WARNING: username already exists
Apr 08, 2021 4:34:05 PM Server.Domain.CommonClasses.Response <init>
WARNING: User is not allowed to register
Apr 08, 2021 4:34:05 PM Server.Domain.CommonClasses.Response <init>
WARNING: username already exists
Apr 08, 2021 4:34:05 PM Server.Domain.CommonClasses.Response <init>
WARNING: username already exists
Apr 08, 2021 4:34:05 PM Server.Domain.CommonClasses.Response <init>
WARNING: The user is not allowed to remove products from the store
Apr 08, 2021 4:34:05 PM Server.Domain.CommonClasses.Response <init>
WARNING: username already exists
Apr 08, 2021 4:34:05 PM Server.Domain.CommonClasses.Response <init>
WARNING: username already exists
Apr 08, 2021 4:34:05 PM Server.Domain.CommonClasses.Response <init>
WARNING: User not allowed to view purchase history
Apr 08, 2021 4:34:05 PM Server.Domain.CommonClasses.Response <init>
WARNING: username already exists
Apr 08, 2021 4:34:05 PM Server.Domain.CommonClasses.Response <init>
WARNING: username already exists
Apr 08, 2021 4:34:05 PM Server.Domain.CommonClasses.Response <init>
WARNING: Not allowed to open store
Apr 08, 2021 4:34:05 PM Server.Domain.CommonClasses.Response <init>
WARNING: username already exists
Apr 08, 2021 4:34:05 PM Server.Domain.CommonClasses.Response <init>
WARNING: username already exists
Apr 08, 2021 4:34:05 PM Server.Domain.CommonClasses.Response <init>
WARNING: The user is not allowed to edit products information in the store
Apr 08, 2021 4:34:05 PM Server.Domain.CommonClasses.Response <init>
WARNING: Inventory: This product doesn't exists
Apr 08, 2021 4:34:05 PM Server.Domain.CommonClasses.Response <init>
WARNING: username already exists
Apr 08, 2021 4:34:05 PM Server.Domain.CommonClasses.Response <init>
WARNING: username already exists
Apr 08, 2021 4:34:05 PM Server.Domain.CommonClasses.Response <init>
WARNING: User not allowed to view user's purchase
Apr 08, 2021 4:34:05 PM Server.Domain.CommonClasses.Response <init>
WARNING: User not allowed to view user's purchase
Apr 08, 2021 4:34:05 PM Server.Domain.CommonClasses.Response <init>
WARNING: username already exists
Apr 08, 2021 4:34:05 PM Server.Domain.CommonClasses.Response <init>
WARNING: username already exists
Apr 08, 2021 4:34:05 PM Server.Domain.CommonClasses.Response <init>
WARNING: username already exists
Apr 08, 2021 4:34:05 PM Server.Domain.CommonClasses.Response <init>
WARNING: username already exists
Apr 08, 2021 4:34:05 PM Server.Domain.CommonClasses.Response <init>
WARNING: The user is not allowed to add products to the store
Apr 08, 2021 4:34:05 PM Server.Domain.CommonClasses.Response <init>
WARNING: username already exists
Apr 08, 2021 4:34:05 PM Server.Domain.CommonClasses.Response <init>
WARNING: username already exists
Apr 08, 2021 4:34:05 PM Server.Domain.CommonClasses.Response <init>
WARNING: Cannot logout without being logged in
Apr 08, 2021 4:36:36 PM Server.Domain.CommonClasses.Response <init>
WARNING: username already exists
Apr 08, 2021 4:36:36 PM Server.Domain.CommonClasses.Response <init>
WARNING: username already exists
Apr 08, 2021 4:36:36 PM Server.Domain.CommonClasses.Response <init>
WARNING: User not allowed to review product
Apr 08, 2021 4:36:36 PM Server.Domain.CommonClasses.Response <init>
WARNING: username already exists
Apr 08, 2021 4:36:36 PM Server.Domain.CommonClasses.Response <init>
WARNING: username already exists
Apr 08, 2021 4:36:36 PM Server.Domain.CommonClasses.Response <init>
WARNING: User is not allowed to register
Apr 08, 2021 4:36:36 PM Server.Domain.CommonClasses.Response <init>
WARNING: username already exists
Apr 08, 2021 4:36:36 PM Server.Domain.CommonClasses.Response <init>
WARNING: username already exists
Apr 08, 2021 4:36:36 PM Server.Domain.CommonClasses.Response <init>
WARNING: The user is not allowed to remove products from the store
Apr 08, 2021 4:36:36 PM Server.Domain.CommonClasses.Response <init>
WARNING: username already exists
Apr 08, 2021 4:36:36 PM Server.Domain.CommonClasses.Response <init>
WARNING: username already exists
Apr 08, 2021 4:36:36 PM Server.Domain.CommonClasses.Response <init>
WARNING: User not allowed to view purchase history
Apr 08, 2021 4:36:36 PM Server.Domain.CommonClasses.Response <init>
WARNING: username already exists
Apr 08, 2021 4:36:36 PM Server.Domain.CommonClasses.Response <init>
WARNING: username already exists
Apr 08, 2021 4:36:36 PM Server.Domain.CommonClasses.Response <init>
WARNING: Not allowed to open store
Apr 08, 2021 4:36:36 PM Server.Domain.CommonClasses.Response <init>
WARNING: username already exists
Apr 08, 2021 4:36:36 PM Server.Domain.CommonClasses.Response <init>
WARNING: username already exists
Apr 08, 2021 4:36:36 PM Server.Domain.CommonClasses.Response <init>
WARNING: The user is not allowed to edit products information in the store
Apr 08, 2021 4:36:36 PM Server.Domain.CommonClasses.Response <init>
WARNING: username already exists
Apr 08, 2021 4:36:36 PM Server.Domain.CommonClasses.Response <init>
WARNING: username already exists
Apr 08, 2021 4:36:36 PM Server.Domain.CommonClasses.Response <init>
WARNING: User not allowed to view user's purchase
Apr 08, 2021 4:36:36 PM Server.Domain.CommonClasses.Response <init>
WARNING: User not allowed to view user's purchase
Apr 08, 2021 4:36:36 PM Server.Domain.CommonClasses.Response <init>
WARNING: username already exists
Apr 08, 2021 4:36:36 PM Server.Domain.CommonClasses.Response <init>
WARNING: username already exists
Apr 08, 2021 4:36:36 PM Server.Domain.CommonClasses.Response <init>
WARNING: username already exists
Apr 08, 2021 4:36:36 PM Server.Domain.CommonClasses.Response <init>
WARNING: username already exists
Apr 08, 2021 4:36:36 PM Server.Domain.CommonClasses.Response <init>
WARNING: The user is not allowed to add products to the store
Apr 08, 2021 4:36:36 PM Server.Domain.CommonClasses.Response <init>
WARNING: username already exists
Apr 08, 2021 4:36:36 PM Server.Domain.CommonClasses.Response <init>
WARNING: username already exists
Apr 08, 2021 4:36:36 PM Server.Domain.CommonClasses.Response <init>
WARNING: Cannot logout without being logged in
Apr 08, 2021 4:40:13 PM Server.Domain.CommonClasses.Response <init>
WARNING: username already exists
Apr 08, 2021 4:40:14 PM Server.Domain.CommonClasses.Response <init>
WARNING: username already exists
Apr 08, 2021 4:40:14 PM Server.Domain.CommonClasses.Response <init>
WARNING: User not allowed to review product
Apr 08, 2021 4:40:14 PM Server.Domain.CommonClasses.Response <init>
WARNING: username already exists
Apr 08, 2021 4:40:14 PM Server.Domain.CommonClasses.Response <init>
WARNING: username already exists
Apr 08, 2021 4:40:14 PM Server.Domain.CommonClasses.Response <init>
WARNING: username already exists
Apr 08, 2021 4:40:14 PM Server.Domain.CommonClasses.Response <init>
WARNING: username already exists
Apr 08, 2021 4:40:14 PM Server.Domain.CommonClasses.Response <init>
WARNING: User is not allowed to register
Apr 08, 2021 4:40:14 PM Server.Domain.CommonClasses.Response <init>
WARNING: username already exists
Apr 08, 2021 4:40:14 PM Server.Domain.CommonClasses.Response <init>
WARNING: username already exists
Apr 08, 2021 4:40:14 PM Server.Domain.CommonClasses.Response <init>
WARNING: username already exists
Apr 08, 2021 4:40:14 PM Server.Domain.CommonClasses.Response <init>
WARNING: username already exists
Apr 08, 2021 4:40:14 PM Server.Domain.CommonClasses.Response <init>
WARNING: username already exists
Apr 08, 2021 4:40:14 PM Server.Domain.CommonClasses.Response <init>
WARNING: username already exists
Apr 08, 2021 4:40:14 PM Server.Domain.CommonClasses.Response <init>
WARNING: username already exists
Apr 08, 2021 4:40:14 PM Server.Domain.CommonClasses.Response <init>
WARNING: username already exists
Apr 08, 2021 4:40:14 PM Server.Domain.CommonClasses.Response <init>
WARNING: The user is not allowed to remove products from the store
Apr 08, 2021 4:40:14 PM Server.Domain.CommonClasses.Response <init>
WARNING: username already exists
Apr 08, 2021 4:40:14 PM Server.Domain.CommonClasses.Response <init>
WARNING: username already exists
Apr 08, 2021 4:40:14 PM Server.Domain.CommonClasses.Response <init>
WARNING: User not allowed to view purchase history
Apr 08, 2021 4:40:14 PM Server.Domain.CommonClasses.Response <init>
WARNING: username already exists
Apr 08, 2021 4:40:14 PM Server.Domain.CommonClasses.Response <init>
WARNING: username already exists
Apr 08, 2021 4:40:14 PM Server.Domain.CommonClasses.Response <init>
WARNING: username already exists
Apr 08, 2021 4:40:14 PM Server.Domain.CommonClasses.Response <init>
WARNING: username already exists
Apr 08, 2021 4:40:14 PM Server.Domain.CommonClasses.Response <init>
WARNING: Not allowed to open store
Apr 08, 2021 4:40:14 PM Server.Domain.CommonClasses.Response <init>
WARNING: username already exists
Apr 08, 2021 4:40:14 PM Server.Domain.CommonClasses.Response <init>
WARNING: username already exists
Apr 08, 2021 4:40:14 PM Server.Domain.CommonClasses.Response <init>
WARNING: The user is not allowed to edit products information in the store
Apr 08, 2021 4:40:14 PM Server.Domain.CommonClasses.Response <init>
WARNING: username already exists
Apr 08, 2021 4:40:14 PM Server.Domain.CommonClasses.Response <init>
WARNING: username already exists
Apr 08, 2021 4:40:14 PM Server.Domain.CommonClasses.Response <init>
WARNING: User not allowed to view user's purchase
Apr 08, 2021 4:40:14 PM Server.Domain.CommonClasses.Response <init>
WARNING: User not allowed to view user's purchase
Apr 08, 2021 4:40:14 PM Server.Domain.CommonClasses.Response <init>
WARNING: username already exists
Apr 08, 2021 4:40:14 PM Server.Domain.CommonClasses.Response <init>
WARNING: username already exists
Apr 08, 2021 4:40:14 PM Server.Domain.CommonClasses.Response <init>
WARNING: username already exists
Apr 08, 2021 4:40:14 PM Server.Domain.CommonClasses.Response <init>
WARNING: username already exists
Apr 08, 2021 4:40:14 PM Server.Domain.CommonClasses.Response <init>
WARNING: username already exists
Apr 08, 2021 4:40:14 PM Server.Domain.CommonClasses.Response <init>
WARNING: username already exists
Apr 08, 2021 4:40:14 PM Server.Domain.CommonClasses.Response <init>
WARNING: The user is not allowed to add products to the store
Apr 08, 2021 4:40:14 PM Server.Domain.CommonClasses.Response <init>
WARNING: username already exists
Apr 08, 2021 4:40:14 PM Server.Domain.CommonClasses.Response <init>
WARNING: username already exists
Apr 08, 2021 4:40:14 PM Server.Domain.CommonClasses.Response <init>
WARNING: Cannot logout without being logged in
Apr 08, 2021 4:40:14 PM Server.Domain.CommonClasses.Response <init>
WARNING: username already exists
Apr 08, 2021 4:40:14 PM Server.Domain.CommonClasses.Response <init>
WARNING: username already exists
Apr 08, 2021 4:43:47 PM Server.Domain.CommonClasses.Response <init>
WARNING: username already exists
Apr 08, 2021 4:43:47 PM Server.Domain.CommonClasses.Response <init>
WARNING: username already exists
Apr 08, 2021 4:43:47 PM Server.Domain.CommonClasses.Response <init>
WARNING: User not allowed to review product
Apr 08, 2021 4:43:47 PM Server.Domain.CommonClasses.Response <init>
WARNING: username already exists
Apr 08, 2021 4:43:47 PM Server.Domain.CommonClasses.Response <init>
WARNING: username already exists
Apr 08, 2021 4:43:47 PM Server.Domain.CommonClasses.Response <init>
WARNING: username already exists
Apr 08, 2021 4:43:47 PM Server.Domain.CommonClasses.Response <init>
WARNING: username already exists
Apr 08, 2021 4:43:47 PM Server.Domain.CommonClasses.Response <init>
WARNING: User is not allowed to register
Apr 08, 2021 4:43:47 PM Server.Domain.CommonClasses.Response <init>
WARNING: username already exists
Apr 08, 2021 4:43:47 PM Server.Domain.CommonClasses.Response <init>
WARNING: username already exists
Apr 08, 2021 4:43:47 PM Server.Domain.CommonClasses.Response <init>
WARNING: User isn't allowed to appoint owner
Apr 08, 2021 4:43:47 PM Server.Domain.CommonClasses.Response <init>
WARNING: user doesn't exist
Apr 08, 2021 4:43:47 PM Server.Domain.CommonClasses.Response <init>
WARNING: username already exists
Apr 08, 2021 4:43:47 PM Server.Domain.CommonClasses.Response <init>
WARNING: username already exists
Apr 08, 2021 4:43:47 PM Server.Domain.CommonClasses.Response <init>
WARNING: username already exists
Apr 08, 2021 4:43:47 PM Server.Domain.CommonClasses.Response <init>
WARNING: username already exists
Apr 08, 2021 4:43:47 PM Server.Domain.CommonClasses.Response <init>
WARNING: username already exists
Apr 08, 2021 4:43:47 PM Server.Domain.CommonClasses.Response <init>
WARNING: username already exists
Apr 08, 2021 4:43:47 PM Server.Domain.CommonClasses.Response <init>
WARNING: The user is not allowed to remove products from the store
Apr 08, 2021 4:43:47 PM Server.Domain.CommonClasses.Response <init>
WARNING: username already exists
Apr 08, 2021 4:43:47 PM Server.Domain.CommonClasses.Response <init>
WARNING: username already exists
Apr 08, 2021 4:43:47 PM Server.Domain.CommonClasses.Response <init>
WARNING: User not allowed to view purchase history
Apr 08, 2021 4:43:47 PM Server.Domain.CommonClasses.Response <init>
WARNING: username already exists
Apr 08, 2021 4:43:47 PM Server.Domain.CommonClasses.Response <init>
WARNING: username already exists
Apr 08, 2021 4:43:47 PM Server.Domain.CommonClasses.Response <init>
WARNING: username already exists
Apr 08, 2021 4:43:47 PM Server.Domain.CommonClasses.Response <init>
WARNING: username already exists
Apr 08, 2021 4:43:47 PM Server.Domain.CommonClasses.Response <init>
WARNING: Not allowed to open store
Apr 08, 2021 4:43:47 PM Server.Domain.CommonClasses.Response <init>
WARNING: username already exists
Apr 08, 2021 4:43:47 PM Server.Domain.CommonClasses.Response <init>
WARNING: username already exists
Apr 08, 2021 4:43:47 PM Server.Domain.CommonClasses.Response <init>
WARNING: The user is not allowed to edit products information in the store
Apr 08, 2021 4:43:47 PM Server.Domain.CommonClasses.Response <init>
WARNING: username already exists
Apr 08, 2021 4:43:47 PM Server.Domain.CommonClasses.Response <init>
WARNING: username already exists
Apr 08, 2021 4:43:47 PM Server.Domain.CommonClasses.Response <init>
WARNING: User not allowed to view user's purchase
Apr 08, 2021 4:43:47 PM Server.Domain.CommonClasses.Response <init>
WARNING: User not allowed to view user's purchase
Apr 08, 2021 4:43:47 PM Server.Domain.CommonClasses.Response <init>
WARNING: username already exists
Apr 08, 2021 4:43:47 PM Server.Domain.CommonClasses.Response <init>
WARNING: username already exists
Apr 08, 2021 4:43:47 PM Server.Domain.CommonClasses.Response <init>
WARNING: username already exists
Apr 08, 2021 4:43:47 PM Server.Domain.CommonClasses.Response <init>
WARNING: username already exists
Apr 08, 2021 4:43:47 PM Server.Domain.CommonClasses.Response <init>
WARNING: username already exists
Apr 08, 2021 4:43:47 PM Server.Domain.CommonClasses.Response <init>
WARNING: username already exists
Apr 08, 2021 4:43:47 PM Server.Domain.CommonClasses.Response <init>
WARNING: The user is not allowed to add products to the store
Apr 08, 2021 4:43:47 PM Server.Domain.CommonClasses.Response <init>
WARNING: username already exists
Apr 08, 2021 4:43:47 PM Server.Domain.CommonClasses.Response <init>
WARNING: username already exists
Apr 08, 2021 4:43:47 PM Server.Domain.CommonClasses.Response <init>
WARNING: Cannot logout without being logged in
Apr 08, 2021 4:43:47 PM Server.Domain.CommonClasses.Response <init>
WARNING: username already exists
Apr 08, 2021 4:43:47 PM Server.Domain.CommonClasses.Response <init>
WARNING: username already exists
Apr 08, 2021 4:44:35 PM Server.Domain.CommonClasses.Response <init>
WARNING: username already exists
Apr 08, 2021 4:44:35 PM Server.Domain.CommonClasses.Response <init>
WARNING: username already exists
Apr 08, 2021 4:44:35 PM Server.Domain.CommonClasses.Response <init>
WARNING: User not allowed to review product
Apr 08, 2021 4:44:35 PM Server.Domain.CommonClasses.Response <init>
WARNING: username already exists
Apr 08, 2021 4:44:35 PM Server.Domain.CommonClasses.Response <init>
WARNING: username already exists
Apr 08, 2021 4:44:35 PM Server.Domain.CommonClasses.Response <init>
WARNING: username already exists
Apr 08, 2021 4:44:35 PM Server.Domain.CommonClasses.Response <init>
WARNING: username already exists
Apr 08, 2021 4:44:35 PM Server.Domain.CommonClasses.Response <init>
WARNING: User is not allowed to register
Apr 08, 2021 4:44:35 PM Server.Domain.CommonClasses.Response <init>
WARNING: username already exists
Apr 08, 2021 4:44:35 PM Server.Domain.CommonClasses.Response <init>
WARNING: username already exists
Apr 08, 2021 4:44:35 PM Server.Domain.CommonClasses.Response <init>
WARNING: User isn't allowed to appoint owner
Apr 08, 2021 4:44:35 PM Server.Domain.CommonClasses.Response <init>
WARNING: user doesn't exist
Apr 08, 2021 4:44:35 PM Server.Domain.CommonClasses.Response <init>
WARNING: username already exists
Apr 08, 2021 4:44:35 PM Server.Domain.CommonClasses.Response <init>
WARNING: username already exists
Apr 08, 2021 4:44:35 PM Server.Domain.CommonClasses.Response <init>
WARNING: username already exists
Apr 08, 2021 4:44:35 PM Server.Domain.CommonClasses.Response <init>
WARNING: username already exists
Apr 08, 2021 4:44:35 PM Server.Domain.CommonClasses.Response <init>
WARNING: username already exists
Apr 08, 2021 4:44:35 PM Server.Domain.CommonClasses.Response <init>
WARNING: username already exists
Apr 08, 2021 4:44:35 PM Server.Domain.CommonClasses.Response <init>
WARNING: The user is not allowed to remove products from the store
Apr 08, 2021 4:44:35 PM Server.Domain.CommonClasses.Response <init>
WARNING: username already exists
Apr 08, 2021 4:44:35 PM Server.Domain.CommonClasses.Response <init>
WARNING: username already exists
Apr 08, 2021 4:44:35 PM Server.Domain.CommonClasses.Response <init>
WARNING: User not allowed to view purchase history
Apr 08, 2021 4:44:35 PM Server.Domain.CommonClasses.Response <init>
WARNING: username already exists
Apr 08, 2021 4:44:35 PM Server.Domain.CommonClasses.Response <init>
WARNING: username already exists
Apr 08, 2021 4:44:35 PM Server.Domain.CommonClasses.Response <init>
WARNING: username already exists
Apr 08, 2021 4:44:35 PM Server.Domain.CommonClasses.Response <init>
WARNING: username already exists
Apr 08, 2021 4:44:35 PM Server.Domain.CommonClasses.Response <init>
WARNING: Not allowed to open store
Apr 08, 2021 4:44:35 PM Server.Domain.CommonClasses.Response <init>
WARNING: username already exists
Apr 08, 2021 4:44:35 PM Server.Domain.CommonClasses.Response <init>
WARNING: username already exists
Apr 08, 2021 4:44:35 PM Server.Domain.CommonClasses.Response <init>
WARNING: The user is not allowed to edit products information in the store
Apr 08, 2021 4:44:35 PM Server.Domain.CommonClasses.Response <init>
WARNING: username already exists
Apr 08, 2021 4:44:35 PM Server.Domain.CommonClasses.Response <init>
WARNING: username already exists
Apr 08, 2021 4:44:35 PM Server.Domain.CommonClasses.Response <init>
WARNING: User not allowed to view user's purchase
Apr 08, 2021 4:44:35 PM Server.Domain.CommonClasses.Response <init>
WARNING: User not allowed to view user's purchase
Apr 08, 2021 4:44:35 PM Server.Domain.CommonClasses.Response <init>
WARNING: username already exists
Apr 08, 2021 4:44:35 PM Server.Domain.CommonClasses.Response <init>
WARNING: username already exists
Apr 08, 2021 4:44:35 PM Server.Domain.CommonClasses.Response <init>
WARNING: User isn't allowed to appoint manager
Apr 08, 2021 4:44:35 PM Server.Domain.CommonClasses.Response <init>
WARNING: user doesn't exist
Apr 08, 2021 4:44:35 PM Server.Domain.CommonClasses.Response <init>
WARNING: username already exists
Apr 08, 2021 4:44:35 PM Server.Domain.CommonClasses.Response <init>
WARNING: username already exists
Apr 08, 2021 4:44:35 PM Server.Domain.CommonClasses.Response <init>
WARNING: username already exists
Apr 08, 2021 4:44:35 PM Server.Domain.CommonClasses.Response <init>
WARNING: username already exists
Apr 08, 2021 4:44:35 PM Server.Domain.CommonClasses.Response <init>
WARNING: The user is not allowed to add products to the store
Apr 08, 2021 4:44:35 PM Server.Domain.CommonClasses.Response <init>
WARNING: username already exists
Apr 08, 2021 4:44:35 PM Server.Domain.CommonClasses.Response <init>
WARNING: username already exists
Apr 08, 2021 4:44:35 PM Server.Domain.CommonClasses.Response <init>
WARNING: Cannot logout without being logged in
Apr 08, 2021 4:44:35 PM Server.Domain.CommonClasses.Response <init>
WARNING: username already exists
Apr 08, 2021 4:44:35 PM Server.Domain.CommonClasses.Response <init>
WARNING: username already exists
Apr 08, 2021 4:46:39 PM Server.Domain.CommonClasses.Response <init>
WARNING: username already exists
Apr 08, 2021 4:46:39 PM Server.Domain.CommonClasses.Response <init>
WARNING: username already exists
Apr 08, 2021 4:46:39 PM Server.Domain.CommonClasses.Response <init>
WARNING: User not allowed to review product
Apr 08, 2021 4:46:39 PM Server.Domain.CommonClasses.Response <init>
WARNING: username already exists
Apr 08, 2021 4:46:39 PM Server.Domain.CommonClasses.Response <init>
WARNING: username already exists
Apr 08, 2021 4:46:39 PM Server.Domain.CommonClasses.Response <init>
WARNING: username already exists
Apr 08, 2021 4:46:39 PM Server.Domain.CommonClasses.Response <init>
WARNING: username already exists
Apr 08, 2021 4:46:39 PM Server.Domain.CommonClasses.Response <init>
WARNING: User is not allowed to register
Apr 08, 2021 4:46:39 PM Server.Domain.CommonClasses.Response <init>
WARNING: username already exists
Apr 08, 2021 4:46:39 PM Server.Domain.CommonClasses.Response <init>
WARNING: username already exists
Apr 08, 2021 4:46:39 PM Server.Domain.CommonClasses.Response <init>
WARNING: User isn't allowed to appoint owner
Apr 08, 2021 4:46:39 PM Server.Domain.CommonClasses.Response <init>
WARNING: user doesn't exist
Apr 08, 2021 4:46:39 PM Server.Domain.CommonClasses.Response <init>
WARNING: username already exists
Apr 08, 2021 4:46:39 PM Server.Domain.CommonClasses.Response <init>
WARNING: username already exists
Apr 08, 2021 4:46:39 PM Server.Domain.CommonClasses.Response <init>
WARNING: user doesn't exist
Apr 08, 2021 4:46:39 PM Server.Domain.CommonClasses.Response <init>
WARNING: user not appointed by this appointer
Apr 08, 2021 4:46:39 PM Server.Domain.CommonClasses.Response <init>
WARNING: username already exists
Apr 08, 2021 4:46:39 PM Server.Domain.CommonClasses.Response <init>
WARNING: username already exists
Apr 08, 2021 4:46:39 PM Server.Domain.CommonClasses.Response <init>
WARNING: username already exists
Apr 08, 2021 4:46:39 PM Server.Domain.CommonClasses.Response <init>
WARNING: username already exists
Apr 08, 2021 4:46:39 PM Server.Domain.CommonClasses.Response <init>
WARNING: The user is not allowed to remove products from the store
Apr 08, 2021 4:46:39 PM Server.Domain.CommonClasses.Response <init>
WARNING: username already exists
Apr 08, 2021 4:46:39 PM Server.Domain.CommonClasses.Response <init>
WARNING: username already exists
Apr 08, 2021 4:46:39 PM Server.Domain.CommonClasses.Response <init>
WARNING: User not allowed to view purchase history
Apr 08, 2021 4:46:39 PM Server.Domain.CommonClasses.Response <init>
WARNING: username already exists
Apr 08, 2021 4:46:39 PM Server.Domain.CommonClasses.Response <init>
WARNING: username already exists
Apr 08, 2021 4:46:39 PM Server.Domain.CommonClasses.Response <init>
WARNING: username already exists
Apr 08, 2021 4:46:39 PM Server.Domain.CommonClasses.Response <init>
WARNING: username already exists
Apr 08, 2021 4:46:39 PM Server.Domain.CommonClasses.Response <init>
WARNING: Not allowed to open store
Apr 08, 2021 4:46:39 PM Server.Domain.CommonClasses.Response <init>
WARNING: username already exists
Apr 08, 2021 4:46:39 PM Server.Domain.CommonClasses.Response <init>
WARNING: username already exists
Apr 08, 2021 4:46:39 PM Server.Domain.CommonClasses.Response <init>
WARNING: The user is not allowed to edit products information in the store
Apr 08, 2021 4:46:39 PM Server.Domain.CommonClasses.Response <init>
WARNING: username already exists
Apr 08, 2021 4:46:39 PM Server.Domain.CommonClasses.Response <init>
WARNING: username already exists
Apr 08, 2021 4:46:39 PM Server.Domain.CommonClasses.Response <init>
WARNING: User not allowed to view user's purchase
Apr 08, 2021 4:46:39 PM Server.Domain.CommonClasses.Response <init>
WARNING: User not allowed to view user's purchase
Apr 08, 2021 4:46:39 PM Server.Domain.CommonClasses.Response <init>
WARNING: username already exists
Apr 08, 2021 4:46:39 PM Server.Domain.CommonClasses.Response <init>
WARNING: username already exists
Apr 08, 2021 4:46:39 PM Server.Domain.CommonClasses.Response <init>
WARNING: User isn't allowed to appoint manager
Apr 08, 2021 4:46:39 PM Server.Domain.CommonClasses.Response <init>
WARNING: user doesn't exist
Apr 08, 2021 4:46:39 PM Server.Domain.CommonClasses.Response <init>
WARNING: username already exists
Apr 08, 2021 4:46:39 PM Server.Domain.CommonClasses.Response <init>
WARNING: username already exists
Apr 08, 2021 4:46:39 PM Server.Domain.CommonClasses.Response <init>
WARNING: username already exists
Apr 08, 2021 4:46:39 PM Server.Domain.CommonClasses.Response <init>
WARNING: username already exists
Apr 08, 2021 4:46:39 PM Server.Domain.CommonClasses.Response <init>
WARNING: The user is not allowed to add products to the store
Apr 08, 2021 4:46:39 PM Server.Domain.CommonClasses.Response <init>
WARNING: username already exists
Apr 08, 2021 4:46:39 PM Server.Domain.CommonClasses.Response <init>
WARNING: username already exists
Apr 08, 2021 4:46:39 PM Server.Domain.CommonClasses.Response <init>
WARNING: Cannot logout without being logged in
Apr 08, 2021 4:46:39 PM Server.Domain.CommonClasses.Response <init>
WARNING: username already exists
Apr 08, 2021 4:46:39 PM Server.Domain.CommonClasses.Response <init>
WARNING: username already exists
Apr 08, 2021 4:47:19 PM Server.Domain.CommonClasses.Response <init>
WARNING: username already exists
Apr 08, 2021 4:47:19 PM Server.Domain.CommonClasses.Response <init>
WARNING: username already exists
Apr 08, 2021 4:47:20 PM Server.Domain.CommonClasses.Response <init>
WARNING: User not allowed to review product
Apr 08, 2021 4:47:20 PM Server.Domain.CommonClasses.Response <init>
WARNING: username already exists
Apr 08, 2021 4:47:20 PM Server.Domain.CommonClasses.Response <init>
WARNING: username already exists
Apr 08, 2021 4:47:20 PM Server.Domain.CommonClasses.Response <init>
WARNING: username already exists
Apr 08, 2021 4:47:20 PM Server.Domain.CommonClasses.Response <init>
WARNING: username already exists
Apr 08, 2021 4:47:20 PM Server.Domain.CommonClasses.Response <init>
WARNING: User is not allowed to register
Apr 08, 2021 4:47:20 PM Server.Domain.CommonClasses.Response <init>
WARNING: username already exists
Apr 08, 2021 4:47:20 PM Server.Domain.CommonClasses.Response <init>
WARNING: username already exists
Apr 08, 2021 4:47:20 PM Server.Domain.CommonClasses.Response <init>
WARNING: User isn't allowed to appoint owner
Apr 08, 2021 4:47:20 PM Server.Domain.CommonClasses.Response <init>
WARNING: user doesn't exist
Apr 08, 2021 4:47:20 PM Server.Domain.CommonClasses.Response <init>
WARNING: username already exists
Apr 08, 2021 4:47:20 PM Server.Domain.CommonClasses.Response <init>
WARNING: username already exists
Apr 08, 2021 4:47:20 PM Server.Domain.CommonClasses.Response <init>
WARNING: user doesn't exist
Apr 08, 2021 4:47:20 PM Server.Domain.CommonClasses.Response <init>
WARNING: user not appointed by this appointer
Apr 08, 2021 4:47:20 PM Server.Domain.CommonClasses.Response <init>
WARNING: username already exists
Apr 08, 2021 4:47:20 PM Server.Domain.CommonClasses.Response <init>
WARNING: username already exists
Apr 08, 2021 4:47:20 PM Server.Domain.CommonClasses.Response <init>
WARNING: username already exists
Apr 08, 2021 4:47:20 PM Server.Domain.CommonClasses.Response <init>
WARNING: username already exists
Apr 08, 2021 4:47:20 PM Server.Domain.CommonClasses.Response <init>
WARNING: The user is not allowed to remove products from the store
Apr 08, 2021 4:47:20 PM Server.Domain.CommonClasses.Response <init>
WARNING: username already exists
Apr 08, 2021 4:47:20 PM Server.Domain.CommonClasses.Response <init>
WARNING: username already exists
Apr 08, 2021 4:47:20 PM Server.Domain.CommonClasses.Response <init>
WARNING: User not allowed to view purchase history
Apr 08, 2021 4:47:20 PM Server.Domain.CommonClasses.Response <init>
WARNING: username already exists
Apr 08, 2021 4:47:20 PM Server.Domain.CommonClasses.Response <init>
WARNING: username already exists
Apr 08, 2021 4:47:20 PM Server.Domain.CommonClasses.Response <init>
WARNING: username already exists
Apr 08, 2021 4:47:20 PM Server.Domain.CommonClasses.Response <init>
WARNING: username already exists
Apr 08, 2021 4:47:20 PM Server.Domain.CommonClasses.Response <init>
WARNING: Not allowed to open store
Apr 08, 2021 4:47:20 PM Server.Domain.CommonClasses.Response <init>
WARNING: username already exists
Apr 08, 2021 4:47:20 PM Server.Domain.CommonClasses.Response <init>
WARNING: username already exists
Apr 08, 2021 4:47:20 PM Server.Domain.CommonClasses.Response <init>
WARNING: The user is not allowed to edit products information in the store
Apr 08, 2021 4:47:20 PM Server.Domain.CommonClasses.Response <init>
WARNING: username already exists
Apr 08, 2021 4:47:20 PM Server.Domain.CommonClasses.Response <init>
WARNING: username already exists
Apr 08, 2021 4:47:20 PM Server.Domain.CommonClasses.Response <init>
WARNING: User not allowed to view user's purchase
Apr 08, 2021 4:47:20 PM Server.Domain.CommonClasses.Response <init>
WARNING: User not allowed to view user's purchase
Apr 08, 2021 4:47:20 PM Server.Domain.CommonClasses.Response <init>
WARNING: username already exists
Apr 08, 2021 4:47:20 PM Server.Domain.CommonClasses.Response <init>
WARNING: username already exists
Apr 08, 2021 4:47:20 PM Server.Domain.CommonClasses.Response <init>
WARNING: User isn't allowed to appoint manager
Apr 08, 2021 4:47:20 PM Server.Domain.CommonClasses.Response <init>
WARNING: user doesn't exist
Apr 08, 2021 4:47:20 PM Server.Domain.CommonClasses.Response <init>
WARNING: username already exists
Apr 08, 2021 4:47:20 PM Server.Domain.CommonClasses.Response <init>
WARNING: username already exists
Apr 08, 2021 4:47:20 PM Server.Domain.CommonClasses.Response <init>
WARNING: username already exists
Apr 08, 2021 4:47:20 PM Server.Domain.CommonClasses.Response <init>
WARNING: username already exists
Apr 08, 2021 4:47:20 PM Server.Domain.CommonClasses.Response <init>
WARNING: The user is not allowed to add products to the store
Apr 08, 2021 4:47:20 PM Server.Domain.CommonClasses.Response <init>
WARNING: username already exists
Apr 08, 2021 4:47:20 PM Server.Domain.CommonClasses.Response <init>
WARNING: username already exists
Apr 08, 2021 4:47:20 PM Server.Domain.CommonClasses.Response <init>
WARNING: Cannot logout without being logged in
Apr 08, 2021 4:47:20 PM Server.Domain.CommonClasses.Response <init>
WARNING: username already exists
Apr 08, 2021 4:47:20 PM Server.Domain.CommonClasses.Response <init>
WARNING: username already exists
Apr 08, 2021 4:47:59 PM Server.Domain.CommonClasses.Response <init>
WARNING: username already exists
Apr 08, 2021 4:47:59 PM Server.Domain.CommonClasses.Response <init>
WARNING: username already exists
Apr 08, 2021 4:47:59 PM Server.Domain.CommonClasses.Response <init>
WARNING: User not allowed to review product
Apr 08, 2021 4:47:59 PM Server.Domain.CommonClasses.Response <init>
WARNING: username already exists
Apr 08, 2021 4:47:59 PM Server.Domain.CommonClasses.Response <init>
WARNING: username already exists
Apr 08, 2021 4:47:59 PM Server.Domain.CommonClasses.Response <init>
WARNING: username already exists
Apr 08, 2021 4:47:59 PM Server.Domain.CommonClasses.Response <init>
WARNING: username already exists
Apr 08, 2021 4:47:59 PM Server.Domain.CommonClasses.Response <init>
WARNING: User is not allowed to register
Apr 08, 2021 4:47:59 PM Server.Domain.CommonClasses.Response <init>
WARNING: username already exists
Apr 08, 2021 4:47:59 PM Server.Domain.CommonClasses.Response <init>
WARNING: username already exists
Apr 08, 2021 4:47:59 PM Server.Domain.CommonClasses.Response <init>
WARNING: User isn't allowed to appoint owner
Apr 08, 2021 4:47:59 PM Server.Domain.CommonClasses.Response <init>
WARNING: user doesn't exist
Apr 08, 2021 4:47:59 PM Server.Domain.CommonClasses.Response <init>
WARNING: username already exists
Apr 08, 2021 4:47:59 PM Server.Domain.CommonClasses.Response <init>
WARNING: username already exists
Apr 08, 2021 4:47:59 PM Server.Domain.CommonClasses.Response <init>
WARNING: user doesn't exist
Apr 08, 2021 4:47:59 PM Server.Domain.CommonClasses.Response <init>
WARNING: user not appointed by this appointer
Apr 08, 2021 4:47:59 PM Server.Domain.CommonClasses.Response <init>
WARNING: username already exists
Apr 08, 2021 4:47:59 PM Server.Domain.CommonClasses.Response <init>
WARNING: username already exists
Apr 08, 2021 4:47:59 PM Server.Domain.CommonClasses.Response <init>
WARNING: username already exists
Apr 08, 2021 4:47:59 PM Server.Domain.CommonClasses.Response <init>
WARNING: username already exists
Apr 08, 2021 4:47:59 PM Server.Domain.CommonClasses.Response <init>
WARNING: The user is not allowed to remove products from the store
Apr 08, 2021 4:47:59 PM Server.Domain.CommonClasses.Response <init>
WARNING: username already exists
Apr 08, 2021 4:47:59 PM Server.Domain.CommonClasses.Response <init>
WARNING: username already exists
Apr 08, 2021 4:47:59 PM Server.Domain.CommonClasses.Response <init>
WARNING: User not allowed to view purchase history
Apr 08, 2021 4:47:59 PM Server.Domain.CommonClasses.Response <init>
WARNING: username already exists
Apr 08, 2021 4:47:59 PM Server.Domain.CommonClasses.Response <init>
WARNING: username already exists
Apr 08, 2021 4:47:59 PM Server.Domain.CommonClasses.Response <init>
WARNING: user doesn't exist
Apr 08, 2021 4:47:59 PM Server.Domain.CommonClasses.Response <init>
WARNING: user not appointed by this appointer
Apr 08, 2021 4:47:59 PM Server.Domain.CommonClasses.Response <init>
WARNING: username already exists
Apr 08, 2021 4:47:59 PM Server.Domain.CommonClasses.Response <init>
WARNING: username already exists
Apr 08, 2021 4:47:59 PM Server.Domain.CommonClasses.Response <init>
WARNING: Not allowed to open store
Apr 08, 2021 4:47:59 PM Server.Domain.CommonClasses.Response <init>
WARNING: username already exists
Apr 08, 2021 4:47:59 PM Server.Domain.CommonClasses.Response <init>
WARNING: username already exists
Apr 08, 2021 4:47:59 PM Server.Domain.CommonClasses.Response <init>
WARNING: The user is not allowed to edit products information in the store
Apr 08, 2021 4:47:59 PM Server.Domain.CommonClasses.Response <init>
WARNING: username already exists
Apr 08, 2021 4:47:59 PM Server.Domain.CommonClasses.Response <init>
WARNING: username already exists
Apr 08, 2021 4:47:59 PM Server.Domain.CommonClasses.Response <init>
WARNING: User not allowed to view user's purchase
Apr 08, 2021 4:47:59 PM Server.Domain.CommonClasses.Response <init>
WARNING: User not allowed to view user's purchase
Apr 08, 2021 4:47:59 PM Server.Domain.CommonClasses.Response <init>
WARNING: username already exists
Apr 08, 2021 4:47:59 PM Server.Domain.CommonClasses.Response <init>
WARNING: username already exists
Apr 08, 2021 4:47:59 PM Server.Domain.CommonClasses.Response <init>
WARNING: User isn't allowed to appoint manager
Apr 08, 2021 4:47:59 PM Server.Domain.CommonClasses.Response <init>
WARNING: user doesn't exist
Apr 08, 2021 4:47:59 PM Server.Domain.CommonClasses.Response <init>
WARNING: username already exists
Apr 08, 2021 4:47:59 PM Server.Domain.CommonClasses.Response <init>
WARNING: username already exists
Apr 08, 2021 4:47:59 PM Server.Domain.CommonClasses.Response <init>
WARNING: username already exists
Apr 08, 2021 4:47:59 PM Server.Domain.CommonClasses.Response <init>
WARNING: username already exists
Apr 08, 2021 4:47:59 PM Server.Domain.CommonClasses.Response <init>
WARNING: The user is not allowed to add products to the store
Apr 08, 2021 4:47:59 PM Server.Domain.CommonClasses.Response <init>
WARNING: username already exists
Apr 08, 2021 4:47:59 PM Server.Domain.CommonClasses.Response <init>
WARNING: username already exists
Apr 08, 2021 4:47:59 PM Server.Domain.CommonClasses.Response <init>
WARNING: Cannot logout without being logged in
Apr 08, 2021 4:47:59 PM Server.Domain.CommonClasses.Response <init>
WARNING: username already exists
Apr 08, 2021 4:47:59 PM Server.Domain.CommonClasses.Response <init>
WARNING: username already exists
Apr 08, 2021 4:52:09 PM Server.Domain.CommonClasses.Response <init>
WARNING: username already exists
Apr 08, 2021 4:52:09 PM Server.Domain.CommonClasses.Response <init>
WARNING: username already exists
Apr 08, 2021 4:52:09 PM Server.Domain.CommonClasses.Response <init>
WARNING: User not allowed to review product
Apr 08, 2021 4:52:09 PM Server.Domain.CommonClasses.Response <init>
WARNING: username already exists
Apr 08, 2021 4:52:09 PM Server.Domain.CommonClasses.Response <init>
WARNING: username already exists
Apr 08, 2021 4:52:09 PM Server.Domain.CommonClasses.Response <init>
WARNING: username already exists
Apr 08, 2021 4:52:09 PM Server.Domain.CommonClasses.Response <init>
WARNING: username already exists
Apr 08, 2021 4:52:09 PM Server.Domain.CommonClasses.Response <init>
WARNING: User is not allowed to register
Apr 08, 2021 4:52:09 PM Server.Domain.CommonClasses.Response <init>
WARNING: username already exists
Apr 08, 2021 4:52:09 PM Server.Domain.CommonClasses.Response <init>
WARNING: username already exists
Apr 08, 2021 4:52:09 PM Server.Domain.CommonClasses.Response <init>
WARNING: User isn't allowed to appoint owner
Apr 08, 2021 4:52:09 PM Server.Domain.CommonClasses.Response <init>
WARNING: user doesn't exist
Apr 08, 2021 4:52:09 PM Server.Domain.CommonClasses.Response <init>
WARNING: username already exists
Apr 08, 2021 4:52:09 PM Server.Domain.CommonClasses.Response <init>
WARNING: username already exists
Apr 08, 2021 4:52:09 PM Server.Domain.CommonClasses.Response <init>
WARNING: user doesn't exist
Apr 08, 2021 4:52:09 PM Server.Domain.CommonClasses.Response <init>
WARNING: user not appointed by this appointer
Apr 08, 2021 4:52:09 PM Server.Domain.CommonClasses.Response <init>
WARNING: username already exists
Apr 08, 2021 4:52:09 PM Server.Domain.CommonClasses.Response <init>
WARNING: username already exists
Apr 08, 2021 4:52:09 PM Server.Domain.CommonClasses.Response <init>
WARNING: user doesn't exist
Apr 08, 2021 4:52:09 PM Server.Domain.CommonClasses.Response <init>
WARNING: The user is not allowed to add products to the store
Apr 08, 2021 4:52:09 PM Server.Domain.CommonClasses.Response <init>
WARNING: User not allowed to add permissions to this user
Apr 08, 2021 4:52:09 PM Server.Domain.CommonClasses.Response <init>
WARNING: The user is not allowed to add products to the store
Apr 08, 2021 4:52:09 PM Server.Domain.CommonClasses.Response <init>
WARNING: username already exists
Apr 08, 2021 4:52:09 PM Server.Domain.CommonClasses.Response <init>
WARNING: username already exists
Apr 08, 2021 4:52:09 PM Server.Domain.CommonClasses.Response <init>
WARNING: The user is not allowed to remove products from the store
Apr 08, 2021 4:52:09 PM Server.Domain.CommonClasses.Response <init>
WARNING: username already exists
Apr 08, 2021 4:52:09 PM Server.Domain.CommonClasses.Response <init>
WARNING: username already exists
Apr 08, 2021 4:52:09 PM Server.Domain.CommonClasses.Response <init>
WARNING: User not allowed to view purchase history
Apr 08, 2021 4:52:09 PM Server.Domain.CommonClasses.Response <init>
WARNING: username already exists
Apr 08, 2021 4:52:09 PM Server.Domain.CommonClasses.Response <init>
WARNING: username already exists
Apr 08, 2021 4:52:09 PM Server.Domain.CommonClasses.Response <init>
WARNING: user doesn't exist
Apr 08, 2021 4:52:09 PM Server.Domain.CommonClasses.Response <init>
WARNING: user not appointed by this appointer
Apr 08, 2021 4:52:09 PM Server.Domain.CommonClasses.Response <init>
WARNING: username already exists
Apr 08, 2021 4:52:09 PM Server.Domain.CommonClasses.Response <init>
WARNING: username already exists
Apr 08, 2021 4:52:09 PM Server.Domain.CommonClasses.Response <init>
WARNING: Not allowed to open store
Apr 08, 2021 4:52:09 PM Server.Domain.CommonClasses.Response <init>
WARNING: username already exists
Apr 08, 2021 4:52:09 PM Server.Domain.CommonClasses.Response <init>
WARNING: username already exists
Apr 08, 2021 4:52:09 PM Server.Domain.CommonClasses.Response <init>
WARNING: The user is not allowed to edit products information in the store
Apr 08, 2021 4:52:09 PM Server.Domain.CommonClasses.Response <init>
WARNING: username already exists
Apr 08, 2021 4:52:09 PM Server.Domain.CommonClasses.Response <init>
WARNING: username already exists
Apr 08, 2021 4:52:09 PM Server.Domain.CommonClasses.Response <init>
WARNING: User not allowed to view user's purchase
Apr 08, 2021 4:52:09 PM Server.Domain.CommonClasses.Response <init>
WARNING: User not allowed to view user's purchase
Apr 08, 2021 4:52:09 PM Server.Domain.CommonClasses.Response <init>
WARNING: username already exists
Apr 08, 2021 4:52:09 PM Server.Domain.CommonClasses.Response <init>
WARNING: username already exists
Apr 08, 2021 4:52:09 PM Server.Domain.CommonClasses.Response <init>
WARNING: User isn't allowed to appoint manager
Apr 08, 2021 4:52:09 PM Server.Domain.CommonClasses.Response <init>
WARNING: user doesn't exist
Apr 08, 2021 4:52:09 PM Server.Domain.CommonClasses.Response <init>
WARNING: username already exists
Apr 08, 2021 4:52:09 PM Server.Domain.CommonClasses.Response <init>
WARNING: username already exists
Apr 08, 2021 4:52:09 PM Server.Domain.CommonClasses.Response <init>
WARNING: username already exists
Apr 08, 2021 4:52:09 PM Server.Domain.CommonClasses.Response <init>
WARNING: username already exists
Apr 08, 2021 4:52:09 PM Server.Domain.CommonClasses.Response <init>
WARNING: The user is not allowed to add products to the store
Apr 08, 2021 4:52:09 PM Server.Domain.CommonClasses.Response <init>
WARNING: username already exists
Apr 08, 2021 4:52:09 PM Server.Domain.CommonClasses.Response <init>
WARNING: username already exists
Apr 08, 2021 4:52:09 PM Server.Domain.CommonClasses.Response <init>
WARNING: Cannot logout without being logged in
Apr 08, 2021 4:52:09 PM Server.Domain.CommonClasses.Response <init>
WARNING: username already exists
Apr 08, 2021 4:52:09 PM Server.Domain.CommonClasses.Response <init>
WARNING: username already exists
Apr 08, 2021 5:11:42 PM Server.Domain.CommonClasses.Response <init>
WARNING: username already exists
Apr 08, 2021 5:11:42 PM Server.Domain.CommonClasses.Response <init>
WARNING: username already exists
Apr 08, 2021 5:11:43 PM Server.Domain.CommonClasses.Response <init>
WARNING: User not allowed to review product
Apr 08, 2021 5:11:43 PM Server.Domain.CommonClasses.Response <init>
WARNING: username already exists
Apr 08, 2021 5:11:43 PM Server.Domain.CommonClasses.Response <init>
WARNING: username already exists
Apr 08, 2021 5:11:43 PM Server.Domain.CommonClasses.Response <init>
WARNING: User not allowed to receive store workers information
Apr 08, 2021 5:11:43 PM Server.Domain.CommonClasses.Response <init>
WARNING: username already exists
Apr 08, 2021 5:11:43 PM Server.Domain.CommonClasses.Response <init>
WARNING: username already exists
Apr 08, 2021 5:11:43 PM Server.Domain.CommonClasses.Response <init>
WARNING: User is not allowed to register
Apr 08, 2021 5:11:43 PM Server.Domain.CommonClasses.Response <init>
WARNING: username already exists
Apr 08, 2021 5:11:43 PM Server.Domain.CommonClasses.Response <init>
WARNING: username already exists
Apr 08, 2021 5:11:43 PM Server.Domain.CommonClasses.Response <init>
WARNING: User isn't allowed to appoint owner
Apr 08, 2021 5:11:43 PM Server.Domain.CommonClasses.Response <init>
WARNING: user doesn't exist
Apr 08, 2021 5:11:43 PM Server.Domain.CommonClasses.Response <init>
WARNING: username already exists
Apr 08, 2021 5:11:43 PM Server.Domain.CommonClasses.Response <init>
WARNING: username already exists
Apr 08, 2021 5:11:43 PM Server.Domain.CommonClasses.Response <init>
WARNING: user doesn't exist
Apr 08, 2021 5:11:43 PM Server.Domain.CommonClasses.Response <init>
WARNING: user not appointed by this appointer
Apr 08, 2021 5:11:43 PM Server.Domain.CommonClasses.Response <init>
WARNING: username already exists
Apr 08, 2021 5:11:43 PM Server.Domain.CommonClasses.Response <init>
WARNING: username already exists
Apr 08, 2021 5:11:43 PM Server.Domain.CommonClasses.Response <init>
WARNING: user doesn't exist
Apr 08, 2021 5:11:43 PM Server.Domain.CommonClasses.Response <init>
WARNING: The user is not allowed to add products to the store
Apr 08, 2021 5:11:43 PM Server.Domain.CommonClasses.Response <init>
WARNING: User not allowed to add permissions to this user
Apr 08, 2021 5:11:43 PM Server.Domain.CommonClasses.Response <init>
WARNING: The user is not allowed to add products to the store
Apr 08, 2021 5:11:43 PM Server.Domain.CommonClasses.Response <init>
WARNING: username already exists
Apr 08, 2021 5:11:43 PM Server.Domain.CommonClasses.Response <init>
WARNING: username already exists
Apr 08, 2021 5:11:43 PM Server.Domain.CommonClasses.Response <init>
WARNING: The user is not allowed to remove products from the store
Apr 08, 2021 5:11:43 PM Server.Domain.CommonClasses.Response <init>
WARNING: username already exists
Apr 08, 2021 5:11:43 PM Server.Domain.CommonClasses.Response <init>
WARNING: username already exists
Apr 08, 2021 5:11:43 PM Server.Domain.CommonClasses.Response <init>
WARNING: User not allowed to view purchase history
Apr 08, 2021 5:11:43 PM Server.Domain.CommonClasses.Response <init>
WARNING: username already exists
Apr 08, 2021 5:11:43 PM Server.Domain.CommonClasses.Response <init>
WARNING: username already exists
Apr 08, 2021 5:11:43 PM Server.Domain.CommonClasses.Response <init>
WARNING: user doesn't exist
Apr 08, 2021 5:11:43 PM Server.Domain.CommonClasses.Response <init>
WARNING: user not appointed by this appointer
Apr 08, 2021 5:11:43 PM Server.Domain.CommonClasses.Response <init>
WARNING: username already exists
Apr 08, 2021 5:11:43 PM Server.Domain.CommonClasses.Response <init>
WARNING: username already exists
Apr 08, 2021 5:11:43 PM Server.Domain.CommonClasses.Response <init>
WARNING: Not allowed to open store
Apr 08, 2021 5:11:43 PM Server.Domain.CommonClasses.Response <init>
WARNING: username already exists
Apr 08, 2021 5:11:43 PM Server.Domain.CommonClasses.Response <init>
WARNING: username already exists
Apr 08, 2021 5:11:43 PM Server.Domain.CommonClasses.Response <init>
WARNING: The user is not allowed to edit products information in the store
Apr 08, 2021 5:11:43 PM Server.Domain.CommonClasses.Response <init>
WARNING: username already exists
Apr 08, 2021 5:11:43 PM Server.Domain.CommonClasses.Response <init>
WARNING: username already exists
Apr 08, 2021 5:11:43 PM Server.Domain.CommonClasses.Response <init>
WARNING: User not allowed to view user's purchase
Apr 08, 2021 5:11:43 PM Server.Domain.CommonClasses.Response <init>
WARNING: User not allowed to view user's purchase
Apr 08, 2021 5:11:43 PM Server.Domain.CommonClasses.Response <init>
WARNING: username already exists
Apr 08, 2021 5:11:43 PM Server.Domain.CommonClasses.Response <init>
WARNING: username already exists
Apr 08, 2021 5:11:43 PM Server.Domain.CommonClasses.Response <init>
WARNING: User isn't allowed to appoint manager
Apr 08, 2021 5:11:43 PM Server.Domain.CommonClasses.Response <init>
WARNING: user doesn't exist
Apr 08, 2021 5:11:43 PM Server.Domain.CommonClasses.Response <init>
WARNING: username already exists
Apr 08, 2021 5:11:43 PM Server.Domain.CommonClasses.Response <init>
WARNING: username already exists
Apr 08, 2021 5:11:43 PM Server.Domain.CommonClasses.Response <init>
WARNING: username already exists
Apr 08, 2021 5:11:43 PM Server.Domain.CommonClasses.Response <init>
WARNING: username already exists
Apr 08, 2021 5:11:43 PM Server.Domain.CommonClasses.Response <init>
WARNING: The user is not allowed to add products to the store
Apr 08, 2021 5:11:43 PM Server.Domain.CommonClasses.Response <init>
WARNING: username already exists
Apr 08, 2021 5:11:43 PM Server.Domain.CommonClasses.Response <init>
WARNING: username already exists
Apr 08, 2021 5:11:43 PM Server.Domain.CommonClasses.Response <init>
WARNING: Cannot logout without being logged in
Apr 08, 2021 5:11:43 PM Server.Domain.CommonClasses.Response <init>
WARNING: username already exists
Apr 08, 2021 5:11:43 PM Server.Domain.CommonClasses.Response <init>
WARNING: username already exists
Apr 08, 2021 5:13:03 PM Server.Domain.CommonClasses.Response <init>
WARNING: username already exists
Apr 08, 2021 5:13:03 PM Server.Domain.CommonClasses.Response <init>
WARNING: username already exists
Apr 08, 2021 5:13:03 PM Server.Domain.CommonClasses.Response <init>
WARNING: User not allowed to review product
Apr 08, 2021 5:13:03 PM Server.Domain.CommonClasses.Response <init>
WARNING: username already exists
Apr 08, 2021 5:13:03 PM Server.Domain.CommonClasses.Response <init>
WARNING: username already exists
Apr 08, 2021 5:13:03 PM Server.Domain.CommonClasses.Response <init>
WARNING: User not allowed to receive store workers information
Apr 08, 2021 5:13:03 PM Server.Domain.CommonClasses.Response <init>
WARNING: username already exists
Apr 08, 2021 5:13:03 PM Server.Domain.CommonClasses.Response <init>
WARNING: username already exists
Apr 08, 2021 5:13:03 PM Server.Domain.CommonClasses.Response <init>
WARNING: User is not allowed to register
Apr 08, 2021 5:13:03 PM Server.Domain.CommonClasses.Response <init>
WARNING: username already exists
Apr 08, 2021 5:13:03 PM Server.Domain.CommonClasses.Response <init>
WARNING: username already exists
Apr 08, 2021 5:13:03 PM Server.Domain.CommonClasses.Response <init>
WARNING: User isn't allowed to appoint owner
Apr 08, 2021 5:13:03 PM Server.Domain.CommonClasses.Response <init>
WARNING: user doesn't exist
Apr 08, 2021 5:13:03 PM Server.Domain.CommonClasses.Response <init>
WARNING: username already exists
Apr 08, 2021 5:13:03 PM Server.Domain.CommonClasses.Response <init>
WARNING: username already exists
Apr 08, 2021 5:13:03 PM Server.Domain.CommonClasses.Response <init>
WARNING: user doesn't exist
Apr 08, 2021 5:13:03 PM Server.Domain.CommonClasses.Response <init>
WARNING: user not appointed by this appointer
Apr 08, 2021 5:13:03 PM Server.Domain.CommonClasses.Response <init>
WARNING: username already exists
Apr 08, 2021 5:13:03 PM Server.Domain.CommonClasses.Response <init>
WARNING: username already exists
Apr 08, 2021 5:13:03 PM Server.Domain.CommonClasses.Response <init>
WARNING: user doesn't exist
Apr 08, 2021 5:13:03 PM Server.Domain.CommonClasses.Response <init>
WARNING: The user is not allowed to add products to the store
Apr 08, 2021 5:13:03 PM Server.Domain.CommonClasses.Response <init>
WARNING: User not allowed to add permissions to this user
Apr 08, 2021 5:13:03 PM Server.Domain.CommonClasses.Response <init>
WARNING: The user is not allowed to add products to the store
Apr 08, 2021 5:13:03 PM Server.Domain.CommonClasses.Response <init>
WARNING: username already exists
Apr 08, 2021 5:13:03 PM Server.Domain.CommonClasses.Response <init>
WARNING: username already exists
Apr 08, 2021 5:13:03 PM Server.Domain.CommonClasses.Response <init>
WARNING: The user is not allowed to remove products from the store
Apr 08, 2021 5:13:03 PM Server.Domain.CommonClasses.Response <init>
WARNING: username already exists
Apr 08, 2021 5:13:03 PM Server.Domain.CommonClasses.Response <init>
WARNING: username already exists
Apr 08, 2021 5:13:03 PM Server.Domain.CommonClasses.Response <init>
WARNING: User not allowed to view purchase history
Apr 08, 2021 5:13:03 PM Server.Domain.CommonClasses.Response <init>
WARNING: username already exists
Apr 08, 2021 5:13:03 PM Server.Domain.CommonClasses.Response <init>
WARNING: username already exists
Apr 08, 2021 5:13:03 PM Server.Domain.CommonClasses.Response <init>
WARNING: user doesn't exist
Apr 08, 2021 5:13:03 PM Server.Domain.CommonClasses.Response <init>
WARNING: user not appointed by this appointer
Apr 08, 2021 5:13:03 PM Server.Domain.CommonClasses.Response <init>
WARNING: username already exists
Apr 08, 2021 5:13:03 PM Server.Domain.CommonClasses.Response <init>
WARNING: username already exists
Apr 08, 2021 5:13:03 PM Server.Domain.CommonClasses.Response <init>
WARNING: Not allowed to open store
Apr 08, 2021 5:13:03 PM Server.Domain.CommonClasses.Response <init>
WARNING: username already exists
Apr 08, 2021 5:13:03 PM Server.Domain.CommonClasses.Response <init>
WARNING: username already exists
Apr 08, 2021 5:13:03 PM Server.Domain.CommonClasses.Response <init>
WARNING: The user is not allowed to edit products information in the store
Apr 08, 2021 5:13:03 PM Server.Domain.CommonClasses.Response <init>
WARNING: username already exists
Apr 08, 2021 5:13:03 PM Server.Domain.CommonClasses.Response <init>
WARNING: username already exists
Apr 08, 2021 5:13:03 PM Server.Domain.CommonClasses.Response <init>
WARNING: User not allowed to view user's purchase
Apr 08, 2021 5:13:03 PM Server.Domain.CommonClasses.Response <init>
WARNING: User not allowed to view user's purchase
Apr 08, 2021 5:13:03 PM Server.Domain.CommonClasses.Response <init>
WARNING: username already exists
Apr 08, 2021 5:13:03 PM Server.Domain.CommonClasses.Response <init>
WARNING: username already exists
Apr 08, 2021 5:13:03 PM Server.Domain.CommonClasses.Response <init>
WARNING: User isn't allowed to appoint manager
Apr 08, 2021 5:13:03 PM Server.Domain.CommonClasses.Response <init>
WARNING: user doesn't exist
Apr 08, 2021 5:13:03 PM Server.Domain.CommonClasses.Response <init>
WARNING: username already exists
Apr 08, 2021 5:13:03 PM Server.Domain.CommonClasses.Response <init>
WARNING: username already exists
Apr 08, 2021 5:13:03 PM Server.Domain.CommonClasses.Response <init>
WARNING: username already exists
Apr 08, 2021 5:13:03 PM Server.Domain.CommonClasses.Response <init>
WARNING: username already exists
Apr 08, 2021 5:13:03 PM Server.Domain.CommonClasses.Response <init>
WARNING: The user is not allowed to add products to the store
Apr 08, 2021 5:13:03 PM Server.Domain.CommonClasses.Response <init>
WARNING: username already exists
Apr 08, 2021 5:13:03 PM Server.Domain.CommonClasses.Response <init>
WARNING: username already exists
Apr 08, 2021 5:13:03 PM Server.Domain.CommonClasses.Response <init>
WARNING: Cannot logout without being logged in
Apr 08, 2021 5:13:03 PM Server.Domain.CommonClasses.Response <init>
WARNING: username already exists
Apr 08, 2021 5:13:03 PM Server.Domain.CommonClasses.Response <init>
WARNING: username already exists
Apr 08, 2021 5:13:03 PM Server.Domain.CommonClasses.Response <init>
WARNING: User not allowed to receive store history
Apr 08, 2021 5:14:17 PM Server.Domain.CommonClasses.Response <init>
WARNING: Inventory: Amount to remove exceeds the amount in stock
Apr 08, 2021 5:14:17 PM Server.Domain.CommonClasses.Response <init>
WARNING: Inventory: Amount to remove exceeds the amount in stock
Apr 08, 2021 5:14:17 PM Server.Domain.CommonClasses.Response <init>
WARNING: Inventory: This product doesn't exist
Apr 08, 2021 5:14:17 PM Server.Domain.CommonClasses.Response <init>
WARNING: Inventory: This product doesn't exist
Apr 08, 2021 5:14:18 PM Server.Domain.CommonClasses.Response <init>
WARNING: ShoppingCart: This store basket doesn't exists
Apr 08, 2021 5:14:18 PM Server.Domain.CommonClasses.Response <init>
WARNING: Inventory: This product doesn't exists in the specified store
Apr 08, 2021 5:14:18 PM Server.Domain.CommonClasses.Response <init>
WARNING: Inventory: This product doesn't exists in the specified store
Apr 08, 2021 5:14:18 PM Server.Domain.CommonClasses.Response <init>
WARNING: Inventory: This product doesn't exists in the specified store
Apr 08, 2021 5:14:18 PM Server.Domain.CommonClasses.Response <init>
WARNING: Inventory: This product doesn't exists in the specified store
Apr 08, 2021 5:14:18 PM Server.Domain.CommonClasses.Response <init>
WARNING: Inventory: This product doesn't exists in the specified store
Apr 08, 2021 5:14:18 PM Server.Domain.CommonClasses.Response <init>
WARNING: Inventory: This product doesn't exists in the specified store
Apr 08, 2021 5:14:18 PM Server.Domain.CommonClasses.Response <init>
WARNING: Inventory: This product doesn't exists in the specified store
Apr 08, 2021 5:14:18 PM Server.Domain.CommonClasses.Response <init>
WARNING: Inventory: This product doesn't exists in the specified store
Apr 08, 2021 5:14:18 PM Server.Domain.CommonClasses.Response <init>
WARNING: Inventory: This product doesn't exists in the specified store
Apr 08, 2021 5:14:18 PM Server.Domain.CommonClasses.Response <init>
WARNING: Inventory: This product doesn't exists in the specified store
Apr 08, 2021 5:14:18 PM Server.Domain.CommonClasses.Response <init>
WARNING: Inventory: This product doesn't exists in the specified store
Apr 08, 2021 5:14:18 PM Server.Domain.CommonClasses.Response <init>
WARNING: Inventory: This product doesn't exists in the specified store
Apr 08, 2021 5:14:18 PM Server.Domain.CommonClasses.Response <init>
WARNING: Inventory: This product doesn't exists in the specified store
Apr 08, 2021 5:14:18 PM Server.Domain.CommonClasses.Response <init>
WARNING: Inventory: This product doesn't exists in the specified store
Apr 08, 2021 5:14:18 PM Server.Domain.CommonClasses.Response <init>
WARNING: Inventory: This product doesn't exists in the specified store
Apr 08, 2021 5:14:18 PM Server.Domain.CommonClasses.Response <init>
WARNING: Inventory: This product doesn't exists in the specified store
Apr 08, 2021 5:14:18 PM Server.Domain.CommonClasses.Response <init>
WARNING: Inventory: This product doesn't exists in the specified store
Apr 08, 2021 5:14:18 PM Server.Domain.CommonClasses.Response <init>
WARNING: Inventory: This product doesn't exists in the specified store
Apr 08, 2021 5:14:18 PM Server.Domain.CommonClasses.Response <init>
WARNING: Inventory: This product doesn't exists in the specified store
Apr 08, 2021 5:14:18 PM Server.Domain.CommonClasses.Response <init>
WARNING: Inventory: This product doesn't exists in the specified store
Apr 08, 2021 5:14:18 PM Server.Domain.CommonClasses.Response <init>
WARNING: Inventory: This product doesn't exists in the specified store
Apr 08, 2021 5:14:18 PM Server.Domain.CommonClasses.Response <init>
WARNING: Inventory: This product doesn't exists in the specified store
Apr 08, 2021 5:14:18 PM Server.Domain.CommonClasses.Response <init>
WARNING: Inventory: This product doesn't exists in the specified store
Apr 08, 2021 5:14:18 PM Server.Domain.CommonClasses.Response <init>
WARNING: Inventory: This product doesn't exists in the specified store
Apr 08, 2021 5:14:18 PM Server.Domain.CommonClasses.Response <init>
WARNING: Inventory: This product doesn't exists in the specified store
Apr 08, 2021 5:14:18 PM Server.Domain.CommonClasses.Response <init>
WARNING: Inventory: This product doesn't exists in the specified store
Apr 08, 2021 5:14:18 PM Server.Domain.CommonClasses.Response <init>
WARNING: Inventory: This product doesn't exists in the specified store
Apr 08, 2021 5:14:18 PM Server.Domain.CommonClasses.Response <init>
WARNING: Inventory: This product doesn't exists in the specified store
Apr 08, 2021 5:14:18 PM Server.Domain.CommonClasses.Response <init>
WARNING: Inventory: This product doesn't exists in the specified store
Apr 08, 2021 5:14:18 PM Server.Domain.CommonClasses.Response <init>
WARNING: Inventory: This product doesn't exists in the specified store
Apr 08, 2021 5:14:18 PM Server.Domain.CommonClasses.Response <init>
WARNING: Inventory: This product doesn't exists in the specified store
Apr 08, 2021 5:14:18 PM Server.Domain.CommonClasses.Response <init>
WARNING: Inventory: This product doesn't exists in the specified store
Apr 08, 2021 5:14:18 PM Server.Domain.CommonClasses.Response <init>
WARNING: Inventory: This product doesn't exists in the specified store
Apr 08, 2021 5:14:18 PM Server.Domain.CommonClasses.Response <init>
WARNING: Inventory: This product doesn't exists in the specified store
Apr 08, 2021 5:14:18 PM Server.Domain.CommonClasses.Response <init>
WARNING: Inventory: This product doesn't exists in the specified store
Apr 08, 2021 5:14:18 PM Server.Domain.CommonClasses.Response <init>
WARNING: Inventory: This product doesn't exists in the specified store
Apr 08, 2021 5:14:18 PM Server.Domain.CommonClasses.Response <init>
WARNING: Inventory: This product doesn't exists in the specified store
Apr 08, 2021 5:14:18 PM Server.Domain.CommonClasses.Response <init>
WARNING: Inventory: This product doesn't exists in the specified store
Apr 08, 2021 5:14:18 PM Server.Domain.CommonClasses.Response <init>
WARNING: Inventory: This product doesn't exists in the specified store
Apr 08, 2021 5:14:18 PM Server.Domain.CommonClasses.Response <init>
WARNING: Inventory: This product doesn't exists in the specified store
Apr 08, 2021 5:14:18 PM Server.Domain.CommonClasses.Response <init>
WARNING: Inventory: This product doesn't exists in the specified store
Apr 08, 2021 5:14:18 PM Server.Domain.CommonClasses.Response <init>
WARNING: Inventory: This product doesn't exists in the specified store
Apr 08, 2021 5:14:18 PM Server.Domain.CommonClasses.Response <init>
WARNING: Inventory: This product doesn't exists in the specified store
Apr 08, 2021 5:14:18 PM Server.Domain.CommonClasses.Response <init>
WARNING: Inventory: This product doesn't exists in the specified store
Apr 08, 2021 5:14:18 PM Server.Domain.CommonClasses.Response <init>
WARNING: Inventory: This product doesn't exists in the specified store
Apr 08, 2021 5:14:18 PM Server.Domain.CommonClasses.Response <init>
WARNING: Inventory: This product doesn't exists in the specified store
Apr 08, 2021 5:14:18 PM Server.Domain.CommonClasses.Response <init>
WARNING: Inventory: This product doesn't exists in the specified store
Apr 08, 2021 5:14:18 PM Server.Domain.CommonClasses.Response <init>
WARNING: Inventory: This product doesn't exists in the specified store
Apr 08, 2021 5:14:18 PM Server.Domain.CommonClasses.Response <init>
WARNING: Inventory: This product doesn't exists in the specified store
Apr 08, 2021 5:14:18 PM Server.Domain.CommonClasses.Response <init>
WARNING: Inventory: This product doesn't exists in the specified store
Apr 08, 2021 5:14:18 PM Server.Domain.CommonClasses.Response <init>
WARNING: Inventory: This product doesn't exists in the specified store
Apr 08, 2021 5:14:18 PM Server.Domain.CommonClasses.Response <init>
WARNING: Inventory: This product doesn't exists in the specified store
Apr 08, 2021 5:14:18 PM Server.Domain.CommonClasses.Response <init>
WARNING: Inventory: This product doesn't exists in the specified store
Apr 08, 2021 5:14:18 PM Server.Domain.CommonClasses.Response <init>
WARNING: Inventory: This product doesn't exists in the specified store
Apr 08, 2021 5:14:18 PM Server.Domain.CommonClasses.Response <init>
WARNING: Inventory: This product doesn't exists in the specified store
Apr 08, 2021 5:14:18 PM Server.Domain.CommonClasses.Response <init>
WARNING: Inventory: This product doesn't exists in the specified store
Apr 08, 2021 5:14:18 PM Server.Domain.CommonClasses.Response <init>
WARNING: Inventory: This product doesn't exists in the specified store
Apr 08, 2021 5:14:18 PM Server.Domain.CommonClasses.Response <init>
WARNING: Inventory: This product doesn't exists in the specified store
Apr 08, 2021 5:14:18 PM Server.Domain.CommonClasses.Response <init>
WARNING: Inventory: This product doesn't exists in the specified store
Apr 08, 2021 5:14:18 PM Server.Domain.CommonClasses.Response <init>
WARNING: Inventory: This product doesn't exists in the specified store
Apr 08, 2021 5:14:18 PM Server.Domain.CommonClasses.Response <init>
WARNING: Inventory: This product doesn't exists in the specified store
Apr 08, 2021 5:14:18 PM Server.Domain.CommonClasses.Response <init>
WARNING: Inventory: This product doesn't exists in the specified store
Apr 08, 2021 5:14:18 PM Server.Domain.CommonClasses.Response <init>
WARNING: Inventory: This product doesn't exists in the specified store
Apr 08, 2021 5:14:18 PM Server.Domain.CommonClasses.Response <init>
WARNING: Inventory: This product doesn't exists in the specified store
Apr 08, 2021 5:14:18 PM Server.Domain.CommonClasses.Response <init>
WARNING: Inventory: This product doesn't exists in the specified store
Apr 08, 2021 5:14:18 PM Server.Domain.CommonClasses.Response <init>
WARNING: Inventory: This product doesn't exists in the specified store
Apr 08, 2021 5:14:18 PM Server.Domain.CommonClasses.Response <init>
WARNING: Inventory: This product doesn't exists in the specified store
Apr 08, 2021 5:14:18 PM Server.Domain.CommonClasses.Response <init>
WARNING: Inventory: This product doesn't exists in the specified store
Apr 08, 2021 5:14:18 PM Server.Domain.CommonClasses.Response <init>
WARNING: Inventory: This product doesn't exists in the specified store
Apr 08, 2021 5:14:18 PM Server.Domain.CommonClasses.Response <init>
WARNING: Inventory: This product doesn't exists in the specified store
Apr 08, 2021 5:14:18 PM Server.Domain.CommonClasses.Response <init>
WARNING: Inventory: This product doesn't exists in the specified store
Apr 08, 2021 5:14:18 PM Server.Domain.CommonClasses.Response <init>
WARNING: Inventory: This product doesn't exists in the specified store
Apr 08, 2021 5:14:18 PM Server.Domain.CommonClasses.Response <init>
WARNING: Inventory: This product doesn't exists in the specified store
Apr 08, 2021 5:14:18 PM Server.Domain.CommonClasses.Response <init>
WARNING: Inventory: This product doesn't exists in the specified store
Apr 08, 2021 5:14:18 PM Server.Domain.CommonClasses.Response <init>
WARNING: Inventory: This product doesn't exists in the specified store
Apr 08, 2021 5:14:18 PM Server.Domain.CommonClasses.Response <init>
WARNING: Inventory: This product doesn't exists in the specified store
Apr 08, 2021 5:14:18 PM Server.Domain.CommonClasses.Response <init>
WARNING: Inventory: This product doesn't exists in the specified store
Apr 08, 2021 5:14:18 PM Server.Domain.CommonClasses.Response <init>
WARNING: Inventory: This product doesn't exists in the specified store
Apr 08, 2021 5:14:18 PM Server.Domain.CommonClasses.Response <init>
WARNING: Inventory: This product doesn't exists in the specified store
Apr 08, 2021 5:14:18 PM Server.Domain.CommonClasses.Response <init>
WARNING: Inventory: This product doesn't exists in the specified store
Apr 08, 2021 5:14:18 PM Server.Domain.CommonClasses.Response <init>
WARNING: Inventory: This product doesn't exists in the specified store
Apr 08, 2021 5:14:18 PM Server.Domain.CommonClasses.Response <init>
WARNING: Inventory: This product doesn't exists in the specified store
Apr 08, 2021 5:14:18 PM Server.Domain.CommonClasses.Response <init>
WARNING: Inventory: This product doesn't exists in the specified store
Apr 08, 2021 5:14:18 PM Server.Domain.CommonClasses.Response <init>
WARNING: Inventory: This product doesn't exists in the specified store
Apr 08, 2021 5:14:18 PM Server.Domain.CommonClasses.Response <init>
WARNING: Inventory: This product doesn't exists in the specified store
Apr 08, 2021 5:14:18 PM Server.Domain.CommonClasses.Response <init>
WARNING: Inventory: This product doesn't exists in the specified store
Apr 08, 2021 5:14:18 PM Server.Domain.CommonClasses.Response <init>
WARNING: Inventory: This product doesn't exists in the specified store
Apr 08, 2021 5:14:18 PM Server.Domain.CommonClasses.Response <init>
WARNING: Inventory: This product doesn't exists in the specified store
Apr 08, 2021 5:14:18 PM Server.Domain.CommonClasses.Response <init>
WARNING: Inventory: This product doesn't exists in the specified store
Apr 08, 2021 5:14:18 PM Server.Domain.CommonClasses.Response <init>
WARNING: Inventory: This product doesn't exists in the specified store
Apr 08, 2021 5:14:18 PM Server.Domain.CommonClasses.Response <init>
WARNING: Inventory: This product doesn't exists in the specified store
Apr 08, 2021 5:14:18 PM Server.Domain.CommonClasses.Response <init>
WARNING: Inventory: This product doesn't exists in the specified store
Apr 08, 2021 5:14:18 PM Server.Domain.CommonClasses.Response <init>
WARNING: Inventory: This product doesn't exists in the specified store
Apr 08, 2021 5:14:18 PM Server.Domain.CommonClasses.Response <init>
WARNING: Inventory: This product doesn't exists in the specified store
Apr 08, 2021 5:14:18 PM Server.Domain.CommonClasses.Response <init>
WARNING: Inventory: This product doesn't exists in the specified store
Apr 08, 2021 5:14:18 PM Server.Domain.CommonClasses.Response <init>
WARNING: Inventory: This product doesn't exists in the specified store
Apr 08, 2021 5:14:18 PM Server.Domain.CommonClasses.Response <init>
WARNING: Inventory: This product doesn't exists in the specified store
Apr 08, 2021 5:14:18 PM Server.Domain.CommonClasses.Response <init>
WARNING: Inventory: This product doesn't exists in the specified store
Apr 08, 2021 5:14:18 PM Server.Domain.CommonClasses.Response <init>
WARNING: Inventory: This product doesn't exists in the specified store
Apr 08, 2021 5:14:18 PM Server.Domain.CommonClasses.Response <init>
WARNING: Inventory: This product doesn't exists in the specified store
Apr 08, 2021 5:14:18 PM Server.Domain.CommonClasses.Response <init>
WARNING: Inventory: This product doesn't exists in the specified store
Apr 08, 2021 5:14:18 PM Server.Domain.CommonClasses.Response <init>
WARNING: Inventory: This product doesn't exists in the specified store
Apr 08, 2021 5:14:18 PM Server.Domain.CommonClasses.Response <init>
WARNING: Inventory: This product doesn't exists in the specified store
Apr 08, 2021 5:14:18 PM Server.Domain.CommonClasses.Response <init>
WARNING: Inventory: This product doesn't exists in the specified store
Apr 08, 2021 5:14:18 PM Server.Domain.CommonClasses.Response <init>
WARNING: Inventory: This product doesn't exists in the specified store
Apr 08, 2021 5:14:18 PM Server.Domain.CommonClasses.Response <init>
WARNING: Inventory: This product doesn't exists in the specified store
Apr 08, 2021 5:14:18 PM Server.Domain.CommonClasses.Response <init>
WARNING: Inventory: This product doesn't exists in the specified store
Apr 08, 2021 5:14:18 PM Server.Domain.CommonClasses.Response <init>
WARNING: Inventory: This product doesn't exists in the specified store
Apr 08, 2021 5:14:18 PM Server.Domain.CommonClasses.Response <init>
WARNING: Inventory: This product doesn't exists in the specified store
Apr 08, 2021 5:14:18 PM Server.Domain.CommonClasses.Response <init>
WARNING: Inventory: This product doesn't exists in the specified store
Apr 08, 2021 5:14:18 PM Server.Domain.CommonClasses.Response <init>
WARNING: Inventory: This product doesn't exists in the specified store
Apr 08, 2021 5:14:18 PM Server.Domain.CommonClasses.Response <init>
WARNING: Inventory: This product doesn't exists in the specified store
Apr 08, 2021 5:14:18 PM Server.Domain.CommonClasses.Response <init>
WARNING: Inventory: This product doesn't exists in the specified store
Apr 08, 2021 5:14:18 PM Server.Domain.CommonClasses.Response <init>
WARNING: Inventory: This product doesn't exists in the specified store
Apr 08, 2021 5:14:18 PM Server.Domain.CommonClasses.Response <init>
WARNING: Inventory: This product doesn't exists in the specified store
Apr 08, 2021 5:14:18 PM Server.Domain.CommonClasses.Response <init>
WARNING: Inventory: This product doesn't exists in the specified store
Apr 08, 2021 5:14:18 PM Server.Domain.CommonClasses.Response <init>
WARNING: Inventory: This product doesn't exists in the specified store
Apr 08, 2021 5:14:18 PM Server.Domain.CommonClasses.Response <init>
WARNING: Inventory: This product doesn't exists in the specified store
Apr 08, 2021 5:14:18 PM Server.Domain.CommonClasses.Response <init>
WARNING: Inventory: This product doesn't exists in the specified store
Apr 08, 2021 5:14:18 PM Server.Domain.CommonClasses.Response <init>
WARNING: Inventory: This product doesn't exists in the specified store
Apr 08, 2021 5:14:18 PM Server.Domain.CommonClasses.Response <init>
WARNING: Inventory: This product doesn't exists in the specified store
Apr 08, 2021 5:14:18 PM Server.Domain.CommonClasses.Response <init>
WARNING: Inventory: This product doesn't exists in the specified store
Apr 08, 2021 5:14:18 PM Server.Domain.CommonClasses.Response <init>
WARNING: Inventory: This product doesn't exists in the specified store
Apr 08, 2021 5:14:18 PM Server.Domain.CommonClasses.Response <init>
WARNING: Inventory: This product doesn't exists in the specified store
Apr 08, 2021 5:14:18 PM Server.Domain.CommonClasses.Response <init>
WARNING: Inventory: This product doesn't exists in the specified store
Apr 08, 2021 5:14:18 PM Server.Domain.CommonClasses.Response <init>
WARNING: Inventory: This product doesn't exists in the specified store
Apr 08, 2021 5:14:18 PM Server.Domain.CommonClasses.Response <init>
WARNING: Inventory: This product doesn't exists in the specified store
Apr 08, 2021 5:14:18 PM Server.Domain.CommonClasses.Response <init>
WARNING: Inventory: This product doesn't exists in the specified store
Apr 08, 2021 5:14:18 PM Server.Domain.CommonClasses.Response <init>
WARNING: Inventory: This product doesn't exists in the specified store
Apr 08, 2021 5:14:18 PM Server.Domain.CommonClasses.Response <init>
WARNING: Inventory: This product doesn't exists in the specified store
Apr 08, 2021 5:14:18 PM Server.Domain.CommonClasses.Response <init>
WARNING: Inventory: This product doesn't exists in the specified store
Apr 08, 2021 5:14:18 PM Server.Domain.CommonClasses.Response <init>
WARNING: Inventory: This product doesn't exists in the specified store
Apr 08, 2021 5:14:18 PM Server.Domain.CommonClasses.Response <init>
WARNING: Inventory: This product doesn't exists in the specified store
Apr 08, 2021 5:14:18 PM Server.Domain.CommonClasses.Response <init>
WARNING: Inventory: This product doesn't exists in the specified store
Apr 08, 2021 5:14:18 PM Server.Domain.CommonClasses.Response <init>
WARNING: Inventory: This product doesn't exists in the specified store
Apr 08, 2021 5:14:18 PM Server.Domain.CommonClasses.Response <init>
WARNING: Inventory: This product doesn't exists in the specified store
Apr 08, 2021 5:14:18 PM Server.Domain.CommonClasses.Response <init>
WARNING: Inventory: This product doesn't exists in the specified store
Apr 08, 2021 5:14:18 PM Server.Domain.CommonClasses.Response <init>
WARNING: Inventory: This product doesn't exists in the specified store
Apr 08, 2021 5:14:18 PM Server.Domain.CommonClasses.Response <init>
WARNING: Inventory: This product doesn't exists in the specified store
Apr 08, 2021 5:14:18 PM Server.Domain.CommonClasses.Response <init>
WARNING: Inventory: This product doesn't exists in the specified store
Apr 08, 2021 5:14:18 PM Server.Domain.CommonClasses.Response <init>
WARNING: Inventory: This product doesn't exists in the specified store
Apr 08, 2021 5:14:18 PM Server.Domain.CommonClasses.Response <init>
WARNING: Inventory: This product doesn't exists in the specified store
Apr 08, 2021 5:14:18 PM Server.Domain.CommonClasses.Response <init>
WARNING: Inventory: This product doesn't exists in the specified store
Apr 08, 2021 5:14:18 PM Server.Domain.CommonClasses.Response <init>
WARNING: Inventory: This product doesn't exists in the specified store
Apr 08, 2021 5:14:18 PM Server.Domain.CommonClasses.Response <init>
WARNING: Inventory: This product doesn't exists in the specified store
Apr 08, 2021 5:14:18 PM Server.Domain.CommonClasses.Response <init>
WARNING: Inventory: This product doesn't exists in the specified store
Apr 08, 2021 5:14:18 PM Server.Domain.CommonClasses.Response <init>
WARNING: Inventory: This product doesn't exists in the specified store
Apr 08, 2021 5:14:18 PM Server.Domain.CommonClasses.Response <init>
WARNING: Inventory: This product doesn't exists in the specified store
Apr 08, 2021 5:14:18 PM Server.Domain.CommonClasses.Response <init>
WARNING: Inventory: This product doesn't exists in the specified store
Apr 08, 2021 5:14:18 PM Server.Domain.CommonClasses.Response <init>
WARNING: Inventory: This product doesn't exists in the specified store
Apr 08, 2021 5:14:18 PM Server.Domain.CommonClasses.Response <init>
WARNING: Inventory: This product doesn't exists in the specified store
Apr 08, 2021 5:14:18 PM Server.Domain.CommonClasses.Response <init>
WARNING: Inventory: This product doesn't exists in the specified store
Apr 08, 2021 5:14:18 PM Server.Domain.CommonClasses.Response <init>
WARNING: Inventory: This product doesn't exists in the specified store
Apr 08, 2021 5:14:18 PM Server.Domain.CommonClasses.Response <init>
WARNING: Inventory: This product doesn't exists in the specified store
Apr 08, 2021 5:14:18 PM Server.Domain.CommonClasses.Response <init>
WARNING: Inventory: This product doesn't exists in the specified store
Apr 08, 2021 5:14:18 PM Server.Domain.CommonClasses.Response <init>
WARNING: Inventory: This product doesn't exists in the specified store
Apr 08, 2021 5:14:18 PM Server.Domain.CommonClasses.Response <init>
WARNING: Inventory: This product doesn't exists in the specified store
Apr 08, 2021 5:14:18 PM Server.Domain.CommonClasses.Response <init>
WARNING: Inventory: This product doesn't exists in the specified store
Apr 08, 2021 5:14:18 PM Server.Domain.CommonClasses.Response <init>
WARNING: Inventory: This product doesn't exists in the specified store
Apr 08, 2021 5:14:18 PM Server.Domain.CommonClasses.Response <init>
WARNING: Inventory: This product doesn't exists in the specified store
Apr 08, 2021 5:14:18 PM Server.Domain.CommonClasses.Response <init>
WARNING: Inventory: This product doesn't exists in the specified store
Apr 08, 2021 5:14:18 PM Server.Domain.CommonClasses.Response <init>
WARNING: Inventory: This product doesn't exists in the specified store
Apr 08, 2021 5:14:18 PM Server.Domain.CommonClasses.Response <init>
WARNING: Inventory: This product doesn't exists in the specified store
Apr 08, 2021 5:14:18 PM Server.Domain.CommonClasses.Response <init>
WARNING: Inventory: This product doesn't exists in the specified store
Apr 08, 2021 5:14:18 PM Server.Domain.CommonClasses.Response <init>
WARNING: Inventory: This product doesn't exists in the specified store
Apr 08, 2021 5:14:18 PM Server.Domain.CommonClasses.Response <init>
WARNING: Inventory: This product doesn't exists in the specified store
Apr 08, 2021 5:14:18 PM Server.Domain.CommonClasses.Response <init>
WARNING: Inventory: This product doesn't exists in the specified store
Apr 08, 2021 5:14:18 PM Server.Domain.CommonClasses.Response <init>
WARNING: Inventory: This product doesn't exists in the specified store
Apr 08, 2021 5:14:18 PM Server.Domain.CommonClasses.Response <init>
WARNING: Inventory: This product doesn't exists in the specified store
Apr 08, 2021 5:14:18 PM Server.Domain.CommonClasses.Response <init>
WARNING: Inventory: This product doesn't exists in the specified store
Apr 08, 2021 5:14:18 PM Server.Domain.CommonClasses.Response <init>
WARNING: Inventory: This product doesn't exists in the specified store
Apr 08, 2021 5:14:18 PM Server.Domain.CommonClasses.Response <init>
WARNING: Inventory: This product doesn't exists in the specified store
Apr 08, 2021 5:14:18 PM Server.Domain.CommonClasses.Response <init>
WARNING: Inventory: This product doesn't exists in the specified store
Apr 08, 2021 5:14:18 PM Server.Domain.CommonClasses.Response <init>
WARNING: Inventory: This product doesn't exists in the specified store
Apr 08, 2021 5:14:18 PM Server.Domain.CommonClasses.Response <init>
WARNING: Inventory: This product doesn't exists in the specified store
Apr 08, 2021 5:14:18 PM Server.Domain.CommonClasses.Response <init>
WARNING: Inventory: This product doesn't exists in the specified store
Apr 08, 2021 5:14:18 PM Server.Domain.CommonClasses.Response <init>
WARNING: Inventory: This product doesn't exists in the specified store
Apr 08, 2021 5:14:18 PM Server.Domain.CommonClasses.Response <init>
WARNING: Inventory: This product doesn't exists in the specified store
Apr 08, 2021 5:14:18 PM Server.Domain.CommonClasses.Response <init>
WARNING: Inventory: This product doesn't exists in the specified store
Apr 08, 2021 5:14:18 PM Server.Domain.CommonClasses.Response <init>
WARNING: Inventory: This product doesn't exists in the specified store
Apr 08, 2021 5:14:18 PM Server.Domain.CommonClasses.Response <init>
WARNING: Inventory: This product doesn't exists in the specified store
Apr 08, 2021 5:14:18 PM Server.Domain.CommonClasses.Response <init>
WARNING: Inventory: This product doesn't exists in the specified store
Apr 08, 2021 5:14:18 PM Server.Domain.CommonClasses.Response <init>
WARNING: Inventory: This product doesn't exists in the specified store
Apr 08, 2021 5:14:18 PM Server.Domain.CommonClasses.Response <init>
WARNING: Inventory: This product doesn't exists in the specified store
Apr 08, 2021 5:14:18 PM Server.Domain.CommonClasses.Response <init>
WARNING: Inventory: This product doesn't exists in the specified store
Apr 08, 2021 5:14:18 PM Server.Domain.CommonClasses.Response <init>
WARNING: Inventory: This product doesn't exists in the specified store
Apr 08, 2021 5:14:18 PM Server.Domain.CommonClasses.Response <init>
WARNING: Inventory: This product doesn't exists in the specified store
Apr 08, 2021 5:14:18 PM Server.Domain.CommonClasses.Response <init>
WARNING: Inventory: This product doesn't exists in the specified store
Apr 08, 2021 5:14:18 PM Server.Domain.CommonClasses.Response <init>
WARNING: Inventory: This product doesn't exists in the specified store
Apr 08, 2021 5:14:18 PM Server.Domain.CommonClasses.Response <init>
WARNING: Inventory: This product doesn't exists in the specified store
Apr 08, 2021 5:14:18 PM Server.Domain.CommonClasses.Response <init>
WARNING: Inventory: This product doesn't exists in the specified store
Apr 08, 2021 5:14:18 PM Server.Domain.CommonClasses.Response <init>
WARNING: Inventory: This product doesn't exists in the specified store
Apr 08, 2021 5:14:18 PM Server.Domain.CommonClasses.Response <init>
WARNING: Inventory: This product doesn't exists in the specified store
Apr 08, 2021 5:14:18 PM Server.Domain.CommonClasses.Response <init>
WARNING: Inventory: This product doesn't exists in the specified store
Apr 08, 2021 5:14:18 PM Server.Domain.CommonClasses.Response <init>
WARNING: Inventory: This product doesn't exists in the specified store
Apr 08, 2021 5:14:18 PM Server.Domain.CommonClasses.Response <init>
WARNING: Inventory: This product doesn't exists in the specified store
Apr 08, 2021 5:14:18 PM Server.Domain.CommonClasses.Response <init>
WARNING: Inventory: This product doesn't exists in the specified store
Apr 08, 2021 5:14:18 PM Server.Domain.CommonClasses.Response <init>
WARNING: Inventory: This product doesn't exists in the specified store
Apr 08, 2021 5:14:18 PM Server.Domain.CommonClasses.Response <init>
WARNING: Inventory: This product doesn't exists in the specified store
Apr 08, 2021 5:14:18 PM Server.Domain.CommonClasses.Response <init>
WARNING: Inventory: This product doesn't exists in the specified store
Apr 08, 2021 5:14:18 PM Server.Domain.CommonClasses.Response <init>
WARNING: ShoppingBasket: The given product doesn't exists
Apr 08, 2021 5:14:18 PM Server.Domain.CommonClasses.Response <init>
WARNING: ShoppingCart: This store basket doesn't exists
Apr 08, 2021 5:14:18 PM Server.Domain.CommonClasses.Response <init>
WARNING: ShoppingBasket: Product AirPods isn't from store
Apr 08, 2021 5:14:18 PM Server.Domain.CommonClasses.Response <init>
WARNING: ShoppingCart: This store basket doesn't exists
Apr 08, 2021 5:14:18 PM Server.Domain.CommonClasses.Response <init>
WARNING: ShoppingCart: This store basket doesn't exists
Apr 08, 2021 5:14:18 PM Server.Domain.CommonClasses.Response <init>
WARNING: ShoppingCart: This store basket doesn't exists
Apr 08, 2021 5:14:18 PM Server.Domain.CommonClasses.Response <init>
WARNING: ShoppingCart: This store basket doesn't exists
Apr 08, 2021 5:14:18 PM Server.Domain.CommonClasses.Response <init>
WARNING: ShoppingCart: This store basket doesn't exists
Apr 08, 2021 5:14:18 PM Server.Domain.CommonClasses.Response <init>
WARNING: ShoppingCart: This store basket doesn't exists
Apr 08, 2021 5:14:18 PM Server.Domain.CommonClasses.Response <init>
WARNING: ShoppingCart: This store basket doesn't exists
Apr 08, 2021 5:14:18 PM Server.Domain.CommonClasses.Response <init>
WARNING: ShoppingCart: This store basket doesn't exists
Apr 08, 2021 5:14:18 PM Server.Domain.CommonClasses.Response <init>
WARNING: ShoppingCart: This store basket doesn't exists
Apr 08, 2021 5:14:18 PM Server.Domain.CommonClasses.Response <init>
WARNING: ShoppingCart: This store basket doesn't exists
Apr 08, 2021 5:14:18 PM Server.Domain.CommonClasses.Response <init>
WARNING: ShoppingCart: This store basket doesn't exists
Apr 08, 2021 5:14:18 PM Server.Domain.CommonClasses.Response <init>
WARNING: ShoppingCart: This store basket doesn't exists
Apr 08, 2021 5:14:18 PM Server.Domain.CommonClasses.Response <init>
WARNING: ShoppingCart: This store basket doesn't exists
Apr 08, 2021 5:14:18 PM Server.Domain.CommonClasses.Response <init>
WARNING: ShoppingCart: This store basket doesn't exists
Apr 08, 2021 5:14:18 PM Server.Domain.CommonClasses.Response <init>
WARNING: ShoppingCart: This store basket doesn't exists
Apr 08, 2021 5:14:18 PM Server.Domain.CommonClasses.Response <init>
WARNING: ShoppingCart: This store basket doesn't exists
Apr 08, 2021 5:14:18 PM Server.Domain.CommonClasses.Response <init>
WARNING: ShoppingCart: This store basket doesn't exists
Apr 08, 2021 5:14:18 PM Server.Domain.CommonClasses.Response <init>
WARNING: ShoppingCart: This store basket doesn't exists
Apr 08, 2021 5:14:18 PM Server.Domain.CommonClasses.Response <init>
WARNING: ShoppingCart: This store basket doesn't exists
Apr 08, 2021 5:14:18 PM Server.Domain.CommonClasses.Response <init>
WARNING: ShoppingCart: This store basket doesn't exists
Apr 08, 2021 5:14:18 PM Server.Domain.CommonClasses.Response <init>
WARNING: ShoppingCart: This store basket doesn't exists
Apr 08, 2021 5:14:18 PM Server.Domain.CommonClasses.Response <init>
WARNING: ShoppingCart: This store basket doesn't exists
Apr 08, 2021 5:14:18 PM Server.Domain.CommonClasses.Response <init>
WARNING: ShoppingCart: This store basket doesn't exists
Apr 08, 2021 5:14:18 PM Server.Domain.CommonClasses.Response <init>
WARNING: ShoppingCart: This store basket doesn't exists
Apr 08, 2021 5:14:18 PM Server.Domain.CommonClasses.Response <init>
WARNING: ShoppingCart: This store basket doesn't exists
Apr 08, 2021 5:14:18 PM Server.Domain.CommonClasses.Response <init>
WARNING: ShoppingCart: This store basket doesn't exists
Apr 08, 2021 5:14:18 PM Server.Domain.CommonClasses.Response <init>
WARNING: ShoppingCart: This store basket doesn't exists
Apr 08, 2021 5:14:18 PM Server.Domain.CommonClasses.Response <init>
WARNING: ShoppingCart: This store basket doesn't exists
Apr 08, 2021 5:14:18 PM Server.Domain.CommonClasses.Response <init>
WARNING: ShoppingCart: This store basket doesn't exists
Apr 08, 2021 5:14:18 PM Server.Domain.CommonClasses.Response <init>
WARNING: ShoppingCart: This store basket doesn't exists
Apr 08, 2021 5:14:18 PM Server.Domain.CommonClasses.Response <init>
WARNING: ShoppingCart: This store basket doesn't exists
Apr 08, 2021 5:14:18 PM Server.Domain.CommonClasses.Response <init>
WARNING: ShoppingCart: This store basket doesn't exists
Apr 08, 2021 5:14:18 PM Server.Domain.CommonClasses.Response <init>
WARNING: ShoppingCart: This store basket doesn't exists
Apr 08, 2021 5:14:18 PM Server.Domain.CommonClasses.Response <init>
WARNING: ShoppingCart: This store basket doesn't exists
Apr 08, 2021 5:14:18 PM Server.Domain.CommonClasses.Response <init>
WARNING: ShoppingCart: This store basket doesn't exists
Apr 08, 2021 5:14:18 PM Server.Domain.CommonClasses.Response <init>
WARNING: ShoppingCart: This store basket doesn't exists
Apr 08, 2021 5:14:18 PM Server.Domain.CommonClasses.Response <init>
WARNING: ShoppingCart: This store basket doesn't exists
Apr 08, 2021 5:14:18 PM Server.Domain.CommonClasses.Response <init>
WARNING: ShoppingCart: This store basket doesn't exists
Apr 08, 2021 5:14:18 PM Server.Domain.CommonClasses.Response <init>
WARNING: ShoppingCart: This store basket doesn't exists
Apr 08, 2021 5:14:18 PM Server.Domain.CommonClasses.Response <init>
WARNING: ShoppingCart: This store basket doesn't exists
Apr 08, 2021 5:14:18 PM Server.Domain.CommonClasses.Response <init>
WARNING: ShoppingCart: This store basket doesn't exists
Apr 08, 2021 5:14:18 PM Server.Domain.CommonClasses.Response <init>
WARNING: ShoppingCart: This store basket doesn't exists
Apr 08, 2021 5:14:18 PM Server.Domain.CommonClasses.Response <init>
WARNING: ShoppingCart: This store basket doesn't exists
Apr 08, 2021 5:14:18 PM Server.Domain.CommonClasses.Response <init>
WARNING: ShoppingCart: This store basket doesn't exists
Apr 08, 2021 5:14:18 PM Server.Domain.CommonClasses.Response <init>
WARNING: ShoppingCart: This store basket doesn't exists
Apr 08, 2021 5:14:18 PM Server.Domain.CommonClasses.Response <init>
WARNING: ShoppingCart: This store basket doesn't exists
Apr 08, 2021 5:14:18 PM Server.Domain.CommonClasses.Response <init>
WARNING: ShoppingCart: This store basket doesn't exists
Apr 08, 2021 5:14:18 PM Server.Domain.CommonClasses.Response <init>
WARNING: username already exists
Apr 08, 2021 5:14:18 PM Server.Domain.CommonClasses.Response <init>
WARNING: ShoppingCart: This store basket doesn't exists
Apr 08, 2021 5:14:18 PM Server.Domain.CommonClasses.Response <init>
WARNING: ShoppingCart: This store basket doesn't exists
Apr 08, 2021 5:14:18 PM Server.Domain.CommonClasses.Response <init>
WARNING: username already exists
Apr 08, 2021 5:14:18 PM Server.Domain.CommonClasses.Response <init>
WARNING: User not allowed to review product
Apr 08, 2021 5:14:18 PM Server.Domain.CommonClasses.Response <init>
WARNING: username already exists
Apr 08, 2021 5:14:18 PM Server.Domain.CommonClasses.Response <init>
WARNING: username already exists
Apr 08, 2021 5:14:18 PM Server.Domain.CommonClasses.Response <init>
WARNING: User not allowed to receive store workers information
Apr 08, 2021 5:14:18 PM Server.Domain.CommonClasses.Response <init>
WARNING: username already exists
Apr 08, 2021 5:14:18 PM Server.Domain.CommonClasses.Response <init>
WARNING: username already exists
Apr 08, 2021 5:14:18 PM Server.Domain.CommonClasses.Response <init>
WARNING: User is not allowed to register
Apr 08, 2021 5:14:18 PM Server.Domain.CommonClasses.Response <init>
WARNING: username already exists
Apr 08, 2021 5:14:18 PM Server.Domain.CommonClasses.Response <init>
WARNING: username already exists
Apr 08, 2021 5:14:18 PM Server.Domain.CommonClasses.Response <init>
WARNING: User isn't allowed to appoint owner
Apr 08, 2021 5:14:18 PM Server.Domain.CommonClasses.Response <init>
WARNING: user doesn't exist
Apr 08, 2021 5:14:18 PM Server.Domain.CommonClasses.Response <init>
WARNING: username already exists
Apr 08, 2021 5:14:18 PM Server.Domain.CommonClasses.Response <init>
WARNING: username already exists
Apr 08, 2021 5:14:18 PM Server.Domain.CommonClasses.Response <init>
WARNING: user doesn't exist
Apr 08, 2021 5:14:18 PM Server.Domain.CommonClasses.Response <init>
WARNING: user not appointed by this appointer
Apr 08, 2021 5:14:18 PM Server.Domain.CommonClasses.Response <init>
WARNING: username already exists
Apr 08, 2021 5:14:18 PM Server.Domain.CommonClasses.Response <init>
WARNING: username already exists
Apr 08, 2021 5:14:18 PM Server.Domain.CommonClasses.Response <init>
WARNING: user doesn't exist
Apr 08, 2021 5:14:18 PM Server.Domain.CommonClasses.Response <init>
WARNING: The user is not allowed to add products to the store
Apr 08, 2021 5:14:18 PM Server.Domain.CommonClasses.Response <init>
WARNING: User not allowed to add permissions to this user
Apr 08, 2021 5:14:18 PM Server.Domain.CommonClasses.Response <init>
WARNING: The user is not allowed to add products to the store
Apr 08, 2021 5:14:18 PM Server.Domain.CommonClasses.Response <init>
WARNING: username already exists
Apr 08, 2021 5:14:18 PM Server.Domain.CommonClasses.Response <init>
WARNING: username already exists
Apr 08, 2021 5:14:18 PM Server.Domain.CommonClasses.Response <init>
WARNING: The user is not allowed to remove products from the store
Apr 08, 2021 5:14:18 PM Server.Domain.CommonClasses.Response <init>
WARNING: username already exists
Apr 08, 2021 5:14:18 PM Server.Domain.CommonClasses.Response <init>
WARNING: username already exists
Apr 08, 2021 5:14:19 PM Server.Domain.CommonClasses.Response <init>
WARNING: User not allowed to view purchase history
Apr 08, 2021 5:14:19 PM Server.Domain.CommonClasses.Response <init>
WARNING: username already exists
Apr 08, 2021 5:14:19 PM Server.Domain.CommonClasses.Response <init>
WARNING: username already exists
Apr 08, 2021 5:14:19 PM Server.Domain.CommonClasses.Response <init>
WARNING: user doesn't exist
Apr 08, 2021 5:14:19 PM Server.Domain.CommonClasses.Response <init>
WARNING: user not appointed by this appointer
Apr 08, 2021 5:14:19 PM Server.Domain.CommonClasses.Response <init>
WARNING: username already exists
Apr 08, 2021 5:14:19 PM Server.Domain.CommonClasses.Response <init>
WARNING: username already exists
Apr 08, 2021 5:14:19 PM Server.Domain.CommonClasses.Response <init>
WARNING: Not allowed to open store
Apr 08, 2021 5:14:19 PM Server.Domain.CommonClasses.Response <init>
WARNING: username already exists
Apr 08, 2021 5:14:19 PM Server.Domain.CommonClasses.Response <init>
WARNING: username already exists
Apr 08, 2021 5:14:19 PM Server.Domain.CommonClasses.Response <init>
WARNING: The user is not allowed to edit products information in the store
Apr 08, 2021 5:14:19 PM Server.Domain.CommonClasses.Response <init>
WARNING: username already exists
Apr 08, 2021 5:14:19 PM Server.Domain.CommonClasses.Response <init>
WARNING: username already exists
Apr 08, 2021 5:14:19 PM Server.Domain.CommonClasses.Response <init>
WARNING: User not allowed to view user's purchase
Apr 08, 2021 5:14:19 PM Server.Domain.CommonClasses.Response <init>
WARNING: User not allowed to view user's purchase
Apr 08, 2021 5:14:19 PM Server.Domain.CommonClasses.Response <init>
WARNING: username already exists
Apr 08, 2021 5:14:19 PM Server.Domain.CommonClasses.Response <init>
WARNING: username already exists
Apr 08, 2021 5:14:19 PM Server.Domain.CommonClasses.Response <init>
WARNING: User isn't allowed to appoint manager
Apr 08, 2021 5:14:19 PM Server.Domain.CommonClasses.Response <init>
WARNING: user doesn't exist
Apr 08, 2021 5:14:19 PM Server.Domain.CommonClasses.Response <init>
WARNING: username already exists
Apr 08, 2021 5:14:19 PM Server.Domain.CommonClasses.Response <init>
WARNING: username already exists
Apr 08, 2021 5:14:19 PM Server.Domain.CommonClasses.Response <init>
WARNING: username already exists
Apr 08, 2021 5:14:19 PM Server.Domain.CommonClasses.Response <init>
WARNING: username already exists
Apr 08, 2021 5:14:19 PM Server.Domain.CommonClasses.Response <init>
WARNING: The user is not allowed to add products to the store
Apr 08, 2021 5:14:19 PM Server.Domain.CommonClasses.Response <init>
WARNING: username already exists
Apr 08, 2021 5:14:19 PM Server.Domain.CommonClasses.Response <init>
WARNING: username already exists
Apr 08, 2021 5:14:19 PM Server.Domain.CommonClasses.Response <init>
WARNING: Cannot logout without being logged in
Apr 08, 2021 5:14:19 PM Server.Domain.CommonClasses.Response <init>
WARNING: username already exists
Apr 08, 2021 5:14:19 PM Server.Domain.CommonClasses.Response <init>
WARNING: username already exists
Apr 08, 2021 5:14:19 PM Server.Domain.CommonClasses.Response <init>
WARNING: User not allowed to receive store history
Apr 13, 2021 2:10:57 PM Server.Domain.CommonClasses.Response <init>
WARNING: username already exists
Apr 13, 2021 2:10:57 PM Server.Domain.CommonClasses.Response <init>
WARNING: username already exists
Apr 13, 2021 2:10:57 PM Server.Domain.CommonClasses.Response <init>
WARNING: username already exists
Apr 13, 2021 2:10:57 PM Server.Domain.CommonClasses.Response <init>
WARNING: username already exists
Apr 13, 2021 2:10:57 PM Server.Domain.CommonClasses.Response <init>
WARNING: user doesn't exist
Apr 13, 2021 2:10:57 PM Server.Domain.CommonClasses.Response <init>
WARNING: username already exists
Apr 13, 2021 2:10:57 PM Server.Domain.CommonClasses.Response <init>
WARNING: username already exists
Apr 13, 2021 2:10:57 PM Server.Domain.CommonClasses.Response <init>
WARNING: Failed to login user
Apr 13, 2021 2:10:57 PM Server.Domain.CommonClasses.Response <init>
WARNING: username already exists
Apr 13, 2021 2:10:57 PM Server.Domain.CommonClasses.Response <init>
WARNING: username already exists
Apr 13, 2021 2:10:57 PM Server.Domain.CommonClasses.Response <init>
WARNING: username already exists
Apr 13, 2021 2:10:57 PM Server.Domain.CommonClasses.Response <init>
WARNING: username already exists
Apr 13, 2021 2:10:57 PM Server.Domain.CommonClasses.Response <init>
WARNING: username already exists
Apr 13, 2021 2:10:57 PM Server.Domain.CommonClasses.Response <init>
WARNING: username already exists
Apr 13, 2021 2:10:57 PM Server.Domain.CommonClasses.Response <init>
WARNING: username already exists
Apr 13, 2021 2:10:57 PM Server.Domain.CommonClasses.Response <init>
WARNING: username already exists
Apr 13, 2021 2:10:57 PM Server.Domain.CommonClasses.Response <init>
WARNING: username already exists
Apr 13, 2021 2:10:57 PM Server.Domain.CommonClasses.Response <init>
WARNING: user doesn't exist
Apr 13, 2021 2:10:57 PM Server.Domain.CommonClasses.Response <init>
WARNING: user doesn't exist
Apr 13, 2021 2:10:57 PM Server.Domain.CommonClasses.Response <init>
WARNING: user doesn't exist
Apr 13, 2021 2:10:57 PM Server.Domain.CommonClasses.Response <init>
WARNING: user doesn't exist
Apr 13, 2021 2:10:57 PM Server.Domain.CommonClasses.Response <init>
WARNING: user doesn't exist
Apr 13, 2021 2:10:57 PM Server.Domain.CommonClasses.Response <init>
WARNING: user not appointed by this appointer
Apr 13, 2021 2:10:57 PM Server.Domain.CommonClasses.Response <init>
WARNING: user not appointed by this appointer
Apr 13, 2021 2:10:57 PM Server.Domain.CommonClasses.Response <init>
WARNING: User doesn't exist
Apr 13, 2021 2:10:57 PM Server.Domain.CommonClasses.Response <init>
WARNING: user not appointed by this appointer
Apr 13, 2021 2:10:57 PM Server.Domain.CommonClasses.Response <init>
WARNING: User doesn't exist
Apr 13, 2021 2:10:57 PM Server.Domain.CommonClasses.Response <init>
WARNING: user not appointed by this appointer
Apr 13, 2021 2:10:57 PM Server.Domain.CommonClasses.Response <init>
WARNING: User doesn't exist
Apr 13, 2021 2:10:57 PM Server.Domain.CommonClasses.Response <init>
WARNING: username already exists
Apr 13, 2021 2:10:57 PM Server.Domain.CommonClasses.Response <init>
WARNING: username already exists
Apr 13, 2021 2:10:57 PM Server.Domain.CommonClasses.Response <init>
WARNING: user doesn't exist
Apr 13, 2021 2:10:57 PM Server.Domain.CommonClasses.Response <init>
WARNING: username already exists
Apr 13, 2021 2:10:57 PM Server.Domain.CommonClasses.Response <init>
WARNING: username already exists
Apr 13, 2021 2:10:57 PM Server.Domain.CommonClasses.Response <init>
WARNING: username already exists
Apr 13, 2021 2:10:57 PM Server.Domain.CommonClasses.Response <init>
WARNING: user doesn't exist
Apr 13, 2021 2:10:57 PM Server.Domain.CommonClasses.Response <init>
WARNING: username already exists
Apr 13, 2021 2:10:57 PM Server.Domain.CommonClasses.Response <init>
WARNING: username already exists
Apr 13, 2021 2:10:57 PM Server.Domain.CommonClasses.Response <init>
WARNING: username already exists
Apr 13, 2021 2:10:57 PM Server.Domain.CommonClasses.Response <init>
WARNING: username already exists
Apr 13, 2021 2:10:57 PM Server.Domain.CommonClasses.Response <init>
WARNING: username already exists
Apr 13, 2021 2:10:57 PM Server.Domain.CommonClasses.Response <init>
WARNING: username already exists
Apr 13, 2021 2:10:57 PM Server.Domain.CommonClasses.Response <init>
WARNING: user doesn't exist
Apr 13, 2021 2:10:57 PM Server.Domain.CommonClasses.Response <init>
WARNING: user doesn't exist
Apr 13, 2021 2:10:57 PM Server.Domain.CommonClasses.Response <init>
WARNING: user doesn't exist
Apr 13, 2021 2:10:57 PM Server.Domain.CommonClasses.Response <init>
WARNING: user doesn't exist
Apr 13, 2021 2:10:57 PM Server.Domain.CommonClasses.Response <init>
WARNING: user doesn't exist
Apr 13, 2021 2:10:57 PM Server.Domain.CommonClasses.Response <init>
WARNING: User doesn't exist
Apr 13, 2021 2:10:57 PM Server.Domain.CommonClasses.Response <init>
WARNING: User doesn't exist
Apr 13, 2021 2:10:57 PM Server.Domain.CommonClasses.Response <init>
WARNING: User doesn't exist
Apr 13, 2021 2:10:57 PM Server.Domain.CommonClasses.Response <init>
WARNING: username already exists
Apr 13, 2021 2:10:57 PM Server.Domain.CommonClasses.Response <init>
WARNING: Failed to login user
Apr 13, 2021 2:10:57 PM Server.Domain.CommonClasses.Response <init>
WARNING: username already exists
Apr 13, 2021 2:10:57 PM Server.Domain.CommonClasses.Response <init>
WARNING: username already exists
Apr 13, 2021 2:10:57 PM Server.Domain.CommonClasses.Response <init>
WARNING: user doesn't exist
Apr 13, 2021 2:10:57 PM Server.Domain.CommonClasses.Response <init>
WARNING: username already exists
Apr 13, 2021 2:10:57 PM Server.Domain.CommonClasses.Response <init>
WARNING: username already exists
Apr 13, 2021 2:10:57 PM Server.Domain.CommonClasses.Response <init>
WARNING: user doesn't exist
Apr 13, 2021 2:10:57 PM Server.Domain.CommonClasses.Response <init>
WARNING: User doesn't exist
Apr 13, 2021 2:10:57 PM Server.Domain.CommonClasses.Response <init>
WARNING: username already exists
Apr 13, 2021 2:10:57 PM Server.Domain.CommonClasses.Response <init>
WARNING: username already exists
Apr 13, 2021 2:10:57 PM Server.Domain.CommonClasses.Response <init>
WARNING: user doesn't exist
Apr 13, 2021 2:10:57 PM Server.Domain.CommonClasses.Response <init>
WARNING: User doesn't exist
Apr 13, 2021 2:17:22 PM Server.Domain.CommonClasses.Response <init>
WARNING: username already exists
Apr 13, 2021 2:17:22 PM Server.Domain.CommonClasses.Response <init>
WARNING: username already exists
Apr 13, 2021 2:17:22 PM Server.Domain.CommonClasses.Response <init>
WARNING: username already exists
Apr 13, 2021 2:17:22 PM Server.Domain.CommonClasses.Response <init>
WARNING: username already exists
Apr 13, 2021 2:17:22 PM Server.Domain.CommonClasses.Response <init>
WARNING: user doesn't exist
Apr 13, 2021 2:17:22 PM Server.Domain.CommonClasses.Response <init>
WARNING: Cannot logout without being logged in
Apr 13, 2021 2:17:22 PM Server.Domain.CommonClasses.Response <init>
WARNING: User not permitted to logout
Apr 13, 2021 2:17:22 PM Server.Domain.CommonClasses.Response <init>
WARNING: username already exists
Apr 13, 2021 2:17:22 PM Server.Domain.CommonClasses.Response <init>
WARNING: Failed to login user
Apr 13, 2021 2:17:22 PM Server.Domain.CommonClasses.Response <init>
WARNING: username already exists
Apr 13, 2021 2:17:22 PM Server.Domain.CommonClasses.Response <init>
WARNING: username already exists
Apr 13, 2021 2:17:22 PM Server.Domain.CommonClasses.Response <init>
WARNING: username already exists
Apr 13, 2021 2:17:22 PM Server.Domain.CommonClasses.Response <init>
WARNING: username already exists
Apr 13, 2021 2:17:22 PM Server.Domain.CommonClasses.Response <init>
WARNING: username already exists
Apr 13, 2021 2:17:22 PM Server.Domain.CommonClasses.Response <init>
WARNING: username already exists
Apr 13, 2021 2:17:22 PM Server.Domain.CommonClasses.Response <init>
WARNING: username already exists
Apr 13, 2021 2:17:22 PM Server.Domain.CommonClasses.Response <init>
WARNING: username already exists
Apr 13, 2021 2:17:22 PM Server.Domain.CommonClasses.Response <init>
WARNING: username already exists
Apr 13, 2021 2:17:22 PM Server.Domain.CommonClasses.Response <init>
WARNING: user doesn't exist
Apr 13, 2021 2:17:22 PM Server.Domain.CommonClasses.Response <init>
WARNING: user doesn't exist
Apr 13, 2021 2:17:22 PM Server.Domain.CommonClasses.Response <init>
WARNING: user doesn't exist
Apr 13, 2021 2:17:22 PM Server.Domain.CommonClasses.Response <init>
WARNING: user doesn't exist
Apr 13, 2021 2:17:22 PM Server.Domain.CommonClasses.Response <init>
WARNING: user doesn't exist
Apr 13, 2021 2:17:22 PM Server.Domain.CommonClasses.Response <init>
WARNING: user not appointed by this appointer
Apr 13, 2021 2:17:22 PM Server.Domain.CommonClasses.Response <init>
WARNING: user not appointed by this appointer
Apr 13, 2021 2:17:22 PM Server.Domain.CommonClasses.Response <init>
WARNING: User doesn't exist
Apr 13, 2021 2:17:22 PM Server.Domain.CommonClasses.Response <init>
WARNING: user not appointed by this appointer
Apr 13, 2021 2:17:22 PM Server.Domain.CommonClasses.Response <init>
WARNING: User doesn't exist
Apr 13, 2021 2:17:22 PM Server.Domain.CommonClasses.Response <init>
WARNING: user not appointed by this appointer
Apr 13, 2021 2:17:22 PM Server.Domain.CommonClasses.Response <init>
WARNING: User doesn't exist
Apr 13, 2021 2:17:22 PM Server.Domain.CommonClasses.Response <init>
WARNING: username already exists
Apr 13, 2021 2:17:22 PM Server.Domain.CommonClasses.Response <init>
WARNING: username already exists
Apr 13, 2021 2:17:22 PM Server.Domain.CommonClasses.Response <init>
WARNING: user doesn't exist
Apr 13, 2021 2:17:22 PM Server.Domain.CommonClasses.Response <init>
WARNING: username already exists
Apr 13, 2021 2:17:22 PM Server.Domain.CommonClasses.Response <init>
WARNING: username already exists
Apr 13, 2021 2:17:22 PM Server.Domain.CommonClasses.Response <init>
WARNING: username already exists
Apr 13, 2021 2:17:22 PM Server.Domain.CommonClasses.Response <init>
WARNING: username already exists
Apr 13, 2021 2:17:22 PM Server.Domain.CommonClasses.Response <init>
WARNING: user doesn't exist
Apr 13, 2021 2:17:22 PM Server.Domain.CommonClasses.Response <init>
WARNING: username already exists
Apr 13, 2021 2:17:22 PM Server.Domain.CommonClasses.Response <init>
WARNING: username already exists
Apr 13, 2021 2:17:22 PM Server.Domain.CommonClasses.Response <init>
WARNING: username already exists
Apr 13, 2021 2:17:22 PM Server.Domain.CommonClasses.Response <init>
WARNING: username already exists
Apr 13, 2021 2:17:22 PM Server.Domain.CommonClasses.Response <init>
WARNING: username already exists
Apr 13, 2021 2:17:22 PM Server.Domain.CommonClasses.Response <init>
WARNING: username already exists
Apr 13, 2021 2:17:22 PM Server.Domain.CommonClasses.Response <init>
WARNING: user doesn't exist
Apr 13, 2021 2:17:22 PM Server.Domain.CommonClasses.Response <init>
WARNING: user doesn't exist
Apr 13, 2021 2:17:22 PM Server.Domain.CommonClasses.Response <init>
WARNING: user doesn't exist
Apr 13, 2021 2:17:22 PM Server.Domain.CommonClasses.Response <init>
WARNING: user doesn't exist
Apr 13, 2021 2:17:22 PM Server.Domain.CommonClasses.Response <init>
WARNING: user doesn't exist
Apr 13, 2021 2:17:22 PM Server.Domain.CommonClasses.Response <init>
WARNING: User doesn't exist
Apr 13, 2021 2:17:22 PM Server.Domain.CommonClasses.Response <init>
WARNING: User doesn't exist
Apr 13, 2021 2:17:22 PM Server.Domain.CommonClasses.Response <init>
WARNING: User doesn't exist
Apr 13, 2021 2:17:22 PM Server.Domain.CommonClasses.Response <init>
WARNING: username already exists
Apr 13, 2021 2:17:22 PM Server.Domain.CommonClasses.Response <init>
WARNING: Failed to login user
Apr 13, 2021 2:17:22 PM Server.Domain.CommonClasses.Response <init>
WARNING: username already exists
Apr 13, 2021 2:17:22 PM Server.Domain.CommonClasses.Response <init>
WARNING: username already exists
Apr 13, 2021 2:17:22 PM Server.Domain.CommonClasses.Response <init>
WARNING: user doesn't exist
Apr 13, 2021 2:17:22 PM Server.Domain.CommonClasses.Response <init>
WARNING: username already exists
Apr 13, 2021 2:17:22 PM Server.Domain.CommonClasses.Response <init>
WARNING: username already exists
Apr 13, 2021 2:17:22 PM Server.Domain.CommonClasses.Response <init>
WARNING: user doesn't exist
Apr 13, 2021 2:17:22 PM Server.Domain.CommonClasses.Response <init>
WARNING: User doesn't exist
Apr 13, 2021 2:17:22 PM Server.Domain.CommonClasses.Response <init>
WARNING: username already exists
Apr 13, 2021 2:17:22 PM Server.Domain.CommonClasses.Response <init>
WARNING: username already exists
Apr 13, 2021 2:17:22 PM Server.Domain.CommonClasses.Response <init>
WARNING: user doesn't exist
Apr 13, 2021 2:17:22 PM Server.Domain.CommonClasses.Response <init>
WARNING: User doesn't exist
Apr 13, 2021 2:26:06 PM Server.Domain.CommonClasses.Response <init>
WARNING: username already exists
Apr 13, 2021 2:26:06 PM Server.Domain.CommonClasses.Response <init>
WARNING: username already exists
Apr 13, 2021 2:26:06 PM Server.Domain.CommonClasses.Response <init>
WARNING: username already exists
Apr 13, 2021 2:26:06 PM Server.Domain.CommonClasses.Response <init>
WARNING: username already exists
Apr 13, 2021 2:26:06 PM Server.Domain.CommonClasses.Response <init>
WARNING: user doesn't exist
Apr 13, 2021 2:26:06 PM Server.Domain.CommonClasses.Response <init>
WARNING: Cannot logout without being logged in
Apr 13, 2021 2:26:06 PM Server.Domain.CommonClasses.Response <init>
WARNING: User not permitted to logout
Apr 13, 2021 2:26:06 PM Server.Domain.CommonClasses.Response <init>
WARNING: username already exists
Apr 13, 2021 2:26:06 PM Server.Domain.CommonClasses.Response <init>
WARNING: Failed to login user
Apr 13, 2021 2:26:06 PM Server.Domain.CommonClasses.Response <init>
WARNING: username already exists
Apr 13, 2021 2:26:06 PM Server.Domain.CommonClasses.Response <init>
WARNING: username already exists
Apr 13, 2021 2:26:06 PM Server.Domain.CommonClasses.Response <init>
WARNING: username already exists
Apr 13, 2021 2:26:06 PM Server.Domain.CommonClasses.Response <init>
WARNING: username already exists
Apr 13, 2021 2:26:06 PM Server.Domain.CommonClasses.Response <init>
WARNING: username already exists
Apr 13, 2021 2:26:06 PM Server.Domain.CommonClasses.Response <init>
WARNING: username already exists
Apr 13, 2021 2:26:06 PM Server.Domain.CommonClasses.Response <init>
WARNING: username already exists
Apr 13, 2021 2:26:06 PM Server.Domain.CommonClasses.Response <init>
WARNING: username already exists
Apr 13, 2021 2:26:06 PM Server.Domain.CommonClasses.Response <init>
WARNING: username already exists
Apr 13, 2021 2:26:06 PM Server.Domain.CommonClasses.Response <init>
WARNING: user doesn't exist
Apr 13, 2021 2:26:06 PM Server.Domain.CommonClasses.Response <init>
WARNING: user doesn't exist
Apr 13, 2021 2:26:06 PM Server.Domain.CommonClasses.Response <init>
WARNING: user doesn't exist
Apr 13, 2021 2:26:06 PM Server.Domain.CommonClasses.Response <init>
WARNING: user doesn't exist
Apr 13, 2021 2:26:06 PM Server.Domain.CommonClasses.Response <init>
WARNING: user doesn't exist
Apr 13, 2021 2:26:06 PM Server.Domain.CommonClasses.Response <init>
WARNING: user not appointed by this appointer
Apr 13, 2021 2:26:06 PM Server.Domain.CommonClasses.Response <init>
WARNING: user not appointed by this appointer
Apr 13, 2021 2:26:06 PM Server.Domain.CommonClasses.Response <init>
WARNING: User doesn't exist
Apr 13, 2021 2:26:06 PM Server.Domain.CommonClasses.Response <init>
WARNING: user not appointed by this appointer
Apr 13, 2021 2:26:06 PM Server.Domain.CommonClasses.Response <init>
WARNING: User doesn't exist
Apr 13, 2021 2:26:06 PM Server.Domain.CommonClasses.Response <init>
WARNING: user not appointed by this appointer
Apr 13, 2021 2:26:06 PM Server.Domain.CommonClasses.Response <init>
WARNING: User doesn't exist
Apr 13, 2021 2:26:06 PM Server.Domain.CommonClasses.Response <init>
WARNING: username already exists
Apr 13, 2021 2:26:06 PM Server.Domain.CommonClasses.Response <init>
WARNING: username already exists
Apr 13, 2021 2:26:06 PM Server.Domain.CommonClasses.Response <init>
WARNING: user doesn't exist
Apr 13, 2021 2:26:06 PM Server.Domain.CommonClasses.Response <init>
WARNING: username already exists
Apr 13, 2021 2:26:06 PM Server.Domain.CommonClasses.Response <init>
WARNING: username already exists
Apr 13, 2021 2:26:06 PM Server.Domain.CommonClasses.Response <init>
WARNING: user doesn't exist
Apr 13, 2021 2:26:06 PM Server.Domain.CommonClasses.Response <init>
WARNING: username already exists
Apr 13, 2021 2:26:06 PM Server.Domain.CommonClasses.Response <init>
WARNING: username already exists
Apr 13, 2021 2:26:06 PM Server.Domain.CommonClasses.Response <init>
WARNING: username already exists
Apr 13, 2021 2:26:06 PM Server.Domain.CommonClasses.Response <init>
WARNING: username already exists
Apr 13, 2021 2:26:06 PM Server.Domain.CommonClasses.Response <init>
WARNING: username already exists
Apr 13, 2021 2:26:06 PM Server.Domain.CommonClasses.Response <init>
WARNING: username already exists
Apr 13, 2021 2:26:06 PM Server.Domain.CommonClasses.Response <init>
WARNING: username already exists
Apr 13, 2021 2:26:06 PM Server.Domain.CommonClasses.Response <init>
WARNING: username already exists
Apr 13, 2021 2:26:06 PM Server.Domain.CommonClasses.Response <init>
WARNING: user doesn't exist
Apr 13, 2021 2:26:06 PM Server.Domain.CommonClasses.Response <init>
WARNING: user doesn't exist
Apr 13, 2021 2:26:06 PM Server.Domain.CommonClasses.Response <init>
WARNING: user doesn't exist
Apr 13, 2021 2:26:06 PM Server.Domain.CommonClasses.Response <init>
WARNING: user doesn't exist
Apr 13, 2021 2:26:06 PM Server.Domain.CommonClasses.Response <init>
WARNING: user doesn't exist
Apr 13, 2021 2:26:06 PM Server.Domain.CommonClasses.Response <init>
WARNING: User doesn't exist
Apr 13, 2021 2:26:06 PM Server.Domain.CommonClasses.Response <init>
WARNING: User doesn't exist
Apr 13, 2021 2:26:06 PM Server.Domain.CommonClasses.Response <init>
WARNING: User doesn't exist
Apr 13, 2021 2:26:06 PM Server.Domain.CommonClasses.Response <init>
WARNING: username already exists
Apr 13, 2021 2:26:06 PM Server.Domain.CommonClasses.Response <init>
WARNING: Failed to login user
Apr 13, 2021 2:26:06 PM Server.Domain.CommonClasses.Response <init>
WARNING: username already exists
Apr 13, 2021 2:26:06 PM Server.Domain.CommonClasses.Response <init>
WARNING: username already exists
Apr 13, 2021 2:26:06 PM Server.Domain.CommonClasses.Response <init>
WARNING: user doesn't exist
Apr 13, 2021 2:26:06 PM Server.Domain.CommonClasses.Response <init>
WARNING: username already exists
Apr 13, 2021 2:26:06 PM Server.Domain.CommonClasses.Response <init>
WARNING: username already exists
Apr 13, 2021 2:26:06 PM Server.Domain.CommonClasses.Response <init>
WARNING: user doesn't exist
Apr 13, 2021 2:26:06 PM Server.Domain.CommonClasses.Response <init>
WARNING: User doesn't exist
Apr 13, 2021 2:26:06 PM Server.Domain.CommonClasses.Response <init>
WARNING: username already exists
Apr 13, 2021 2:26:06 PM Server.Domain.CommonClasses.Response <init>
WARNING: username already exists
Apr 13, 2021 2:26:06 PM Server.Domain.CommonClasses.Response <init>
WARNING: user doesn't exist
Apr 13, 2021 2:26:06 PM Server.Domain.CommonClasses.Response <init>
WARNING: User doesn't exist
Apr 13, 2021 2:41:51 PM Server.Domain.CommonClasses.Response <init>
WARNING: username already exists
Apr 13, 2021 2:41:52 PM Server.Domain.CommonClasses.Response <init>
WARNING: username already exists
Apr 13, 2021 2:41:52 PM Server.Domain.CommonClasses.Response <init>
WARNING: username already exists
Apr 13, 2021 2:41:52 PM Server.Domain.CommonClasses.Response <init>
WARNING: username already exists
Apr 13, 2021 2:41:52 PM Server.Domain.CommonClasses.Response <init>
WARNING: user doesn't exist
Apr 13, 2021 2:41:52 PM Server.Domain.CommonClasses.Response <init>
WARNING: Cannot logout without being logged in
Apr 13, 2021 2:41:52 PM Server.Domain.CommonClasses.Response <init>
WARNING: User not permitted to logout
Apr 13, 2021 2:41:52 PM Server.Domain.CommonClasses.Response <init>
WARNING: username already exists
Apr 13, 2021 2:41:52 PM Server.Domain.CommonClasses.Response <init>
WARNING: Failed to login user
Apr 13, 2021 2:41:52 PM Server.Domain.CommonClasses.Response <init>
WARNING: username already exists
Apr 13, 2021 2:41:52 PM Server.Domain.CommonClasses.Response <init>
WARNING: username already exists
Apr 13, 2021 2:41:52 PM Server.Domain.CommonClasses.Response <init>
WARNING: username already exists
Apr 13, 2021 2:41:52 PM Server.Domain.CommonClasses.Response <init>
WARNING: username already exists
Apr 13, 2021 2:41:52 PM Server.Domain.CommonClasses.Response <init>
WARNING: username already exists
Apr 13, 2021 2:41:52 PM Server.Domain.CommonClasses.Response <init>
WARNING: username already exists
Apr 13, 2021 2:41:52 PM Server.Domain.CommonClasses.Response <init>
WARNING: username already exists
Apr 13, 2021 2:41:52 PM Server.Domain.CommonClasses.Response <init>
WARNING: username already exists
Apr 13, 2021 2:41:52 PM Server.Domain.CommonClasses.Response <init>
WARNING: username already exists
Apr 13, 2021 2:41:52 PM Server.Domain.CommonClasses.Response <init>
WARNING: user doesn't exist
Apr 13, 2021 2:41:52 PM Server.Domain.CommonClasses.Response <init>
WARNING: user doesn't exist
Apr 13, 2021 2:41:52 PM Server.Domain.CommonClasses.Response <init>
WARNING: user doesn't exist
Apr 13, 2021 2:41:52 PM Server.Domain.CommonClasses.Response <init>
WARNING: user doesn't exist
Apr 13, 2021 2:41:52 PM Server.Domain.CommonClasses.Response <init>
WARNING: user doesn't exist
Apr 13, 2021 2:41:52 PM Server.Domain.CommonClasses.Response <init>
WARNING: user not appointed by this appointer
Apr 13, 2021 2:41:52 PM Server.Domain.CommonClasses.Response <init>
WARNING: user not appointed by this appointer
Apr 13, 2021 2:41:52 PM Server.Domain.CommonClasses.Response <init>
WARNING: User doesn't exist
Apr 13, 2021 2:41:52 PM Server.Domain.CommonClasses.Response <init>
WARNING: user not appointed by this appointer
Apr 13, 2021 2:41:52 PM Server.Domain.CommonClasses.Response <init>
WARNING: User doesn't exist
Apr 13, 2021 2:41:52 PM Server.Domain.CommonClasses.Response <init>
WARNING: user not appointed by this appointer
Apr 13, 2021 2:41:52 PM Server.Domain.CommonClasses.Response <init>
WARNING: User doesn't exist
Apr 13, 2021 2:41:52 PM Server.Domain.CommonClasses.Response <init>
WARNING: username already exists
Apr 13, 2021 2:41:52 PM Server.Domain.CommonClasses.Response <init>
WARNING: username already exists
Apr 13, 2021 2:41:52 PM Server.Domain.CommonClasses.Response <init>
WARNING: user doesn't exist
Apr 13, 2021 2:41:52 PM Server.Domain.CommonClasses.Response <init>
WARNING: username already exists
Apr 13, 2021 2:41:52 PM Server.Domain.CommonClasses.Response <init>
WARNING: username already exists
Apr 13, 2021 2:41:52 PM Server.Domain.CommonClasses.Response <init>
WARNING: user doesn't exist
Apr 13, 2021 2:41:52 PM Server.Domain.CommonClasses.Response <init>
WARNING: User was already appointed in this store
Apr 13, 2021 2:41:52 PM Server.Domain.CommonClasses.Response <init>
WARNING: username already exists
Apr 13, 2021 2:41:52 PM Server.Domain.CommonClasses.Response <init>
WARNING: username already exists
Apr 13, 2021 2:41:52 PM Server.Domain.CommonClasses.Response <init>
WARNING: user doesn't exist
Apr 13, 2021 2:41:52 PM Server.Domain.CommonClasses.Response <init>
WARNING: username already exists
Apr 13, 2021 2:41:52 PM Server.Domain.CommonClasses.Response <init>
WARNING: username already exists
Apr 13, 2021 2:41:52 PM Server.Domain.CommonClasses.Response <init>
WARNING: username already exists
Apr 13, 2021 2:41:52 PM Server.Domain.CommonClasses.Response <init>
WARNING: username already exists
Apr 13, 2021 2:41:52 PM Server.Domain.CommonClasses.Response <init>
WARNING: username already exists
Apr 13, 2021 2:41:52 PM Server.Domain.CommonClasses.Response <init>
WARNING: username already exists
Apr 13, 2021 2:41:52 PM Server.Domain.CommonClasses.Response <init>
WARNING: username already exists
Apr 13, 2021 2:41:52 PM Server.Domain.CommonClasses.Response <init>
WARNING: username already exists
Apr 13, 2021 2:41:52 PM Server.Domain.CommonClasses.Response <init>
WARNING: user doesn't exist
Apr 13, 2021 2:41:52 PM Server.Domain.CommonClasses.Response <init>
WARNING: user doesn't exist
Apr 13, 2021 2:41:52 PM Server.Domain.CommonClasses.Response <init>
WARNING: user doesn't exist
Apr 13, 2021 2:41:52 PM Server.Domain.CommonClasses.Response <init>
WARNING: user doesn't exist
Apr 13, 2021 2:41:52 PM Server.Domain.CommonClasses.Response <init>
WARNING: user doesn't exist
Apr 13, 2021 2:41:52 PM Server.Domain.CommonClasses.Response <init>
WARNING: User doesn't exist
Apr 13, 2021 2:41:52 PM Server.Domain.CommonClasses.Response <init>
WARNING: User doesn't exist
Apr 13, 2021 2:41:52 PM Server.Domain.CommonClasses.Response <init>
WARNING: User doesn't exist
Apr 13, 2021 2:41:52 PM Server.Domain.CommonClasses.Response <init>
WARNING: username already exists
Apr 13, 2021 2:41:52 PM Server.Domain.CommonClasses.Response <init>
WARNING: Failed to login user
Apr 13, 2021 2:41:52 PM Server.Domain.CommonClasses.Response <init>
WARNING: username already exists
Apr 13, 2021 2:41:52 PM Server.Domain.CommonClasses.Response <init>
WARNING: username already exists
Apr 13, 2021 2:41:52 PM Server.Domain.CommonClasses.Response <init>
WARNING: user doesn't exist
Apr 13, 2021 2:41:52 PM Server.Domain.CommonClasses.Response <init>
WARNING: username already exists
Apr 13, 2021 2:41:52 PM Server.Domain.CommonClasses.Response <init>
WARNING: username already exists
Apr 13, 2021 2:41:52 PM Server.Domain.CommonClasses.Response <init>
WARNING: user doesn't exist
Apr 13, 2021 2:41:52 PM Server.Domain.CommonClasses.Response <init>
WARNING: User doesn't exist
Apr 13, 2021 2:41:52 PM Server.Domain.CommonClasses.Response <init>
WARNING: username already exists
Apr 13, 2021 2:41:52 PM Server.Domain.CommonClasses.Response <init>
WARNING: username already exists
Apr 13, 2021 2:41:52 PM Server.Domain.CommonClasses.Response <init>
WARNING: user doesn't exist
Apr 13, 2021 2:41:52 PM Server.Domain.CommonClasses.Response <init>
WARNING: User doesn't exist
Apr 13, 2021 2:47:45 PM Server.Domain.CommonClasses.Response <init>
WARNING: username already exists
Apr 13, 2021 2:47:45 PM Server.Domain.CommonClasses.Response <init>
WARNING: username already exists
Apr 13, 2021 2:47:45 PM Server.Domain.CommonClasses.Response <init>
WARNING: username already exists
Apr 13, 2021 2:47:45 PM Server.Domain.CommonClasses.Response <init>
WARNING: username already exists
Apr 13, 2021 2:47:45 PM Server.Domain.CommonClasses.Response <init>
WARNING: user doesn't exist
Apr 13, 2021 2:47:45 PM Server.Domain.CommonClasses.Response <init>
WARNING: Cannot logout without being logged in
Apr 13, 2021 2:47:45 PM Server.Domain.CommonClasses.Response <init>
WARNING: User not permitted to logout
Apr 13, 2021 2:47:45 PM Server.Domain.CommonClasses.Response <init>
WARNING: username already exists
Apr 13, 2021 2:47:45 PM Server.Domain.CommonClasses.Response <init>
WARNING: Failed to login user
Apr 13, 2021 2:47:45 PM Server.Domain.CommonClasses.Response <init>
WARNING: username already exists
Apr 13, 2021 2:47:45 PM Server.Domain.CommonClasses.Response <init>
WARNING: username already exists
Apr 13, 2021 2:47:45 PM Server.Domain.CommonClasses.Response <init>
WARNING: username already exists
Apr 13, 2021 2:47:45 PM Server.Domain.CommonClasses.Response <init>
WARNING: username already exists
Apr 13, 2021 2:47:45 PM Server.Domain.CommonClasses.Response <init>
WARNING: username already exists
Apr 13, 2021 2:47:45 PM Server.Domain.CommonClasses.Response <init>
WARNING: username already exists
Apr 13, 2021 2:47:45 PM Server.Domain.CommonClasses.Response <init>
WARNING: username already exists
Apr 13, 2021 2:47:45 PM Server.Domain.CommonClasses.Response <init>
WARNING: username already exists
Apr 13, 2021 2:47:45 PM Server.Domain.CommonClasses.Response <init>
WARNING: username already exists
Apr 13, 2021 2:47:45 PM Server.Domain.CommonClasses.Response <init>
WARNING: user doesn't exist
Apr 13, 2021 2:47:45 PM Server.Domain.CommonClasses.Response <init>
WARNING: user doesn't exist
Apr 13, 2021 2:47:45 PM Server.Domain.CommonClasses.Response <init>
WARNING: user doesn't exist
Apr 13, 2021 2:47:45 PM Server.Domain.CommonClasses.Response <init>
WARNING: user doesn't exist
Apr 13, 2021 2:47:45 PM Server.Domain.CommonClasses.Response <init>
WARNING: user doesn't exist
Apr 13, 2021 2:47:45 PM Server.Domain.CommonClasses.Response <init>
WARNING: user not appointed by this appointer
Apr 13, 2021 2:47:45 PM Server.Domain.CommonClasses.Response <init>
WARNING: user not appointed by this appointer
Apr 13, 2021 2:47:45 PM Server.Domain.CommonClasses.Response <init>
WARNING: User doesn't exist
Apr 13, 2021 2:47:45 PM Server.Domain.CommonClasses.Response <init>
WARNING: user not appointed by this appointer
Apr 13, 2021 2:47:45 PM Server.Domain.CommonClasses.Response <init>
WARNING: User doesn't exist
Apr 13, 2021 2:47:45 PM Server.Domain.CommonClasses.Response <init>
WARNING: user not appointed by this appointer
Apr 13, 2021 2:47:45 PM Server.Domain.CommonClasses.Response <init>
WARNING: User doesn't exist
Apr 13, 2021 2:47:45 PM Server.Domain.CommonClasses.Response <init>
WARNING: username already exists
Apr 13, 2021 2:47:45 PM Server.Domain.CommonClasses.Response <init>
WARNING: username already exists
Apr 13, 2021 2:47:45 PM Server.Domain.CommonClasses.Response <init>
WARNING: user doesn't exist
Apr 13, 2021 2:47:45 PM Server.Domain.CommonClasses.Response <init>
WARNING: username already exists
Apr 13, 2021 2:47:45 PM Server.Domain.CommonClasses.Response <init>
WARNING: username already exists
Apr 13, 2021 2:47:45 PM Server.Domain.CommonClasses.Response <init>
WARNING: user doesn't exist
Apr 13, 2021 2:47:45 PM Server.Domain.CommonClasses.Response <init>
WARNING: User was already appointed in this store
Apr 13, 2021 2:47:45 PM Server.Domain.CommonClasses.Response <init>
WARNING: username already exists
Apr 13, 2021 2:47:45 PM Server.Domain.CommonClasses.Response <init>
WARNING: username already exists
Apr 13, 2021 2:47:45 PM Server.Domain.CommonClasses.Response <init>
WARNING: user doesn't exist
Apr 13, 2021 2:47:45 PM Server.Domain.CommonClasses.Response <init>
WARNING: username already exists
Apr 13, 2021 2:47:45 PM Server.Domain.CommonClasses.Response <init>
WARNING: username already exists
Apr 13, 2021 2:47:45 PM Server.Domain.CommonClasses.Response <init>
WARNING: username already exists
Apr 13, 2021 2:47:45 PM Server.Domain.CommonClasses.Response <init>
WARNING: username already exists
Apr 13, 2021 2:47:45 PM Server.Domain.CommonClasses.Response <init>
WARNING: username already exists
Apr 13, 2021 2:47:45 PM Server.Domain.CommonClasses.Response <init>
WARNING: username already exists
Apr 13, 2021 2:47:45 PM Server.Domain.CommonClasses.Response <init>
WARNING: username already exists
Apr 13, 2021 2:47:45 PM Server.Domain.CommonClasses.Response <init>
WARNING: username already exists
Apr 13, 2021 2:47:45 PM Server.Domain.CommonClasses.Response <init>
WARNING: user doesn't exist
Apr 13, 2021 2:47:45 PM Server.Domain.CommonClasses.Response <init>
WARNING: user doesn't exist
Apr 13, 2021 2:47:45 PM Server.Domain.CommonClasses.Response <init>
WARNING: user doesn't exist
Apr 13, 2021 2:47:45 PM Server.Domain.CommonClasses.Response <init>
WARNING: user doesn't exist
Apr 13, 2021 2:47:45 PM Server.Domain.CommonClasses.Response <init>
WARNING: user doesn't exist
Apr 13, 2021 2:47:45 PM Server.Domain.CommonClasses.Response <init>
WARNING: User doesn't exist
Apr 13, 2021 2:47:45 PM Server.Domain.CommonClasses.Response <init>
WARNING: User doesn't exist
Apr 13, 2021 2:47:45 PM Server.Domain.CommonClasses.Response <init>
WARNING: User doesn't exist
Apr 13, 2021 2:47:45 PM Server.Domain.CommonClasses.Response <init>
WARNING: username already exists
Apr 13, 2021 2:47:45 PM Server.Domain.CommonClasses.Response <init>
WARNING: username already exists
Apr 13, 2021 2:47:45 PM Server.Domain.CommonClasses.Response <init>
WARNING: user doesn't exist
Apr 13, 2021 2:47:45 PM Server.Domain.CommonClasses.Response <init>
WARNING: User was already appointed in this store
Apr 13, 2021 2:47:45 PM Server.Domain.CommonClasses.Response <init>
WARNING: username already exists
Apr 13, 2021 2:47:45 PM Server.Domain.CommonClasses.Response <init>
WARNING: Failed to login user
Apr 13, 2021 2:47:45 PM Server.Domain.CommonClasses.Response <init>
WARNING: username already exists
Apr 13, 2021 2:47:45 PM Server.Domain.CommonClasses.Response <init>
WARNING: username already exists
Apr 13, 2021 2:47:45 PM Server.Domain.CommonClasses.Response <init>
WARNING: user doesn't exist
Apr 13, 2021 2:47:45 PM Server.Domain.CommonClasses.Response <init>
WARNING: username already exists
Apr 13, 2021 2:47:45 PM Server.Domain.CommonClasses.Response <init>
WARNING: username already exists
Apr 13, 2021 2:47:45 PM Server.Domain.CommonClasses.Response <init>
WARNING: user doesn't exist
Apr 13, 2021 2:47:45 PM Server.Domain.CommonClasses.Response <init>
WARNING: User doesn't exist
Apr 13, 2021 2:47:45 PM Server.Domain.CommonClasses.Response <init>
WARNING: username already exists
Apr 13, 2021 2:47:45 PM Server.Domain.CommonClasses.Response <init>
WARNING: username already exists
Apr 13, 2021 2:47:45 PM Server.Domain.CommonClasses.Response <init>
WARNING: user doesn't exist
Apr 13, 2021 2:47:45 PM Server.Domain.CommonClasses.Response <init>
WARNING: User doesn't exist
Apr 13, 2021 3:35:50 PM Server.Domain.CommonClasses.Response <init>
WARNING: username already exists
Apr 13, 2021 3:35:50 PM Server.Domain.CommonClasses.Response <init>
WARNING: username already exists
Apr 13, 2021 3:35:50 PM Server.Domain.CommonClasses.Response <init>
WARNING: username already exists
Apr 13, 2021 3:35:50 PM Server.Domain.CommonClasses.Response <init>
WARNING: username already exists
Apr 13, 2021 3:35:50 PM Server.Domain.CommonClasses.Response <init>
WARNING: user doesn't exist
Apr 13, 2021 3:35:50 PM Server.Domain.CommonClasses.Response <init>
WARNING: Cannot logout without being logged in
Apr 13, 2021 3:35:50 PM Server.Domain.CommonClasses.Response <init>
WARNING: User not permitted to logout
Apr 13, 2021 3:35:50 PM Server.Domain.CommonClasses.Response <init>
WARNING: username already exists
Apr 13, 2021 3:35:50 PM Server.Domain.CommonClasses.Response <init>
WARNING: username already exists
Apr 13, 2021 3:35:50 PM Server.Domain.CommonClasses.Response <init>
WARNING: user doesn't exist
Apr 13, 2021 3:35:50 PM Server.Domain.CommonClasses.Response <init>
WARNING: username already exists
Apr 13, 2021 3:35:50 PM Server.Domain.CommonClasses.Response <init>
WARNING: Failed to login user
Apr 13, 2021 3:35:50 PM Server.Domain.CommonClasses.Response <init>
WARNING: username already exists
Apr 13, 2021 3:35:50 PM Server.Domain.CommonClasses.Response <init>
WARNING: username already exists
Apr 13, 2021 3:35:50 PM Server.Domain.CommonClasses.Response <init>
WARNING: username already exists
Apr 13, 2021 3:35:50 PM Server.Domain.CommonClasses.Response <init>
WARNING: username already exists
Apr 13, 2021 3:35:50 PM Server.Domain.CommonClasses.Response <init>
WARNING: username already exists
Apr 13, 2021 3:35:50 PM Server.Domain.CommonClasses.Response <init>
WARNING: username already exists
Apr 13, 2021 3:35:50 PM Server.Domain.CommonClasses.Response <init>
WARNING: username already exists
Apr 13, 2021 3:35:50 PM Server.Domain.CommonClasses.Response <init>
WARNING: username already exists
Apr 13, 2021 3:35:50 PM Server.Domain.CommonClasses.Response <init>
WARNING: username already exists
Apr 13, 2021 3:35:50 PM Server.Domain.CommonClasses.Response <init>
WARNING: user doesn't exist
Apr 13, 2021 3:35:50 PM Server.Domain.CommonClasses.Response <init>
WARNING: user doesn't exist
Apr 13, 2021 3:35:50 PM Server.Domain.CommonClasses.Response <init>
WARNING: user doesn't exist
Apr 13, 2021 3:35:50 PM Server.Domain.CommonClasses.Response <init>
WARNING: user doesn't exist
Apr 13, 2021 3:35:50 PM Server.Domain.CommonClasses.Response <init>
WARNING: user doesn't exist
Apr 13, 2021 3:35:50 PM Server.Domain.CommonClasses.Response <init>
WARNING: user not appointed by this appointer
Apr 13, 2021 3:35:50 PM Server.Domain.CommonClasses.Response <init>
WARNING: user not appointed by this appointer
Apr 13, 2021 3:35:50 PM Server.Domain.CommonClasses.Response <init>
WARNING: User doesn't exist
Apr 13, 2021 3:35:50 PM Server.Domain.CommonClasses.Response <init>
WARNING: user not appointed by this appointer
Apr 13, 2021 3:35:50 PM Server.Domain.CommonClasses.Response <init>
WARNING: User doesn't exist
Apr 13, 2021 3:35:50 PM Server.Domain.CommonClasses.Response <init>
WARNING: user not appointed by this appointer
Apr 13, 2021 3:35:50 PM Server.Domain.CommonClasses.Response <init>
WARNING: User doesn't exist
Apr 13, 2021 3:35:50 PM Server.Domain.CommonClasses.Response <init>
WARNING: username already exists
Apr 13, 2021 3:35:50 PM Server.Domain.CommonClasses.Response <init>
WARNING: username already exists
Apr 13, 2021 3:35:50 PM Server.Domain.CommonClasses.Response <init>
WARNING: user doesn't exist
Apr 13, 2021 3:35:50 PM Server.Domain.CommonClasses.Response <init>
WARNING: username already exists
Apr 13, 2021 3:35:50 PM Server.Domain.CommonClasses.Response <init>
WARNING: username already exists
Apr 13, 2021 3:35:50 PM Server.Domain.CommonClasses.Response <init>
WARNING: user doesn't exist
Apr 13, 2021 3:35:50 PM Server.Domain.CommonClasses.Response <init>
WARNING: User was already appointed in this store
Apr 13, 2021 3:35:50 PM Server.Domain.CommonClasses.Response <init>
WARNING: username already exists
Apr 13, 2021 3:35:50 PM Server.Domain.CommonClasses.Response <init>
WARNING: username already exists
Apr 13, 2021 3:35:50 PM Server.Domain.CommonClasses.Response <init>
WARNING: user doesn't exist
Apr 13, 2021 3:35:50 PM Server.Domain.CommonClasses.Response <init>
WARNING: username already exists
Apr 13, 2021 3:35:50 PM Server.Domain.CommonClasses.Response <init>
WARNING: username already exists
Apr 13, 2021 3:35:50 PM Server.Domain.CommonClasses.Response <init>
WARNING: username already exists
Apr 13, 2021 3:35:50 PM Server.Domain.CommonClasses.Response <init>
WARNING: username already exists
Apr 13, 2021 3:35:50 PM Server.Domain.CommonClasses.Response <init>
WARNING: username already exists
Apr 13, 2021 3:35:50 PM Server.Domain.CommonClasses.Response <init>
WARNING: username already exists
Apr 13, 2021 3:35:50 PM Server.Domain.CommonClasses.Response <init>
WARNING: username already exists
Apr 13, 2021 3:35:50 PM Server.Domain.CommonClasses.Response <init>
WARNING: username already exists
Apr 13, 2021 3:35:50 PM Server.Domain.CommonClasses.Response <init>
WARNING: user doesn't exist
Apr 13, 2021 3:35:50 PM Server.Domain.CommonClasses.Response <init>
WARNING: user doesn't exist
Apr 13, 2021 3:35:50 PM Server.Domain.CommonClasses.Response <init>
WARNING: user doesn't exist
Apr 13, 2021 3:35:50 PM Server.Domain.CommonClasses.Response <init>
WARNING: user doesn't exist
Apr 13, 2021 3:35:50 PM Server.Domain.CommonClasses.Response <init>
WARNING: user doesn't exist
Apr 13, 2021 3:35:50 PM Server.Domain.CommonClasses.Response <init>
WARNING: User doesn't exist
Apr 13, 2021 3:35:50 PM Server.Domain.CommonClasses.Response <init>
WARNING: User doesn't exist
Apr 13, 2021 3:35:50 PM Server.Domain.CommonClasses.Response <init>
WARNING: User doesn't exist
Apr 13, 2021 3:35:50 PM Server.Domain.CommonClasses.Response <init>
WARNING: username already exists
Apr 13, 2021 3:35:50 PM Server.Domain.CommonClasses.Response <init>
WARNING: username already exists
Apr 13, 2021 3:35:50 PM Server.Domain.CommonClasses.Response <init>
WARNING: user doesn't exist
Apr 13, 2021 3:35:50 PM Server.Domain.CommonClasses.Response <init>
WARNING: User was already appointed in this store
Apr 13, 2021 3:35:50 PM Server.Domain.CommonClasses.Response <init>
WARNING: username already exists
Apr 13, 2021 3:35:50 PM Server.Domain.CommonClasses.Response <init>
WARNING: Failed to login user
Apr 13, 2021 3:35:50 PM Server.Domain.CommonClasses.Response <init>
WARNING: username already exists
Apr 13, 2021 3:35:50 PM Server.Domain.CommonClasses.Response <init>
WARNING: username already exists
Apr 13, 2021 3:35:50 PM Server.Domain.CommonClasses.Response <init>
WARNING: user doesn't exist
Apr 13, 2021 3:35:50 PM Server.Domain.CommonClasses.Response <init>
WARNING: User doesn't exist
Apr 13, 2021 3:35:50 PM Server.Domain.CommonClasses.Response <init>
WARNING: username already exists
Apr 13, 2021 3:35:50 PM Server.Domain.CommonClasses.Response <init>
WARNING: username already exists
Apr 13, 2021 3:35:50 PM Server.Domain.CommonClasses.Response <init>
WARNING: user doesn't exist
Apr 13, 2021 3:35:50 PM Server.Domain.CommonClasses.Response <init>
WARNING: User doesn't exist
Apr 13, 2021 3:36:43 PM Server.Domain.CommonClasses.Response <init>
WARNING: username already exists
Apr 13, 2021 3:36:43 PM Server.Domain.CommonClasses.Response <init>
WARNING: username already exists
Apr 13, 2021 3:36:43 PM Server.Domain.CommonClasses.Response <init>
WARNING: username already exists
Apr 13, 2021 3:36:43 PM Server.Domain.CommonClasses.Response <init>
WARNING: username already exists
Apr 13, 2021 3:36:43 PM Server.Domain.CommonClasses.Response <init>
WARNING: user doesn't exist
Apr 13, 2021 3:36:43 PM Server.Domain.CommonClasses.Response <init>
WARNING: Cannot logout without being logged in
Apr 13, 2021 3:36:43 PM Server.Domain.CommonClasses.Response <init>
WARNING: User not permitted to logout
Apr 13, 2021 3:36:43 PM Server.Domain.CommonClasses.Response <init>
WARNING: username already exists
Apr 13, 2021 3:36:43 PM Server.Domain.CommonClasses.Response <init>
WARNING: username already exists
Apr 13, 2021 3:36:43 PM Server.Domain.CommonClasses.Response <init>
WARNING: user doesn't exist
Apr 13, 2021 3:36:43 PM Server.Domain.CommonClasses.Response <init>
WARNING: username already exists
Apr 13, 2021 3:36:43 PM Server.Domain.CommonClasses.Response <init>
WARNING: Failed to login user
Apr 13, 2021 3:36:43 PM Server.Domain.CommonClasses.Response <init>
WARNING: username already exists
Apr 13, 2021 3:36:43 PM Server.Domain.CommonClasses.Response <init>
WARNING: username already exists
Apr 13, 2021 3:36:43 PM Server.Domain.CommonClasses.Response <init>
WARNING: username already exists
Apr 13, 2021 3:36:43 PM Server.Domain.CommonClasses.Response <init>
WARNING: username already exists
Apr 13, 2021 3:36:43 PM Server.Domain.CommonClasses.Response <init>
WARNING: username already exists
Apr 13, 2021 3:36:43 PM Server.Domain.CommonClasses.Response <init>
WARNING: username already exists
Apr 13, 2021 3:36:43 PM Server.Domain.CommonClasses.Response <init>
WARNING: username already exists
Apr 13, 2021 3:36:43 PM Server.Domain.CommonClasses.Response <init>
WARNING: username already exists
Apr 13, 2021 3:36:43 PM Server.Domain.CommonClasses.Response <init>
WARNING: username already exists
Apr 13, 2021 3:36:43 PM Server.Domain.CommonClasses.Response <init>
WARNING: user doesn't exist
Apr 13, 2021 3:36:43 PM Server.Domain.CommonClasses.Response <init>
WARNING: user doesn't exist
Apr 13, 2021 3:36:43 PM Server.Domain.CommonClasses.Response <init>
WARNING: user doesn't exist
Apr 13, 2021 3:36:43 PM Server.Domain.CommonClasses.Response <init>
WARNING: user doesn't exist
Apr 13, 2021 3:36:43 PM Server.Domain.CommonClasses.Response <init>
WARNING: user doesn't exist
Apr 13, 2021 3:36:43 PM Server.Domain.CommonClasses.Response <init>
WARNING: user not appointed by this appointer
Apr 13, 2021 3:36:43 PM Server.Domain.CommonClasses.Response <init>
WARNING: user not appointed by this appointer
Apr 13, 2021 3:36:43 PM Server.Domain.CommonClasses.Response <init>
WARNING: User doesn't exist
Apr 13, 2021 3:36:43 PM Server.Domain.CommonClasses.Response <init>
WARNING: user not appointed by this appointer
Apr 13, 2021 3:36:43 PM Server.Domain.CommonClasses.Response <init>
WARNING: User doesn't exist
Apr 13, 2021 3:36:43 PM Server.Domain.CommonClasses.Response <init>
WARNING: user not appointed by this appointer
Apr 13, 2021 3:36:43 PM Server.Domain.CommonClasses.Response <init>
WARNING: User doesn't exist
Apr 13, 2021 3:36:43 PM Server.Domain.CommonClasses.Response <init>
WARNING: username already exists
Apr 13, 2021 3:36:43 PM Server.Domain.CommonClasses.Response <init>
WARNING: username already exists
Apr 13, 2021 3:36:43 PM Server.Domain.CommonClasses.Response <init>
WARNING: user doesn't exist
Apr 13, 2021 3:36:43 PM Server.Domain.CommonClasses.Response <init>
WARNING: username already exists
Apr 13, 2021 3:36:43 PM Server.Domain.CommonClasses.Response <init>
WARNING: username already exists
Apr 13, 2021 3:36:43 PM Server.Domain.CommonClasses.Response <init>
WARNING: user doesn't exist
Apr 13, 2021 3:36:43 PM Server.Domain.CommonClasses.Response <init>
WARNING: User was already appointed in this store
Apr 13, 2021 3:36:43 PM Server.Domain.CommonClasses.Response <init>
WARNING: username already exists
Apr 13, 2021 3:36:43 PM Server.Domain.CommonClasses.Response <init>
WARNING: username already exists
Apr 13, 2021 3:36:43 PM Server.Domain.CommonClasses.Response <init>
WARNING: user doesn't exist
Apr 13, 2021 3:36:43 PM Server.Domain.CommonClasses.Response <init>
WARNING: username already exists
Apr 13, 2021 3:36:43 PM Server.Domain.CommonClasses.Response <init>
WARNING: username already exists
Apr 13, 2021 3:36:43 PM Server.Domain.CommonClasses.Response <init>
WARNING: user doesn't exist
Apr 13, 2021 3:36:43 PM Server.Domain.CommonClasses.Response <init>
WARNING: User was already appointed in this store
Apr 13, 2021 3:36:43 PM Server.Domain.CommonClasses.Response <init>
WARNING: username already exists
Apr 13, 2021 3:36:43 PM Server.Domain.CommonClasses.Response <init>
WARNING: username already exists
Apr 13, 2021 3:36:43 PM Server.Domain.CommonClasses.Response <init>
WARNING: username already exists
Apr 13, 2021 3:36:43 PM Server.Domain.CommonClasses.Response <init>
WARNING: username already exists
Apr 13, 2021 3:36:43 PM Server.Domain.CommonClasses.Response <init>
WARNING: username already exists
Apr 13, 2021 3:36:43 PM Server.Domain.CommonClasses.Response <init>
WARNING: username already exists
Apr 13, 2021 3:36:43 PM Server.Domain.CommonClasses.Response <init>
WARNING: username already exists
Apr 13, 2021 3:36:43 PM Server.Domain.CommonClasses.Response <init>
WARNING: username already exists
Apr 13, 2021 3:36:43 PM Server.Domain.CommonClasses.Response <init>
WARNING: user doesn't exist
Apr 13, 2021 3:36:43 PM Server.Domain.CommonClasses.Response <init>
WARNING: user doesn't exist
Apr 13, 2021 3:36:43 PM Server.Domain.CommonClasses.Response <init>
WARNING: user doesn't exist
Apr 13, 2021 3:36:43 PM Server.Domain.CommonClasses.Response <init>
WARNING: user doesn't exist
Apr 13, 2021 3:36:43 PM Server.Domain.CommonClasses.Response <init>
WARNING: user doesn't exist
Apr 13, 2021 3:36:43 PM Server.Domain.CommonClasses.Response <init>
WARNING: User doesn't exist
Apr 13, 2021 3:36:43 PM Server.Domain.CommonClasses.Response <init>
WARNING: User doesn't exist
Apr 13, 2021 3:36:43 PM Server.Domain.CommonClasses.Response <init>
WARNING: User doesn't exist
Apr 13, 2021 3:36:44 PM Server.Domain.CommonClasses.Response <init>
WARNING: username already exists
Apr 13, 2021 3:36:44 PM Server.Domain.CommonClasses.Response <init>
WARNING: username already exists
Apr 13, 2021 3:36:44 PM Server.Domain.CommonClasses.Response <init>
WARNING: user doesn't exist
Apr 13, 2021 3:36:44 PM Server.Domain.CommonClasses.Response <init>
WARNING: User was already appointed in this store
Apr 13, 2021 3:36:44 PM Server.Domain.CommonClasses.Response <init>
WARNING: username already exists
Apr 13, 2021 3:36:44 PM Server.Domain.CommonClasses.Response <init>
WARNING: Failed to login user
Apr 13, 2021 3:36:44 PM Server.Domain.CommonClasses.Response <init>
WARNING: username already exists
Apr 13, 2021 3:36:44 PM Server.Domain.CommonClasses.Response <init>
WARNING: username already exists
Apr 13, 2021 3:36:44 PM Server.Domain.CommonClasses.Response <init>
WARNING: user doesn't exist
Apr 13, 2021 3:36:44 PM Server.Domain.CommonClasses.Response <init>
WARNING: User doesn't exist
Apr 13, 2021 3:36:44 PM Server.Domain.CommonClasses.Response <init>
WARNING: username already exists
Apr 13, 2021 3:36:44 PM Server.Domain.CommonClasses.Response <init>
WARNING: username already exists
Apr 13, 2021 3:36:44 PM Server.Domain.CommonClasses.Response <init>
WARNING: user doesn't exist
Apr 13, 2021 3:36:44 PM Server.Domain.CommonClasses.Response <init>
WARNING: User doesn't exist
Apr 13, 2021 3:40:34 PM Server.Domain.CommonClasses.Response <init>
WARNING: username already exists
Apr 13, 2021 3:40:34 PM Server.Domain.CommonClasses.Response <init>
WARNING: username already exists
Apr 13, 2021 3:40:34 PM Server.Domain.CommonClasses.Response <init>
WARNING: username already exists
Apr 13, 2021 3:40:34 PM Server.Domain.CommonClasses.Response <init>
WARNING: username already exists
Apr 13, 2021 3:40:34 PM Server.Domain.CommonClasses.Response <init>
WARNING: user doesn't exist
Apr 13, 2021 3:40:34 PM Server.Domain.CommonClasses.Response <init>
WARNING: Cannot logout without being logged in
Apr 13, 2021 3:40:34 PM Server.Domain.CommonClasses.Response <init>
WARNING: User not permitted to logout
Apr 13, 2021 3:40:34 PM Server.Domain.CommonClasses.Response <init>
WARNING: username already exists
Apr 13, 2021 3:40:34 PM Server.Domain.CommonClasses.Response <init>
WARNING: username already exists
Apr 13, 2021 3:40:34 PM Server.Domain.CommonClasses.Response <init>
WARNING: user doesn't exist
Apr 13, 2021 3:40:34 PM Server.Domain.CommonClasses.Response <init>
WARNING: username already exists
Apr 13, 2021 3:40:34 PM Server.Domain.CommonClasses.Response <init>
WARNING: Failed to login user
Apr 13, 2021 3:40:34 PM Server.Domain.CommonClasses.Response <init>
WARNING: username already exists
Apr 13, 2021 3:40:34 PM Server.Domain.CommonClasses.Response <init>
WARNING: username already exists
Apr 13, 2021 3:40:34 PM Server.Domain.CommonClasses.Response <init>
WARNING: username already exists
Apr 13, 2021 3:40:34 PM Server.Domain.CommonClasses.Response <init>
WARNING: username already exists
Apr 13, 2021 3:40:34 PM Server.Domain.CommonClasses.Response <init>
WARNING: username already exists
Apr 13, 2021 3:40:34 PM Server.Domain.CommonClasses.Response <init>
WARNING: user doesn't exist
Apr 13, 2021 3:40:34 PM Server.Domain.CommonClasses.Response <init>
WARNING: User was already appointed in this store
Apr 13, 2021 3:40:34 PM Server.Domain.CommonClasses.Response <init>
WARNING: username already exists
Apr 13, 2021 3:40:34 PM Server.Domain.CommonClasses.Response <init>
WARNING: username already exists
Apr 13, 2021 3:40:34 PM Server.Domain.CommonClasses.Response <init>
WARNING: username already exists
Apr 13, 2021 3:40:34 PM Server.Domain.CommonClasses.Response <init>
WARNING: username already exists
Apr 13, 2021 3:40:34 PM Server.Domain.CommonClasses.Response <init>
WARNING: username already exists
Apr 13, 2021 3:40:34 PM Server.Domain.CommonClasses.Response <init>
WARNING: username already exists
Apr 13, 2021 3:40:34 PM Server.Domain.CommonClasses.Response <init>
WARNING: user doesn't exist
Apr 13, 2021 3:40:34 PM Server.Domain.CommonClasses.Response <init>
WARNING: user doesn't exist
Apr 13, 2021 3:40:34 PM Server.Domain.CommonClasses.Response <init>
WARNING: user doesn't exist
Apr 13, 2021 3:40:34 PM Server.Domain.CommonClasses.Response <init>
WARNING: user doesn't exist
Apr 13, 2021 3:40:34 PM Server.Domain.CommonClasses.Response <init>
WARNING: user doesn't exist
Apr 13, 2021 3:40:34 PM Server.Domain.CommonClasses.Response <init>
WARNING: user not appointed by this appointer
Apr 13, 2021 3:40:34 PM Server.Domain.CommonClasses.Response <init>
WARNING: user not appointed by this appointer
Apr 13, 2021 3:40:34 PM Server.Domain.CommonClasses.Response <init>
WARNING: User doesn't exist
Apr 13, 2021 3:40:34 PM Server.Domain.CommonClasses.Response <init>
WARNING: user not appointed by this appointer
Apr 13, 2021 3:40:34 PM Server.Domain.CommonClasses.Response <init>
WARNING: User doesn't exist
Apr 13, 2021 3:40:34 PM Server.Domain.CommonClasses.Response <init>
WARNING: user not appointed by this appointer
Apr 13, 2021 3:40:34 PM Server.Domain.CommonClasses.Response <init>
WARNING: User doesn't exist
Apr 13, 2021 3:40:34 PM Server.Domain.CommonClasses.Response <init>
WARNING: username already exists
Apr 13, 2021 3:40:34 PM Server.Domain.CommonClasses.Response <init>
WARNING: username already exists
Apr 13, 2021 3:40:34 PM Server.Domain.CommonClasses.Response <init>
WARNING: user doesn't exist
Apr 13, 2021 3:40:34 PM Server.Domain.CommonClasses.Response <init>
WARNING: username already exists
Apr 13, 2021 3:40:34 PM Server.Domain.CommonClasses.Response <init>
WARNING: username already exists
Apr 13, 2021 3:40:34 PM Server.Domain.CommonClasses.Response <init>
WARNING: user doesn't exist
Apr 13, 2021 3:40:34 PM Server.Domain.CommonClasses.Response <init>
WARNING: User was already appointed in this store
Apr 13, 2021 3:40:34 PM Server.Domain.CommonClasses.Response <init>
WARNING: username already exists
Apr 13, 2021 3:40:34 PM Server.Domain.CommonClasses.Response <init>
WARNING: username already exists
Apr 13, 2021 3:40:34 PM Server.Domain.CommonClasses.Response <init>
WARNING: user doesn't exist
Apr 13, 2021 3:40:34 PM Server.Domain.CommonClasses.Response <init>
WARNING: username already exists
Apr 13, 2021 3:40:34 PM Server.Domain.CommonClasses.Response <init>
WARNING: username already exists
Apr 13, 2021 3:40:34 PM Server.Domain.CommonClasses.Response <init>
WARNING: user doesn't exist
Apr 13, 2021 3:40:34 PM Server.Domain.CommonClasses.Response <init>
WARNING: User was already appointed in this store
Apr 13, 2021 3:40:34 PM Server.Domain.CommonClasses.Response <init>
WARNING: username already exists
Apr 13, 2021 3:40:34 PM Server.Domain.CommonClasses.Response <init>
WARNING: username already exists
Apr 13, 2021 3:40:34 PM Server.Domain.CommonClasses.Response <init>
WARNING: username already exists
Apr 13, 2021 3:40:34 PM Server.Domain.CommonClasses.Response <init>
WARNING: username already exists
Apr 13, 2021 3:40:34 PM Server.Domain.CommonClasses.Response <init>
WARNING: username already exists
Apr 13, 2021 3:40:34 PM Server.Domain.CommonClasses.Response <init>
WARNING: username already exists
Apr 13, 2021 3:40:34 PM Server.Domain.CommonClasses.Response <init>
WARNING: username already exists
Apr 13, 2021 3:40:34 PM Server.Domain.CommonClasses.Response <init>
WARNING: username already exists
Apr 13, 2021 3:40:34 PM Server.Domain.CommonClasses.Response <init>
WARNING: user doesn't exist
Apr 13, 2021 3:40:34 PM Server.Domain.CommonClasses.Response <init>
WARNING: user doesn't exist
Apr 13, 2021 3:40:34 PM Server.Domain.CommonClasses.Response <init>
WARNING: user doesn't exist
Apr 13, 2021 3:40:34 PM Server.Domain.CommonClasses.Response <init>
WARNING: user doesn't exist
Apr 13, 2021 3:40:34 PM Server.Domain.CommonClasses.Response <init>
WARNING: user doesn't exist
Apr 13, 2021 3:40:34 PM Server.Domain.CommonClasses.Response <init>
WARNING: User doesn't exist
Apr 13, 2021 3:40:34 PM Server.Domain.CommonClasses.Response <init>
WARNING: User doesn't exist
Apr 13, 2021 3:40:34 PM Server.Domain.CommonClasses.Response <init>
WARNING: User doesn't exist
Apr 13, 2021 3:40:34 PM Server.Domain.CommonClasses.Response <init>
WARNING: username already exists
Apr 13, 2021 3:40:34 PM Server.Domain.CommonClasses.Response <init>
WARNING: username already exists
Apr 13, 2021 3:40:34 PM Server.Domain.CommonClasses.Response <init>
WARNING: user doesn't exist
Apr 13, 2021 3:40:34 PM Server.Domain.CommonClasses.Response <init>
WARNING: User was already appointed in this store
Apr 13, 2021 3:40:34 PM Server.Domain.CommonClasses.Response <init>
WARNING: username already exists
Apr 13, 2021 3:40:34 PM Server.Domain.CommonClasses.Response <init>
WARNING: Failed to login user
Apr 13, 2021 3:40:34 PM Server.Domain.CommonClasses.Response <init>
WARNING: username already exists
Apr 13, 2021 3:40:34 PM Server.Domain.CommonClasses.Response <init>
WARNING: username already exists
Apr 13, 2021 3:40:34 PM Server.Domain.CommonClasses.Response <init>
WARNING: user doesn't exist
Apr 13, 2021 3:40:34 PM Server.Domain.CommonClasses.Response <init>
WARNING: User doesn't exist
Apr 13, 2021 3:40:34 PM Server.Domain.CommonClasses.Response <init>
WARNING: username already exists
Apr 13, 2021 3:40:34 PM Server.Domain.CommonClasses.Response <init>
WARNING: username already exists
Apr 13, 2021 3:40:34 PM Server.Domain.CommonClasses.Response <init>
WARNING: user doesn't exist
Apr 13, 2021 3:40:34 PM Server.Domain.CommonClasses.Response <init>
WARNING: User doesn't exist
Apr 13, 2021 4:02:15 PM Server.Domain.CommonClasses.Response <init>
WARNING: username already exists
Apr 13, 2021 4:02:15 PM Server.Domain.CommonClasses.Response <init>
WARNING: username already exists
Apr 13, 2021 4:02:15 PM Server.Domain.CommonClasses.Response <init>
WARNING: username already exists
Apr 13, 2021 4:02:15 PM Server.Domain.CommonClasses.Response <init>
WARNING: username already exists
Apr 13, 2021 4:02:15 PM Server.Domain.CommonClasses.Response <init>
WARNING: user doesn't exist
Apr 13, 2021 4:02:15 PM Server.Domain.CommonClasses.Response <init>
WARNING: Cannot logout without being logged in
Apr 13, 2021 4:02:15 PM Server.Domain.CommonClasses.Response <init>
WARNING: User not permitted to logout
Apr 13, 2021 4:02:15 PM Server.Domain.CommonClasses.Response <init>
WARNING: username already exists
Apr 13, 2021 4:02:15 PM Server.Domain.CommonClasses.Response <init>
WARNING: username already exists
Apr 13, 2021 4:02:15 PM Server.Domain.CommonClasses.Response <init>
WARNING: user doesn't exist
Apr 13, 2021 4:02:15 PM Server.Domain.CommonClasses.Response <init>
WARNING: User doesn't exist
Apr 13, 2021 4:02:15 PM Server.Domain.CommonClasses.Response <init>
WARNING: username already exists
Apr 13, 2021 4:02:15 PM Server.Domain.CommonClasses.Response <init>
WARNING: username already exists
Apr 13, 2021 4:02:15 PM Server.Domain.CommonClasses.Response <init>
WARNING: user doesn't exist
Apr 13, 2021 4:02:15 PM Server.Domain.CommonClasses.Response <init>
WARNING: username already exists
Apr 13, 2021 4:02:15 PM Server.Domain.CommonClasses.Response <init>
WARNING: Failed to login user
Apr 13, 2021 4:02:15 PM Server.Domain.CommonClasses.Response <init>
WARNING: username already exists
Apr 13, 2021 4:02:15 PM Server.Domain.CommonClasses.Response <init>
WARNING: username already exists
Apr 13, 2021 4:02:15 PM Server.Domain.CommonClasses.Response <init>
WARNING: username already exists
Apr 13, 2021 4:02:15 PM Server.Domain.CommonClasses.Response <init>
WARNING: username already exists
Apr 13, 2021 4:02:15 PM Server.Domain.CommonClasses.Response <init>
WARNING: username already exists
Apr 13, 2021 4:02:15 PM Server.Domain.CommonClasses.Response <init>
WARNING: user doesn't exist
Apr 13, 2021 4:02:15 PM Server.Domain.CommonClasses.Response <init>
WARNING: User was already appointed in this store
Apr 13, 2021 4:02:15 PM Server.Domain.CommonClasses.Response <init>
WARNING: username already exists
Apr 13, 2021 4:02:15 PM Server.Domain.CommonClasses.Response <init>
WARNING: username already exists
Apr 13, 2021 4:02:15 PM Server.Domain.CommonClasses.Response <init>
WARNING: username already exists
Apr 13, 2021 4:02:15 PM Server.Domain.CommonClasses.Response <init>
WARNING: username already exists
Apr 13, 2021 4:02:15 PM Server.Domain.CommonClasses.Response <init>
WARNING: username already exists
Apr 13, 2021 4:02:15 PM Server.Domain.CommonClasses.Response <init>
WARNING: username already exists
Apr 13, 2021 4:02:15 PM Server.Domain.CommonClasses.Response <init>
WARNING: user doesn't exist
Apr 13, 2021 4:02:15 PM Server.Domain.CommonClasses.Response <init>
WARNING: user doesn't exist
Apr 13, 2021 4:02:15 PM Server.Domain.CommonClasses.Response <init>
WARNING: user doesn't exist
Apr 13, 2021 4:02:15 PM Server.Domain.CommonClasses.Response <init>
WARNING: user doesn't exist
Apr 13, 2021 4:02:15 PM Server.Domain.CommonClasses.Response <init>
WARNING: user doesn't exist
Apr 13, 2021 4:02:15 PM Server.Domain.CommonClasses.Response <init>
WARNING: user not appointed by this appointer
Apr 13, 2021 4:02:15 PM Server.Domain.CommonClasses.Response <init>
WARNING: user not appointed by this appointer
Apr 13, 2021 4:02:15 PM Server.Domain.CommonClasses.Response <init>
WARNING: User doesn't exist
Apr 13, 2021 4:02:15 PM Server.Domain.CommonClasses.Response <init>
WARNING: user not appointed by this appointer
Apr 13, 2021 4:02:15 PM Server.Domain.CommonClasses.Response <init>
WARNING: User doesn't exist
Apr 13, 2021 4:02:15 PM Server.Domain.CommonClasses.Response <init>
WARNING: user not appointed by this appointer
Apr 13, 2021 4:02:15 PM Server.Domain.CommonClasses.Response <init>
WARNING: User doesn't exist
Apr 13, 2021 4:02:15 PM Server.Domain.CommonClasses.Response <init>
WARNING: username already exists
Apr 13, 2021 4:02:15 PM Server.Domain.CommonClasses.Response <init>
WARNING: username already exists
Apr 13, 2021 4:02:15 PM Server.Domain.CommonClasses.Response <init>
WARNING: user doesn't exist
Apr 13, 2021 4:02:15 PM Server.Domain.CommonClasses.Response <init>
WARNING: username already exists
Apr 13, 2021 4:02:15 PM Server.Domain.CommonClasses.Response <init>
WARNING: username already exists
Apr 13, 2021 4:02:15 PM Server.Domain.CommonClasses.Response <init>
WARNING: Attempted to remove a user that wasn't appointed by him
Apr 13, 2021 4:02:15 PM Server.Domain.CommonClasses.Response <init>
WARNING: username already exists
Apr 13, 2021 4:02:15 PM Server.Domain.CommonClasses.Response <init>
WARNING: username already exists
Apr 13, 2021 4:02:15 PM Server.Domain.CommonClasses.Response <init>
WARNING: user doesn't exist
Apr 13, 2021 4:02:15 PM Server.Domain.CommonClasses.Response <init>
WARNING: User was already appointed in this store
Apr 13, 2021 4:02:15 PM Server.Domain.CommonClasses.Response <init>
WARNING: username already exists
Apr 13, 2021 4:02:15 PM Server.Domain.CommonClasses.Response <init>
WARNING: username already exists
Apr 13, 2021 4:02:15 PM Server.Domain.CommonClasses.Response <init>
WARNING: user doesn't exist
Apr 13, 2021 4:02:15 PM Server.Domain.CommonClasses.Response <init>
WARNING: username already exists
Apr 13, 2021 4:02:15 PM Server.Domain.CommonClasses.Response <init>
WARNING: username already exists
Apr 13, 2021 4:02:15 PM Server.Domain.CommonClasses.Response <init>
WARNING: user doesn't exist
Apr 13, 2021 4:02:15 PM Server.Domain.CommonClasses.Response <init>
WARNING: User was already appointed in this store
Apr 13, 2021 4:02:15 PM Server.Domain.CommonClasses.Response <init>
WARNING: username already exists
Apr 13, 2021 4:02:15 PM Server.Domain.CommonClasses.Response <init>
WARNING: username already exists
Apr 13, 2021 4:02:15 PM Server.Domain.CommonClasses.Response <init>
WARNING: username already exists
Apr 13, 2021 4:02:15 PM Server.Domain.CommonClasses.Response <init>
WARNING: username already exists
Apr 13, 2021 4:02:15 PM Server.Domain.CommonClasses.Response <init>
WARNING: username already exists
Apr 13, 2021 4:02:15 PM Server.Domain.CommonClasses.Response <init>
WARNING: username already exists
Apr 13, 2021 4:02:15 PM Server.Domain.CommonClasses.Response <init>
WARNING: username already exists
Apr 13, 2021 4:02:15 PM Server.Domain.CommonClasses.Response <init>
WARNING: username already exists
Apr 13, 2021 4:02:15 PM Server.Domain.CommonClasses.Response <init>
WARNING: user doesn't exist
Apr 13, 2021 4:02:15 PM Server.Domain.CommonClasses.Response <init>
WARNING: user doesn't exist
Apr 13, 2021 4:02:15 PM Server.Domain.CommonClasses.Response <init>
WARNING: user doesn't exist
Apr 13, 2021 4:02:15 PM Server.Domain.CommonClasses.Response <init>
WARNING: user doesn't exist
Apr 13, 2021 4:02:15 PM Server.Domain.CommonClasses.Response <init>
WARNING: user doesn't exist
Apr 13, 2021 4:02:15 PM Server.Domain.CommonClasses.Response <init>
WARNING: User doesn't exist
Apr 13, 2021 4:02:15 PM Server.Domain.CommonClasses.Response <init>
WARNING: User doesn't exist
Apr 13, 2021 4:02:15 PM Server.Domain.CommonClasses.Response <init>
WARNING: User doesn't exist
Apr 13, 2021 4:02:15 PM Server.Domain.CommonClasses.Response <init>
WARNING: username already exists
Apr 13, 2021 4:02:15 PM Server.Domain.CommonClasses.Response <init>
WARNING: username already exists
Apr 13, 2021 4:02:15 PM Server.Domain.CommonClasses.Response <init>
WARNING: user doesn't exist
Apr 13, 2021 4:02:15 PM Server.Domain.CommonClasses.Response <init>
WARNING: User was already appointed in this store
Apr 13, 2021 4:02:15 PM Server.Domain.CommonClasses.Response <init>
WARNING: username already exists
Apr 13, 2021 4:02:15 PM Server.Domain.CommonClasses.Response <init>
WARNING: Failed to login user
Apr 13, 2021 4:02:15 PM Server.Domain.CommonClasses.Response <init>
WARNING: username already exists
Apr 13, 2021 4:02:15 PM Server.Domain.CommonClasses.Response <init>
WARNING: username already exists
Apr 13, 2021 4:02:15 PM Server.Domain.CommonClasses.Response <init>
WARNING: user doesn't exist
Apr 13, 2021 4:02:15 PM Server.Domain.CommonClasses.Response <init>
WARNING: User doesn't exist
Apr 13, 2021 4:24:47 PM Server.Domain.CommonClasses.Response <init>
WARNING: username already exists
Apr 13, 2021 4:24:48 PM Server.Domain.CommonClasses.Response <init>
WARNING: username already exists
Apr 13, 2021 4:24:48 PM Server.Domain.CommonClasses.Response <init>
WARNING: username already exists
Apr 13, 2021 4:24:48 PM Server.Domain.CommonClasses.Response <init>
WARNING: username already exists
Apr 13, 2021 4:24:48 PM Server.Domain.CommonClasses.Response <init>
WARNING: user doesn't exist
Apr 13, 2021 4:24:48 PM Server.Domain.CommonClasses.Response <init>
WARNING: Cannot logout without being logged in
Apr 13, 2021 4:24:48 PM Server.Domain.CommonClasses.Response <init>
WARNING: User not permitted to logout
Apr 13, 2021 4:24:48 PM Server.Domain.CommonClasses.Response <init>
WARNING: username already exists
Apr 13, 2021 4:24:48 PM Server.Domain.CommonClasses.Response <init>
WARNING: username already exists
Apr 13, 2021 4:24:48 PM Server.Domain.CommonClasses.Response <init>
WARNING: username already exists
Apr 13, 2021 4:24:48 PM Server.Domain.CommonClasses.Response <init>
WARNING: user doesn't exist
Apr 13, 2021 4:24:48 PM Server.Domain.CommonClasses.Response <init>
WARNING: user doesn't exist
Apr 13, 2021 4:24:48 PM Server.Domain.CommonClasses.Response <init>
WARNING: Attempted to remove a user that wasn't appointed by him
Apr 13, 2021 4:24:48 PM Server.Domain.CommonClasses.Response <init>
WARNING: username already exists
Apr 13, 2021 4:24:48 PM Server.Domain.CommonClasses.Response <init>
WARNING: username already exists
Apr 13, 2021 4:24:48 PM Server.Domain.CommonClasses.Response <init>
WARNING: user doesn't exist
Apr 13, 2021 4:24:48 PM Server.Domain.CommonClasses.Response <init>
WARNING: User doesn't exist
Apr 13, 2021 4:24:48 PM Server.Domain.CommonClasses.Response <init>
WARNING: username already exists
Apr 13, 2021 4:24:48 PM Server.Domain.CommonClasses.Response <init>
WARNING: username already exists
Apr 13, 2021 4:24:48 PM Server.Domain.CommonClasses.Response <init>
WARNING: user doesn't exist
Apr 13, 2021 4:24:48 PM Server.Domain.CommonClasses.Response <init>
WARNING: username already exists
Apr 13, 2021 4:24:48 PM Server.Domain.CommonClasses.Response <init>
WARNING: Failed to login user
Apr 13, 2021 4:24:48 PM Server.Domain.CommonClasses.Response <init>
WARNING: username already exists
Apr 13, 2021 4:24:48 PM Server.Domain.CommonClasses.Response <init>
WARNING: username already exists
Apr 13, 2021 4:24:48 PM Server.Domain.CommonClasses.Response <init>
WARNING: username already exists
Apr 13, 2021 4:24:48 PM Server.Domain.CommonClasses.Response <init>
WARNING: username already exists
Apr 13, 2021 4:24:48 PM Server.Domain.CommonClasses.Response <init>
WARNING: username already exists
Apr 13, 2021 4:24:48 PM Server.Domain.CommonClasses.Response <init>
WARNING: Attempted to remove a user that wasn't appointed by him
Apr 13, 2021 4:24:48 PM Server.Domain.CommonClasses.Response <init>
WARNING: username already exists
Apr 13, 2021 4:24:48 PM Server.Domain.CommonClasses.Response <init>
WARNING: username already exists
Apr 13, 2021 4:24:48 PM Server.Domain.CommonClasses.Response <init>
WARNING: user doesn't exist
Apr 13, 2021 4:24:48 PM Server.Domain.CommonClasses.Response <init>
WARNING: User was already appointed in this store
Apr 13, 2021 4:24:48 PM Server.Domain.CommonClasses.Response <init>
WARNING: username already exists
Apr 13, 2021 4:24:48 PM Server.Domain.CommonClasses.Response <init>
WARNING: username already exists
Apr 13, 2021 4:24:48 PM Server.Domain.CommonClasses.Response <init>
WARNING: username already exists
Apr 13, 2021 4:24:48 PM Server.Domain.CommonClasses.Response <init>
WARNING: username already exists
Apr 13, 2021 4:24:48 PM Server.Domain.CommonClasses.Response <init>
WARNING: username already exists
Apr 13, 2021 4:24:48 PM Server.Domain.CommonClasses.Response <init>
WARNING: username already exists
Apr 13, 2021 4:24:48 PM Server.Domain.CommonClasses.Response <init>
WARNING: user doesn't exist
Apr 13, 2021 4:24:48 PM Server.Domain.CommonClasses.Response <init>
WARNING: user doesn't exist
Apr 13, 2021 4:24:48 PM Server.Domain.CommonClasses.Response <init>
WARNING: user doesn't exist
Apr 13, 2021 4:24:48 PM Server.Domain.CommonClasses.Response <init>
WARNING: user doesn't exist
Apr 13, 2021 4:24:48 PM Server.Domain.CommonClasses.Response <init>
WARNING: user doesn't exist
Apr 13, 2021 4:24:48 PM Server.Domain.CommonClasses.Response <init>
WARNING: user not appointed by this appointer
Apr 13, 2021 4:24:48 PM Server.Domain.CommonClasses.Response <init>
WARNING: user not appointed by this appointer
Apr 13, 2021 4:24:48 PM Server.Domain.CommonClasses.Response <init>
WARNING: User doesn't exist
Apr 13, 2021 4:24:48 PM Server.Domain.CommonClasses.Response <init>
WARNING: user not appointed by this appointer
Apr 13, 2021 4:24:48 PM Server.Domain.CommonClasses.Response <init>
WARNING: User doesn't exist
Apr 13, 2021 4:24:48 PM Server.Domain.CommonClasses.Response <init>
WARNING: user not appointed by this appointer
Apr 13, 2021 4:24:48 PM Server.Domain.CommonClasses.Response <init>
WARNING: User doesn't exist
Apr 13, 2021 4:24:48 PM Server.Domain.CommonClasses.Response <init>
WARNING: username already exists
Apr 13, 2021 4:24:48 PM Server.Domain.CommonClasses.Response <init>
WARNING: username already exists
Apr 13, 2021 4:24:48 PM Server.Domain.CommonClasses.Response <init>
WARNING: user doesn't exist
Apr 13, 2021 4:24:48 PM Server.Domain.CommonClasses.Response <init>
WARNING: username already exists
Apr 13, 2021 4:24:48 PM Server.Domain.CommonClasses.Response <init>
WARNING: username already exists
Apr 13, 2021 4:24:48 PM Server.Domain.CommonClasses.Response <init>
WARNING: user doesn't exist
Apr 13, 2021 4:24:48 PM Server.Domain.CommonClasses.Response <init>
WARNING: User was already appointed in this store
Apr 13, 2021 4:24:48 PM Server.Domain.CommonClasses.Response <init>
WARNING: username already exists
Apr 13, 2021 4:24:48 PM Server.Domain.CommonClasses.Response <init>
WARNING: username already exists
Apr 13, 2021 4:24:48 PM Server.Domain.CommonClasses.Response <init>
WARNING: user doesn't exist
Apr 13, 2021 4:24:48 PM Server.Domain.CommonClasses.Response <init>
WARNING: username already exists
Apr 13, 2021 4:24:48 PM Server.Domain.CommonClasses.Response <init>
WARNING: username already exists
Apr 13, 2021 4:24:48 PM Server.Domain.CommonClasses.Response <init>
WARNING: user doesn't exist
Apr 13, 2021 4:24:48 PM Server.Domain.CommonClasses.Response <init>
WARNING: User was already appointed in this store
Apr 13, 2021 4:24:48 PM Server.Domain.CommonClasses.Response <init>
WARNING: username already exists
Apr 13, 2021 4:24:48 PM Server.Domain.CommonClasses.Response <init>
WARNING: username already exists
Apr 13, 2021 4:24:48 PM Server.Domain.CommonClasses.Response <init>
WARNING: username already exists
Apr 13, 2021 4:24:48 PM Server.Domain.CommonClasses.Response <init>
WARNING: username already exists
Apr 13, 2021 4:24:48 PM Server.Domain.CommonClasses.Response <init>
WARNING: username already exists
Apr 13, 2021 4:24:48 PM Server.Domain.CommonClasses.Response <init>
WARNING: username already exists
Apr 13, 2021 4:24:48 PM Server.Domain.CommonClasses.Response <init>
WARNING: username already exists
Apr 13, 2021 4:24:48 PM Server.Domain.CommonClasses.Response <init>
WARNING: username already exists
Apr 13, 2021 4:24:48 PM Server.Domain.CommonClasses.Response <init>
WARNING: user doesn't exist
Apr 13, 2021 4:24:48 PM Server.Domain.CommonClasses.Response <init>
WARNING: user doesn't exist
Apr 13, 2021 4:24:48 PM Server.Domain.CommonClasses.Response <init>
WARNING: user doesn't exist
Apr 13, 2021 4:24:48 PM Server.Domain.CommonClasses.Response <init>
WARNING: user doesn't exist
Apr 13, 2021 4:24:48 PM Server.Domain.CommonClasses.Response <init>
WARNING: user doesn't exist
Apr 13, 2021 4:24:48 PM Server.Domain.CommonClasses.Response <init>
WARNING: User doesn't exist
Apr 13, 2021 4:24:48 PM Server.Domain.CommonClasses.Response <init>
WARNING: User doesn't exist
Apr 13, 2021 4:24:48 PM Server.Domain.CommonClasses.Response <init>
WARNING: User doesn't exist
Apr 13, 2021 4:24:48 PM Server.Domain.CommonClasses.Response <init>
WARNING: username already exists
Apr 13, 2021 4:24:48 PM Server.Domain.CommonClasses.Response <init>
WARNING: username already exists
Apr 13, 2021 4:24:48 PM Server.Domain.CommonClasses.Response <init>
WARNING: user doesn't exist
Apr 13, 2021 4:24:48 PM Server.Domain.CommonClasses.Response <init>
WARNING: User was already appointed in this store
Apr 13, 2021 4:24:48 PM Server.Domain.CommonClasses.Response <init>
WARNING: username already exists
Apr 13, 2021 4:24:48 PM Server.Domain.CommonClasses.Response <init>
WARNING: Failed to login user
Apr 13, 2021 4:24:48 PM Server.Domain.CommonClasses.Response <init>
WARNING: username already exists
Apr 13, 2021 4:24:48 PM Server.Domain.CommonClasses.Response <init>
WARNING: username already exists
Apr 13, 2021 4:24:48 PM Server.Domain.CommonClasses.Response <init>
WARNING: user doesn't exist
Apr 13, 2021 4:24:48 PM Server.Domain.CommonClasses.Response <init>
WARNING: User doesn't exist
Apr 13, 2021 4:26:19 PM Server.Domain.CommonClasses.Response <init>
WARNING: username already exists
Apr 13, 2021 4:26:19 PM Server.Domain.CommonClasses.Response <init>
WARNING: username already exists
Apr 13, 2021 4:26:19 PM Server.Domain.CommonClasses.Response <init>
WARNING: username already exists
Apr 13, 2021 4:26:19 PM Server.Domain.CommonClasses.Response <init>
WARNING: username already exists
Apr 13, 2021 4:26:19 PM Server.Domain.CommonClasses.Response <init>
WARNING: user doesn't exist
Apr 13, 2021 4:26:19 PM Server.Domain.CommonClasses.Response <init>
WARNING: Cannot logout without being logged in
Apr 13, 2021 4:26:19 PM Server.Domain.CommonClasses.Response <init>
WARNING: User not permitted to logout
Apr 13, 2021 4:26:19 PM Server.Domain.CommonClasses.Response <init>
WARNING: username already exists
Apr 13, 2021 4:26:19 PM Server.Domain.CommonClasses.Response <init>
WARNING: username already exists
Apr 13, 2021 4:26:19 PM Server.Domain.CommonClasses.Response <init>
WARNING: username already exists
Apr 13, 2021 4:26:19 PM Server.Domain.CommonClasses.Response <init>
WARNING: user doesn't exist
Apr 13, 2021 4:26:19 PM Server.Domain.CommonClasses.Response <init>
WARNING: user doesn't exist
Apr 13, 2021 4:26:19 PM Server.Domain.CommonClasses.Response <init>
WARNING: Attempted to remove a user that wasn't appointed by him
Apr 13, 2021 4:26:19 PM Server.Domain.CommonClasses.Response <init>
WARNING: username already exists
Apr 13, 2021 4:26:19 PM Server.Domain.CommonClasses.Response <init>
WARNING: username already exists
Apr 13, 2021 4:26:19 PM Server.Domain.CommonClasses.Response <init>
WARNING: user doesn't exist
Apr 13, 2021 4:26:19 PM Server.Domain.CommonClasses.Response <init>
WARNING: User doesn't exist
Apr 13, 2021 4:26:19 PM Server.Domain.CommonClasses.Response <init>
WARNING: username already exists
Apr 13, 2021 4:26:19 PM Server.Domain.CommonClasses.Response <init>
WARNING: username already exists
Apr 13, 2021 4:26:19 PM Server.Domain.CommonClasses.Response <init>
WARNING: user doesn't exist
Apr 13, 2021 4:26:19 PM Server.Domain.CommonClasses.Response <init>
WARNING: username already exists
Apr 13, 2021 4:26:19 PM Server.Domain.CommonClasses.Response <init>
WARNING: username already exists
Apr 13, 2021 4:26:19 PM Server.Domain.CommonClasses.Response <init>
WARNING: user doesn't exist
Apr 13, 2021 4:26:19 PM Server.Domain.CommonClasses.Response <init>
WARNING: Attempted to remove not a store manager
Apr 13, 2021 4:26:19 PM Server.Domain.CommonClasses.Response <init>
WARNING: username already exists
Apr 13, 2021 4:26:19 PM Server.Domain.CommonClasses.Response <init>
WARNING: Failed to login user
Apr 13, 2021 4:26:19 PM Server.Domain.CommonClasses.Response <init>
WARNING: username already exists
Apr 13, 2021 4:26:19 PM Server.Domain.CommonClasses.Response <init>
WARNING: username already exists
Apr 13, 2021 4:26:19 PM Server.Domain.CommonClasses.Response <init>
WARNING: username already exists
Apr 13, 2021 4:26:19 PM Server.Domain.CommonClasses.Response <init>
WARNING: username already exists
Apr 13, 2021 4:26:19 PM Server.Domain.CommonClasses.Response <init>
WARNING: username already exists
Apr 13, 2021 4:26:19 PM Server.Domain.CommonClasses.Response <init>
WARNING: Attempted to remove a user that wasn't appointed by him
Apr 13, 2021 4:26:19 PM Server.Domain.CommonClasses.Response <init>
WARNING: username already exists
Apr 13, 2021 4:26:19 PM Server.Domain.CommonClasses.Response <init>
WARNING: username already exists
Apr 13, 2021 4:26:19 PM Server.Domain.CommonClasses.Response <init>
WARNING: user doesn't exist
Apr 13, 2021 4:26:19 PM Server.Domain.CommonClasses.Response <init>
WARNING: User was already appointed in this store
Apr 13, 2021 4:26:19 PM Server.Domain.CommonClasses.Response <init>
WARNING: username already exists
Apr 13, 2021 4:26:19 PM Server.Domain.CommonClasses.Response <init>
WARNING: username already exists
Apr 13, 2021 4:26:19 PM Server.Domain.CommonClasses.Response <init>
WARNING: username already exists
Apr 13, 2021 4:26:19 PM Server.Domain.CommonClasses.Response <init>
WARNING: username already exists
Apr 13, 2021 4:26:19 PM Server.Domain.CommonClasses.Response <init>
WARNING: username already exists
Apr 13, 2021 4:26:19 PM Server.Domain.CommonClasses.Response <init>
WARNING: username already exists
Apr 13, 2021 4:26:19 PM Server.Domain.CommonClasses.Response <init>
WARNING: user doesn't exist
Apr 13, 2021 4:26:19 PM Server.Domain.CommonClasses.Response <init>
WARNING: user doesn't exist
Apr 13, 2021 4:26:19 PM Server.Domain.CommonClasses.Response <init>
WARNING: user doesn't exist
Apr 13, 2021 4:26:19 PM Server.Domain.CommonClasses.Response <init>
WARNING: user doesn't exist
Apr 13, 2021 4:26:19 PM Server.Domain.CommonClasses.Response <init>
WARNING: user doesn't exist
Apr 13, 2021 4:26:19 PM Server.Domain.CommonClasses.Response <init>
WARNING: user not appointed by this appointer
Apr 13, 2021 4:26:19 PM Server.Domain.CommonClasses.Response <init>
WARNING: user not appointed by this appointer
Apr 13, 2021 4:26:19 PM Server.Domain.CommonClasses.Response <init>
WARNING: User doesn't exist
Apr 13, 2021 4:26:19 PM Server.Domain.CommonClasses.Response <init>
WARNING: user not appointed by this appointer
Apr 13, 2021 4:26:19 PM Server.Domain.CommonClasses.Response <init>
WARNING: User doesn't exist
Apr 13, 2021 4:26:19 PM Server.Domain.CommonClasses.Response <init>
WARNING: user not appointed by this appointer
Apr 13, 2021 4:26:19 PM Server.Domain.CommonClasses.Response <init>
WARNING: User doesn't exist
Apr 13, 2021 4:26:19 PM Server.Domain.CommonClasses.Response <init>
WARNING: username already exists
Apr 13, 2021 4:26:19 PM Server.Domain.CommonClasses.Response <init>
WARNING: username already exists
Apr 13, 2021 4:26:19 PM Server.Domain.CommonClasses.Response <init>
WARNING: user doesn't exist
Apr 13, 2021 4:26:19 PM Server.Domain.CommonClasses.Response <init>
WARNING: username already exists
Apr 13, 2021 4:26:19 PM Server.Domain.CommonClasses.Response <init>
WARNING: username already exists
Apr 13, 2021 4:26:19 PM Server.Domain.CommonClasses.Response <init>
WARNING: user doesn't exist
Apr 13, 2021 4:26:19 PM Server.Domain.CommonClasses.Response <init>
WARNING: User was already appointed in this store
Apr 13, 2021 4:26:19 PM Server.Domain.CommonClasses.Response <init>
WARNING: username already exists
Apr 13, 2021 4:26:19 PM Server.Domain.CommonClasses.Response <init>
WARNING: username already exists
Apr 13, 2021 4:26:19 PM Server.Domain.CommonClasses.Response <init>
WARNING: user doesn't exist
Apr 13, 2021 4:26:19 PM Server.Domain.CommonClasses.Response <init>
WARNING: username already exists
Apr 13, 2021 4:26:19 PM Server.Domain.CommonClasses.Response <init>
WARNING: username already exists
Apr 13, 2021 4:26:19 PM Server.Domain.CommonClasses.Response <init>
WARNING: user doesn't exist
Apr 13, 2021 4:26:19 PM Server.Domain.CommonClasses.Response <init>
WARNING: User was already appointed in this store
Apr 13, 2021 4:26:19 PM Server.Domain.CommonClasses.Response <init>
WARNING: username already exists
Apr 13, 2021 4:26:19 PM Server.Domain.CommonClasses.Response <init>
WARNING: username already exists
Apr 13, 2021 4:26:19 PM Server.Domain.CommonClasses.Response <init>
WARNING: username already exists
Apr 13, 2021 4:26:19 PM Server.Domain.CommonClasses.Response <init>
WARNING: username already exists
Apr 13, 2021 4:26:19 PM Server.Domain.CommonClasses.Response <init>
WARNING: username already exists
Apr 13, 2021 4:26:19 PM Server.Domain.CommonClasses.Response <init>
WARNING: username already exists
Apr 13, 2021 4:26:19 PM Server.Domain.CommonClasses.Response <init>
WARNING: username already exists
Apr 13, 2021 4:26:19 PM Server.Domain.CommonClasses.Response <init>
WARNING: username already exists
Apr 13, 2021 4:26:19 PM Server.Domain.CommonClasses.Response <init>
WARNING: user doesn't exist
Apr 13, 2021 4:26:19 PM Server.Domain.CommonClasses.Response <init>
WARNING: user doesn't exist
Apr 13, 2021 4:26:19 PM Server.Domain.CommonClasses.Response <init>
WARNING: user doesn't exist
Apr 13, 2021 4:26:19 PM Server.Domain.CommonClasses.Response <init>
WARNING: user doesn't exist
Apr 13, 2021 4:26:19 PM Server.Domain.CommonClasses.Response <init>
WARNING: user doesn't exist
Apr 13, 2021 4:26:19 PM Server.Domain.CommonClasses.Response <init>
WARNING: User doesn't exist
Apr 13, 2021 4:26:19 PM Server.Domain.CommonClasses.Response <init>
WARNING: User doesn't exist
Apr 13, 2021 4:26:19 PM Server.Domain.CommonClasses.Response <init>
WARNING: User doesn't exist
Apr 13, 2021 4:26:19 PM Server.Domain.CommonClasses.Response <init>
WARNING: username already exists
Apr 13, 2021 4:26:19 PM Server.Domain.CommonClasses.Response <init>
WARNING: username already exists
Apr 13, 2021 4:26:19 PM Server.Domain.CommonClasses.Response <init>
WARNING: user doesn't exist
Apr 13, 2021 4:26:19 PM Server.Domain.CommonClasses.Response <init>
WARNING: User was already appointed in this store
Apr 13, 2021 4:26:19 PM Server.Domain.CommonClasses.Response <init>
WARNING: username already exists
Apr 13, 2021 4:26:19 PM Server.Domain.CommonClasses.Response <init>
WARNING: Failed to login user
Apr 13, 2021 4:26:19 PM Server.Domain.CommonClasses.Response <init>
WARNING: username already exists
Apr 13, 2021 4:26:19 PM Server.Domain.CommonClasses.Response <init>
WARNING: username already exists
Apr 13, 2021 4:26:19 PM Server.Domain.CommonClasses.Response <init>
WARNING: user doesn't exist
Apr 13, 2021 4:26:19 PM Server.Domain.CommonClasses.Response <init>
WARNING: User doesn't exist
Apr 13, 2021 4:26:41 PM Server.Domain.CommonClasses.Response <init>
WARNING: username already exists
Apr 13, 2021 4:26:41 PM Server.Domain.CommonClasses.Response <init>
WARNING: username already exists
Apr 13, 2021 4:26:41 PM Server.Domain.CommonClasses.Response <init>
WARNING: username already exists
Apr 13, 2021 4:26:41 PM Server.Domain.CommonClasses.Response <init>
WARNING: username already exists
Apr 13, 2021 4:26:41 PM Server.Domain.CommonClasses.Response <init>
WARNING: user doesn't exist
Apr 13, 2021 4:26:41 PM Server.Domain.CommonClasses.Response <init>
WARNING: Cannot logout without being logged in
Apr 13, 2021 4:26:41 PM Server.Domain.CommonClasses.Response <init>
WARNING: User not permitted to logout
Apr 13, 2021 4:26:41 PM Server.Domain.CommonClasses.Response <init>
WARNING: username already exists
Apr 13, 2021 4:26:41 PM Server.Domain.CommonClasses.Response <init>
WARNING: username already exists
Apr 13, 2021 4:26:41 PM Server.Domain.CommonClasses.Response <init>
WARNING: username already exists
Apr 13, 2021 4:26:41 PM Server.Domain.CommonClasses.Response <init>
WARNING: user doesn't exist
Apr 13, 2021 4:26:41 PM Server.Domain.CommonClasses.Response <init>
WARNING: user doesn't exist
Apr 13, 2021 4:26:41 PM Server.Domain.CommonClasses.Response <init>
WARNING: Attempted to remove a user that wasn't appointed by him
Apr 13, 2021 4:26:41 PM Server.Domain.CommonClasses.Response <init>
WARNING: username already exists
Apr 13, 2021 4:26:41 PM Server.Domain.CommonClasses.Response <init>
WARNING: username already exists
Apr 13, 2021 4:26:41 PM Server.Domain.CommonClasses.Response <init>
WARNING: user doesn't exist
Apr 13, 2021 4:26:41 PM Server.Domain.CommonClasses.Response <init>
WARNING: User doesn't exist
Apr 13, 2021 4:26:41 PM Server.Domain.CommonClasses.Response <init>
WARNING: username already exists
Apr 13, 2021 4:26:41 PM Server.Domain.CommonClasses.Response <init>
WARNING: username already exists
Apr 13, 2021 4:26:41 PM Server.Domain.CommonClasses.Response <init>
WARNING: user doesn't exist
Apr 13, 2021 4:26:41 PM Server.Domain.CommonClasses.Response <init>
WARNING: username already exists
Apr 13, 2021 4:26:41 PM Server.Domain.CommonClasses.Response <init>
WARNING: username already exists
Apr 13, 2021 4:26:41 PM Server.Domain.CommonClasses.Response <init>
WARNING: user doesn't exist
Apr 13, 2021 4:26:41 PM Server.Domain.CommonClasses.Response <init>
WARNING: Attempted to remove not a store manager
Apr 13, 2021 4:26:41 PM Server.Domain.CommonClasses.Response <init>
WARNING: username already exists
Apr 13, 2021 4:26:41 PM Server.Domain.CommonClasses.Response <init>
WARNING: Failed to login user
Apr 13, 2021 4:26:41 PM Server.Domain.CommonClasses.Response <init>
WARNING: username already exists
Apr 13, 2021 4:26:41 PM Server.Domain.CommonClasses.Response <init>
WARNING: username already exists
Apr 13, 2021 4:26:41 PM Server.Domain.CommonClasses.Response <init>
WARNING: username already exists
Apr 13, 2021 4:26:41 PM Server.Domain.CommonClasses.Response <init>
WARNING: username already exists
Apr 13, 2021 4:26:41 PM Server.Domain.CommonClasses.Response <init>
WARNING: username already exists
Apr 13, 2021 4:26:41 PM Server.Domain.CommonClasses.Response <init>
WARNING: Attempted to remove a user that wasn't appointed by him
Apr 13, 2021 4:26:41 PM Server.Domain.CommonClasses.Response <init>
WARNING: username already exists
Apr 13, 2021 4:26:41 PM Server.Domain.CommonClasses.Response <init>
WARNING: username already exists
Apr 13, 2021 4:26:41 PM Server.Domain.CommonClasses.Response <init>
WARNING: user doesn't exist
Apr 13, 2021 4:26:41 PM Server.Domain.CommonClasses.Response <init>
WARNING: User was already appointed in this store
Apr 13, 2021 4:26:41 PM Server.Domain.CommonClasses.Response <init>
WARNING: username already exists
Apr 13, 2021 4:26:41 PM Server.Domain.CommonClasses.Response <init>
WARNING: username already exists
Apr 13, 2021 4:26:41 PM Server.Domain.CommonClasses.Response <init>
WARNING: username already exists
Apr 13, 2021 4:26:41 PM Server.Domain.CommonClasses.Response <init>
WARNING: username already exists
Apr 13, 2021 4:26:41 PM Server.Domain.CommonClasses.Response <init>
WARNING: username already exists
Apr 13, 2021 4:26:41 PM Server.Domain.CommonClasses.Response <init>
WARNING: username already exists
Apr 13, 2021 4:26:41 PM Server.Domain.CommonClasses.Response <init>
WARNING: user doesn't exist
Apr 13, 2021 4:26:41 PM Server.Domain.CommonClasses.Response <init>
WARNING: user doesn't exist
Apr 13, 2021 4:26:41 PM Server.Domain.CommonClasses.Response <init>
WARNING: user doesn't exist
Apr 13, 2021 4:26:41 PM Server.Domain.CommonClasses.Response <init>
WARNING: user doesn't exist
Apr 13, 2021 4:26:41 PM Server.Domain.CommonClasses.Response <init>
WARNING: user doesn't exist
Apr 13, 2021 4:26:41 PM Server.Domain.CommonClasses.Response <init>
WARNING: user not appointed by this appointer
Apr 13, 2021 4:26:41 PM Server.Domain.CommonClasses.Response <init>
WARNING: user not appointed by this appointer
Apr 13, 2021 4:26:41 PM Server.Domain.CommonClasses.Response <init>
WARNING: User doesn't exist
Apr 13, 2021 4:26:41 PM Server.Domain.CommonClasses.Response <init>
WARNING: user not appointed by this appointer
Apr 13, 2021 4:26:41 PM Server.Domain.CommonClasses.Response <init>
WARNING: User doesn't exist
Apr 13, 2021 4:26:41 PM Server.Domain.CommonClasses.Response <init>
WARNING: user not appointed by this appointer
Apr 13, 2021 4:26:41 PM Server.Domain.CommonClasses.Response <init>
WARNING: User doesn't exist
Apr 13, 2021 4:26:41 PM Server.Domain.CommonClasses.Response <init>
WARNING: username already exists
Apr 13, 2021 4:26:41 PM Server.Domain.CommonClasses.Response <init>
WARNING: username already exists
Apr 13, 2021 4:26:41 PM Server.Domain.CommonClasses.Response <init>
WARNING: user doesn't exist
Apr 13, 2021 4:26:41 PM Server.Domain.CommonClasses.Response <init>
WARNING: username already exists
Apr 13, 2021 4:26:41 PM Server.Domain.CommonClasses.Response <init>
WARNING: username already exists
Apr 13, 2021 4:26:41 PM Server.Domain.CommonClasses.Response <init>
WARNING: user doesn't exist
Apr 13, 2021 4:26:41 PM Server.Domain.CommonClasses.Response <init>
WARNING: User was already appointed in this store
Apr 13, 2021 4:26:41 PM Server.Domain.CommonClasses.Response <init>
WARNING: username already exists
Apr 13, 2021 4:26:41 PM Server.Domain.CommonClasses.Response <init>
WARNING: username already exists
Apr 13, 2021 4:26:41 PM Server.Domain.CommonClasses.Response <init>
WARNING: user doesn't exist
Apr 13, 2021 4:26:41 PM Server.Domain.CommonClasses.Response <init>
WARNING: username already exists
Apr 13, 2021 4:26:41 PM Server.Domain.CommonClasses.Response <init>
WARNING: username already exists
Apr 13, 2021 4:26:41 PM Server.Domain.CommonClasses.Response <init>
WARNING: user doesn't exist
Apr 13, 2021 4:26:41 PM Server.Domain.CommonClasses.Response <init>
WARNING: User was already appointed in this store
Apr 13, 2021 4:26:41 PM Server.Domain.CommonClasses.Response <init>
WARNING: username already exists
Apr 13, 2021 4:26:41 PM Server.Domain.CommonClasses.Response <init>
WARNING: username already exists
Apr 13, 2021 4:26:41 PM Server.Domain.CommonClasses.Response <init>
WARNING: username already exists
Apr 13, 2021 4:26:41 PM Server.Domain.CommonClasses.Response <init>
WARNING: username already exists
Apr 13, 2021 4:26:41 PM Server.Domain.CommonClasses.Response <init>
WARNING: username already exists
Apr 13, 2021 4:26:41 PM Server.Domain.CommonClasses.Response <init>
WARNING: username already exists
Apr 13, 2021 4:26:41 PM Server.Domain.CommonClasses.Response <init>
WARNING: username already exists
Apr 13, 2021 4:26:41 PM Server.Domain.CommonClasses.Response <init>
WARNING: username already exists
Apr 13, 2021 4:26:41 PM Server.Domain.CommonClasses.Response <init>
WARNING: user doesn't exist
Apr 13, 2021 4:26:41 PM Server.Domain.CommonClasses.Response <init>
WARNING: user doesn't exist
Apr 13, 2021 4:26:41 PM Server.Domain.CommonClasses.Response <init>
WARNING: user doesn't exist
Apr 13, 2021 4:26:41 PM Server.Domain.CommonClasses.Response <init>
WARNING: user doesn't exist
Apr 13, 2021 4:26:41 PM Server.Domain.CommonClasses.Response <init>
WARNING: user doesn't exist
Apr 13, 2021 4:26:41 PM Server.Domain.CommonClasses.Response <init>
WARNING: User doesn't exist
Apr 13, 2021 4:26:41 PM Server.Domain.CommonClasses.Response <init>
WARNING: User doesn't exist
Apr 13, 2021 4:26:41 PM Server.Domain.CommonClasses.Response <init>
WARNING: User doesn't exist
Apr 13, 2021 4:26:41 PM Server.Domain.CommonClasses.Response <init>
WARNING: username already exists
Apr 13, 2021 4:26:41 PM Server.Domain.CommonClasses.Response <init>
WARNING: username already exists
Apr 13, 2021 4:26:41 PM Server.Domain.CommonClasses.Response <init>
WARNING: user doesn't exist
Apr 13, 2021 4:26:41 PM Server.Domain.CommonClasses.Response <init>
WARNING: User was already appointed in this store
Apr 13, 2021 4:26:41 PM Server.Domain.CommonClasses.Response <init>
WARNING: username already exists
Apr 13, 2021 4:26:41 PM Server.Domain.CommonClasses.Response <init>
WARNING: Failed to login user
Apr 13, 2021 4:26:41 PM Server.Domain.CommonClasses.Response <init>
WARNING: username already exists
Apr 13, 2021 4:26:41 PM Server.Domain.CommonClasses.Response <init>
WARNING: username already exists
Apr 13, 2021 4:26:41 PM Server.Domain.CommonClasses.Response <init>
WARNING: user doesn't exist
Apr 13, 2021 4:26:41 PM Server.Domain.CommonClasses.Response <init>
WARNING: User doesn't exist
Apr 13, 2021 4:33:21 PM Server.Domain.CommonClasses.Response <init>
WARNING: username already exists
Apr 13, 2021 4:33:21 PM Server.Domain.CommonClasses.Response <init>
WARNING: username already exists
Apr 13, 2021 4:33:21 PM Server.Domain.CommonClasses.Response <init>
WARNING: username already exists
Apr 13, 2021 4:33:21 PM Server.Domain.CommonClasses.Response <init>
WARNING: username already exists
Apr 13, 2021 4:33:21 PM Server.Domain.CommonClasses.Response <init>
WARNING: user doesn't exist
Apr 13, 2021 4:33:21 PM Server.Domain.CommonClasses.Response <init>
WARNING: Cannot logout without being logged in
Apr 13, 2021 4:33:21 PM Server.Domain.CommonClasses.Response <init>
WARNING: User not permitted to logout
Apr 13, 2021 4:33:21 PM Server.Domain.CommonClasses.Response <init>
WARNING: username already exists
Apr 13, 2021 4:33:21 PM Server.Domain.CommonClasses.Response <init>
WARNING: username already exists
Apr 13, 2021 4:33:21 PM Server.Domain.CommonClasses.Response <init>
WARNING: username already exists
Apr 13, 2021 4:33:21 PM Server.Domain.CommonClasses.Response <init>
WARNING: user doesn't exist
Apr 13, 2021 4:33:21 PM Server.Domain.CommonClasses.Response <init>
WARNING: user doesn't exist
Apr 13, 2021 4:33:21 PM Server.Domain.CommonClasses.Response <init>
WARNING: Attempted to remove a user that wasn't appointed by him
Apr 13, 2021 4:33:21 PM Server.Domain.CommonClasses.Response <init>
WARNING: username already exists
Apr 13, 2021 4:33:21 PM Server.Domain.CommonClasses.Response <init>
WARNING: username already exists
Apr 13, 2021 4:33:21 PM Server.Domain.CommonClasses.Response <init>
WARNING: user doesn't exist
Apr 13, 2021 4:33:21 PM Server.Domain.CommonClasses.Response <init>
WARNING: Attempted to remove not a store manager
Apr 13, 2021 4:33:21 PM Server.Domain.CommonClasses.Response <init>
WARNING: username already exists
Apr 13, 2021 4:33:21 PM Server.Domain.CommonClasses.Response <init>
WARNING: username already exists
Apr 13, 2021 4:33:21 PM Server.Domain.CommonClasses.Response <init>
WARNING: user doesn't exist
Apr 13, 2021 4:33:21 PM Server.Domain.CommonClasses.Response <init>
WARNING: User doesn't exist
Apr 13, 2021 4:33:21 PM Server.Domain.CommonClasses.Response <init>
WARNING: username already exists
Apr 13, 2021 4:33:21 PM Server.Domain.CommonClasses.Response <init>
WARNING: username already exists
Apr 13, 2021 4:33:21 PM Server.Domain.CommonClasses.Response <init>
WARNING: user doesn't exist
Apr 13, 2021 4:33:21 PM Server.Domain.CommonClasses.Response <init>
WARNING: username already exists
Apr 13, 2021 4:33:21 PM Server.Domain.CommonClasses.Response <init>
WARNING: username already exists
Apr 13, 2021 4:33:21 PM Server.Domain.CommonClasses.Response <init>
WARNING: user doesn't exist
Apr 13, 2021 4:33:21 PM Server.Domain.CommonClasses.Response <init>
WARNING: Attempted to remove not a store owner
Apr 13, 2021 4:33:21 PM Server.Domain.CommonClasses.Response <init>
WARNING: username already exists
Apr 13, 2021 4:33:21 PM Server.Domain.CommonClasses.Response <init>
WARNING: Failed to login user
Apr 13, 2021 4:33:21 PM Server.Domain.CommonClasses.Response <init>
WARNING: username already exists
Apr 13, 2021 4:33:21 PM Server.Domain.CommonClasses.Response <init>
WARNING: username already exists
Apr 13, 2021 4:33:21 PM Server.Domain.CommonClasses.Response <init>
WARNING: username already exists
Apr 13, 2021 4:33:21 PM Server.Domain.CommonClasses.Response <init>
WARNING: username already exists
Apr 13, 2021 4:33:21 PM Server.Domain.CommonClasses.Response <init>
WARNING: username already exists
Apr 13, 2021 4:33:21 PM Server.Domain.CommonClasses.Response <init>
WARNING: Attempted to remove a user that wasn't appointed by him
Apr 13, 2021 4:33:21 PM Server.Domain.CommonClasses.Response <init>
WARNING: username already exists
Apr 13, 2021 4:33:21 PM Server.Domain.CommonClasses.Response <init>
WARNING: username already exists
Apr 13, 2021 4:33:21 PM Server.Domain.CommonClasses.Response <init>
WARNING: user doesn't exist
Apr 13, 2021 4:33:21 PM Server.Domain.CommonClasses.Response <init>
WARNING: User was already appointed in this store
Apr 13, 2021 4:33:21 PM Server.Domain.CommonClasses.Response <init>
WARNING: username already exists
Apr 13, 2021 4:33:21 PM Server.Domain.CommonClasses.Response <init>
WARNING: username already exists
Apr 13, 2021 4:33:21 PM Server.Domain.CommonClasses.Response <init>
WARNING: user doesn't exist
Apr 13, 2021 4:33:21 PM Server.Domain.CommonClasses.Response <init>
WARNING: User doesn't exist
Apr 13, 2021 4:33:21 PM Server.Domain.CommonClasses.Response <init>
WARNING: username already exists
Apr 13, 2021 4:33:21 PM Server.Domain.CommonClasses.Response <init>
WARNING: username already exists
Apr 13, 2021 4:33:21 PM Server.Domain.CommonClasses.Response <init>
WARNING: username already exists
Apr 13, 2021 4:33:21 PM Server.Domain.CommonClasses.Response <init>
WARNING: username already exists
Apr 13, 2021 4:33:21 PM Server.Domain.CommonClasses.Response <init>
WARNING: username already exists
Apr 13, 2021 4:33:21 PM Server.Domain.CommonClasses.Response <init>
WARNING: username already exists
Apr 13, 2021 4:33:21 PM Server.Domain.CommonClasses.Response <init>
WARNING: user doesn't exist
Apr 13, 2021 4:33:21 PM Server.Domain.CommonClasses.Response <init>
WARNING: user doesn't exist
Apr 13, 2021 4:33:21 PM Server.Domain.CommonClasses.Response <init>
WARNING: user doesn't exist
Apr 13, 2021 4:33:21 PM Server.Domain.CommonClasses.Response <init>
WARNING: user doesn't exist
Apr 13, 2021 4:33:21 PM Server.Domain.CommonClasses.Response <init>
WARNING: user doesn't exist
Apr 13, 2021 4:33:21 PM Server.Domain.CommonClasses.Response <init>
WARNING: user not appointed by this appointer
Apr 13, 2021 4:33:21 PM Server.Domain.CommonClasses.Response <init>
WARNING: user not appointed by this appointer
Apr 13, 2021 4:33:21 PM Server.Domain.CommonClasses.Response <init>
WARNING: User doesn't exist
Apr 13, 2021 4:33:21 PM Server.Domain.CommonClasses.Response <init>
WARNING: user not appointed by this appointer
Apr 13, 2021 4:33:21 PM Server.Domain.CommonClasses.Response <init>
WARNING: User doesn't exist
Apr 13, 2021 4:33:21 PM Server.Domain.CommonClasses.Response <init>
WARNING: user not appointed by this appointer
Apr 13, 2021 4:33:21 PM Server.Domain.CommonClasses.Response <init>
WARNING: User doesn't exist
Apr 13, 2021 4:33:21 PM Server.Domain.CommonClasses.Response <init>
WARNING: username already exists
Apr 13, 2021 4:33:21 PM Server.Domain.CommonClasses.Response <init>
WARNING: username already exists
Apr 13, 2021 4:33:21 PM Server.Domain.CommonClasses.Response <init>
WARNING: user doesn't exist
Apr 13, 2021 4:33:21 PM Server.Domain.CommonClasses.Response <init>
WARNING: username already exists
Apr 13, 2021 4:33:21 PM Server.Domain.CommonClasses.Response <init>
WARNING: username already exists
Apr 13, 2021 4:33:21 PM Server.Domain.CommonClasses.Response <init>
WARNING: user doesn't exist
Apr 13, 2021 4:33:21 PM Server.Domain.CommonClasses.Response <init>
WARNING: User was already appointed in this store
Apr 13, 2021 4:33:21 PM Server.Domain.CommonClasses.Response <init>
WARNING: username already exists
Apr 13, 2021 4:33:21 PM Server.Domain.CommonClasses.Response <init>
WARNING: username already exists
Apr 13, 2021 4:33:21 PM Server.Domain.CommonClasses.Response <init>
WARNING: username already exists
Apr 13, 2021 4:33:21 PM Server.Domain.CommonClasses.Response <init>
WARNING: user doesn't exist
Apr 13, 2021 4:33:21 PM Server.Domain.CommonClasses.Response <init>
WARNING: user doesn't exist
Apr 13, 2021 4:33:21 PM Server.Domain.CommonClasses.Response <init>
WARNING: Attempted to remove a user that wasn't appointed by him
Apr 13, 2021 4:33:21 PM Server.Domain.CommonClasses.Response <init>
WARNING: username already exists
Apr 13, 2021 4:33:21 PM Server.Domain.CommonClasses.Response <init>
WARNING: username already exists
Apr 13, 2021 4:33:21 PM Server.Domain.CommonClasses.Response <init>
WARNING: user doesn't exist
Apr 13, 2021 4:33:21 PM Server.Domain.CommonClasses.Response <init>
WARNING: username already exists
Apr 13, 2021 4:33:21 PM Server.Domain.CommonClasses.Response <init>
WARNING: username already exists
Apr 13, 2021 4:33:21 PM Server.Domain.CommonClasses.Response <init>
WARNING: user doesn't exist
Apr 13, 2021 4:33:21 PM Server.Domain.CommonClasses.Response <init>
WARNING: User was already appointed in this store
Apr 13, 2021 4:33:21 PM Server.Domain.CommonClasses.Response <init>
WARNING: username already exists
Apr 13, 2021 4:33:21 PM Server.Domain.CommonClasses.Response <init>
WARNING: username already exists
Apr 13, 2021 4:33:21 PM Server.Domain.CommonClasses.Response <init>
WARNING: username already exists
Apr 13, 2021 4:33:21 PM Server.Domain.CommonClasses.Response <init>
WARNING: username already exists
Apr 13, 2021 4:33:21 PM Server.Domain.CommonClasses.Response <init>
WARNING: username already exists
Apr 13, 2021 4:33:21 PM Server.Domain.CommonClasses.Response <init>
WARNING: username already exists
Apr 13, 2021 4:33:21 PM Server.Domain.CommonClasses.Response <init>
WARNING: username already exists
Apr 13, 2021 4:33:21 PM Server.Domain.CommonClasses.Response <init>
WARNING: username already exists
Apr 13, 2021 4:33:21 PM Server.Domain.CommonClasses.Response <init>
WARNING: user doesn't exist
Apr 13, 2021 4:33:21 PM Server.Domain.CommonClasses.Response <init>
WARNING: user doesn't exist
Apr 13, 2021 4:33:21 PM Server.Domain.CommonClasses.Response <init>
WARNING: user doesn't exist
Apr 13, 2021 4:33:21 PM Server.Domain.CommonClasses.Response <init>
WARNING: user doesn't exist
Apr 13, 2021 4:33:21 PM Server.Domain.CommonClasses.Response <init>
WARNING: user doesn't exist
Apr 13, 2021 4:33:21 PM Server.Domain.CommonClasses.Response <init>
WARNING: User doesn't exist
Apr 13, 2021 4:33:21 PM Server.Domain.CommonClasses.Response <init>
WARNING: User doesn't exist
Apr 13, 2021 4:33:21 PM Server.Domain.CommonClasses.Response <init>
WARNING: User doesn't exist
Apr 13, 2021 4:33:21 PM Server.Domain.CommonClasses.Response <init>
WARNING: username already exists
Apr 13, 2021 4:33:21 PM Server.Domain.CommonClasses.Response <init>
WARNING: username already exists
Apr 13, 2021 4:33:21 PM Server.Domain.CommonClasses.Response <init>
WARNING: user doesn't exist
Apr 13, 2021 4:33:21 PM Server.Domain.CommonClasses.Response <init>
WARNING: User was already appointed in this store
Apr 13, 2021 4:33:21 PM Server.Domain.CommonClasses.Response <init>
WARNING: username already exists
Apr 13, 2021 4:33:21 PM Server.Domain.CommonClasses.Response <init>
WARNING: Failed to login user
Apr 13, 2021 4:33:21 PM Server.Domain.CommonClasses.Response <init>
WARNING: username already exists
Apr 13, 2021 4:33:21 PM Server.Domain.CommonClasses.Response <init>
WARNING: username already exists
Apr 13, 2021 4:33:21 PM Server.Domain.CommonClasses.Response <init>
WARNING: Attempted to remove a user that wasn't appointed by him
Apr 13, 2021 4:46:14 PM Server.Domain.CommonClasses.Response <init>
WARNING: username already exists
Apr 13, 2021 4:46:14 PM Server.Domain.CommonClasses.Response <init>
WARNING: username already exists
Apr 13, 2021 4:46:14 PM Server.Domain.CommonClasses.Response <init>
WARNING: username already exists
Apr 13, 2021 4:46:14 PM Server.Domain.CommonClasses.Response <init>
WARNING: username already exists
Apr 13, 2021 4:46:14 PM Server.Domain.CommonClasses.Response <init>
WARNING: user doesn't exist
Apr 13, 2021 4:46:14 PM Server.Domain.CommonClasses.Response <init>
WARNING: Cannot logout without being logged in
Apr 13, 2021 4:46:14 PM Server.Domain.CommonClasses.Response <init>
WARNING: User not permitted to logout
Apr 13, 2021 4:46:14 PM Server.Domain.CommonClasses.Response <init>
WARNING: username already exists
Apr 13, 2021 4:46:14 PM Server.Domain.CommonClasses.Response <init>
WARNING: username already exists
Apr 13, 2021 4:46:14 PM Server.Domain.CommonClasses.Response <init>
WARNING: username already exists
Apr 13, 2021 4:46:14 PM Server.Domain.CommonClasses.Response <init>
WARNING: user doesn't exist
Apr 13, 2021 4:46:14 PM Server.Domain.CommonClasses.Response <init>
WARNING: user doesn't exist
Apr 13, 2021 4:46:14 PM Server.Domain.CommonClasses.Response <init>
WARNING: Attempted to remove a user that wasn't appointed by him
Apr 13, 2021 4:46:14 PM Server.Domain.CommonClasses.Response <init>
WARNING: username already exists
Apr 13, 2021 4:46:14 PM Server.Domain.CommonClasses.Response <init>
WARNING: username already exists
Apr 13, 2021 4:46:14 PM Server.Domain.CommonClasses.Response <init>
WARNING: user doesn't exist
Apr 13, 2021 4:46:14 PM Server.Domain.CommonClasses.Response <init>
WARNING: Attempted to remove not a store manager
Apr 13, 2021 4:46:14 PM Server.Domain.CommonClasses.Response <init>
WARNING: username already exists
Apr 13, 2021 4:46:14 PM Server.Domain.CommonClasses.Response <init>
WARNING: username already exists
Apr 13, 2021 4:46:14 PM Server.Domain.CommonClasses.Response <init>
WARNING: user doesn't exist
Apr 13, 2021 4:46:14 PM Server.Domain.CommonClasses.Response <init>
WARNING: User doesn't exist
Apr 13, 2021 4:46:14 PM Server.Domain.CommonClasses.Response <init>
WARNING: username already exists
Apr 13, 2021 4:46:14 PM Server.Domain.CommonClasses.Response <init>
WARNING: username already exists
Apr 13, 2021 4:46:14 PM Server.Domain.CommonClasses.Response <init>
WARNING: user doesn't exist
Apr 13, 2021 4:46:14 PM Server.Domain.CommonClasses.Response <init>
WARNING: username already exists
Apr 13, 2021 4:46:14 PM Server.Domain.CommonClasses.Response <init>
WARNING: username already exists
Apr 13, 2021 4:46:14 PM Server.Domain.CommonClasses.Response <init>
WARNING: user doesn't exist
Apr 13, 2021 4:46:14 PM Server.Domain.CommonClasses.Response <init>
WARNING: Attempted to remove not a store owner
Apr 13, 2021 4:46:14 PM Server.Domain.CommonClasses.Response <init>
WARNING: username already exists
Apr 13, 2021 4:46:14 PM Server.Domain.CommonClasses.Response <init>
WARNING: Failed to login user
Apr 13, 2021 4:46:14 PM Server.Domain.CommonClasses.Response <init>
WARNING: username already exists
Apr 13, 2021 4:46:14 PM Server.Domain.CommonClasses.Response <init>
WARNING: username already exists
Apr 13, 2021 4:46:14 PM Server.Domain.CommonClasses.Response <init>
WARNING: username already exists
Apr 13, 2021 4:46:14 PM Server.Domain.CommonClasses.Response <init>
WARNING: username already exists
Apr 13, 2021 4:46:14 PM Server.Domain.CommonClasses.Response <init>
WARNING: username already exists
Apr 13, 2021 4:46:14 PM Server.Domain.CommonClasses.Response <init>
WARNING: Attempted to remove a user that wasn't appointed by him
Apr 13, 2021 4:46:14 PM Server.Domain.CommonClasses.Response <init>
WARNING: username already exists
Apr 13, 2021 4:46:14 PM Server.Domain.CommonClasses.Response <init>
WARNING: username already exists
Apr 13, 2021 4:46:14 PM Server.Domain.CommonClasses.Response <init>
WARNING: user doesn't exist
Apr 13, 2021 4:46:14 PM Server.Domain.CommonClasses.Response <init>
WARNING: User was already appointed in this store
Apr 13, 2021 4:46:14 PM Server.Domain.CommonClasses.Response <init>
WARNING: username already exists
Apr 13, 2021 4:46:14 PM Server.Domain.CommonClasses.Response <init>
WARNING: username already exists
Apr 13, 2021 4:46:14 PM Server.Domain.CommonClasses.Response <init>
WARNING: username already exists
Apr 13, 2021 4:46:14 PM Server.Domain.CommonClasses.Response <init>
WARNING: username already exists
Apr 13, 2021 4:46:14 PM Server.Domain.CommonClasses.Response <init>
WARNING: username already exists
Apr 13, 2021 4:46:14 PM Server.Domain.CommonClasses.Response <init>
WARNING: username already exists
Apr 13, 2021 4:46:14 PM Server.Domain.CommonClasses.Response <init>
WARNING: user doesn't exist
Apr 13, 2021 4:46:14 PM Server.Domain.CommonClasses.Response <init>
WARNING: user doesn't exist
Apr 13, 2021 4:46:14 PM Server.Domain.CommonClasses.Response <init>
WARNING: user doesn't exist
Apr 13, 2021 4:46:14 PM Server.Domain.CommonClasses.Response <init>
WARNING: user doesn't exist
Apr 13, 2021 4:46:14 PM Server.Domain.CommonClasses.Response <init>
WARNING: user doesn't exist
Apr 13, 2021 4:46:14 PM Server.Domain.CommonClasses.Response <init>
WARNING: user not appointed by this appointer
Apr 13, 2021 4:46:14 PM Server.Domain.CommonClasses.Response <init>
WARNING: user not appointed by this appointer
Apr 13, 2021 4:46:14 PM Server.Domain.CommonClasses.Response <init>
WARNING: User doesn't exist
Apr 13, 2021 4:46:14 PM Server.Domain.CommonClasses.Response <init>
WARNING: user not appointed by this appointer
Apr 13, 2021 4:46:14 PM Server.Domain.CommonClasses.Response <init>
WARNING: User doesn't exist
Apr 13, 2021 4:46:14 PM Server.Domain.CommonClasses.Response <init>
WARNING: user not appointed by this appointer
Apr 13, 2021 4:46:14 PM Server.Domain.CommonClasses.Response <init>
WARNING: User doesn't exist
Apr 13, 2021 4:46:14 PM Server.Domain.CommonClasses.Response <init>
WARNING: username already exists
Apr 13, 2021 4:46:14 PM Server.Domain.CommonClasses.Response <init>
WARNING: username already exists
Apr 13, 2021 4:46:14 PM Server.Domain.CommonClasses.Response <init>
WARNING: user doesn't exist
Apr 13, 2021 4:46:14 PM Server.Domain.CommonClasses.Response <init>
WARNING: User doesn't exist
Apr 13, 2021 4:46:14 PM Server.Domain.CommonClasses.Response <init>
WARNING: username already exists
Apr 13, 2021 4:46:14 PM Server.Domain.CommonClasses.Response <init>
WARNING: username already exists
Apr 13, 2021 4:46:14 PM Server.Domain.CommonClasses.Response <init>
WARNING: user doesn't exist
Apr 13, 2021 4:46:14 PM Server.Domain.CommonClasses.Response <init>
WARNING: username already exists
Apr 13, 2021 4:46:14 PM Server.Domain.CommonClasses.Response <init>
WARNING: username already exists
Apr 13, 2021 4:46:14 PM Server.Domain.CommonClasses.Response <init>
WARNING: username already exists
Apr 13, 2021 4:46:14 PM Server.Domain.CommonClasses.Response <init>
WARNING: username already exists
Apr 13, 2021 4:46:14 PM Server.Domain.CommonClasses.Response <init>
WARNING: username already exists
Apr 13, 2021 4:46:14 PM Server.Domain.CommonClasses.Response <init>
WARNING: username already exists
Apr 13, 2021 4:46:14 PM Server.Domain.CommonClasses.Response <init>
WARNING: username already exists
Apr 13, 2021 4:46:14 PM Server.Domain.CommonClasses.Response <init>
WARNING: user doesn't exist
Apr 13, 2021 4:46:14 PM Server.Domain.CommonClasses.Response <init>
WARNING: user doesn't exist
Apr 13, 2021 4:46:14 PM Server.Domain.CommonClasses.Response <init>
WARNING: user doesn't exist
Apr 13, 2021 4:46:14 PM Server.Domain.CommonClasses.Response <init>
WARNING: user doesn't exist
Apr 13, 2021 4:46:14 PM Server.Domain.CommonClasses.Response <init>
WARNING: user doesn't exist
Apr 13, 2021 4:46:14 PM Server.Domain.CommonClasses.Response <init>
WARNING: user doesn't exist
Apr 13, 2021 4:46:14 PM Server.Domain.CommonClasses.Response <init>
WARNING: Attempted to remove a user that wasn't appointed by him
Apr 13, 2021 4:46:14 PM Server.Domain.CommonClasses.Response <init>
WARNING: username already exists
Apr 13, 2021 4:46:14 PM Server.Domain.CommonClasses.Response <init>
WARNING: username already exists
Apr 13, 2021 4:46:14 PM Server.Domain.CommonClasses.Response <init>
WARNING: user doesn't exist
Apr 13, 2021 4:46:14 PM Server.Domain.CommonClasses.Response <init>
WARNING: User was already appointed in this store
Apr 13, 2021 4:46:14 PM Server.Domain.CommonClasses.Response <init>
WARNING: username already exists
Apr 13, 2021 4:46:14 PM Server.Domain.CommonClasses.Response <init>
WARNING: username already exists
Apr 13, 2021 4:46:14 PM Server.Domain.CommonClasses.Response <init>
WARNING: username already exists
Apr 13, 2021 4:46:14 PM Server.Domain.CommonClasses.Response <init>
WARNING: user doesn't exist
Apr 13, 2021 4:46:14 PM Server.Domain.CommonClasses.Response <init>
WARNING: user doesn't exist
Apr 13, 2021 4:46:14 PM Server.Domain.CommonClasses.Response <init>
WARNING: Attempted to remove a user that wasn't appointed by him
Apr 13, 2021 4:46:14 PM Server.Domain.CommonClasses.Response <init>
WARNING: username already exists
Apr 13, 2021 4:46:14 PM Server.Domain.CommonClasses.Response <init>
WARNING: username already exists
Apr 13, 2021 4:46:14 PM Server.Domain.CommonClasses.Response <init>
WARNING: user doesn't exist
Apr 13, 2021 4:46:14 PM Server.Domain.CommonClasses.Response <init>
WARNING: username already exists
Apr 13, 2021 4:46:14 PM Server.Domain.CommonClasses.Response <init>
WARNING: username already exists
Apr 13, 2021 4:46:14 PM Server.Domain.CommonClasses.Response <init>
WARNING: user doesn't exist
Apr 13, 2021 4:46:14 PM Server.Domain.CommonClasses.Response <init>
WARNING: User was already appointed in this store
Apr 13, 2021 4:46:14 PM Server.Domain.CommonClasses.Response <init>
WARNING: username already exists
Apr 13, 2021 4:46:14 PM Server.Domain.CommonClasses.Response <init>
WARNING: username already exists
Apr 13, 2021 4:46:14 PM Server.Domain.CommonClasses.Response <init>
WARNING: username already exists
Apr 13, 2021 4:46:14 PM Server.Domain.CommonClasses.Response <init>
WARNING: username already exists
Apr 13, 2021 4:46:14 PM Server.Domain.CommonClasses.Response <init>
WARNING: username already exists
Apr 13, 2021 4:46:14 PM Server.Domain.CommonClasses.Response <init>
WARNING: username already exists
Apr 13, 2021 4:46:14 PM Server.Domain.CommonClasses.Response <init>
WARNING: username already exists
Apr 13, 2021 4:46:14 PM Server.Domain.CommonClasses.Response <init>
WARNING: username already exists
Apr 13, 2021 4:46:14 PM Server.Domain.CommonClasses.Response <init>
WARNING: user doesn't exist
Apr 13, 2021 4:46:14 PM Server.Domain.CommonClasses.Response <init>
WARNING: user doesn't exist
Apr 13, 2021 4:46:14 PM Server.Domain.CommonClasses.Response <init>
WARNING: user doesn't exist
Apr 13, 2021 4:46:14 PM Server.Domain.CommonClasses.Response <init>
WARNING: user doesn't exist
Apr 13, 2021 4:46:14 PM Server.Domain.CommonClasses.Response <init>
WARNING: user doesn't exist
Apr 13, 2021 4:46:14 PM Server.Domain.CommonClasses.Response <init>
WARNING: User doesn't exist
Apr 13, 2021 4:46:14 PM Server.Domain.CommonClasses.Response <init>
WARNING: User doesn't exist
Apr 13, 2021 4:46:14 PM Server.Domain.CommonClasses.Response <init>
WARNING: User doesn't exist
Apr 13, 2021 4:46:14 PM Server.Domain.CommonClasses.Response <init>
WARNING: username already exists
Apr 13, 2021 4:46:14 PM Server.Domain.CommonClasses.Response <init>
WARNING: username already exists
Apr 13, 2021 4:46:14 PM Server.Domain.CommonClasses.Response <init>
WARNING: user doesn't exist
Apr 13, 2021 4:46:14 PM Server.Domain.CommonClasses.Response <init>
WARNING: User was already appointed in this store
Apr 13, 2021 4:46:14 PM Server.Domain.CommonClasses.Response <init>
WARNING: username already exists
Apr 13, 2021 4:46:14 PM Server.Domain.CommonClasses.Response <init>
WARNING: Failed to login user
Apr 13, 2021 4:46:14 PM Server.Domain.CommonClasses.Response <init>
WARNING: username already exists
Apr 13, 2021 4:46:14 PM Server.Domain.CommonClasses.Response <init>
WARNING: username already exists
Apr 13, 2021 4:46:14 PM Server.Domain.CommonClasses.Response <init>
WARNING: Attempted to remove a user that wasn't appointed by him
Apr 13, 2021 5:08:25 PM Server.Domain.CommonClasses.Response <init>
WARNING: username already exists
Apr 13, 2021 5:08:25 PM Server.Domain.CommonClasses.Response <init>
WARNING: username already exists
Apr 13, 2021 5:08:25 PM Server.Domain.CommonClasses.Response <init>
WARNING: User not allowed to add permissions to this user
Apr 13, 2021 5:08:25 PM Server.Domain.CommonClasses.Response <init>
WARNING: username already exists
Apr 13, 2021 5:08:25 PM Server.Domain.CommonClasses.Response <init>
WARNING: username already exists
Apr 13, 2021 5:08:25 PM Server.Domain.CommonClasses.Response <init>
WARNING: username already exists
Apr 13, 2021 5:08:25 PM Server.Domain.CommonClasses.Response <init>
WARNING: username already exists
Apr 13, 2021 5:08:25 PM Server.Domain.CommonClasses.Response <init>
WARNING: user doesn't exist
Apr 13, 2021 5:08:25 PM Server.Domain.CommonClasses.Response <init>
WARNING: username already exists
Apr 13, 2021 5:08:25 PM Server.Domain.CommonClasses.Response <init>
WARNING: username already exists
Apr 13, 2021 5:08:25 PM Server.Domain.CommonClasses.Response <init>
WARNING: user doesn't exist
Apr 13, 2021 5:08:25 PM Server.Domain.CommonClasses.Response <init>
WARNING: Cannot logout without being logged in
Apr 13, 2021 5:08:25 PM Server.Domain.CommonClasses.Response <init>
WARNING: User not permitted to logout
Apr 13, 2021 5:08:25 PM Server.Domain.CommonClasses.Response <init>
WARNING: username already exists
Apr 13, 2021 5:08:25 PM Server.Domain.CommonClasses.Response <init>
WARNING: username already exists
Apr 13, 2021 5:08:25 PM Server.Domain.CommonClasses.Response <init>
WARNING: username already exists
Apr 13, 2021 5:08:25 PM Server.Domain.CommonClasses.Response <init>
WARNING: user doesn't exist
Apr 13, 2021 5:08:25 PM Server.Domain.CommonClasses.Response <init>
WARNING: user doesn't exist
Apr 13, 2021 5:08:25 PM Server.Domain.CommonClasses.Response <init>
WARNING: Attempted to remove a user that wasn't appointed by him
Apr 13, 2021 5:08:25 PM Server.Domain.CommonClasses.Response <init>
WARNING: username already exists
Apr 13, 2021 5:08:25 PM Server.Domain.CommonClasses.Response <init>
WARNING: username already exists
Apr 13, 2021 5:08:25 PM Server.Domain.CommonClasses.Response <init>
WARNING: user doesn't exist
Apr 13, 2021 5:08:25 PM Server.Domain.CommonClasses.Response <init>
WARNING: Attempted to remove not a store manager
Apr 13, 2021 5:08:25 PM Server.Domain.CommonClasses.Response <init>
WARNING: username already exists
Apr 13, 2021 5:08:25 PM Server.Domain.CommonClasses.Response <init>
WARNING: username already exists
Apr 13, 2021 5:08:25 PM Server.Domain.CommonClasses.Response <init>
WARNING: user doesn't exist
Apr 13, 2021 5:08:25 PM Server.Domain.CommonClasses.Response <init>
WARNING: User doesn't exist
Apr 13, 2021 5:08:25 PM Server.Domain.CommonClasses.Response <init>
WARNING: username already exists
Apr 13, 2021 5:08:25 PM Server.Domain.CommonClasses.Response <init>
WARNING: username already exists
Apr 13, 2021 5:08:25 PM Server.Domain.CommonClasses.Response <init>
WARNING: user doesn't exist
Apr 13, 2021 5:08:25 PM Server.Domain.CommonClasses.Response <init>
WARNING: username already exists
Apr 13, 2021 5:08:25 PM Server.Domain.CommonClasses.Response <init>
WARNING: username already exists
Apr 13, 2021 5:08:25 PM Server.Domain.CommonClasses.Response <init>
WARNING: user doesn't exist
Apr 13, 2021 5:08:25 PM Server.Domain.CommonClasses.Response <init>
WARNING: Attempted to remove not a store owner
Apr 13, 2021 5:08:25 PM Server.Domain.CommonClasses.Response <init>
WARNING: username already exists
Apr 13, 2021 5:08:25 PM Server.Domain.CommonClasses.Response <init>
WARNING: Failed to login user
Apr 13, 2021 5:08:25 PM Server.Domain.CommonClasses.Response <init>
WARNING: username already exists
Apr 13, 2021 5:08:25 PM Server.Domain.CommonClasses.Response <init>
WARNING: username already exists
Apr 13, 2021 5:08:25 PM Server.Domain.CommonClasses.Response <init>
WARNING: username already exists
Apr 13, 2021 5:08:25 PM Server.Domain.CommonClasses.Response <init>
WARNING: username already exists
Apr 13, 2021 5:08:25 PM Server.Domain.CommonClasses.Response <init>
WARNING: username already exists
Apr 13, 2021 5:08:25 PM Server.Domain.CommonClasses.Response <init>
WARNING: Attempted to remove a user that wasn't appointed by him
Apr 13, 2021 5:08:25 PM Server.Domain.CommonClasses.Response <init>
WARNING: username already exists
Apr 13, 2021 5:08:25 PM Server.Domain.CommonClasses.Response <init>
WARNING: username already exists
Apr 13, 2021 5:08:25 PM Server.Domain.CommonClasses.Response <init>
WARNING: user doesn't exist
Apr 13, 2021 5:08:25 PM Server.Domain.CommonClasses.Response <init>
WARNING: User was already appointed in this store
Apr 13, 2021 5:08:25 PM Server.Domain.CommonClasses.Response <init>
WARNING: username already exists
Apr 13, 2021 5:08:25 PM Server.Domain.CommonClasses.Response <init>
WARNING: username already exists
Apr 13, 2021 5:08:25 PM Server.Domain.CommonClasses.Response <init>
WARNING: username already exists
Apr 13, 2021 5:08:25 PM Server.Domain.CommonClasses.Response <init>
WARNING: username already exists
Apr 13, 2021 5:08:25 PM Server.Domain.CommonClasses.Response <init>
WARNING: username already exists
Apr 13, 2021 5:08:25 PM Server.Domain.CommonClasses.Response <init>
WARNING: username already exists
Apr 13, 2021 5:08:25 PM Server.Domain.CommonClasses.Response <init>
WARNING: user doesn't exist
Apr 13, 2021 5:08:25 PM Server.Domain.CommonClasses.Response <init>
WARNING: user doesn't exist
Apr 13, 2021 5:08:25 PM Server.Domain.CommonClasses.Response <init>
WARNING: user doesn't exist
Apr 13, 2021 5:08:25 PM Server.Domain.CommonClasses.Response <init>
WARNING: user doesn't exist
Apr 13, 2021 5:08:25 PM Server.Domain.CommonClasses.Response <init>
WARNING: user doesn't exist
Apr 13, 2021 5:08:25 PM Server.Domain.CommonClasses.Response <init>
WARNING: user not appointed by this appointer
Apr 13, 2021 5:08:25 PM Server.Domain.CommonClasses.Response <init>
WARNING: user not appointed by this appointer
Apr 13, 2021 5:08:25 PM Server.Domain.CommonClasses.Response <init>
WARNING: User doesn't exist
Apr 13, 2021 5:08:25 PM Server.Domain.CommonClasses.Response <init>
WARNING: user not appointed by this appointer
Apr 13, 2021 5:08:25 PM Server.Domain.CommonClasses.Response <init>
WARNING: User doesn't exist
Apr 13, 2021 5:08:25 PM Server.Domain.CommonClasses.Response <init>
WARNING: user not appointed by this appointer
Apr 13, 2021 5:08:25 PM Server.Domain.CommonClasses.Response <init>
WARNING: User doesn't exist
Apr 13, 2021 5:08:25 PM Server.Domain.CommonClasses.Response <init>
WARNING: username already exists
Apr 13, 2021 5:08:25 PM Server.Domain.CommonClasses.Response <init>
WARNING: username already exists
Apr 13, 2021 5:08:25 PM Server.Domain.CommonClasses.Response <init>
WARNING: user doesn't exist
Apr 13, 2021 5:08:25 PM Server.Domain.CommonClasses.Response <init>
WARNING: User doesn't exist
Apr 13, 2021 5:08:25 PM Server.Domain.CommonClasses.Response <init>
WARNING: username already exists
Apr 13, 2021 5:08:25 PM Server.Domain.CommonClasses.Response <init>
WARNING: username already exists
Apr 13, 2021 5:08:25 PM Server.Domain.CommonClasses.Response <init>
WARNING: user doesn't exist
Apr 13, 2021 5:08:25 PM Server.Domain.CommonClasses.Response <init>
WARNING: username already exists
Apr 13, 2021 5:08:25 PM Server.Domain.CommonClasses.Response <init>
WARNING: username already exists
Apr 13, 2021 5:08:25 PM Server.Domain.CommonClasses.Response <init>
WARNING: username already exists
Apr 13, 2021 5:08:25 PM Server.Domain.CommonClasses.Response <init>
WARNING: username already exists
Apr 13, 2021 5:08:25 PM Server.Domain.CommonClasses.Response <init>
WARNING: username already exists
Apr 13, 2021 5:08:25 PM Server.Domain.CommonClasses.Response <init>
WARNING: username already exists
Apr 13, 2021 5:08:25 PM Server.Domain.CommonClasses.Response <init>
WARNING: username already exists
Apr 13, 2021 5:08:25 PM Server.Domain.CommonClasses.Response <init>
WARNING: user doesn't exist
Apr 13, 2021 5:08:25 PM Server.Domain.CommonClasses.Response <init>
WARNING: user doesn't exist
Apr 13, 2021 5:08:25 PM Server.Domain.CommonClasses.Response <init>
WARNING: user doesn't exist
Apr 13, 2021 5:08:25 PM Server.Domain.CommonClasses.Response <init>
WARNING: user doesn't exist
Apr 13, 2021 5:08:25 PM Server.Domain.CommonClasses.Response <init>
WARNING: user doesn't exist
Apr 13, 2021 5:08:25 PM Server.Domain.CommonClasses.Response <init>
WARNING: user doesn't exist
Apr 13, 2021 5:08:25 PM Server.Domain.CommonClasses.Response <init>
WARNING: Attempted to remove a user that wasn't appointed by him
Apr 13, 2021 5:08:25 PM Server.Domain.CommonClasses.Response <init>
WARNING: username already exists
Apr 13, 2021 5:08:25 PM Server.Domain.CommonClasses.Response <init>
WARNING: username already exists
Apr 13, 2021 5:08:25 PM Server.Domain.CommonClasses.Response <init>
WARNING: user doesn't exist
Apr 13, 2021 5:08:25 PM Server.Domain.CommonClasses.Response <init>
WARNING: User was already appointed in this store
Apr 13, 2021 5:08:25 PM Server.Domain.CommonClasses.Response <init>
WARNING: username already exists
Apr 13, 2021 5:08:25 PM Server.Domain.CommonClasses.Response <init>
WARNING: username already exists
Apr 13, 2021 5:08:25 PM Server.Domain.CommonClasses.Response <init>
WARNING: username already exists
Apr 13, 2021 5:08:25 PM Server.Domain.CommonClasses.Response <init>
WARNING: user doesn't exist
Apr 13, 2021 5:08:25 PM Server.Domain.CommonClasses.Response <init>
WARNING: user doesn't exist
Apr 13, 2021 5:08:25 PM Server.Domain.CommonClasses.Response <init>
WARNING: Attempted to remove a user that wasn't appointed by him
Apr 13, 2021 5:08:25 PM Server.Domain.CommonClasses.Response <init>
WARNING: username already exists
Apr 13, 2021 5:08:25 PM Server.Domain.CommonClasses.Response <init>
WARNING: username already exists
Apr 13, 2021 5:08:25 PM Server.Domain.CommonClasses.Response <init>
WARNING: user doesn't exist
Apr 13, 2021 5:08:25 PM Server.Domain.CommonClasses.Response <init>
WARNING: User was already appointed in this store
Apr 13, 2021 5:08:25 PM Server.Domain.CommonClasses.Response <init>
WARNING: username already exists
Apr 13, 2021 5:08:25 PM Server.Domain.CommonClasses.Response <init>
WARNING: username already exists
Apr 13, 2021 5:08:25 PM Server.Domain.CommonClasses.Response <init>
WARNING: username already exists
Apr 13, 2021 5:08:25 PM Server.Domain.CommonClasses.Response <init>
WARNING: username already exists
Apr 13, 2021 5:08:25 PM Server.Domain.CommonClasses.Response <init>
WARNING: username already exists
Apr 13, 2021 5:08:25 PM Server.Domain.CommonClasses.Response <init>
WARNING: username already exists
Apr 13, 2021 5:08:25 PM Server.Domain.CommonClasses.Response <init>
WARNING: username already exists
Apr 13, 2021 5:08:25 PM Server.Domain.CommonClasses.Response <init>
WARNING: user doesn't exist
Apr 13, 2021 5:08:25 PM Server.Domain.CommonClasses.Response <init>
WARNING: user doesn't exist
Apr 13, 2021 5:08:25 PM Server.Domain.CommonClasses.Response <init>
WARNING: user doesn't exist
Apr 13, 2021 5:08:25 PM Server.Domain.CommonClasses.Response <init>
WARNING: user doesn't exist
Apr 13, 2021 5:08:25 PM Server.Domain.CommonClasses.Response <init>
WARNING: user doesn't exist
Apr 13, 2021 5:08:25 PM Server.Domain.CommonClasses.Response <init>
WARNING: User doesn't exist
Apr 13, 2021 5:08:25 PM Server.Domain.CommonClasses.Response <init>
WARNING: User doesn't exist
Apr 13, 2021 5:08:25 PM Server.Domain.CommonClasses.Response <init>
WARNING: User doesn't exist
Apr 13, 2021 5:08:25 PM Server.Domain.CommonClasses.Response <init>
WARNING: username already exists
Apr 13, 2021 5:08:25 PM Server.Domain.CommonClasses.Response <init>
WARNING: username already exists
Apr 13, 2021 5:08:25 PM Server.Domain.CommonClasses.Response <init>
WARNING: user doesn't exist
Apr 13, 2021 5:08:25 PM Server.Domain.CommonClasses.Response <init>
WARNING: User was already appointed in this store
Apr 13, 2021 5:08:25 PM Server.Domain.CommonClasses.Response <init>
WARNING: username already exists
Apr 13, 2021 5:08:25 PM Server.Domain.CommonClasses.Response <init>
WARNING: Failed to login user
Apr 13, 2021 5:08:25 PM Server.Domain.CommonClasses.Response <init>
WARNING: username already exists
Apr 13, 2021 5:08:25 PM Server.Domain.CommonClasses.Response <init>
WARNING: username already exists
Apr 13, 2021 5:08:25 PM Server.Domain.CommonClasses.Response <init>
WARNING: Attempted to remove a user that wasn't appointed by him
Apr 13, 2021 5:08:46 PM Server.Domain.CommonClasses.Response <init>
WARNING: username already exists
Apr 13, 2021 5:08:46 PM Server.Domain.CommonClasses.Response <init>
WARNING: username already exists
Apr 13, 2021 5:08:46 PM Server.Domain.CommonClasses.Response <init>
WARNING: User not allowed to add permissions to this user
Apr 13, 2021 5:08:46 PM Server.Domain.CommonClasses.Response <init>
WARNING: username already exists
Apr 13, 2021 5:08:46 PM Server.Domain.CommonClasses.Response <init>
WARNING: username already exists
Apr 13, 2021 5:08:46 PM Server.Domain.CommonClasses.Response <init>
WARNING: username already exists
Apr 13, 2021 5:08:46 PM Server.Domain.CommonClasses.Response <init>
WARNING: username already exists
Apr 13, 2021 5:08:46 PM Server.Domain.CommonClasses.Response <init>
WARNING: user doesn't exist
Apr 13, 2021 5:08:46 PM Server.Domain.CommonClasses.Response <init>
WARNING: username already exists
Apr 13, 2021 5:08:46 PM Server.Domain.CommonClasses.Response <init>
WARNING: username already exists
Apr 13, 2021 5:08:46 PM Server.Domain.CommonClasses.Response <init>
WARNING: user doesn't exist
Apr 13, 2021 5:08:46 PM Server.Domain.CommonClasses.Response <init>
WARNING: Cannot logout without being logged in
Apr 13, 2021 5:08:46 PM Server.Domain.CommonClasses.Response <init>
WARNING: User not permitted to logout
Apr 13, 2021 5:08:46 PM Server.Domain.CommonClasses.Response <init>
WARNING: username already exists
Apr 13, 2021 5:08:46 PM Server.Domain.CommonClasses.Response <init>
WARNING: username already exists
Apr 13, 2021 5:08:46 PM Server.Domain.CommonClasses.Response <init>
WARNING: username already exists
Apr 13, 2021 5:08:46 PM Server.Domain.CommonClasses.Response <init>
WARNING: user doesn't exist
Apr 13, 2021 5:08:46 PM Server.Domain.CommonClasses.Response <init>
WARNING: user doesn't exist
Apr 13, 2021 5:08:46 PM Server.Domain.CommonClasses.Response <init>
WARNING: Attempted to remove a user that wasn't appointed by him
Apr 13, 2021 5:08:46 PM Server.Domain.CommonClasses.Response <init>
WARNING: username already exists
Apr 13, 2021 5:08:46 PM Server.Domain.CommonClasses.Response <init>
WARNING: username already exists
Apr 13, 2021 5:08:46 PM Server.Domain.CommonClasses.Response <init>
WARNING: user doesn't exist
Apr 13, 2021 5:08:46 PM Server.Domain.CommonClasses.Response <init>
WARNING: Attempted to remove not a store manager
Apr 13, 2021 5:08:46 PM Server.Domain.CommonClasses.Response <init>
WARNING: username already exists
Apr 13, 2021 5:08:46 PM Server.Domain.CommonClasses.Response <init>
WARNING: username already exists
Apr 13, 2021 5:08:46 PM Server.Domain.CommonClasses.Response <init>
WARNING: user doesn't exist
Apr 13, 2021 5:08:46 PM Server.Domain.CommonClasses.Response <init>
WARNING: User doesn't exist
Apr 13, 2021 5:08:46 PM Server.Domain.CommonClasses.Response <init>
WARNING: username already exists
Apr 13, 2021 5:08:46 PM Server.Domain.CommonClasses.Response <init>
WARNING: username already exists
Apr 13, 2021 5:08:46 PM Server.Domain.CommonClasses.Response <init>
WARNING: user doesn't exist
Apr 13, 2021 5:08:46 PM Server.Domain.CommonClasses.Response <init>
WARNING: username already exists
Apr 13, 2021 5:08:46 PM Server.Domain.CommonClasses.Response <init>
WARNING: username already exists
Apr 13, 2021 5:08:46 PM Server.Domain.CommonClasses.Response <init>
WARNING: user doesn't exist
Apr 13, 2021 5:08:46 PM Server.Domain.CommonClasses.Response <init>
WARNING: Attempted to remove not a store owner
Apr 13, 2021 5:08:46 PM Server.Domain.CommonClasses.Response <init>
WARNING: username already exists
Apr 13, 2021 5:08:46 PM Server.Domain.CommonClasses.Response <init>
WARNING: Failed to login user
Apr 13, 2021 5:08:46 PM Server.Domain.CommonClasses.Response <init>
WARNING: username already exists
Apr 13, 2021 5:08:46 PM Server.Domain.CommonClasses.Response <init>
WARNING: username already exists
Apr 13, 2021 5:08:46 PM Server.Domain.CommonClasses.Response <init>
WARNING: username already exists
Apr 13, 2021 5:08:46 PM Server.Domain.CommonClasses.Response <init>
WARNING: username already exists
Apr 13, 2021 5:08:46 PM Server.Domain.CommonClasses.Response <init>
WARNING: username already exists
Apr 13, 2021 5:08:46 PM Server.Domain.CommonClasses.Response <init>
WARNING: Attempted to remove a user that wasn't appointed by him
Apr 13, 2021 5:08:46 PM Server.Domain.CommonClasses.Response <init>
WARNING: username already exists
Apr 13, 2021 5:08:46 PM Server.Domain.CommonClasses.Response <init>
WARNING: username already exists
Apr 13, 2021 5:08:46 PM Server.Domain.CommonClasses.Response <init>
WARNING: user doesn't exist
Apr 13, 2021 5:08:46 PM Server.Domain.CommonClasses.Response <init>
WARNING: User was already appointed in this store
Apr 13, 2021 5:08:46 PM Server.Domain.CommonClasses.Response <init>
WARNING: username already exists
Apr 13, 2021 5:08:46 PM Server.Domain.CommonClasses.Response <init>
WARNING: username already exists
Apr 13, 2021 5:08:46 PM Server.Domain.CommonClasses.Response <init>
WARNING: username already exists
Apr 13, 2021 5:08:46 PM Server.Domain.CommonClasses.Response <init>
WARNING: username already exists
Apr 13, 2021 5:08:46 PM Server.Domain.CommonClasses.Response <init>
WARNING: username already exists
Apr 13, 2021 5:08:46 PM Server.Domain.CommonClasses.Response <init>
WARNING: username already exists
Apr 13, 2021 5:08:46 PM Server.Domain.CommonClasses.Response <init>
WARNING: user doesn't exist
Apr 13, 2021 5:08:46 PM Server.Domain.CommonClasses.Response <init>
WARNING: user doesn't exist
Apr 13, 2021 5:08:46 PM Server.Domain.CommonClasses.Response <init>
WARNING: user doesn't exist
Apr 13, 2021 5:08:46 PM Server.Domain.CommonClasses.Response <init>
WARNING: user doesn't exist
Apr 13, 2021 5:08:46 PM Server.Domain.CommonClasses.Response <init>
WARNING: user doesn't exist
Apr 13, 2021 5:08:46 PM Server.Domain.CommonClasses.Response <init>
WARNING: user not appointed by this appointer
Apr 13, 2021 5:08:46 PM Server.Domain.CommonClasses.Response <init>
WARNING: user not appointed by this appointer
Apr 13, 2021 5:08:46 PM Server.Domain.CommonClasses.Response <init>
WARNING: User doesn't exist
Apr 13, 2021 5:08:46 PM Server.Domain.CommonClasses.Response <init>
WARNING: user not appointed by this appointer
Apr 13, 2021 5:08:46 PM Server.Domain.CommonClasses.Response <init>
WARNING: User doesn't exist
Apr 13, 2021 5:08:46 PM Server.Domain.CommonClasses.Response <init>
WARNING: user not appointed by this appointer
Apr 13, 2021 5:08:46 PM Server.Domain.CommonClasses.Response <init>
WARNING: User doesn't exist
Apr 13, 2021 5:08:46 PM Server.Domain.CommonClasses.Response <init>
WARNING: username already exists
Apr 13, 2021 5:08:46 PM Server.Domain.CommonClasses.Response <init>
WARNING: username already exists
Apr 13, 2021 5:08:46 PM Server.Domain.CommonClasses.Response <init>
WARNING: user doesn't exist
Apr 13, 2021 5:08:46 PM Server.Domain.CommonClasses.Response <init>
WARNING: User doesn't exist
Apr 13, 2021 5:08:46 PM Server.Domain.CommonClasses.Response <init>
WARNING: username already exists
Apr 13, 2021 5:08:46 PM Server.Domain.CommonClasses.Response <init>
WARNING: username already exists
Apr 13, 2021 5:08:46 PM Server.Domain.CommonClasses.Response <init>
WARNING: user doesn't exist
Apr 13, 2021 5:08:46 PM Server.Domain.CommonClasses.Response <init>
WARNING: username already exists
Apr 13, 2021 5:08:46 PM Server.Domain.CommonClasses.Response <init>
WARNING: username already exists
Apr 13, 2021 5:08:46 PM Server.Domain.CommonClasses.Response <init>
WARNING: username already exists
Apr 13, 2021 5:08:46 PM Server.Domain.CommonClasses.Response <init>
WARNING: username already exists
Apr 13, 2021 5:08:46 PM Server.Domain.CommonClasses.Response <init>
WARNING: username already exists
Apr 13, 2021 5:08:46 PM Server.Domain.CommonClasses.Response <init>
WARNING: username already exists
Apr 13, 2021 5:08:46 PM Server.Domain.CommonClasses.Response <init>
WARNING: username already exists
Apr 13, 2021 5:08:46 PM Server.Domain.CommonClasses.Response <init>
WARNING: user doesn't exist
Apr 13, 2021 5:08:46 PM Server.Domain.CommonClasses.Response <init>
WARNING: user doesn't exist
Apr 13, 2021 5:08:46 PM Server.Domain.CommonClasses.Response <init>
WARNING: user doesn't exist
Apr 13, 2021 5:08:46 PM Server.Domain.CommonClasses.Response <init>
WARNING: user doesn't exist
Apr 13, 2021 5:08:46 PM Server.Domain.CommonClasses.Response <init>
WARNING: user doesn't exist
Apr 13, 2021 5:08:46 PM Server.Domain.CommonClasses.Response <init>
WARNING: user doesn't exist
Apr 13, 2021 5:08:46 PM Server.Domain.CommonClasses.Response <init>
WARNING: Attempted to remove a user that wasn't appointed by him
Apr 13, 2021 5:08:46 PM Server.Domain.CommonClasses.Response <init>
WARNING: username already exists
Apr 13, 2021 5:08:46 PM Server.Domain.CommonClasses.Response <init>
WARNING: username already exists
Apr 13, 2021 5:08:46 PM Server.Domain.CommonClasses.Response <init>
WARNING: user doesn't exist
Apr 13, 2021 5:08:46 PM Server.Domain.CommonClasses.Response <init>
WARNING: User was already appointed in this store
Apr 13, 2021 5:08:46 PM Server.Domain.CommonClasses.Response <init>
WARNING: username already exists
Apr 13, 2021 5:08:46 PM Server.Domain.CommonClasses.Response <init>
WARNING: username already exists
Apr 13, 2021 5:08:46 PM Server.Domain.CommonClasses.Response <init>
WARNING: username already exists
Apr 13, 2021 5:08:46 PM Server.Domain.CommonClasses.Response <init>
WARNING: user doesn't exist
Apr 13, 2021 5:08:46 PM Server.Domain.CommonClasses.Response <init>
WARNING: user doesn't exist
Apr 13, 2021 5:08:46 PM Server.Domain.CommonClasses.Response <init>
WARNING: Attempted to remove a user that wasn't appointed by him
Apr 13, 2021 5:08:46 PM Server.Domain.CommonClasses.Response <init>
WARNING: username already exists
Apr 13, 2021 5:08:46 PM Server.Domain.CommonClasses.Response <init>
WARNING: username already exists
Apr 13, 2021 5:08:46 PM Server.Domain.CommonClasses.Response <init>
WARNING: user doesn't exist
Apr 13, 2021 5:08:46 PM Server.Domain.CommonClasses.Response <init>
WARNING: User was already appointed in this store
Apr 13, 2021 5:08:46 PM Server.Domain.CommonClasses.Response <init>
WARNING: username already exists
Apr 13, 2021 5:08:46 PM Server.Domain.CommonClasses.Response <init>
WARNING: username already exists
Apr 13, 2021 5:08:46 PM Server.Domain.CommonClasses.Response <init>
WARNING: username already exists
Apr 13, 2021 5:08:46 PM Server.Domain.CommonClasses.Response <init>
WARNING: username already exists
Apr 13, 2021 5:08:46 PM Server.Domain.CommonClasses.Response <init>
WARNING: username already exists
Apr 13, 2021 5:08:46 PM Server.Domain.CommonClasses.Response <init>
WARNING: username already exists
Apr 13, 2021 5:08:46 PM Server.Domain.CommonClasses.Response <init>
WARNING: username already exists
Apr 13, 2021 5:08:46 PM Server.Domain.CommonClasses.Response <init>
WARNING: user doesn't exist
Apr 13, 2021 5:08:46 PM Server.Domain.CommonClasses.Response <init>
WARNING: user doesn't exist
Apr 13, 2021 5:08:46 PM Server.Domain.CommonClasses.Response <init>
WARNING: user doesn't exist
Apr 13, 2021 5:08:46 PM Server.Domain.CommonClasses.Response <init>
WARNING: user doesn't exist
Apr 13, 2021 5:08:46 PM Server.Domain.CommonClasses.Response <init>
WARNING: user doesn't exist
Apr 13, 2021 5:08:46 PM Server.Domain.CommonClasses.Response <init>
WARNING: User doesn't exist
Apr 13, 2021 5:08:46 PM Server.Domain.CommonClasses.Response <init>
WARNING: User doesn't exist
Apr 13, 2021 5:08:46 PM Server.Domain.CommonClasses.Response <init>
WARNING: User doesn't exist
Apr 13, 2021 5:08:46 PM Server.Domain.CommonClasses.Response <init>
WARNING: username already exists
Apr 13, 2021 5:08:46 PM Server.Domain.CommonClasses.Response <init>
WARNING: username already exists
Apr 13, 2021 5:08:46 PM Server.Domain.CommonClasses.Response <init>
WARNING: user doesn't exist
Apr 13, 2021 5:08:46 PM Server.Domain.CommonClasses.Response <init>
WARNING: User was already appointed in this store
Apr 13, 2021 5:08:46 PM Server.Domain.CommonClasses.Response <init>
WARNING: username already exists
Apr 13, 2021 5:08:46 PM Server.Domain.CommonClasses.Response <init>
WARNING: Failed to login user
Apr 13, 2021 5:08:46 PM Server.Domain.CommonClasses.Response <init>
WARNING: username already exists
Apr 13, 2021 5:08:46 PM Server.Domain.CommonClasses.Response <init>
WARNING: username already exists
Apr 13, 2021 5:08:46 PM Server.Domain.CommonClasses.Response <init>
WARNING: Attempted to remove a user that wasn't appointed by him
Apr 13, 2021 5:09:27 PM Server.Domain.CommonClasses.Response <init>
WARNING: username already exists
Apr 13, 2021 5:09:27 PM Server.Domain.CommonClasses.Response <init>
WARNING: username already exists
Apr 13, 2021 5:09:27 PM Server.Domain.CommonClasses.Response <init>
WARNING: User not allowed to add permissions to this user
Apr 13, 2021 5:09:27 PM Server.Domain.CommonClasses.Response <init>
WARNING: username already exists
Apr 13, 2021 5:09:27 PM Server.Domain.CommonClasses.Response <init>
WARNING: username already exists
Apr 13, 2021 5:09:27 PM Server.Domain.CommonClasses.Response <init>
WARNING: username already exists
Apr 13, 2021 5:09:27 PM Server.Domain.CommonClasses.Response <init>
WARNING: username already exists
Apr 13, 2021 5:09:27 PM Server.Domain.CommonClasses.Response <init>
WARNING: user doesn't exist
Apr 13, 2021 5:09:27 PM Server.Domain.CommonClasses.Response <init>
WARNING: username already exists
Apr 13, 2021 5:09:27 PM Server.Domain.CommonClasses.Response <init>
WARNING: username already exists
Apr 13, 2021 5:09:27 PM Server.Domain.CommonClasses.Response <init>
WARNING: user doesn't exist
Apr 13, 2021 5:09:27 PM Server.Domain.CommonClasses.Response <init>
WARNING: Cannot logout without being logged in
Apr 13, 2021 5:09:27 PM Server.Domain.CommonClasses.Response <init>
WARNING: User not permitted to logout
Apr 13, 2021 5:09:27 PM Server.Domain.CommonClasses.Response <init>
WARNING: username already exists
Apr 13, 2021 5:09:27 PM Server.Domain.CommonClasses.Response <init>
WARNING: username already exists
Apr 13, 2021 5:09:27 PM Server.Domain.CommonClasses.Response <init>
WARNING: username already exists
Apr 13, 2021 5:09:27 PM Server.Domain.CommonClasses.Response <init>
WARNING: user doesn't exist
Apr 13, 2021 5:09:27 PM Server.Domain.CommonClasses.Response <init>
WARNING: user doesn't exist
Apr 13, 2021 5:09:27 PM Server.Domain.CommonClasses.Response <init>
WARNING: Attempted to remove a user that wasn't appointed by him
Apr 13, 2021 5:09:27 PM Server.Domain.CommonClasses.Response <init>
WARNING: username already exists
Apr 13, 2021 5:09:27 PM Server.Domain.CommonClasses.Response <init>
WARNING: username already exists
Apr 13, 2021 5:09:27 PM Server.Domain.CommonClasses.Response <init>
WARNING: user doesn't exist
Apr 13, 2021 5:09:27 PM Server.Domain.CommonClasses.Response <init>
WARNING: Attempted to remove not a store manager
Apr 13, 2021 5:09:27 PM Server.Domain.CommonClasses.Response <init>
WARNING: username already exists
Apr 13, 2021 5:09:27 PM Server.Domain.CommonClasses.Response <init>
WARNING: username already exists
Apr 13, 2021 5:09:27 PM Server.Domain.CommonClasses.Response <init>
WARNING: user doesn't exist
Apr 13, 2021 5:09:27 PM Server.Domain.CommonClasses.Response <init>
WARNING: User doesn't exist
Apr 13, 2021 5:09:27 PM Server.Domain.CommonClasses.Response <init>
WARNING: username already exists
Apr 13, 2021 5:09:27 PM Server.Domain.CommonClasses.Response <init>
WARNING: username already exists
Apr 13, 2021 5:09:27 PM Server.Domain.CommonClasses.Response <init>
WARNING: user doesn't exist
Apr 13, 2021 5:09:27 PM Server.Domain.CommonClasses.Response <init>
WARNING: username already exists
Apr 13, 2021 5:09:27 PM Server.Domain.CommonClasses.Response <init>
WARNING: username already exists
Apr 13, 2021 5:09:27 PM Server.Domain.CommonClasses.Response <init>
WARNING: user doesn't exist
Apr 13, 2021 5:09:27 PM Server.Domain.CommonClasses.Response <init>
WARNING: Attempted to remove not a store owner
Apr 13, 2021 5:09:27 PM Server.Domain.CommonClasses.Response <init>
WARNING: username already exists
Apr 13, 2021 5:09:27 PM Server.Domain.CommonClasses.Response <init>
WARNING: Failed to login user
Apr 13, 2021 5:09:27 PM Server.Domain.CommonClasses.Response <init>
WARNING: username already exists
Apr 13, 2021 5:09:27 PM Server.Domain.CommonClasses.Response <init>
WARNING: username already exists
Apr 13, 2021 5:09:27 PM Server.Domain.CommonClasses.Response <init>
WARNING: username already exists
Apr 13, 2021 5:09:27 PM Server.Domain.CommonClasses.Response <init>
WARNING: username already exists
Apr 13, 2021 5:09:27 PM Server.Domain.CommonClasses.Response <init>
WARNING: username already exists
Apr 13, 2021 5:09:27 PM Server.Domain.CommonClasses.Response <init>
WARNING: Attempted to remove a user that wasn't appointed by him
Apr 13, 2021 5:09:27 PM Server.Domain.CommonClasses.Response <init>
WARNING: username already exists
Apr 13, 2021 5:09:27 PM Server.Domain.CommonClasses.Response <init>
WARNING: username already exists
Apr 13, 2021 5:09:27 PM Server.Domain.CommonClasses.Response <init>
WARNING: user doesn't exist
Apr 13, 2021 5:09:27 PM Server.Domain.CommonClasses.Response <init>
WARNING: User was already appointed in this store
Apr 13, 2021 5:09:27 PM Server.Domain.CommonClasses.Response <init>
WARNING: username already exists
Apr 13, 2021 5:09:27 PM Server.Domain.CommonClasses.Response <init>
WARNING: username already exists
Apr 13, 2021 5:09:27 PM Server.Domain.CommonClasses.Response <init>
WARNING: username already exists
Apr 13, 2021 5:09:27 PM Server.Domain.CommonClasses.Response <init>
WARNING: username already exists
Apr 13, 2021 5:09:27 PM Server.Domain.CommonClasses.Response <init>
WARNING: username already exists
Apr 13, 2021 5:09:27 PM Server.Domain.CommonClasses.Response <init>
WARNING: username already exists
Apr 13, 2021 5:09:27 PM Server.Domain.CommonClasses.Response <init>
WARNING: user doesn't exist
Apr 13, 2021 5:09:27 PM Server.Domain.CommonClasses.Response <init>
WARNING: user doesn't exist
Apr 13, 2021 5:09:27 PM Server.Domain.CommonClasses.Response <init>
WARNING: user doesn't exist
Apr 13, 2021 5:09:27 PM Server.Domain.CommonClasses.Response <init>
WARNING: user doesn't exist
Apr 13, 2021 5:09:27 PM Server.Domain.CommonClasses.Response <init>
WARNING: user doesn't exist
Apr 13, 2021 5:09:27 PM Server.Domain.CommonClasses.Response <init>
WARNING: user not appointed by this appointer
Apr 13, 2021 5:09:27 PM Server.Domain.CommonClasses.Response <init>
WARNING: user not appointed by this appointer
Apr 13, 2021 5:09:27 PM Server.Domain.CommonClasses.Response <init>
WARNING: User doesn't exist
Apr 13, 2021 5:09:27 PM Server.Domain.CommonClasses.Response <init>
WARNING: user not appointed by this appointer
Apr 13, 2021 5:09:27 PM Server.Domain.CommonClasses.Response <init>
WARNING: User doesn't exist
Apr 13, 2021 5:09:27 PM Server.Domain.CommonClasses.Response <init>
WARNING: user not appointed by this appointer
Apr 13, 2021 5:09:27 PM Server.Domain.CommonClasses.Response <init>
WARNING: User doesn't exist
Apr 13, 2021 5:09:27 PM Server.Domain.CommonClasses.Response <init>
WARNING: username already exists
Apr 13, 2021 5:09:27 PM Server.Domain.CommonClasses.Response <init>
WARNING: username already exists
Apr 13, 2021 5:09:27 PM Server.Domain.CommonClasses.Response <init>
WARNING: user doesn't exist
Apr 13, 2021 5:09:27 PM Server.Domain.CommonClasses.Response <init>
WARNING: User doesn't exist
Apr 13, 2021 5:09:27 PM Server.Domain.CommonClasses.Response <init>
WARNING: username already exists
Apr 13, 2021 5:09:27 PM Server.Domain.CommonClasses.Response <init>
WARNING: username already exists
Apr 13, 2021 5:09:27 PM Server.Domain.CommonClasses.Response <init>
WARNING: user doesn't exist
Apr 13, 2021 5:09:27 PM Server.Domain.CommonClasses.Response <init>
WARNING: username already exists
Apr 13, 2021 5:09:27 PM Server.Domain.CommonClasses.Response <init>
WARNING: username already exists
Apr 13, 2021 5:09:27 PM Server.Domain.CommonClasses.Response <init>
WARNING: username already exists
Apr 13, 2021 5:09:27 PM Server.Domain.CommonClasses.Response <init>
WARNING: username already exists
Apr 13, 2021 5:09:27 PM Server.Domain.CommonClasses.Response <init>
WARNING: username already exists
Apr 13, 2021 5:09:27 PM Server.Domain.CommonClasses.Response <init>
WARNING: username already exists
Apr 13, 2021 5:09:27 PM Server.Domain.CommonClasses.Response <init>
WARNING: username already exists
Apr 13, 2021 5:09:27 PM Server.Domain.CommonClasses.Response <init>
WARNING: user doesn't exist
Apr 13, 2021 5:09:27 PM Server.Domain.CommonClasses.Response <init>
WARNING: user doesn't exist
Apr 13, 2021 5:09:27 PM Server.Domain.CommonClasses.Response <init>
WARNING: user doesn't exist
Apr 13, 2021 5:09:27 PM Server.Domain.CommonClasses.Response <init>
WARNING: user doesn't exist
Apr 13, 2021 5:09:27 PM Server.Domain.CommonClasses.Response <init>
WARNING: user doesn't exist
Apr 13, 2021 5:09:27 PM Server.Domain.CommonClasses.Response <init>
WARNING: user doesn't exist
Apr 13, 2021 5:09:27 PM Server.Domain.CommonClasses.Response <init>
WARNING: Attempted to remove a user that wasn't appointed by him
Apr 13, 2021 5:09:27 PM Server.Domain.CommonClasses.Response <init>
WARNING: username already exists
Apr 13, 2021 5:09:27 PM Server.Domain.CommonClasses.Response <init>
WARNING: username already exists
Apr 13, 2021 5:09:27 PM Server.Domain.CommonClasses.Response <init>
WARNING: user doesn't exist
Apr 13, 2021 5:09:27 PM Server.Domain.CommonClasses.Response <init>
WARNING: User was already appointed in this store
Apr 13, 2021 5:09:27 PM Server.Domain.CommonClasses.Response <init>
WARNING: username already exists
Apr 13, 2021 5:09:27 PM Server.Domain.CommonClasses.Response <init>
WARNING: username already exists
Apr 13, 2021 5:09:27 PM Server.Domain.CommonClasses.Response <init>
WARNING: username already exists
Apr 13, 2021 5:09:27 PM Server.Domain.CommonClasses.Response <init>
WARNING: user doesn't exist
Apr 13, 2021 5:09:27 PM Server.Domain.CommonClasses.Response <init>
WARNING: user doesn't exist
Apr 13, 2021 5:09:27 PM Server.Domain.CommonClasses.Response <init>
WARNING: Attempted to remove a user that wasn't appointed by him
Apr 13, 2021 5:09:27 PM Server.Domain.CommonClasses.Response <init>
WARNING: username already exists
Apr 13, 2021 5:09:27 PM Server.Domain.CommonClasses.Response <init>
WARNING: username already exists
Apr 13, 2021 5:09:27 PM Server.Domain.CommonClasses.Response <init>
WARNING: user doesn't exist
Apr 13, 2021 5:09:27 PM Server.Domain.CommonClasses.Response <init>
WARNING: User was already appointed in this store
Apr 13, 2021 5:09:27 PM Server.Domain.CommonClasses.Response <init>
WARNING: username already exists
Apr 13, 2021 5:09:27 PM Server.Domain.CommonClasses.Response <init>
WARNING: username already exists
Apr 13, 2021 5:09:27 PM Server.Domain.CommonClasses.Response <init>
WARNING: username already exists
Apr 13, 2021 5:09:27 PM Server.Domain.CommonClasses.Response <init>
WARNING: username already exists
Apr 13, 2021 5:09:27 PM Server.Domain.CommonClasses.Response <init>
WARNING: username already exists
Apr 13, 2021 5:09:27 PM Server.Domain.CommonClasses.Response <init>
WARNING: username already exists
Apr 13, 2021 5:09:27 PM Server.Domain.CommonClasses.Response <init>
WARNING: username already exists
Apr 13, 2021 5:09:27 PM Server.Domain.CommonClasses.Response <init>
WARNING: username already exists
Apr 13, 2021 5:09:27 PM Server.Domain.CommonClasses.Response <init>
WARNING: user doesn't exist
Apr 13, 2021 5:09:27 PM Server.Domain.CommonClasses.Response <init>
WARNING: user doesn't exist
Apr 13, 2021 5:09:27 PM Server.Domain.CommonClasses.Response <init>
WARNING: user doesn't exist
Apr 13, 2021 5:09:27 PM Server.Domain.CommonClasses.Response <init>
WARNING: user doesn't exist
Apr 13, 2021 5:09:27 PM Server.Domain.CommonClasses.Response <init>
WARNING: user doesn't exist
Apr 13, 2021 5:09:27 PM Server.Domain.CommonClasses.Response <init>
WARNING: User doesn't exist
Apr 13, 2021 5:09:27 PM Server.Domain.CommonClasses.Response <init>
WARNING: User doesn't exist
Apr 13, 2021 5:09:27 PM Server.Domain.CommonClasses.Response <init>
WARNING: User doesn't exist
Apr 13, 2021 5:09:27 PM Server.Domain.CommonClasses.Response <init>
WARNING: username already exists
Apr 13, 2021 5:09:27 PM Server.Domain.CommonClasses.Response <init>
WARNING: username already exists
Apr 13, 2021 5:09:27 PM Server.Domain.CommonClasses.Response <init>
WARNING: user doesn't exist
Apr 13, 2021 5:09:27 PM Server.Domain.CommonClasses.Response <init>
WARNING: User was already appointed in this store
Apr 13, 2021 5:09:28 PM Server.Domain.CommonClasses.Response <init>
WARNING: username already exists
Apr 13, 2021 5:09:28 PM Server.Domain.CommonClasses.Response <init>
WARNING: Failed to login user
Apr 13, 2021 5:09:28 PM Server.Domain.CommonClasses.Response <init>
WARNING: username already exists
Apr 13, 2021 5:09:28 PM Server.Domain.CommonClasses.Response <init>
WARNING: username already exists
Apr 13, 2021 5:09:28 PM Server.Domain.CommonClasses.Response <init>
WARNING: Attempted to remove a user that wasn't appointed by him
Apr 13, 2021 5:17:17 PM Server.Domain.CommonClasses.Response <init>
WARNING: username already exists
Apr 13, 2021 5:17:17 PM Server.Domain.CommonClasses.Response <init>
WARNING: username already exists
Apr 13, 2021 5:17:17 PM Server.Domain.CommonClasses.Response <init>
WARNING: User not allowed to add permissions to this user
Apr 13, 2021 5:17:17 PM Server.Domain.CommonClasses.Response <init>
WARNING: username already exists
Apr 13, 2021 5:17:17 PM Server.Domain.CommonClasses.Response <init>
WARNING: username already exists
Apr 13, 2021 5:17:17 PM Server.Domain.CommonClasses.Response <init>
WARNING: username already exists
Apr 13, 2021 5:17:17 PM Server.Domain.CommonClasses.Response <init>
WARNING: username already exists
Apr 13, 2021 5:17:17 PM Server.Domain.CommonClasses.Response <init>
WARNING: user doesn't exist
Apr 13, 2021 5:17:17 PM Server.Domain.CommonClasses.Response <init>
WARNING: username already exists
Apr 13, 2021 5:17:17 PM Server.Domain.CommonClasses.Response <init>
WARNING: username already exists
Apr 13, 2021 5:17:17 PM Server.Domain.CommonClasses.Response <init>
WARNING: user doesn't exist
Apr 13, 2021 5:17:17 PM Server.Domain.CommonClasses.Response <init>
WARNING: Cannot logout without being logged in
Apr 13, 2021 5:17:17 PM Server.Domain.CommonClasses.Response <init>
WARNING: User not permitted to logout
Apr 13, 2021 5:17:17 PM Server.Domain.CommonClasses.Response <init>
WARNING: username already exists
Apr 13, 2021 5:17:17 PM Server.Domain.CommonClasses.Response <init>
WARNING: username already exists
Apr 13, 2021 5:17:17 PM Server.Domain.CommonClasses.Response <init>
WARNING: username already exists
Apr 13, 2021 5:17:17 PM Server.Domain.CommonClasses.Response <init>
WARNING: user doesn't exist
Apr 13, 2021 5:17:17 PM Server.Domain.CommonClasses.Response <init>
WARNING: user doesn't exist
Apr 13, 2021 5:17:17 PM Server.Domain.CommonClasses.Response <init>
WARNING: Attempted to remove a user that wasn't appointed by him
Apr 13, 2021 5:17:17 PM Server.Domain.CommonClasses.Response <init>
WARNING: username already exists
Apr 13, 2021 5:17:17 PM Server.Domain.CommonClasses.Response <init>
WARNING: username already exists
Apr 13, 2021 5:17:17 PM Server.Domain.CommonClasses.Response <init>
WARNING: user doesn't exist
Apr 13, 2021 5:17:17 PM Server.Domain.CommonClasses.Response <init>
WARNING: Attempted to remove not a store manager
Apr 13, 2021 5:17:17 PM Server.Domain.CommonClasses.Response <init>
WARNING: username already exists
Apr 13, 2021 5:17:17 PM Server.Domain.CommonClasses.Response <init>
WARNING: username already exists
Apr 13, 2021 5:17:17 PM Server.Domain.CommonClasses.Response <init>
WARNING: user doesn't exist
Apr 13, 2021 5:17:17 PM Server.Domain.CommonClasses.Response <init>
WARNING: User doesn't exist
Apr 13, 2021 5:17:17 PM Server.Domain.CommonClasses.Response <init>
WARNING: username already exists
Apr 13, 2021 5:17:17 PM Server.Domain.CommonClasses.Response <init>
WARNING: username already exists
Apr 13, 2021 5:17:17 PM Server.Domain.CommonClasses.Response <init>
WARNING: user doesn't exist
Apr 13, 2021 5:17:17 PM Server.Domain.CommonClasses.Response <init>
WARNING: username already exists
Apr 13, 2021 5:17:17 PM Server.Domain.CommonClasses.Response <init>
WARNING: username already exists
Apr 13, 2021 5:17:17 PM Server.Domain.CommonClasses.Response <init>
WARNING: user doesn't exist
Apr 13, 2021 5:17:17 PM Server.Domain.CommonClasses.Response <init>
WARNING: Attempted to remove not a store owner
Apr 13, 2021 5:17:17 PM Server.Domain.CommonClasses.Response <init>
WARNING: username already exists
Apr 13, 2021 5:17:17 PM Server.Domain.CommonClasses.Response <init>
WARNING: Failed to login user
Apr 13, 2021 5:17:17 PM Server.Domain.CommonClasses.Response <init>
WARNING: username already exists
Apr 13, 2021 5:17:17 PM Server.Domain.CommonClasses.Response <init>
WARNING: username already exists
Apr 13, 2021 5:17:17 PM Server.Domain.CommonClasses.Response <init>
WARNING: username already exists
Apr 13, 2021 5:17:17 PM Server.Domain.CommonClasses.Response <init>
WARNING: username already exists
Apr 13, 2021 5:17:17 PM Server.Domain.CommonClasses.Response <init>
WARNING: username already exists
Apr 13, 2021 5:17:17 PM Server.Domain.CommonClasses.Response <init>
WARNING: Attempted to remove a user that wasn't appointed by him
Apr 13, 2021 5:17:17 PM Server.Domain.CommonClasses.Response <init>
WARNING: username already exists
Apr 13, 2021 5:17:17 PM Server.Domain.CommonClasses.Response <init>
WARNING: username already exists
Apr 13, 2021 5:17:17 PM Server.Domain.CommonClasses.Response <init>
WARNING: user doesn't exist
Apr 13, 2021 5:17:17 PM Server.Domain.CommonClasses.Response <init>
WARNING: User was already appointed in this store
Apr 13, 2021 5:17:17 PM Server.Domain.CommonClasses.Response <init>
WARNING: username already exists
Apr 13, 2021 5:17:17 PM Server.Domain.CommonClasses.Response <init>
WARNING: username already exists
Apr 13, 2021 5:17:17 PM Server.Domain.CommonClasses.Response <init>
WARNING: username already exists
Apr 13, 2021 5:17:17 PM Server.Domain.CommonClasses.Response <init>
WARNING: username already exists
Apr 13, 2021 5:17:17 PM Server.Domain.CommonClasses.Response <init>
WARNING: username already exists
Apr 13, 2021 5:17:17 PM Server.Domain.CommonClasses.Response <init>
WARNING: username already exists
Apr 13, 2021 5:17:17 PM Server.Domain.CommonClasses.Response <init>
WARNING: user doesn't exist
Apr 13, 2021 5:17:17 PM Server.Domain.CommonClasses.Response <init>
WARNING: user doesn't exist
Apr 13, 2021 5:17:17 PM Server.Domain.CommonClasses.Response <init>
WARNING: user doesn't exist
Apr 13, 2021 5:17:17 PM Server.Domain.CommonClasses.Response <init>
WARNING: user doesn't exist
Apr 13, 2021 5:17:17 PM Server.Domain.CommonClasses.Response <init>
WARNING: user doesn't exist
Apr 13, 2021 5:17:17 PM Server.Domain.CommonClasses.Response <init>
WARNING: user not appointed by this appointer
Apr 13, 2021 5:17:17 PM Server.Domain.CommonClasses.Response <init>
WARNING: user not appointed by this appointer
Apr 13, 2021 5:17:17 PM Server.Domain.CommonClasses.Response <init>
WARNING: User doesn't exist
Apr 13, 2021 5:17:17 PM Server.Domain.CommonClasses.Response <init>
WARNING: user not appointed by this appointer
Apr 13, 2021 5:17:17 PM Server.Domain.CommonClasses.Response <init>
WARNING: User doesn't exist
Apr 13, 2021 5:17:17 PM Server.Domain.CommonClasses.Response <init>
WARNING: user not appointed by this appointer
Apr 13, 2021 5:17:17 PM Server.Domain.CommonClasses.Response <init>
WARNING: User doesn't exist
Apr 13, 2021 5:17:17 PM Server.Domain.CommonClasses.Response <init>
WARNING: username already exists
Apr 13, 2021 5:17:17 PM Server.Domain.CommonClasses.Response <init>
WARNING: username already exists
Apr 13, 2021 5:17:17 PM Server.Domain.CommonClasses.Response <init>
WARNING: user doesn't exist
Apr 13, 2021 5:17:17 PM Server.Domain.CommonClasses.Response <init>
WARNING: User doesn't exist
Apr 13, 2021 5:17:17 PM Server.Domain.CommonClasses.Response <init>
WARNING: username already exists
Apr 13, 2021 5:17:17 PM Server.Domain.CommonClasses.Response <init>
WARNING: username already exists
Apr 13, 2021 5:17:17 PM Server.Domain.CommonClasses.Response <init>
WARNING: user doesn't exist
Apr 13, 2021 5:17:17 PM Server.Domain.CommonClasses.Response <init>
WARNING: username already exists
Apr 13, 2021 5:17:17 PM Server.Domain.CommonClasses.Response <init>
WARNING: username already exists
Apr 13, 2021 5:17:17 PM Server.Domain.CommonClasses.Response <init>
WARNING: username already exists
Apr 13, 2021 5:17:17 PM Server.Domain.CommonClasses.Response <init>
WARNING: username already exists
Apr 13, 2021 5:17:17 PM Server.Domain.CommonClasses.Response <init>
WARNING: username already exists
Apr 13, 2021 5:17:17 PM Server.Domain.CommonClasses.Response <init>
WARNING: username already exists
Apr 13, 2021 5:17:17 PM Server.Domain.CommonClasses.Response <init>
WARNING: username already exists
Apr 13, 2021 5:17:17 PM Server.Domain.CommonClasses.Response <init>
WARNING: user doesn't exist
Apr 13, 2021 5:17:17 PM Server.Domain.CommonClasses.Response <init>
WARNING: user doesn't exist
Apr 13, 2021 5:17:17 PM Server.Domain.CommonClasses.Response <init>
WARNING: user doesn't exist
Apr 13, 2021 5:17:17 PM Server.Domain.CommonClasses.Response <init>
WARNING: user doesn't exist
Apr 13, 2021 5:17:17 PM Server.Domain.CommonClasses.Response <init>
WARNING: user doesn't exist
Apr 13, 2021 5:17:17 PM Server.Domain.CommonClasses.Response <init>
WARNING: user doesn't exist
Apr 13, 2021 5:17:17 PM Server.Domain.CommonClasses.Response <init>
WARNING: Attempted to remove a user that wasn't appointed by him
Apr 13, 2021 5:17:17 PM Server.Domain.CommonClasses.Response <init>
WARNING: username already exists
Apr 13, 2021 5:17:17 PM Server.Domain.CommonClasses.Response <init>
WARNING: username already exists
Apr 13, 2021 5:17:17 PM Server.Domain.CommonClasses.Response <init>
WARNING: user doesn't exist
Apr 13, 2021 5:17:17 PM Server.Domain.CommonClasses.Response <init>
WARNING: User was already appointed in this store
Apr 13, 2021 5:17:17 PM Server.Domain.CommonClasses.Response <init>
WARNING: username already exists
Apr 13, 2021 5:17:17 PM Server.Domain.CommonClasses.Response <init>
WARNING: username already exists
Apr 13, 2021 5:17:17 PM Server.Domain.CommonClasses.Response <init>
WARNING: username already exists
Apr 13, 2021 5:17:17 PM Server.Domain.CommonClasses.Response <init>
WARNING: user doesn't exist
Apr 13, 2021 5:17:17 PM Server.Domain.CommonClasses.Response <init>
WARNING: user doesn't exist
Apr 13, 2021 5:17:17 PM Server.Domain.CommonClasses.Response <init>
WARNING: Attempted to remove a user that wasn't appointed by him
Apr 13, 2021 5:17:17 PM Server.Domain.CommonClasses.Response <init>
WARNING: username already exists
Apr 13, 2021 5:17:17 PM Server.Domain.CommonClasses.Response <init>
WARNING: username already exists
Apr 13, 2021 5:17:17 PM Server.Domain.CommonClasses.Response <init>
WARNING: user doesn't exist
Apr 13, 2021 5:17:17 PM Server.Domain.CommonClasses.Response <init>
WARNING: User was already appointed in this store
Apr 13, 2021 5:17:17 PM Server.Domain.CommonClasses.Response <init>
WARNING: username already exists
Apr 13, 2021 5:17:17 PM Server.Domain.CommonClasses.Response <init>
WARNING: username already exists
Apr 13, 2021 5:17:17 PM Server.Domain.CommonClasses.Response <init>
WARNING: username already exists
Apr 13, 2021 5:17:17 PM Server.Domain.CommonClasses.Response <init>
WARNING: username already exists
Apr 13, 2021 5:17:17 PM Server.Domain.CommonClasses.Response <init>
WARNING: username already exists
Apr 13, 2021 5:17:17 PM Server.Domain.CommonClasses.Response <init>
WARNING: username already exists
Apr 13, 2021 5:17:17 PM Server.Domain.CommonClasses.Response <init>
WARNING: username already exists
Apr 13, 2021 5:17:17 PM Server.Domain.CommonClasses.Response <init>
WARNING: username already exists
Apr 13, 2021 5:17:17 PM Server.Domain.CommonClasses.Response <init>
WARNING: user doesn't exist
Apr 13, 2021 5:17:17 PM Server.Domain.CommonClasses.Response <init>
WARNING: user doesn't exist
Apr 13, 2021 5:17:17 PM Server.Domain.CommonClasses.Response <init>
WARNING: user doesn't exist
Apr 13, 2021 5:17:17 PM Server.Domain.CommonClasses.Response <init>
WARNING: user doesn't exist
Apr 13, 2021 5:17:17 PM Server.Domain.CommonClasses.Response <init>
WARNING: user doesn't exist
Apr 13, 2021 5:17:17 PM Server.Domain.CommonClasses.Response <init>
WARNING: User doesn't exist
Apr 13, 2021 5:17:17 PM Server.Domain.CommonClasses.Response <init>
WARNING: User doesn't exist
Apr 13, 2021 5:17:17 PM Server.Domain.CommonClasses.Response <init>
WARNING: User doesn't exist
Apr 13, 2021 5:17:17 PM Server.Domain.CommonClasses.Response <init>
WARNING: username already exists
Apr 13, 2021 5:17:17 PM Server.Domain.CommonClasses.Response <init>
WARNING: username already exists
Apr 13, 2021 5:17:17 PM Server.Domain.CommonClasses.Response <init>
WARNING: user doesn't exist
Apr 13, 2021 5:17:17 PM Server.Domain.CommonClasses.Response <init>
WARNING: User was already appointed in this store
Apr 13, 2021 5:17:17 PM Server.Domain.CommonClasses.Response <init>
WARNING: username already exists
Apr 13, 2021 5:17:17 PM Server.Domain.CommonClasses.Response <init>
WARNING: Failed to login user
Apr 13, 2021 5:17:17 PM Server.Domain.CommonClasses.Response <init>
WARNING: username already exists
Apr 13, 2021 5:17:17 PM Server.Domain.CommonClasses.Response <init>
WARNING: username already exists
Apr 13, 2021 5:17:17 PM Server.Domain.CommonClasses.Response <init>
WARNING: username already exists
Apr 13, 2021 5:17:17 PM Server.Domain.CommonClasses.Response <init>
WARNING: User was already appointed in this store
Apr 13, 2021 5:17:17 PM Server.Domain.CommonClasses.Response <init>
WARNING: user doesn't exist
Apr 13, 2021 5:17:17 PM Server.Domain.CommonClasses.Response <init>
WARNING: username already exists
Apr 13, 2021 5:17:17 PM Server.Domain.CommonClasses.Response <init>
WARNING: username already exists
Apr 13, 2021 5:17:17 PM Server.Domain.CommonClasses.Response <init>
WARNING: Attempted to remove a user that wasn't appointed by him
Apr 13, 2021 5:18:27 PM Server.Domain.CommonClasses.Response <init>
WARNING: username already exists
Apr 13, 2021 5:18:27 PM Server.Domain.CommonClasses.Response <init>
WARNING: username already exists
Apr 13, 2021 5:18:27 PM Server.Domain.CommonClasses.Response <init>
WARNING: User not allowed to add permissions to this user
Apr 13, 2021 5:18:27 PM Server.Domain.CommonClasses.Response <init>
WARNING: username already exists
Apr 13, 2021 5:18:27 PM Server.Domain.CommonClasses.Response <init>
WARNING: username already exists
Apr 13, 2021 5:18:27 PM Server.Domain.CommonClasses.Response <init>
WARNING: username already exists
Apr 13, 2021 5:18:27 PM Server.Domain.CommonClasses.Response <init>
WARNING: username already exists
Apr 13, 2021 5:18:27 PM Server.Domain.CommonClasses.Response <init>
WARNING: user doesn't exist
Apr 13, 2021 5:18:27 PM Server.Domain.CommonClasses.Response <init>
WARNING: username already exists
Apr 13, 2021 5:18:27 PM Server.Domain.CommonClasses.Response <init>
WARNING: username already exists
Apr 13, 2021 5:18:27 PM Server.Domain.CommonClasses.Response <init>
WARNING: user doesn't exist
Apr 13, 2021 5:18:27 PM Server.Domain.CommonClasses.Response <init>
WARNING: Cannot logout without being logged in
Apr 13, 2021 5:18:27 PM Server.Domain.CommonClasses.Response <init>
WARNING: User not permitted to logout
Apr 13, 2021 5:18:27 PM Server.Domain.CommonClasses.Response <init>
WARNING: username already exists
Apr 13, 2021 5:18:27 PM Server.Domain.CommonClasses.Response <init>
WARNING: username already exists
Apr 13, 2021 5:18:27 PM Server.Domain.CommonClasses.Response <init>
WARNING: username already exists
Apr 13, 2021 5:18:27 PM Server.Domain.CommonClasses.Response <init>
WARNING: user doesn't exist
Apr 13, 2021 5:18:27 PM Server.Domain.CommonClasses.Response <init>
WARNING: user doesn't exist
Apr 13, 2021 5:18:27 PM Server.Domain.CommonClasses.Response <init>
WARNING: Attempted to remove a user that wasn't appointed by him
Apr 13, 2021 5:18:27 PM Server.Domain.CommonClasses.Response <init>
WARNING: username already exists
Apr 13, 2021 5:18:27 PM Server.Domain.CommonClasses.Response <init>
WARNING: username already exists
Apr 13, 2021 5:18:27 PM Server.Domain.CommonClasses.Response <init>
WARNING: user doesn't exist
Apr 13, 2021 5:18:27 PM Server.Domain.CommonClasses.Response <init>
WARNING: Attempted to remove not a store manager
Apr 13, 2021 5:18:27 PM Server.Domain.CommonClasses.Response <init>
WARNING: username already exists
Apr 13, 2021 5:18:27 PM Server.Domain.CommonClasses.Response <init>
WARNING: username already exists
Apr 13, 2021 5:18:27 PM Server.Domain.CommonClasses.Response <init>
WARNING: user doesn't exist
Apr 13, 2021 5:18:27 PM Server.Domain.CommonClasses.Response <init>
WARNING: User doesn't exist
Apr 13, 2021 5:18:27 PM Server.Domain.CommonClasses.Response <init>
WARNING: username already exists
Apr 13, 2021 5:18:27 PM Server.Domain.CommonClasses.Response <init>
WARNING: username already exists
Apr 13, 2021 5:18:27 PM Server.Domain.CommonClasses.Response <init>
WARNING: user doesn't exist
Apr 13, 2021 5:18:27 PM Server.Domain.CommonClasses.Response <init>
WARNING: username already exists
Apr 13, 2021 5:18:27 PM Server.Domain.CommonClasses.Response <init>
WARNING: username already exists
Apr 13, 2021 5:18:27 PM Server.Domain.CommonClasses.Response <init>
WARNING: user doesn't exist
Apr 13, 2021 5:18:27 PM Server.Domain.CommonClasses.Response <init>
WARNING: Attempted to remove not a store owner
Apr 13, 2021 5:18:27 PM Server.Domain.CommonClasses.Response <init>
WARNING: username already exists
Apr 13, 2021 5:18:27 PM Server.Domain.CommonClasses.Response <init>
WARNING: Failed to login user
Apr 13, 2021 5:18:27 PM Server.Domain.CommonClasses.Response <init>
WARNING: username already exists
Apr 13, 2021 5:18:27 PM Server.Domain.CommonClasses.Response <init>
WARNING: username already exists
Apr 13, 2021 5:18:27 PM Server.Domain.CommonClasses.Response <init>
WARNING: username already exists
Apr 13, 2021 5:18:27 PM Server.Domain.CommonClasses.Response <init>
WARNING: username already exists
Apr 13, 2021 5:18:27 PM Server.Domain.CommonClasses.Response <init>
WARNING: username already exists
Apr 13, 2021 5:18:27 PM Server.Domain.CommonClasses.Response <init>
WARNING: Attempted to remove a user that wasn't appointed by him
Apr 13, 2021 5:18:27 PM Server.Domain.CommonClasses.Response <init>
WARNING: username already exists
Apr 13, 2021 5:18:27 PM Server.Domain.CommonClasses.Response <init>
WARNING: username already exists
Apr 13, 2021 5:18:27 PM Server.Domain.CommonClasses.Response <init>
WARNING: user doesn't exist
Apr 13, 2021 5:18:27 PM Server.Domain.CommonClasses.Response <init>
WARNING: User was already appointed in this store
Apr 13, 2021 5:18:27 PM Server.Domain.CommonClasses.Response <init>
WARNING: username already exists
Apr 13, 2021 5:18:27 PM Server.Domain.CommonClasses.Response <init>
WARNING: username already exists
Apr 13, 2021 5:18:27 PM Server.Domain.CommonClasses.Response <init>
WARNING: username already exists
Apr 13, 2021 5:18:27 PM Server.Domain.CommonClasses.Response <init>
WARNING: username already exists
Apr 13, 2021 5:18:27 PM Server.Domain.CommonClasses.Response <init>
WARNING: username already exists
Apr 13, 2021 5:18:27 PM Server.Domain.CommonClasses.Response <init>
WARNING: username already exists
Apr 13, 2021 5:18:27 PM Server.Domain.CommonClasses.Response <init>
WARNING: user doesn't exist
Apr 13, 2021 5:18:27 PM Server.Domain.CommonClasses.Response <init>
WARNING: user doesn't exist
Apr 13, 2021 5:18:27 PM Server.Domain.CommonClasses.Response <init>
WARNING: user doesn't exist
Apr 13, 2021 5:18:27 PM Server.Domain.CommonClasses.Response <init>
WARNING: user doesn't exist
Apr 13, 2021 5:18:27 PM Server.Domain.CommonClasses.Response <init>
WARNING: user doesn't exist
Apr 13, 2021 5:18:27 PM Server.Domain.CommonClasses.Response <init>
WARNING: user not appointed by this appointer
Apr 13, 2021 5:18:27 PM Server.Domain.CommonClasses.Response <init>
WARNING: user not appointed by this appointer
Apr 13, 2021 5:18:27 PM Server.Domain.CommonClasses.Response <init>
WARNING: User doesn't exist
Apr 13, 2021 5:18:27 PM Server.Domain.CommonClasses.Response <init>
WARNING: user not appointed by this appointer
Apr 13, 2021 5:18:27 PM Server.Domain.CommonClasses.Response <init>
WARNING: User doesn't exist
Apr 13, 2021 5:18:27 PM Server.Domain.CommonClasses.Response <init>
WARNING: user not appointed by this appointer
Apr 13, 2021 5:18:27 PM Server.Domain.CommonClasses.Response <init>
WARNING: User doesn't exist
Apr 13, 2021 5:18:27 PM Server.Domain.CommonClasses.Response <init>
WARNING: username already exists
Apr 13, 2021 5:18:27 PM Server.Domain.CommonClasses.Response <init>
WARNING: username already exists
Apr 13, 2021 5:18:27 PM Server.Domain.CommonClasses.Response <init>
WARNING: user doesn't exist
Apr 13, 2021 5:18:27 PM Server.Domain.CommonClasses.Response <init>
WARNING: User doesn't exist
Apr 13, 2021 5:18:27 PM Server.Domain.CommonClasses.Response <init>
WARNING: username already exists
Apr 13, 2021 5:18:27 PM Server.Domain.CommonClasses.Response <init>
WARNING: username already exists
Apr 13, 2021 5:18:27 PM Server.Domain.CommonClasses.Response <init>
WARNING: user doesn't exist
Apr 13, 2021 5:18:27 PM Server.Domain.CommonClasses.Response <init>
WARNING: username already exists
Apr 13, 2021 5:18:27 PM Server.Domain.CommonClasses.Response <init>
WARNING: username already exists
Apr 13, 2021 5:18:27 PM Server.Domain.CommonClasses.Response <init>
WARNING: username already exists
Apr 13, 2021 5:18:27 PM Server.Domain.CommonClasses.Response <init>
WARNING: username already exists
Apr 13, 2021 5:18:27 PM Server.Domain.CommonClasses.Response <init>
WARNING: username already exists
Apr 13, 2021 5:18:27 PM Server.Domain.CommonClasses.Response <init>
WARNING: username already exists
Apr 13, 2021 5:18:27 PM Server.Domain.CommonClasses.Response <init>
WARNING: username already exists
Apr 13, 2021 5:18:27 PM Server.Domain.CommonClasses.Response <init>
WARNING: user doesn't exist
Apr 13, 2021 5:18:27 PM Server.Domain.CommonClasses.Response <init>
WARNING: user doesn't exist
Apr 13, 2021 5:18:27 PM Server.Domain.CommonClasses.Response <init>
WARNING: user doesn't exist
Apr 13, 2021 5:18:27 PM Server.Domain.CommonClasses.Response <init>
WARNING: user doesn't exist
Apr 13, 2021 5:18:27 PM Server.Domain.CommonClasses.Response <init>
WARNING: user doesn't exist
Apr 13, 2021 5:18:27 PM Server.Domain.CommonClasses.Response <init>
WARNING: user doesn't exist
Apr 13, 2021 5:18:27 PM Server.Domain.CommonClasses.Response <init>
WARNING: Attempted to remove a user that wasn't appointed by him
Apr 13, 2021 5:18:27 PM Server.Domain.CommonClasses.Response <init>
WARNING: username already exists
Apr 13, 2021 5:18:27 PM Server.Domain.CommonClasses.Response <init>
WARNING: username already exists
Apr 13, 2021 5:18:27 PM Server.Domain.CommonClasses.Response <init>
WARNING: user doesn't exist
Apr 13, 2021 5:18:27 PM Server.Domain.CommonClasses.Response <init>
WARNING: User was already appointed in this store
Apr 13, 2021 5:18:27 PM Server.Domain.CommonClasses.Response <init>
WARNING: username already exists
Apr 13, 2021 5:18:27 PM Server.Domain.CommonClasses.Response <init>
WARNING: username already exists
Apr 13, 2021 5:18:27 PM Server.Domain.CommonClasses.Response <init>
WARNING: username already exists
Apr 13, 2021 5:18:27 PM Server.Domain.CommonClasses.Response <init>
WARNING: user doesn't exist
Apr 13, 2021 5:18:27 PM Server.Domain.CommonClasses.Response <init>
WARNING: user doesn't exist
Apr 13, 2021 5:18:27 PM Server.Domain.CommonClasses.Response <init>
WARNING: Attempted to remove a user that wasn't appointed by him
Apr 13, 2021 5:18:27 PM Server.Domain.CommonClasses.Response <init>
WARNING: username already exists
Apr 13, 2021 5:18:27 PM Server.Domain.CommonClasses.Response <init>
WARNING: username already exists
Apr 13, 2021 5:18:27 PM Server.Domain.CommonClasses.Response <init>
WARNING: user doesn't exist
Apr 13, 2021 5:18:27 PM Server.Domain.CommonClasses.Response <init>
WARNING: User was already appointed in this store
Apr 13, 2021 5:18:27 PM Server.Domain.CommonClasses.Response <init>
WARNING: username already exists
Apr 13, 2021 5:18:27 PM Server.Domain.CommonClasses.Response <init>
WARNING: username already exists
Apr 13, 2021 5:18:27 PM Server.Domain.CommonClasses.Response <init>
WARNING: username already exists
Apr 13, 2021 5:18:27 PM Server.Domain.CommonClasses.Response <init>
WARNING: username already exists
Apr 13, 2021 5:18:27 PM Server.Domain.CommonClasses.Response <init>
WARNING: username already exists
Apr 13, 2021 5:18:27 PM Server.Domain.CommonClasses.Response <init>
WARNING: username already exists
Apr 13, 2021 5:18:27 PM Server.Domain.CommonClasses.Response <init>
WARNING: username already exists
Apr 13, 2021 5:18:27 PM Server.Domain.CommonClasses.Response <init>
WARNING: username already exists
Apr 13, 2021 5:18:27 PM Server.Domain.CommonClasses.Response <init>
WARNING: user doesn't exist
Apr 13, 2021 5:18:27 PM Server.Domain.CommonClasses.Response <init>
WARNING: user doesn't exist
Apr 13, 2021 5:18:27 PM Server.Domain.CommonClasses.Response <init>
WARNING: user doesn't exist
Apr 13, 2021 5:18:27 PM Server.Domain.CommonClasses.Response <init>
WARNING: user doesn't exist
Apr 13, 2021 5:18:27 PM Server.Domain.CommonClasses.Response <init>
WARNING: user doesn't exist
Apr 13, 2021 5:18:27 PM Server.Domain.CommonClasses.Response <init>
WARNING: User doesn't exist
Apr 13, 2021 5:18:27 PM Server.Domain.CommonClasses.Response <init>
WARNING: User doesn't exist
Apr 13, 2021 5:18:27 PM Server.Domain.CommonClasses.Response <init>
WARNING: User doesn't exist
Apr 13, 2021 5:18:27 PM Server.Domain.CommonClasses.Response <init>
WARNING: username already exists
Apr 13, 2021 5:18:27 PM Server.Domain.CommonClasses.Response <init>
WARNING: username already exists
Apr 13, 2021 5:18:27 PM Server.Domain.CommonClasses.Response <init>
WARNING: user doesn't exist
Apr 13, 2021 5:18:27 PM Server.Domain.CommonClasses.Response <init>
WARNING: User was already appointed in this store
Apr 13, 2021 5:18:27 PM Server.Domain.CommonClasses.Response <init>
WARNING: username already exists
Apr 13, 2021 5:18:27 PM Server.Domain.CommonClasses.Response <init>
WARNING: Failed to login user
Apr 13, 2021 5:18:27 PM Server.Domain.CommonClasses.Response <init>
WARNING: username already exists
Apr 13, 2021 5:18:27 PM Server.Domain.CommonClasses.Response <init>
WARNING: username already exists
Apr 13, 2021 5:18:27 PM Server.Domain.CommonClasses.Response <init>
WARNING: username already exists
Apr 13, 2021 5:18:27 PM Server.Domain.CommonClasses.Response <init>
WARNING: user doesn't exist
Apr 13, 2021 5:18:27 PM Server.Domain.CommonClasses.Response <init>
WARNING: username already exists
Apr 13, 2021 5:18:27 PM Server.Domain.CommonClasses.Response <init>
WARNING: username already exists
Apr 13, 2021 5:18:27 PM Server.Domain.CommonClasses.Response <init>
WARNING: Attempted to remove a user that wasn't appointed by him
Apr 13, 2021 5:20:10 PM Server.Domain.CommonClasses.Response <init>
WARNING: username already exists
Apr 13, 2021 5:20:10 PM Server.Domain.CommonClasses.Response <init>
WARNING: username already exists
Apr 13, 2021 5:20:10 PM Server.Domain.CommonClasses.Response <init>
WARNING: User not allowed to add permissions to this user
Apr 13, 2021 5:20:10 PM Server.Domain.CommonClasses.Response <init>
WARNING: username already exists
Apr 13, 2021 5:20:10 PM Server.Domain.CommonClasses.Response <init>
WARNING: username already exists
Apr 13, 2021 5:20:10 PM Server.Domain.CommonClasses.Response <init>
WARNING: username already exists
Apr 13, 2021 5:20:10 PM Server.Domain.CommonClasses.Response <init>
WARNING: username already exists
Apr 13, 2021 5:20:10 PM Server.Domain.CommonClasses.Response <init>
WARNING: user doesn't exist
Apr 13, 2021 5:20:10 PM Server.Domain.CommonClasses.Response <init>
WARNING: username already exists
Apr 13, 2021 5:20:10 PM Server.Domain.CommonClasses.Response <init>
WARNING: username already exists
Apr 13, 2021 5:20:10 PM Server.Domain.CommonClasses.Response <init>
WARNING: user doesn't exist
Apr 13, 2021 5:20:10 PM Server.Domain.CommonClasses.Response <init>
WARNING: Cannot logout without being logged in
Apr 13, 2021 5:20:10 PM Server.Domain.CommonClasses.Response <init>
WARNING: User not permitted to logout
Apr 13, 2021 5:20:10 PM Server.Domain.CommonClasses.Response <init>
WARNING: username already exists
Apr 13, 2021 5:20:10 PM Server.Domain.CommonClasses.Response <init>
WARNING: username already exists
Apr 13, 2021 5:20:10 PM Server.Domain.CommonClasses.Response <init>
WARNING: username already exists
Apr 13, 2021 5:20:10 PM Server.Domain.CommonClasses.Response <init>
WARNING: user doesn't exist
Apr 13, 2021 5:20:10 PM Server.Domain.CommonClasses.Response <init>
WARNING: user doesn't exist
Apr 13, 2021 5:20:10 PM Server.Domain.CommonClasses.Response <init>
WARNING: Attempted to remove a user that wasn't appointed by him
Apr 13, 2021 5:20:10 PM Server.Domain.CommonClasses.Response <init>
WARNING: username already exists
Apr 13, 2021 5:20:10 PM Server.Domain.CommonClasses.Response <init>
WARNING: username already exists
Apr 13, 2021 5:20:10 PM Server.Domain.CommonClasses.Response <init>
WARNING: user doesn't exist
Apr 13, 2021 5:20:10 PM Server.Domain.CommonClasses.Response <init>
WARNING: Attempted to remove not a store manager
Apr 13, 2021 5:20:10 PM Server.Domain.CommonClasses.Response <init>
WARNING: username already exists
Apr 13, 2021 5:20:10 PM Server.Domain.CommonClasses.Response <init>
WARNING: username already exists
Apr 13, 2021 5:20:10 PM Server.Domain.CommonClasses.Response <init>
WARNING: user doesn't exist
Apr 13, 2021 5:20:10 PM Server.Domain.CommonClasses.Response <init>
WARNING: User doesn't exist
Apr 13, 2021 5:20:10 PM Server.Domain.CommonClasses.Response <init>
WARNING: username already exists
Apr 13, 2021 5:20:10 PM Server.Domain.CommonClasses.Response <init>
WARNING: username already exists
Apr 13, 2021 5:20:10 PM Server.Domain.CommonClasses.Response <init>
WARNING: user doesn't exist
Apr 13, 2021 5:20:10 PM Server.Domain.CommonClasses.Response <init>
WARNING: username already exists
Apr 13, 2021 5:20:10 PM Server.Domain.CommonClasses.Response <init>
WARNING: username already exists
Apr 13, 2021 5:20:10 PM Server.Domain.CommonClasses.Response <init>
WARNING: user doesn't exist
Apr 13, 2021 5:20:10 PM Server.Domain.CommonClasses.Response <init>
WARNING: Attempted to remove not a store owner
Apr 13, 2021 5:20:10 PM Server.Domain.CommonClasses.Response <init>
WARNING: username already exists
Apr 13, 2021 5:20:10 PM Server.Domain.CommonClasses.Response <init>
WARNING: Failed to login user
Apr 13, 2021 5:20:10 PM Server.Domain.CommonClasses.Response <init>
WARNING: username already exists
Apr 13, 2021 5:20:10 PM Server.Domain.CommonClasses.Response <init>
WARNING: username already exists
Apr 13, 2021 5:20:10 PM Server.Domain.CommonClasses.Response <init>
WARNING: username already exists
Apr 13, 2021 5:20:10 PM Server.Domain.CommonClasses.Response <init>
WARNING: username already exists
Apr 13, 2021 5:20:10 PM Server.Domain.CommonClasses.Response <init>
WARNING: username already exists
Apr 13, 2021 5:20:10 PM Server.Domain.CommonClasses.Response <init>
WARNING: Attempted to remove a user that wasn't appointed by him
Apr 13, 2021 5:20:10 PM Server.Domain.CommonClasses.Response <init>
WARNING: username already exists
Apr 13, 2021 5:20:10 PM Server.Domain.CommonClasses.Response <init>
WARNING: username already exists
Apr 13, 2021 5:20:10 PM Server.Domain.CommonClasses.Response <init>
WARNING: user doesn't exist
Apr 13, 2021 5:20:10 PM Server.Domain.CommonClasses.Response <init>
WARNING: User was already appointed in this store
Apr 13, 2021 5:20:10 PM Server.Domain.CommonClasses.Response <init>
WARNING: username already exists
Apr 13, 2021 5:20:10 PM Server.Domain.CommonClasses.Response <init>
WARNING: username already exists
Apr 13, 2021 5:20:10 PM Server.Domain.CommonClasses.Response <init>
WARNING: username already exists
Apr 13, 2021 5:20:10 PM Server.Domain.CommonClasses.Response <init>
WARNING: username already exists
Apr 13, 2021 5:20:10 PM Server.Domain.CommonClasses.Response <init>
WARNING: username already exists
Apr 13, 2021 5:20:10 PM Server.Domain.CommonClasses.Response <init>
WARNING: username already exists
Apr 13, 2021 5:20:10 PM Server.Domain.CommonClasses.Response <init>
WARNING: user doesn't exist
Apr 13, 2021 5:20:10 PM Server.Domain.CommonClasses.Response <init>
WARNING: user doesn't exist
Apr 13, 2021 5:20:10 PM Server.Domain.CommonClasses.Response <init>
WARNING: user doesn't exist
Apr 13, 2021 5:20:10 PM Server.Domain.CommonClasses.Response <init>
WARNING: user doesn't exist
Apr 13, 2021 5:20:10 PM Server.Domain.CommonClasses.Response <init>
WARNING: user doesn't exist
Apr 13, 2021 5:20:10 PM Server.Domain.CommonClasses.Response <init>
WARNING: user not appointed by this appointer
Apr 13, 2021 5:20:10 PM Server.Domain.CommonClasses.Response <init>
WARNING: user not appointed by this appointer
Apr 13, 2021 5:20:10 PM Server.Domain.CommonClasses.Response <init>
WARNING: User doesn't exist
Apr 13, 2021 5:20:10 PM Server.Domain.CommonClasses.Response <init>
WARNING: user not appointed by this appointer
Apr 13, 2021 5:20:10 PM Server.Domain.CommonClasses.Response <init>
WARNING: User doesn't exist
Apr 13, 2021 5:20:10 PM Server.Domain.CommonClasses.Response <init>
WARNING: user not appointed by this appointer
Apr 13, 2021 5:20:10 PM Server.Domain.CommonClasses.Response <init>
WARNING: User doesn't exist
Apr 13, 2021 5:20:10 PM Server.Domain.CommonClasses.Response <init>
WARNING: username already exists
Apr 13, 2021 5:20:10 PM Server.Domain.CommonClasses.Response <init>
WARNING: username already exists
Apr 13, 2021 5:20:10 PM Server.Domain.CommonClasses.Response <init>
WARNING: user doesn't exist
Apr 13, 2021 5:20:10 PM Server.Domain.CommonClasses.Response <init>
WARNING: User doesn't exist
Apr 13, 2021 5:20:10 PM Server.Domain.CommonClasses.Response <init>
WARNING: username already exists
Apr 13, 2021 5:20:10 PM Server.Domain.CommonClasses.Response <init>
WARNING: username already exists
Apr 13, 2021 5:20:10 PM Server.Domain.CommonClasses.Response <init>
WARNING: user doesn't exist
Apr 13, 2021 5:20:10 PM Server.Domain.CommonClasses.Response <init>
WARNING: username already exists
Apr 13, 2021 5:20:10 PM Server.Domain.CommonClasses.Response <init>
WARNING: username already exists
Apr 13, 2021 5:20:10 PM Server.Domain.CommonClasses.Response <init>
WARNING: username already exists
Apr 13, 2021 5:20:10 PM Server.Domain.CommonClasses.Response <init>
WARNING: username already exists
Apr 13, 2021 5:20:10 PM Server.Domain.CommonClasses.Response <init>
WARNING: username already exists
Apr 13, 2021 5:20:10 PM Server.Domain.CommonClasses.Response <init>
WARNING: username already exists
Apr 13, 2021 5:20:10 PM Server.Domain.CommonClasses.Response <init>
WARNING: username already exists
Apr 13, 2021 5:20:10 PM Server.Domain.CommonClasses.Response <init>
WARNING: user doesn't exist
Apr 13, 2021 5:20:10 PM Server.Domain.CommonClasses.Response <init>
WARNING: user doesn't exist
Apr 13, 2021 5:20:10 PM Server.Domain.CommonClasses.Response <init>
WARNING: user doesn't exist
Apr 13, 2021 5:20:10 PM Server.Domain.CommonClasses.Response <init>
WARNING: user doesn't exist
Apr 13, 2021 5:20:10 PM Server.Domain.CommonClasses.Response <init>
WARNING: user doesn't exist
Apr 13, 2021 5:20:10 PM Server.Domain.CommonClasses.Response <init>
WARNING: user doesn't exist
Apr 13, 2021 5:20:10 PM Server.Domain.CommonClasses.Response <init>
WARNING: Attempted to remove a user that wasn't appointed by him
Apr 13, 2021 5:20:10 PM Server.Domain.CommonClasses.Response <init>
WARNING: username already exists
Apr 13, 2021 5:20:10 PM Server.Domain.CommonClasses.Response <init>
WARNING: username already exists
Apr 13, 2021 5:20:10 PM Server.Domain.CommonClasses.Response <init>
WARNING: user doesn't exist
Apr 13, 2021 5:20:10 PM Server.Domain.CommonClasses.Response <init>
WARNING: User was already appointed in this store
Apr 13, 2021 5:20:10 PM Server.Domain.CommonClasses.Response <init>
WARNING: username already exists
Apr 13, 2021 5:20:10 PM Server.Domain.CommonClasses.Response <init>
WARNING: username already exists
Apr 13, 2021 5:20:10 PM Server.Domain.CommonClasses.Response <init>
WARNING: username already exists
Apr 13, 2021 5:20:10 PM Server.Domain.CommonClasses.Response <init>
WARNING: user doesn't exist
Apr 13, 2021 5:20:10 PM Server.Domain.CommonClasses.Response <init>
WARNING: user doesn't exist
Apr 13, 2021 5:20:10 PM Server.Domain.CommonClasses.Response <init>
WARNING: Attempted to remove a user that wasn't appointed by him
Apr 13, 2021 5:20:10 PM Server.Domain.CommonClasses.Response <init>
WARNING: username already exists
Apr 13, 2021 5:20:10 PM Server.Domain.CommonClasses.Response <init>
WARNING: username already exists
Apr 13, 2021 5:20:10 PM Server.Domain.CommonClasses.Response <init>
WARNING: user doesn't exist
Apr 13, 2021 5:20:10 PM Server.Domain.CommonClasses.Response <init>
WARNING: User was already appointed in this store
Apr 13, 2021 5:20:10 PM Server.Domain.CommonClasses.Response <init>
WARNING: username already exists
Apr 13, 2021 5:20:10 PM Server.Domain.CommonClasses.Response <init>
WARNING: username already exists
Apr 13, 2021 5:20:10 PM Server.Domain.CommonClasses.Response <init>
WARNING: username already exists
Apr 13, 2021 5:20:10 PM Server.Domain.CommonClasses.Response <init>
WARNING: username already exists
Apr 13, 2021 5:20:10 PM Server.Domain.CommonClasses.Response <init>
WARNING: username already exists
Apr 13, 2021 5:20:10 PM Server.Domain.CommonClasses.Response <init>
WARNING: username already exists
Apr 13, 2021 5:20:10 PM Server.Domain.CommonClasses.Response <init>
WARNING: username already exists
Apr 13, 2021 5:20:10 PM Server.Domain.CommonClasses.Response <init>
WARNING: username already exists
Apr 13, 2021 5:20:10 PM Server.Domain.CommonClasses.Response <init>
WARNING: user doesn't exist
Apr 13, 2021 5:20:10 PM Server.Domain.CommonClasses.Response <init>
WARNING: user doesn't exist
Apr 13, 2021 5:20:10 PM Server.Domain.CommonClasses.Response <init>
WARNING: user doesn't exist
Apr 13, 2021 5:20:10 PM Server.Domain.CommonClasses.Response <init>
WARNING: user doesn't exist
Apr 13, 2021 5:20:10 PM Server.Domain.CommonClasses.Response <init>
WARNING: user doesn't exist
Apr 13, 2021 5:20:10 PM Server.Domain.CommonClasses.Response <init>
WARNING: User doesn't exist
Apr 13, 2021 5:20:10 PM Server.Domain.CommonClasses.Response <init>
WARNING: User doesn't exist
Apr 13, 2021 5:20:10 PM Server.Domain.CommonClasses.Response <init>
WARNING: User doesn't exist
Apr 13, 2021 5:20:10 PM Server.Domain.CommonClasses.Response <init>
WARNING: username already exists
Apr 13, 2021 5:20:10 PM Server.Domain.CommonClasses.Response <init>
WARNING: username already exists
Apr 13, 2021 5:20:10 PM Server.Domain.CommonClasses.Response <init>
WARNING: user doesn't exist
Apr 13, 2021 5:20:10 PM Server.Domain.CommonClasses.Response <init>
WARNING: User was already appointed in this store
Apr 13, 2021 5:20:10 PM Server.Domain.CommonClasses.Response <init>
WARNING: username already exists
Apr 13, 2021 5:20:10 PM Server.Domain.CommonClasses.Response <init>
WARNING: Failed to login user
Apr 13, 2021 5:20:10 PM Server.Domain.CommonClasses.Response <init>
WARNING: username already exists
Apr 13, 2021 5:20:10 PM Server.Domain.CommonClasses.Response <init>
WARNING: username already exists
Apr 13, 2021 5:20:10 PM Server.Domain.CommonClasses.Response <init>
WARNING: username already exists
Apr 13, 2021 5:20:10 PM Server.Domain.CommonClasses.Response <init>
WARNING: user doesn't exist
Apr 13, 2021 5:20:10 PM Server.Domain.CommonClasses.Response <init>
WARNING: username already exists
Apr 13, 2021 5:20:10 PM Server.Domain.CommonClasses.Response <init>
WARNING: username already exists
Apr 13, 2021 5:20:10 PM Server.Domain.CommonClasses.Response <init>
WARNING: Attempted to remove a user that wasn't appointed by him
Apr 13, 2021 5:20:34 PM Server.Domain.CommonClasses.Response <init>
WARNING: username already exists
Apr 13, 2021 5:20:34 PM Server.Domain.CommonClasses.Response <init>
WARNING: username already exists
Apr 13, 2021 5:20:34 PM Server.Domain.CommonClasses.Response <init>
WARNING: User not allowed to add permissions to this user
Apr 13, 2021 5:20:34 PM Server.Domain.CommonClasses.Response <init>
WARNING: username already exists
Apr 13, 2021 5:20:34 PM Server.Domain.CommonClasses.Response <init>
WARNING: username already exists
Apr 13, 2021 5:20:34 PM Server.Domain.CommonClasses.Response <init>
WARNING: username already exists
Apr 13, 2021 5:20:34 PM Server.Domain.CommonClasses.Response <init>
WARNING: username already exists
Apr 13, 2021 5:20:34 PM Server.Domain.CommonClasses.Response <init>
WARNING: user doesn't exist
Apr 13, 2021 5:20:34 PM Server.Domain.CommonClasses.Response <init>
WARNING: username already exists
Apr 13, 2021 5:20:34 PM Server.Domain.CommonClasses.Response <init>
WARNING: username already exists
Apr 13, 2021 5:20:34 PM Server.Domain.CommonClasses.Response <init>
WARNING: user doesn't exist
Apr 13, 2021 5:20:34 PM Server.Domain.CommonClasses.Response <init>
WARNING: Cannot logout without being logged in
Apr 13, 2021 5:20:34 PM Server.Domain.CommonClasses.Response <init>
WARNING: User not permitted to logout
Apr 13, 2021 5:20:34 PM Server.Domain.CommonClasses.Response <init>
WARNING: username already exists
Apr 13, 2021 5:20:34 PM Server.Domain.CommonClasses.Response <init>
WARNING: username already exists
Apr 13, 2021 5:20:34 PM Server.Domain.CommonClasses.Response <init>
WARNING: username already exists
Apr 13, 2021 5:20:34 PM Server.Domain.CommonClasses.Response <init>
WARNING: user doesn't exist
Apr 13, 2021 5:20:34 PM Server.Domain.CommonClasses.Response <init>
WARNING: user doesn't exist
Apr 13, 2021 5:20:34 PM Server.Domain.CommonClasses.Response <init>
WARNING: Attempted to remove a user that wasn't appointed by him
Apr 13, 2021 5:20:34 PM Server.Domain.CommonClasses.Response <init>
WARNING: username already exists
Apr 13, 2021 5:20:34 PM Server.Domain.CommonClasses.Response <init>
WARNING: username already exists
Apr 13, 2021 5:20:34 PM Server.Domain.CommonClasses.Response <init>
WARNING: user doesn't exist
Apr 13, 2021 5:20:34 PM Server.Domain.CommonClasses.Response <init>
WARNING: Attempted to remove not a store manager
Apr 13, 2021 5:20:34 PM Server.Domain.CommonClasses.Response <init>
WARNING: username already exists
Apr 13, 2021 5:20:34 PM Server.Domain.CommonClasses.Response <init>
WARNING: username already exists
Apr 13, 2021 5:20:34 PM Server.Domain.CommonClasses.Response <init>
WARNING: user doesn't exist
Apr 13, 2021 5:20:34 PM Server.Domain.CommonClasses.Response <init>
WARNING: User doesn't exist
Apr 13, 2021 5:20:34 PM Server.Domain.CommonClasses.Response <init>
WARNING: username already exists
Apr 13, 2021 5:20:34 PM Server.Domain.CommonClasses.Response <init>
WARNING: username already exists
Apr 13, 2021 5:20:34 PM Server.Domain.CommonClasses.Response <init>
WARNING: user doesn't exist
Apr 13, 2021 5:20:34 PM Server.Domain.CommonClasses.Response <init>
WARNING: username already exists
Apr 13, 2021 5:20:34 PM Server.Domain.CommonClasses.Response <init>
WARNING: username already exists
Apr 13, 2021 5:20:34 PM Server.Domain.CommonClasses.Response <init>
WARNING: user doesn't exist
Apr 13, 2021 5:20:34 PM Server.Domain.CommonClasses.Response <init>
WARNING: Attempted to remove not a store owner
Apr 13, 2021 5:20:34 PM Server.Domain.CommonClasses.Response <init>
WARNING: username already exists
Apr 13, 2021 5:20:34 PM Server.Domain.CommonClasses.Response <init>
WARNING: Failed to login user
Apr 13, 2021 5:20:34 PM Server.Domain.CommonClasses.Response <init>
WARNING: username already exists
Apr 13, 2021 5:20:34 PM Server.Domain.CommonClasses.Response <init>
WARNING: username already exists
Apr 13, 2021 5:20:34 PM Server.Domain.CommonClasses.Response <init>
WARNING: username already exists
Apr 13, 2021 5:20:34 PM Server.Domain.CommonClasses.Response <init>
WARNING: username already exists
Apr 13, 2021 5:20:34 PM Server.Domain.CommonClasses.Response <init>
WARNING: username already exists
Apr 13, 2021 5:20:34 PM Server.Domain.CommonClasses.Response <init>
WARNING: Attempted to remove a user that wasn't appointed by him
Apr 13, 2021 5:20:34 PM Server.Domain.CommonClasses.Response <init>
WARNING: username already exists
Apr 13, 2021 5:20:34 PM Server.Domain.CommonClasses.Response <init>
WARNING: username already exists
Apr 13, 2021 5:20:34 PM Server.Domain.CommonClasses.Response <init>
WARNING: user doesn't exist
Apr 13, 2021 5:20:34 PM Server.Domain.CommonClasses.Response <init>
WARNING: User was already appointed in this store
Apr 13, 2021 5:20:34 PM Server.Domain.CommonClasses.Response <init>
WARNING: username already exists
Apr 13, 2021 5:20:34 PM Server.Domain.CommonClasses.Response <init>
WARNING: username already exists
Apr 13, 2021 5:20:34 PM Server.Domain.CommonClasses.Response <init>
WARNING: username already exists
Apr 13, 2021 5:20:34 PM Server.Domain.CommonClasses.Response <init>
WARNING: username already exists
Apr 13, 2021 5:20:34 PM Server.Domain.CommonClasses.Response <init>
WARNING: username already exists
Apr 13, 2021 5:20:34 PM Server.Domain.CommonClasses.Response <init>
WARNING: username already exists
Apr 13, 2021 5:20:34 PM Server.Domain.CommonClasses.Response <init>
WARNING: user doesn't exist
Apr 13, 2021 5:20:34 PM Server.Domain.CommonClasses.Response <init>
WARNING: user doesn't exist
Apr 13, 2021 5:20:34 PM Server.Domain.CommonClasses.Response <init>
WARNING: user doesn't exist
Apr 13, 2021 5:20:34 PM Server.Domain.CommonClasses.Response <init>
WARNING: user doesn't exist
Apr 13, 2021 5:20:34 PM Server.Domain.CommonClasses.Response <init>
WARNING: user doesn't exist
Apr 13, 2021 5:20:34 PM Server.Domain.CommonClasses.Response <init>
WARNING: user not appointed by this appointer
Apr 13, 2021 5:20:34 PM Server.Domain.CommonClasses.Response <init>
WARNING: user not appointed by this appointer
Apr 13, 2021 5:20:34 PM Server.Domain.CommonClasses.Response <init>
WARNING: User doesn't exist
Apr 13, 2021 5:20:34 PM Server.Domain.CommonClasses.Response <init>
WARNING: user not appointed by this appointer
Apr 13, 2021 5:20:34 PM Server.Domain.CommonClasses.Response <init>
WARNING: User doesn't exist
Apr 13, 2021 5:20:34 PM Server.Domain.CommonClasses.Response <init>
WARNING: user not appointed by this appointer
Apr 13, 2021 5:20:34 PM Server.Domain.CommonClasses.Response <init>
WARNING: User doesn't exist
Apr 13, 2021 5:20:34 PM Server.Domain.CommonClasses.Response <init>
WARNING: username already exists
Apr 13, 2021 5:20:34 PM Server.Domain.CommonClasses.Response <init>
WARNING: username already exists
Apr 13, 2021 5:20:34 PM Server.Domain.CommonClasses.Response <init>
WARNING: user doesn't exist
Apr 13, 2021 5:20:34 PM Server.Domain.CommonClasses.Response <init>
WARNING: User doesn't exist
Apr 13, 2021 5:20:34 PM Server.Domain.CommonClasses.Response <init>
WARNING: username already exists
Apr 13, 2021 5:20:34 PM Server.Domain.CommonClasses.Response <init>
WARNING: username already exists
Apr 13, 2021 5:20:34 PM Server.Domain.CommonClasses.Response <init>
WARNING: user doesn't exist
Apr 13, 2021 5:20:34 PM Server.Domain.CommonClasses.Response <init>
WARNING: username already exists
Apr 13, 2021 5:20:34 PM Server.Domain.CommonClasses.Response <init>
WARNING: username already exists
Apr 13, 2021 5:20:34 PM Server.Domain.CommonClasses.Response <init>
WARNING: username already exists
Apr 13, 2021 5:20:34 PM Server.Domain.CommonClasses.Response <init>
WARNING: username already exists
Apr 13, 2021 5:20:34 PM Server.Domain.CommonClasses.Response <init>
WARNING: username already exists
Apr 13, 2021 5:20:34 PM Server.Domain.CommonClasses.Response <init>
WARNING: username already exists
Apr 13, 2021 5:20:34 PM Server.Domain.CommonClasses.Response <init>
WARNING: username already exists
Apr 13, 2021 5:20:34 PM Server.Domain.CommonClasses.Response <init>
WARNING: user doesn't exist
Apr 13, 2021 5:20:34 PM Server.Domain.CommonClasses.Response <init>
WARNING: user doesn't exist
Apr 13, 2021 5:20:34 PM Server.Domain.CommonClasses.Response <init>
WARNING: user doesn't exist
Apr 13, 2021 5:20:34 PM Server.Domain.CommonClasses.Response <init>
WARNING: user doesn't exist
Apr 13, 2021 5:20:34 PM Server.Domain.CommonClasses.Response <init>
WARNING: user doesn't exist
Apr 13, 2021 5:20:34 PM Server.Domain.CommonClasses.Response <init>
WARNING: user doesn't exist
Apr 13, 2021 5:20:34 PM Server.Domain.CommonClasses.Response <init>
WARNING: Attempted to remove a user that wasn't appointed by him
Apr 13, 2021 5:20:34 PM Server.Domain.CommonClasses.Response <init>
WARNING: username already exists
Apr 13, 2021 5:20:34 PM Server.Domain.CommonClasses.Response <init>
WARNING: username already exists
Apr 13, 2021 5:20:34 PM Server.Domain.CommonClasses.Response <init>
WARNING: user doesn't exist
Apr 13, 2021 5:20:34 PM Server.Domain.CommonClasses.Response <init>
WARNING: User was already appointed in this store
Apr 13, 2021 5:20:34 PM Server.Domain.CommonClasses.Response <init>
WARNING: username already exists
Apr 13, 2021 5:20:34 PM Server.Domain.CommonClasses.Response <init>
WARNING: username already exists
Apr 13, 2021 5:20:34 PM Server.Domain.CommonClasses.Response <init>
WARNING: username already exists
Apr 13, 2021 5:20:34 PM Server.Domain.CommonClasses.Response <init>
WARNING: user doesn't exist
Apr 13, 2021 5:20:34 PM Server.Domain.CommonClasses.Response <init>
WARNING: user doesn't exist
Apr 13, 2021 5:20:34 PM Server.Domain.CommonClasses.Response <init>
WARNING: Attempted to remove a user that wasn't appointed by him
Apr 13, 2021 5:20:34 PM Server.Domain.CommonClasses.Response <init>
WARNING: username already exists
Apr 13, 2021 5:20:34 PM Server.Domain.CommonClasses.Response <init>
WARNING: username already exists
Apr 13, 2021 5:20:34 PM Server.Domain.CommonClasses.Response <init>
WARNING: user doesn't exist
Apr 13, 2021 5:20:34 PM Server.Domain.CommonClasses.Response <init>
WARNING: User was already appointed in this store
Apr 13, 2021 5:20:34 PM Server.Domain.CommonClasses.Response <init>
WARNING: username already exists
Apr 13, 2021 5:20:34 PM Server.Domain.CommonClasses.Response <init>
WARNING: username already exists
Apr 13, 2021 5:20:34 PM Server.Domain.CommonClasses.Response <init>
WARNING: username already exists
Apr 13, 2021 5:20:34 PM Server.Domain.CommonClasses.Response <init>
WARNING: username already exists
Apr 13, 2021 5:20:34 PM Server.Domain.CommonClasses.Response <init>
WARNING: username already exists
Apr 13, 2021 5:20:34 PM Server.Domain.CommonClasses.Response <init>
WARNING: username already exists
Apr 13, 2021 5:20:34 PM Server.Domain.CommonClasses.Response <init>
WARNING: username already exists
Apr 13, 2021 5:20:34 PM Server.Domain.CommonClasses.Response <init>
WARNING: username already exists
Apr 13, 2021 5:20:34 PM Server.Domain.CommonClasses.Response <init>
WARNING: user doesn't exist
Apr 13, 2021 5:20:34 PM Server.Domain.CommonClasses.Response <init>
WARNING: user doesn't exist
Apr 13, 2021 5:20:34 PM Server.Domain.CommonClasses.Response <init>
WARNING: user doesn't exist
Apr 13, 2021 5:20:34 PM Server.Domain.CommonClasses.Response <init>
WARNING: user doesn't exist
Apr 13, 2021 5:20:34 PM Server.Domain.CommonClasses.Response <init>
WARNING: user doesn't exist
Apr 13, 2021 5:20:34 PM Server.Domain.CommonClasses.Response <init>
WARNING: User doesn't exist
Apr 13, 2021 5:20:34 PM Server.Domain.CommonClasses.Response <init>
WARNING: User doesn't exist
Apr 13, 2021 5:20:34 PM Server.Domain.CommonClasses.Response <init>
WARNING: User doesn't exist
Apr 13, 2021 5:20:34 PM Server.Domain.CommonClasses.Response <init>
WARNING: username already exists
Apr 13, 2021 5:20:34 PM Server.Domain.CommonClasses.Response <init>
WARNING: username already exists
Apr 13, 2021 5:20:34 PM Server.Domain.CommonClasses.Response <init>
WARNING: user doesn't exist
Apr 13, 2021 5:20:34 PM Server.Domain.CommonClasses.Response <init>
WARNING: User was already appointed in this store
Apr 13, 2021 5:20:34 PM Server.Domain.CommonClasses.Response <init>
WARNING: username already exists
Apr 13, 2021 5:20:34 PM Server.Domain.CommonClasses.Response <init>
WARNING: Failed to login user
Apr 13, 2021 5:20:34 PM Server.Domain.CommonClasses.Response <init>
WARNING: username already exists
Apr 13, 2021 5:20:34 PM Server.Domain.CommonClasses.Response <init>
WARNING: username already exists
Apr 13, 2021 5:20:34 PM Server.Domain.CommonClasses.Response <init>
WARNING: username already exists
Apr 13, 2021 5:20:34 PM Server.Domain.CommonClasses.Response <init>
WARNING: user doesn't exist
Apr 13, 2021 5:20:34 PM Server.Domain.CommonClasses.Response <init>
WARNING: username already exists
Apr 13, 2021 5:20:34 PM Server.Domain.CommonClasses.Response <init>
WARNING: username already exists
Apr 13, 2021 5:20:34 PM Server.Domain.CommonClasses.Response <init>
WARNING: Attempted to remove a user that wasn't appointed by him
Apr 13, 2021 5:20:57 PM Server.Domain.CommonClasses.Response <init>
WARNING: username already exists
Apr 13, 2021 5:20:57 PM Server.Domain.CommonClasses.Response <init>
WARNING: username already exists
Apr 13, 2021 5:20:57 PM Server.Domain.CommonClasses.Response <init>
WARNING: User not allowed to add permissions to this user
Apr 13, 2021 5:20:57 PM Server.Domain.CommonClasses.Response <init>
WARNING: username already exists
Apr 13, 2021 5:20:57 PM Server.Domain.CommonClasses.Response <init>
WARNING: username already exists
Apr 13, 2021 5:20:57 PM Server.Domain.CommonClasses.Response <init>
WARNING: username already exists
Apr 13, 2021 5:20:57 PM Server.Domain.CommonClasses.Response <init>
WARNING: username already exists
Apr 13, 2021 5:20:57 PM Server.Domain.CommonClasses.Response <init>
WARNING: user doesn't exist
Apr 13, 2021 5:20:57 PM Server.Domain.CommonClasses.Response <init>
WARNING: username already exists
Apr 13, 2021 5:20:57 PM Server.Domain.CommonClasses.Response <init>
WARNING: username already exists
Apr 13, 2021 5:20:57 PM Server.Domain.CommonClasses.Response <init>
WARNING: user doesn't exist
Apr 13, 2021 5:20:57 PM Server.Domain.CommonClasses.Response <init>
WARNING: Cannot logout without being logged in
Apr 13, 2021 5:20:57 PM Server.Domain.CommonClasses.Response <init>
WARNING: User not permitted to logout
Apr 13, 2021 5:20:57 PM Server.Domain.CommonClasses.Response <init>
WARNING: username already exists
Apr 13, 2021 5:20:57 PM Server.Domain.CommonClasses.Response <init>
WARNING: username already exists
Apr 13, 2021 5:20:57 PM Server.Domain.CommonClasses.Response <init>
WARNING: username already exists
Apr 13, 2021 5:20:57 PM Server.Domain.CommonClasses.Response <init>
WARNING: user doesn't exist
Apr 13, 2021 5:20:57 PM Server.Domain.CommonClasses.Response <init>
WARNING: user doesn't exist
Apr 13, 2021 5:20:57 PM Server.Domain.CommonClasses.Response <init>
WARNING: Attempted to remove a user that wasn't appointed by him
Apr 13, 2021 5:20:57 PM Server.Domain.CommonClasses.Response <init>
WARNING: username already exists
Apr 13, 2021 5:20:57 PM Server.Domain.CommonClasses.Response <init>
WARNING: username already exists
Apr 13, 2021 5:20:57 PM Server.Domain.CommonClasses.Response <init>
WARNING: user doesn't exist
Apr 13, 2021 5:20:57 PM Server.Domain.CommonClasses.Response <init>
WARNING: Attempted to remove not a store manager
Apr 13, 2021 5:20:57 PM Server.Domain.CommonClasses.Response <init>
WARNING: username already exists
Apr 13, 2021 5:20:57 PM Server.Domain.CommonClasses.Response <init>
WARNING: username already exists
Apr 13, 2021 5:20:57 PM Server.Domain.CommonClasses.Response <init>
WARNING: user doesn't exist
Apr 13, 2021 5:20:57 PM Server.Domain.CommonClasses.Response <init>
WARNING: User doesn't exist
Apr 13, 2021 5:20:57 PM Server.Domain.CommonClasses.Response <init>
WARNING: username already exists
Apr 13, 2021 5:20:57 PM Server.Domain.CommonClasses.Response <init>
WARNING: username already exists
Apr 13, 2021 5:20:57 PM Server.Domain.CommonClasses.Response <init>
WARNING: user doesn't exist
Apr 13, 2021 5:20:57 PM Server.Domain.CommonClasses.Response <init>
WARNING: username already exists
Apr 13, 2021 5:20:57 PM Server.Domain.CommonClasses.Response <init>
WARNING: username already exists
Apr 13, 2021 5:20:57 PM Server.Domain.CommonClasses.Response <init>
WARNING: user doesn't exist
Apr 13, 2021 5:20:57 PM Server.Domain.CommonClasses.Response <init>
WARNING: Attempted to remove not a store owner
Apr 13, 2021 5:20:57 PM Server.Domain.CommonClasses.Response <init>
WARNING: username already exists
Apr 13, 2021 5:20:57 PM Server.Domain.CommonClasses.Response <init>
WARNING: Failed to login user
Apr 13, 2021 5:20:57 PM Server.Domain.CommonClasses.Response <init>
WARNING: username already exists
Apr 13, 2021 5:20:57 PM Server.Domain.CommonClasses.Response <init>
WARNING: username already exists
Apr 13, 2021 5:20:57 PM Server.Domain.CommonClasses.Response <init>
WARNING: username already exists
Apr 13, 2021 5:20:57 PM Server.Domain.CommonClasses.Response <init>
WARNING: username already exists
Apr 13, 2021 5:20:57 PM Server.Domain.CommonClasses.Response <init>
WARNING: username already exists
Apr 13, 2021 5:20:57 PM Server.Domain.CommonClasses.Response <init>
WARNING: Attempted to remove a user that wasn't appointed by him
Apr 13, 2021 5:20:57 PM Server.Domain.CommonClasses.Response <init>
WARNING: username already exists
Apr 13, 2021 5:20:57 PM Server.Domain.CommonClasses.Response <init>
WARNING: username already exists
Apr 13, 2021 5:20:57 PM Server.Domain.CommonClasses.Response <init>
WARNING: user doesn't exist
Apr 13, 2021 5:20:57 PM Server.Domain.CommonClasses.Response <init>
WARNING: User was already appointed in this store
Apr 13, 2021 5:20:57 PM Server.Domain.CommonClasses.Response <init>
WARNING: username already exists
Apr 13, 2021 5:20:57 PM Server.Domain.CommonClasses.Response <init>
WARNING: username already exists
Apr 13, 2021 5:20:57 PM Server.Domain.CommonClasses.Response <init>
WARNING: username already exists
Apr 13, 2021 5:20:57 PM Server.Domain.CommonClasses.Response <init>
WARNING: username already exists
Apr 13, 2021 5:20:57 PM Server.Domain.CommonClasses.Response <init>
WARNING: username already exists
Apr 13, 2021 5:20:57 PM Server.Domain.CommonClasses.Response <init>
WARNING: username already exists
Apr 13, 2021 5:20:57 PM Server.Domain.CommonClasses.Response <init>
WARNING: user doesn't exist
Apr 13, 2021 5:20:57 PM Server.Domain.CommonClasses.Response <init>
WARNING: user doesn't exist
Apr 13, 2021 5:20:57 PM Server.Domain.CommonClasses.Response <init>
WARNING: user doesn't exist
Apr 13, 2021 5:20:57 PM Server.Domain.CommonClasses.Response <init>
WARNING: user doesn't exist
Apr 13, 2021 5:20:57 PM Server.Domain.CommonClasses.Response <init>
WARNING: user doesn't exist
Apr 13, 2021 5:20:57 PM Server.Domain.CommonClasses.Response <init>
WARNING: user not appointed by this appointer
Apr 13, 2021 5:20:57 PM Server.Domain.CommonClasses.Response <init>
WARNING: user not appointed by this appointer
Apr 13, 2021 5:20:57 PM Server.Domain.CommonClasses.Response <init>
WARNING: User doesn't exist
Apr 13, 2021 5:20:57 PM Server.Domain.CommonClasses.Response <init>
WARNING: user not appointed by this appointer
Apr 13, 2021 5:20:57 PM Server.Domain.CommonClasses.Response <init>
WARNING: User doesn't exist
Apr 13, 2021 5:20:57 PM Server.Domain.CommonClasses.Response <init>
WARNING: user not appointed by this appointer
Apr 13, 2021 5:20:57 PM Server.Domain.CommonClasses.Response <init>
WARNING: User doesn't exist
Apr 13, 2021 5:20:57 PM Server.Domain.CommonClasses.Response <init>
WARNING: username already exists
Apr 13, 2021 5:20:57 PM Server.Domain.CommonClasses.Response <init>
WARNING: username already exists
Apr 13, 2021 5:20:57 PM Server.Domain.CommonClasses.Response <init>
WARNING: user doesn't exist
Apr 13, 2021 5:20:57 PM Server.Domain.CommonClasses.Response <init>
WARNING: User doesn't exist
Apr 13, 2021 5:20:57 PM Server.Domain.CommonClasses.Response <init>
WARNING: username already exists
Apr 13, 2021 5:20:57 PM Server.Domain.CommonClasses.Response <init>
WARNING: username already exists
Apr 13, 2021 5:20:57 PM Server.Domain.CommonClasses.Response <init>
WARNING: user doesn't exist
Apr 13, 2021 5:20:57 PM Server.Domain.CommonClasses.Response <init>
WARNING: username already exists
Apr 13, 2021 5:20:57 PM Server.Domain.CommonClasses.Response <init>
WARNING: username already exists
Apr 13, 2021 5:20:57 PM Server.Domain.CommonClasses.Response <init>
WARNING: username already exists
Apr 13, 2021 5:20:57 PM Server.Domain.CommonClasses.Response <init>
WARNING: username already exists
Apr 13, 2021 5:20:57 PM Server.Domain.CommonClasses.Response <init>
WARNING: username already exists
Apr 13, 2021 5:20:57 PM Server.Domain.CommonClasses.Response <init>
WARNING: username already exists
Apr 13, 2021 5:20:57 PM Server.Domain.CommonClasses.Response <init>
WARNING: username already exists
Apr 13, 2021 5:20:57 PM Server.Domain.CommonClasses.Response <init>
WARNING: user doesn't exist
Apr 13, 2021 5:20:57 PM Server.Domain.CommonClasses.Response <init>
WARNING: user doesn't exist
Apr 13, 2021 5:20:57 PM Server.Domain.CommonClasses.Response <init>
WARNING: user doesn't exist
Apr 13, 2021 5:20:57 PM Server.Domain.CommonClasses.Response <init>
WARNING: user doesn't exist
Apr 13, 2021 5:20:57 PM Server.Domain.CommonClasses.Response <init>
WARNING: user doesn't exist
Apr 13, 2021 5:20:57 PM Server.Domain.CommonClasses.Response <init>
WARNING: user doesn't exist
Apr 13, 2021 5:20:57 PM Server.Domain.CommonClasses.Response <init>
WARNING: Attempted to remove a user that wasn't appointed by him
Apr 13, 2021 5:20:57 PM Server.Domain.CommonClasses.Response <init>
WARNING: username already exists
Apr 13, 2021 5:20:57 PM Server.Domain.CommonClasses.Response <init>
WARNING: username already exists
Apr 13, 2021 5:20:57 PM Server.Domain.CommonClasses.Response <init>
WARNING: user doesn't exist
Apr 13, 2021 5:20:57 PM Server.Domain.CommonClasses.Response <init>
WARNING: User was already appointed in this store
Apr 13, 2021 5:20:57 PM Server.Domain.CommonClasses.Response <init>
WARNING: username already exists
Apr 13, 2021 5:20:57 PM Server.Domain.CommonClasses.Response <init>
WARNING: username already exists
Apr 13, 2021 5:20:57 PM Server.Domain.CommonClasses.Response <init>
WARNING: username already exists
Apr 13, 2021 5:20:57 PM Server.Domain.CommonClasses.Response <init>
WARNING: user doesn't exist
Apr 13, 2021 5:20:57 PM Server.Domain.CommonClasses.Response <init>
WARNING: user doesn't exist
Apr 13, 2021 5:20:57 PM Server.Domain.CommonClasses.Response <init>
WARNING: Attempted to remove a user that wasn't appointed by him
Apr 13, 2021 5:20:57 PM Server.Domain.CommonClasses.Response <init>
WARNING: username already exists
Apr 13, 2021 5:20:57 PM Server.Domain.CommonClasses.Response <init>
WARNING: username already exists
Apr 13, 2021 5:20:57 PM Server.Domain.CommonClasses.Response <init>
WARNING: user doesn't exist
Apr 13, 2021 5:20:57 PM Server.Domain.CommonClasses.Response <init>
WARNING: User was already appointed in this store
Apr 13, 2021 5:20:57 PM Server.Domain.CommonClasses.Response <init>
WARNING: username already exists
Apr 13, 2021 5:20:57 PM Server.Domain.CommonClasses.Response <init>
WARNING: username already exists
Apr 13, 2021 5:20:57 PM Server.Domain.CommonClasses.Response <init>
WARNING: username already exists
Apr 13, 2021 5:20:57 PM Server.Domain.CommonClasses.Response <init>
WARNING: username already exists
Apr 13, 2021 5:20:57 PM Server.Domain.CommonClasses.Response <init>
WARNING: username already exists
Apr 13, 2021 5:20:57 PM Server.Domain.CommonClasses.Response <init>
WARNING: username already exists
Apr 13, 2021 5:20:57 PM Server.Domain.CommonClasses.Response <init>
WARNING: username already exists
Apr 13, 2021 5:20:57 PM Server.Domain.CommonClasses.Response <init>
WARNING: username already exists
Apr 13, 2021 5:20:57 PM Server.Domain.CommonClasses.Response <init>
WARNING: user doesn't exist
Apr 13, 2021 5:20:57 PM Server.Domain.CommonClasses.Response <init>
WARNING: user doesn't exist
Apr 13, 2021 5:20:57 PM Server.Domain.CommonClasses.Response <init>
WARNING: user doesn't exist
Apr 13, 2021 5:20:57 PM Server.Domain.CommonClasses.Response <init>
WARNING: user doesn't exist
Apr 13, 2021 5:20:57 PM Server.Domain.CommonClasses.Response <init>
WARNING: user doesn't exist
Apr 13, 2021 5:20:57 PM Server.Domain.CommonClasses.Response <init>
WARNING: User doesn't exist
Apr 13, 2021 5:20:57 PM Server.Domain.CommonClasses.Response <init>
WARNING: User doesn't exist
Apr 13, 2021 5:20:57 PM Server.Domain.CommonClasses.Response <init>
WARNING: User doesn't exist
Apr 13, 2021 5:20:57 PM Server.Domain.CommonClasses.Response <init>
WARNING: username already exists
Apr 13, 2021 5:20:57 PM Server.Domain.CommonClasses.Response <init>
WARNING: username already exists
Apr 13, 2021 5:20:57 PM Server.Domain.CommonClasses.Response <init>
WARNING: user doesn't exist
Apr 13, 2021 5:20:57 PM Server.Domain.CommonClasses.Response <init>
WARNING: User was already appointed in this store
Apr 13, 2021 5:20:57 PM Server.Domain.CommonClasses.Response <init>
WARNING: username already exists
Apr 13, 2021 5:20:57 PM Server.Domain.CommonClasses.Response <init>
WARNING: Failed to login user
Apr 13, 2021 5:20:57 PM Server.Domain.CommonClasses.Response <init>
WARNING: username already exists
Apr 13, 2021 5:20:57 PM Server.Domain.CommonClasses.Response <init>
WARNING: username already exists
Apr 13, 2021 5:20:57 PM Server.Domain.CommonClasses.Response <init>
WARNING: username already exists
Apr 13, 2021 5:20:57 PM Server.Domain.CommonClasses.Response <init>
WARNING: user doesn't exist
Apr 13, 2021 5:20:57 PM Server.Domain.CommonClasses.Response <init>
WARNING: username already exists
Apr 13, 2021 5:20:57 PM Server.Domain.CommonClasses.Response <init>
WARNING: username already exists
Apr 13, 2021 5:20:57 PM Server.Domain.CommonClasses.Response <init>
WARNING: Attempted to remove a user that wasn't appointed by him
Apr 13, 2021 5:22:43 PM Server.Domain.CommonClasses.Response <init>
WARNING: username already exists
Apr 13, 2021 5:22:43 PM Server.Domain.CommonClasses.Response <init>
WARNING: username already exists
Apr 13, 2021 5:22:43 PM Server.Domain.CommonClasses.Response <init>
WARNING: User not allowed to add permissions to this user
Apr 13, 2021 5:22:43 PM Server.Domain.CommonClasses.Response <init>
WARNING: username already exists
Apr 13, 2021 5:22:43 PM Server.Domain.CommonClasses.Response <init>
WARNING: username already exists
Apr 13, 2021 5:22:43 PM Server.Domain.CommonClasses.Response <init>
WARNING: username already exists
Apr 13, 2021 5:22:43 PM Server.Domain.CommonClasses.Response <init>
WARNING: username already exists
Apr 13, 2021 5:22:43 PM Server.Domain.CommonClasses.Response <init>
WARNING: user doesn't exist
Apr 13, 2021 5:22:43 PM Server.Domain.CommonClasses.Response <init>
WARNING: username already exists
Apr 13, 2021 5:22:43 PM Server.Domain.CommonClasses.Response <init>
WARNING: username already exists
Apr 13, 2021 5:22:43 PM Server.Domain.CommonClasses.Response <init>
WARNING: user doesn't exist
Apr 13, 2021 5:22:43 PM Server.Domain.CommonClasses.Response <init>
WARNING: Cannot logout without being logged in
Apr 13, 2021 5:22:43 PM Server.Domain.CommonClasses.Response <init>
WARNING: User not permitted to logout
Apr 13, 2021 5:22:43 PM Server.Domain.CommonClasses.Response <init>
WARNING: username already exists
Apr 13, 2021 5:22:43 PM Server.Domain.CommonClasses.Response <init>
WARNING: username already exists
Apr 13, 2021 5:22:43 PM Server.Domain.CommonClasses.Response <init>
WARNING: username already exists
Apr 13, 2021 5:22:43 PM Server.Domain.CommonClasses.Response <init>
WARNING: user doesn't exist
Apr 13, 2021 5:22:43 PM Server.Domain.CommonClasses.Response <init>
WARNING: user doesn't exist
Apr 13, 2021 5:22:43 PM Server.Domain.CommonClasses.Response <init>
WARNING: Attempted to remove a user that wasn't appointed by him
Apr 13, 2021 5:22:43 PM Server.Domain.CommonClasses.Response <init>
WARNING: username already exists
Apr 13, 2021 5:22:43 PM Server.Domain.CommonClasses.Response <init>
WARNING: username already exists
Apr 13, 2021 5:22:43 PM Server.Domain.CommonClasses.Response <init>
WARNING: user doesn't exist
Apr 13, 2021 5:22:43 PM Server.Domain.CommonClasses.Response <init>
WARNING: Attempted to remove not a store manager
Apr 13, 2021 5:22:43 PM Server.Domain.CommonClasses.Response <init>
WARNING: username already exists
Apr 13, 2021 5:22:43 PM Server.Domain.CommonClasses.Response <init>
WARNING: username already exists
Apr 13, 2021 5:22:43 PM Server.Domain.CommonClasses.Response <init>
WARNING: user doesn't exist
Apr 13, 2021 5:22:43 PM Server.Domain.CommonClasses.Response <init>
WARNING: User doesn't exist
Apr 13, 2021 5:22:43 PM Server.Domain.CommonClasses.Response <init>
WARNING: username already exists
Apr 13, 2021 5:22:43 PM Server.Domain.CommonClasses.Response <init>
WARNING: username already exists
Apr 13, 2021 5:22:43 PM Server.Domain.CommonClasses.Response <init>
WARNING: user doesn't exist
Apr 13, 2021 5:22:43 PM Server.Domain.CommonClasses.Response <init>
WARNING: username already exists
Apr 13, 2021 5:22:43 PM Server.Domain.CommonClasses.Response <init>
WARNING: username already exists
Apr 13, 2021 5:22:43 PM Server.Domain.CommonClasses.Response <init>
WARNING: user doesn't exist
Apr 13, 2021 5:22:43 PM Server.Domain.CommonClasses.Response <init>
WARNING: Attempted to remove not a store owner
Apr 13, 2021 5:22:43 PM Server.Domain.CommonClasses.Response <init>
WARNING: username already exists
Apr 13, 2021 5:22:43 PM Server.Domain.CommonClasses.Response <init>
WARNING: Failed to login user
Apr 13, 2021 5:22:43 PM Server.Domain.CommonClasses.Response <init>
WARNING: username already exists
Apr 13, 2021 5:22:43 PM Server.Domain.CommonClasses.Response <init>
WARNING: username already exists
Apr 13, 2021 5:22:43 PM Server.Domain.CommonClasses.Response <init>
WARNING: username already exists
Apr 13, 2021 5:22:43 PM Server.Domain.CommonClasses.Response <init>
WARNING: username already exists
Apr 13, 2021 5:22:43 PM Server.Domain.CommonClasses.Response <init>
WARNING: username already exists
Apr 13, 2021 5:22:43 PM Server.Domain.CommonClasses.Response <init>
WARNING: Attempted to remove a user that wasn't appointed by him
Apr 13, 2021 5:22:43 PM Server.Domain.CommonClasses.Response <init>
WARNING: username already exists
Apr 13, 2021 5:22:43 PM Server.Domain.CommonClasses.Response <init>
WARNING: username already exists
Apr 13, 2021 5:22:43 PM Server.Domain.CommonClasses.Response <init>
WARNING: user doesn't exist
Apr 13, 2021 5:22:43 PM Server.Domain.CommonClasses.Response <init>
WARNING: User was already appointed in this store
Apr 13, 2021 5:22:43 PM Server.Domain.CommonClasses.Response <init>
WARNING: username already exists
Apr 13, 2021 5:22:43 PM Server.Domain.CommonClasses.Response <init>
WARNING: username already exists
Apr 13, 2021 5:22:43 PM Server.Domain.CommonClasses.Response <init>
WARNING: username already exists
Apr 13, 2021 5:22:43 PM Server.Domain.CommonClasses.Response <init>
WARNING: username already exists
Apr 13, 2021 5:22:43 PM Server.Domain.CommonClasses.Response <init>
WARNING: username already exists
Apr 13, 2021 5:22:43 PM Server.Domain.CommonClasses.Response <init>
WARNING: username already exists
Apr 13, 2021 5:22:43 PM Server.Domain.CommonClasses.Response <init>
WARNING: user doesn't exist
Apr 13, 2021 5:22:43 PM Server.Domain.CommonClasses.Response <init>
WARNING: user doesn't exist
Apr 13, 2021 5:22:43 PM Server.Domain.CommonClasses.Response <init>
WARNING: user doesn't exist
Apr 13, 2021 5:22:43 PM Server.Domain.CommonClasses.Response <init>
WARNING: user doesn't exist
Apr 13, 2021 5:22:43 PM Server.Domain.CommonClasses.Response <init>
WARNING: user doesn't exist
Apr 13, 2021 5:22:43 PM Server.Domain.CommonClasses.Response <init>
WARNING: user not appointed by this appointer
Apr 13, 2021 5:22:43 PM Server.Domain.CommonClasses.Response <init>
WARNING: user not appointed by this appointer
Apr 13, 2021 5:22:43 PM Server.Domain.CommonClasses.Response <init>
WARNING: User doesn't exist
Apr 13, 2021 5:22:43 PM Server.Domain.CommonClasses.Response <init>
WARNING: user not appointed by this appointer
Apr 13, 2021 5:22:43 PM Server.Domain.CommonClasses.Response <init>
WARNING: User doesn't exist
Apr 13, 2021 5:22:43 PM Server.Domain.CommonClasses.Response <init>
WARNING: user not appointed by this appointer
Apr 13, 2021 5:22:43 PM Server.Domain.CommonClasses.Response <init>
WARNING: User doesn't exist
Apr 13, 2021 5:22:43 PM Server.Domain.CommonClasses.Response <init>
WARNING: username already exists
Apr 13, 2021 5:22:43 PM Server.Domain.CommonClasses.Response <init>
WARNING: username already exists
Apr 13, 2021 5:22:43 PM Server.Domain.CommonClasses.Response <init>
WARNING: user doesn't exist
Apr 13, 2021 5:22:43 PM Server.Domain.CommonClasses.Response <init>
WARNING: User doesn't exist
Apr 13, 2021 5:22:43 PM Server.Domain.CommonClasses.Response <init>
WARNING: username already exists
Apr 13, 2021 5:22:43 PM Server.Domain.CommonClasses.Response <init>
WARNING: username already exists
Apr 13, 2021 5:22:43 PM Server.Domain.CommonClasses.Response <init>
WARNING: user doesn't exist
Apr 13, 2021 5:22:43 PM Server.Domain.CommonClasses.Response <init>
WARNING: username already exists
Apr 13, 2021 5:22:43 PM Server.Domain.CommonClasses.Response <init>
WARNING: username already exists
Apr 13, 2021 5:22:43 PM Server.Domain.CommonClasses.Response <init>
WARNING: username already exists
Apr 13, 2021 5:22:43 PM Server.Domain.CommonClasses.Response <init>
WARNING: username already exists
Apr 13, 2021 5:22:43 PM Server.Domain.CommonClasses.Response <init>
WARNING: username already exists
Apr 13, 2021 5:22:43 PM Server.Domain.CommonClasses.Response <init>
WARNING: username already exists
Apr 13, 2021 5:22:43 PM Server.Domain.CommonClasses.Response <init>
WARNING: username already exists
Apr 13, 2021 5:22:43 PM Server.Domain.CommonClasses.Response <init>
WARNING: user doesn't exist
Apr 13, 2021 5:22:43 PM Server.Domain.CommonClasses.Response <init>
WARNING: user doesn't exist
Apr 13, 2021 5:22:43 PM Server.Domain.CommonClasses.Response <init>
WARNING: user doesn't exist
Apr 13, 2021 5:22:43 PM Server.Domain.CommonClasses.Response <init>
WARNING: user doesn't exist
Apr 13, 2021 5:22:43 PM Server.Domain.CommonClasses.Response <init>
WARNING: user doesn't exist
Apr 13, 2021 5:22:43 PM Server.Domain.CommonClasses.Response <init>
WARNING: user doesn't exist
Apr 13, 2021 5:22:43 PM Server.Domain.CommonClasses.Response <init>
WARNING: Attempted to remove a user that wasn't appointed by him
Apr 13, 2021 5:22:43 PM Server.Domain.CommonClasses.Response <init>
WARNING: username already exists
Apr 13, 2021 5:22:43 PM Server.Domain.CommonClasses.Response <init>
WARNING: username already exists
Apr 13, 2021 5:22:43 PM Server.Domain.CommonClasses.Response <init>
WARNING: user doesn't exist
Apr 13, 2021 5:22:43 PM Server.Domain.CommonClasses.Response <init>
WARNING: User was already appointed in this store
Apr 13, 2021 5:22:43 PM Server.Domain.CommonClasses.Response <init>
WARNING: username already exists
Apr 13, 2021 5:22:43 PM Server.Domain.CommonClasses.Response <init>
WARNING: username already exists
Apr 13, 2021 5:22:43 PM Server.Domain.CommonClasses.Response <init>
WARNING: username already exists
Apr 13, 2021 5:22:43 PM Server.Domain.CommonClasses.Response <init>
WARNING: user doesn't exist
Apr 13, 2021 5:22:43 PM Server.Domain.CommonClasses.Response <init>
WARNING: user doesn't exist
Apr 13, 2021 5:22:43 PM Server.Domain.CommonClasses.Response <init>
WARNING: Attempted to remove a user that wasn't appointed by him
Apr 13, 2021 5:22:43 PM Server.Domain.CommonClasses.Response <init>
WARNING: username already exists
Apr 13, 2021 5:22:43 PM Server.Domain.CommonClasses.Response <init>
WARNING: username already exists
Apr 13, 2021 5:22:43 PM Server.Domain.CommonClasses.Response <init>
WARNING: user doesn't exist
Apr 13, 2021 5:22:43 PM Server.Domain.CommonClasses.Response <init>
WARNING: User was already appointed in this store
Apr 13, 2021 5:22:43 PM Server.Domain.CommonClasses.Response <init>
WARNING: username already exists
Apr 13, 2021 5:22:43 PM Server.Domain.CommonClasses.Response <init>
WARNING: username already exists
Apr 13, 2021 5:22:43 PM Server.Domain.CommonClasses.Response <init>
WARNING: username already exists
Apr 13, 2021 5:22:43 PM Server.Domain.CommonClasses.Response <init>
WARNING: username already exists
Apr 13, 2021 5:22:43 PM Server.Domain.CommonClasses.Response <init>
WARNING: username already exists
Apr 13, 2021 5:22:43 PM Server.Domain.CommonClasses.Response <init>
WARNING: username already exists
Apr 13, 2021 5:22:43 PM Server.Domain.CommonClasses.Response <init>
WARNING: username already exists
Apr 13, 2021 5:22:43 PM Server.Domain.CommonClasses.Response <init>
WARNING: username already exists
Apr 13, 2021 5:22:43 PM Server.Domain.CommonClasses.Response <init>
WARNING: user doesn't exist
Apr 13, 2021 5:22:43 PM Server.Domain.CommonClasses.Response <init>
WARNING: user doesn't exist
Apr 13, 2021 5:22:43 PM Server.Domain.CommonClasses.Response <init>
WARNING: user doesn't exist
Apr 13, 2021 5:22:43 PM Server.Domain.CommonClasses.Response <init>
WARNING: user doesn't exist
Apr 13, 2021 5:22:43 PM Server.Domain.CommonClasses.Response <init>
WARNING: user doesn't exist
Apr 13, 2021 5:22:43 PM Server.Domain.CommonClasses.Response <init>
WARNING: User doesn't exist
Apr 13, 2021 5:22:43 PM Server.Domain.CommonClasses.Response <init>
WARNING: User doesn't exist
Apr 13, 2021 5:22:43 PM Server.Domain.CommonClasses.Response <init>
WARNING: User doesn't exist
Apr 13, 2021 5:22:43 PM Server.Domain.CommonClasses.Response <init>
WARNING: username already exists
Apr 13, 2021 5:22:43 PM Server.Domain.CommonClasses.Response <init>
WARNING: username already exists
Apr 13, 2021 5:22:43 PM Server.Domain.CommonClasses.Response <init>
WARNING: user doesn't exist
Apr 13, 2021 5:22:43 PM Server.Domain.CommonClasses.Response <init>
WARNING: User was already appointed in this store
Apr 13, 2021 5:22:43 PM Server.Domain.CommonClasses.Response <init>
WARNING: username already exists
Apr 13, 2021 5:22:43 PM Server.Domain.CommonClasses.Response <init>
WARNING: Failed to login user
Apr 13, 2021 5:22:43 PM Server.Domain.CommonClasses.Response <init>
WARNING: username already exists
Apr 13, 2021 5:22:43 PM Server.Domain.CommonClasses.Response <init>
WARNING: username already exists
Apr 13, 2021 5:22:43 PM Server.Domain.CommonClasses.Response <init>
WARNING: username already exists
Apr 13, 2021 5:22:43 PM Server.Domain.CommonClasses.Response <init>
WARNING: user doesn't exist
Apr 13, 2021 5:22:43 PM Server.Domain.CommonClasses.Response <init>
WARNING: User not allowed to add permissions to this user
Apr 13, 2021 5:22:43 PM Server.Domain.CommonClasses.Response <init>
WARNING: username already exists
Apr 13, 2021 5:22:43 PM Server.Domain.CommonClasses.Response <init>
WARNING: username already exists
Apr 13, 2021 5:22:43 PM Server.Domain.CommonClasses.Response <init>
WARNING: Attempted to remove a user that wasn't appointed by him
Apr 13, 2021 5:23:14 PM Server.Domain.CommonClasses.Response <init>
WARNING: username already exists
Apr 13, 2021 5:23:14 PM Server.Domain.CommonClasses.Response <init>
WARNING: username already exists
Apr 13, 2021 5:23:14 PM Server.Domain.CommonClasses.Response <init>
WARNING: User not allowed to add permissions to this user
Apr 13, 2021 5:23:14 PM Server.Domain.CommonClasses.Response <init>
WARNING: username already exists
Apr 13, 2021 5:23:14 PM Server.Domain.CommonClasses.Response <init>
WARNING: username already exists
Apr 13, 2021 5:23:14 PM Server.Domain.CommonClasses.Response <init>
WARNING: username already exists
Apr 13, 2021 5:23:14 PM Server.Domain.CommonClasses.Response <init>
WARNING: username already exists
Apr 13, 2021 5:23:14 PM Server.Domain.CommonClasses.Response <init>
WARNING: user doesn't exist
Apr 13, 2021 5:23:14 PM Server.Domain.CommonClasses.Response <init>
WARNING: username already exists
Apr 13, 2021 5:23:14 PM Server.Domain.CommonClasses.Response <init>
WARNING: username already exists
Apr 13, 2021 5:23:14 PM Server.Domain.CommonClasses.Response <init>
WARNING: user doesn't exist
Apr 13, 2021 5:23:14 PM Server.Domain.CommonClasses.Response <init>
WARNING: Cannot logout without being logged in
Apr 13, 2021 5:23:14 PM Server.Domain.CommonClasses.Response <init>
WARNING: User not permitted to logout
Apr 13, 2021 5:23:14 PM Server.Domain.CommonClasses.Response <init>
WARNING: username already exists
Apr 13, 2021 5:23:14 PM Server.Domain.CommonClasses.Response <init>
WARNING: username already exists
Apr 13, 2021 5:23:14 PM Server.Domain.CommonClasses.Response <init>
WARNING: username already exists
Apr 13, 2021 5:23:14 PM Server.Domain.CommonClasses.Response <init>
WARNING: user doesn't exist
Apr 13, 2021 5:23:14 PM Server.Domain.CommonClasses.Response <init>
WARNING: user doesn't exist
Apr 13, 2021 5:23:14 PM Server.Domain.CommonClasses.Response <init>
WARNING: Attempted to remove a user that wasn't appointed by him
Apr 13, 2021 5:23:14 PM Server.Domain.CommonClasses.Response <init>
WARNING: username already exists
Apr 13, 2021 5:23:14 PM Server.Domain.CommonClasses.Response <init>
WARNING: username already exists
Apr 13, 2021 5:23:14 PM Server.Domain.CommonClasses.Response <init>
WARNING: user doesn't exist
Apr 13, 2021 5:23:14 PM Server.Domain.CommonClasses.Response <init>
WARNING: Attempted to remove not a store manager
Apr 13, 2021 5:23:14 PM Server.Domain.CommonClasses.Response <init>
WARNING: username already exists
Apr 13, 2021 5:23:14 PM Server.Domain.CommonClasses.Response <init>
WARNING: username already exists
Apr 13, 2021 5:23:14 PM Server.Domain.CommonClasses.Response <init>
WARNING: user doesn't exist
Apr 13, 2021 5:23:14 PM Server.Domain.CommonClasses.Response <init>
WARNING: User doesn't exist
Apr 13, 2021 5:23:14 PM Server.Domain.CommonClasses.Response <init>
WARNING: username already exists
Apr 13, 2021 5:23:14 PM Server.Domain.CommonClasses.Response <init>
WARNING: username already exists
Apr 13, 2021 5:23:14 PM Server.Domain.CommonClasses.Response <init>
WARNING: user doesn't exist
Apr 13, 2021 5:23:14 PM Server.Domain.CommonClasses.Response <init>
WARNING: username already exists
Apr 13, 2021 5:23:14 PM Server.Domain.CommonClasses.Response <init>
WARNING: username already exists
Apr 13, 2021 5:23:14 PM Server.Domain.CommonClasses.Response <init>
WARNING: user doesn't exist
Apr 13, 2021 5:23:14 PM Server.Domain.CommonClasses.Response <init>
WARNING: Attempted to remove not a store owner
Apr 13, 2021 5:23:14 PM Server.Domain.CommonClasses.Response <init>
WARNING: username already exists
Apr 13, 2021 5:23:14 PM Server.Domain.CommonClasses.Response <init>
WARNING: Failed to login user
Apr 13, 2021 5:23:14 PM Server.Domain.CommonClasses.Response <init>
WARNING: username already exists
Apr 13, 2021 5:23:14 PM Server.Domain.CommonClasses.Response <init>
WARNING: username already exists
Apr 13, 2021 5:23:14 PM Server.Domain.CommonClasses.Response <init>
WARNING: username already exists
Apr 13, 2021 5:23:14 PM Server.Domain.CommonClasses.Response <init>
WARNING: username already exists
Apr 13, 2021 5:23:14 PM Server.Domain.CommonClasses.Response <init>
WARNING: username already exists
Apr 13, 2021 5:23:14 PM Server.Domain.CommonClasses.Response <init>
WARNING: Attempted to remove a user that wasn't appointed by him
Apr 13, 2021 5:23:14 PM Server.Domain.CommonClasses.Response <init>
WARNING: username already exists
Apr 13, 2021 5:23:14 PM Server.Domain.CommonClasses.Response <init>
WARNING: username already exists
Apr 13, 2021 5:23:14 PM Server.Domain.CommonClasses.Response <init>
WARNING: user doesn't exist
Apr 13, 2021 5:23:14 PM Server.Domain.CommonClasses.Response <init>
WARNING: User was already appointed in this store
Apr 13, 2021 5:23:14 PM Server.Domain.CommonClasses.Response <init>
WARNING: username already exists
Apr 13, 2021 5:23:14 PM Server.Domain.CommonClasses.Response <init>
WARNING: username already exists
Apr 13, 2021 5:23:14 PM Server.Domain.CommonClasses.Response <init>
WARNING: username already exists
Apr 13, 2021 5:23:14 PM Server.Domain.CommonClasses.Response <init>
WARNING: username already exists
Apr 13, 2021 5:23:14 PM Server.Domain.CommonClasses.Response <init>
WARNING: username already exists
Apr 13, 2021 5:23:14 PM Server.Domain.CommonClasses.Response <init>
WARNING: username already exists
Apr 13, 2021 5:23:14 PM Server.Domain.CommonClasses.Response <init>
WARNING: user doesn't exist
Apr 13, 2021 5:23:14 PM Server.Domain.CommonClasses.Response <init>
WARNING: user doesn't exist
Apr 13, 2021 5:23:14 PM Server.Domain.CommonClasses.Response <init>
WARNING: user doesn't exist
Apr 13, 2021 5:23:14 PM Server.Domain.CommonClasses.Response <init>
WARNING: user doesn't exist
Apr 13, 2021 5:23:14 PM Server.Domain.CommonClasses.Response <init>
WARNING: user doesn't exist
Apr 13, 2021 5:23:14 PM Server.Domain.CommonClasses.Response <init>
WARNING: user not appointed by this appointer
Apr 13, 2021 5:23:14 PM Server.Domain.CommonClasses.Response <init>
WARNING: user not appointed by this appointer
Apr 13, 2021 5:23:14 PM Server.Domain.CommonClasses.Response <init>
WARNING: User doesn't exist
Apr 13, 2021 5:23:14 PM Server.Domain.CommonClasses.Response <init>
WARNING: user not appointed by this appointer
Apr 13, 2021 5:23:14 PM Server.Domain.CommonClasses.Response <init>
WARNING: User doesn't exist
Apr 13, 2021 5:23:14 PM Server.Domain.CommonClasses.Response <init>
WARNING: user not appointed by this appointer
Apr 13, 2021 5:23:14 PM Server.Domain.CommonClasses.Response <init>
WARNING: User doesn't exist
Apr 13, 2021 5:23:14 PM Server.Domain.CommonClasses.Response <init>
WARNING: username already exists
Apr 13, 2021 5:23:14 PM Server.Domain.CommonClasses.Response <init>
WARNING: username already exists
Apr 13, 2021 5:23:14 PM Server.Domain.CommonClasses.Response <init>
WARNING: user doesn't exist
Apr 13, 2021 5:23:14 PM Server.Domain.CommonClasses.Response <init>
WARNING: User doesn't exist
Apr 13, 2021 5:23:14 PM Server.Domain.CommonClasses.Response <init>
WARNING: username already exists
Apr 13, 2021 5:23:14 PM Server.Domain.CommonClasses.Response <init>
WARNING: username already exists
Apr 13, 2021 5:23:14 PM Server.Domain.CommonClasses.Response <init>
WARNING: user doesn't exist
Apr 13, 2021 5:23:14 PM Server.Domain.CommonClasses.Response <init>
WARNING: username already exists
Apr 13, 2021 5:23:14 PM Server.Domain.CommonClasses.Response <init>
WARNING: username already exists
Apr 13, 2021 5:23:14 PM Server.Domain.CommonClasses.Response <init>
WARNING: username already exists
Apr 13, 2021 5:23:14 PM Server.Domain.CommonClasses.Response <init>
WARNING: username already exists
Apr 13, 2021 5:23:14 PM Server.Domain.CommonClasses.Response <init>
WARNING: username already exists
Apr 13, 2021 5:23:14 PM Server.Domain.CommonClasses.Response <init>
WARNING: username already exists
Apr 13, 2021 5:23:14 PM Server.Domain.CommonClasses.Response <init>
WARNING: username already exists
Apr 13, 2021 5:23:14 PM Server.Domain.CommonClasses.Response <init>
WARNING: user doesn't exist
Apr 13, 2021 5:23:14 PM Server.Domain.CommonClasses.Response <init>
WARNING: user doesn't exist
Apr 13, 2021 5:23:14 PM Server.Domain.CommonClasses.Response <init>
WARNING: user doesn't exist
Apr 13, 2021 5:23:14 PM Server.Domain.CommonClasses.Response <init>
WARNING: user doesn't exist
Apr 13, 2021 5:23:14 PM Server.Domain.CommonClasses.Response <init>
WARNING: user doesn't exist
Apr 13, 2021 5:23:14 PM Server.Domain.CommonClasses.Response <init>
WARNING: user doesn't exist
Apr 13, 2021 5:23:14 PM Server.Domain.CommonClasses.Response <init>
WARNING: Attempted to remove a user that wasn't appointed by him
Apr 13, 2021 5:23:14 PM Server.Domain.CommonClasses.Response <init>
WARNING: username already exists
Apr 13, 2021 5:23:14 PM Server.Domain.CommonClasses.Response <init>
WARNING: username already exists
Apr 13, 2021 5:23:14 PM Server.Domain.CommonClasses.Response <init>
WARNING: user doesn't exist
Apr 13, 2021 5:23:14 PM Server.Domain.CommonClasses.Response <init>
WARNING: User was already appointed in this store
Apr 13, 2021 5:23:14 PM Server.Domain.CommonClasses.Response <init>
WARNING: username already exists
Apr 13, 2021 5:23:14 PM Server.Domain.CommonClasses.Response <init>
WARNING: username already exists
Apr 13, 2021 5:23:14 PM Server.Domain.CommonClasses.Response <init>
WARNING: username already exists
Apr 13, 2021 5:23:14 PM Server.Domain.CommonClasses.Response <init>
WARNING: user doesn't exist
Apr 13, 2021 5:23:14 PM Server.Domain.CommonClasses.Response <init>
WARNING: user doesn't exist
Apr 13, 2021 5:23:14 PM Server.Domain.CommonClasses.Response <init>
WARNING: Attempted to remove a user that wasn't appointed by him
Apr 13, 2021 5:23:14 PM Server.Domain.CommonClasses.Response <init>
WARNING: username already exists
Apr 13, 2021 5:23:14 PM Server.Domain.CommonClasses.Response <init>
WARNING: username already exists
Apr 13, 2021 5:23:14 PM Server.Domain.CommonClasses.Response <init>
WARNING: user doesn't exist
Apr 13, 2021 5:23:14 PM Server.Domain.CommonClasses.Response <init>
WARNING: User was already appointed in this store
Apr 13, 2021 5:23:14 PM Server.Domain.CommonClasses.Response <init>
WARNING: username already exists
Apr 13, 2021 5:23:14 PM Server.Domain.CommonClasses.Response <init>
WARNING: username already exists
Apr 13, 2021 5:23:14 PM Server.Domain.CommonClasses.Response <init>
WARNING: username already exists
Apr 13, 2021 5:23:14 PM Server.Domain.CommonClasses.Response <init>
WARNING: username already exists
Apr 13, 2021 5:23:14 PM Server.Domain.CommonClasses.Response <init>
WARNING: username already exists
Apr 13, 2021 5:23:14 PM Server.Domain.CommonClasses.Response <init>
WARNING: username already exists
Apr 13, 2021 5:23:14 PM Server.Domain.CommonClasses.Response <init>
WARNING: username already exists
Apr 13, 2021 5:23:14 PM Server.Domain.CommonClasses.Response <init>
WARNING: username already exists
Apr 13, 2021 5:23:14 PM Server.Domain.CommonClasses.Response <init>
WARNING: user doesn't exist
Apr 13, 2021 5:23:14 PM Server.Domain.CommonClasses.Response <init>
WARNING: user doesn't exist
Apr 13, 2021 5:23:14 PM Server.Domain.CommonClasses.Response <init>
WARNING: user doesn't exist
Apr 13, 2021 5:23:14 PM Server.Domain.CommonClasses.Response <init>
WARNING: user doesn't exist
Apr 13, 2021 5:23:14 PM Server.Domain.CommonClasses.Response <init>
WARNING: user doesn't exist
Apr 13, 2021 5:23:14 PM Server.Domain.CommonClasses.Response <init>
WARNING: User doesn't exist
Apr 13, 2021 5:23:14 PM Server.Domain.CommonClasses.Response <init>
WARNING: User doesn't exist
Apr 13, 2021 5:23:14 PM Server.Domain.CommonClasses.Response <init>
WARNING: User doesn't exist
Apr 13, 2021 5:23:14 PM Server.Domain.CommonClasses.Response <init>
WARNING: username already exists
Apr 13, 2021 5:23:14 PM Server.Domain.CommonClasses.Response <init>
WARNING: username already exists
Apr 13, 2021 5:23:14 PM Server.Domain.CommonClasses.Response <init>
WARNING: user doesn't exist
Apr 13, 2021 5:23:14 PM Server.Domain.CommonClasses.Response <init>
WARNING: User was already appointed in this store
Apr 13, 2021 5:23:14 PM Server.Domain.CommonClasses.Response <init>
WARNING: username already exists
Apr 13, 2021 5:23:14 PM Server.Domain.CommonClasses.Response <init>
WARNING: Failed to login user
Apr 13, 2021 5:23:14 PM Server.Domain.CommonClasses.Response <init>
WARNING: username already exists
Apr 13, 2021 5:23:14 PM Server.Domain.CommonClasses.Response <init>
WARNING: username already exists
Apr 13, 2021 5:23:14 PM Server.Domain.CommonClasses.Response <init>
WARNING: username already exists
Apr 13, 2021 5:23:14 PM Server.Domain.CommonClasses.Response <init>
WARNING: user doesn't exist
Apr 13, 2021 5:23:14 PM Server.Domain.CommonClasses.Response <init>
WARNING: user doesn't exist
Apr 13, 2021 5:23:14 PM Server.Domain.CommonClasses.Response <init>
WARNING: User not allowed to add permissions to this user
Apr 13, 2021 5:23:14 PM Server.Domain.CommonClasses.Response <init>
WARNING: username already exists
Apr 13, 2021 5:23:14 PM Server.Domain.CommonClasses.Response <init>
WARNING: username already exists
Apr 13, 2021 5:23:14 PM Server.Domain.CommonClasses.Response <init>
WARNING: Attempted to remove a user that wasn't appointed by him
Apr 13, 2021 5:26:20 PM Server.Domain.CommonClasses.Response <init>
WARNING: username already exists
Apr 13, 2021 5:26:20 PM Server.Domain.CommonClasses.Response <init>
WARNING: username already exists
Apr 13, 2021 5:26:20 PM Server.Domain.CommonClasses.Response <init>
WARNING: User not allowed to add permissions to this user
Apr 13, 2021 5:26:20 PM Server.Domain.CommonClasses.Response <init>
WARNING: username already exists
Apr 13, 2021 5:26:20 PM Server.Domain.CommonClasses.Response <init>
WARNING: username already exists
Apr 13, 2021 5:26:20 PM Server.Domain.CommonClasses.Response <init>
WARNING: username already exists
Apr 13, 2021 5:26:20 PM Server.Domain.CommonClasses.Response <init>
WARNING: username already exists
Apr 13, 2021 5:26:20 PM Server.Domain.CommonClasses.Response <init>
WARNING: user doesn't exist
Apr 13, 2021 5:26:20 PM Server.Domain.CommonClasses.Response <init>
WARNING: username already exists
Apr 13, 2021 5:26:20 PM Server.Domain.CommonClasses.Response <init>
WARNING: username already exists
Apr 13, 2021 5:26:20 PM Server.Domain.CommonClasses.Response <init>
WARNING: User not allowed to remove permissions from this user
Apr 13, 2021 5:26:20 PM Server.Domain.CommonClasses.Response <init>
WARNING: username already exists
Apr 13, 2021 5:26:20 PM Server.Domain.CommonClasses.Response <init>
WARNING: username already exists
Apr 13, 2021 5:26:20 PM Server.Domain.CommonClasses.Response <init>
WARNING: user doesn't exist
Apr 13, 2021 5:26:20 PM Server.Domain.CommonClasses.Response <init>
WARNING: Cannot logout without being logged in
Apr 13, 2021 5:26:20 PM Server.Domain.CommonClasses.Response <init>
WARNING: User not permitted to logout
Apr 13, 2021 5:26:20 PM Server.Domain.CommonClasses.Response <init>
WARNING: username already exists
Apr 13, 2021 5:26:20 PM Server.Domain.CommonClasses.Response <init>
WARNING: username already exists
Apr 13, 2021 5:26:20 PM Server.Domain.CommonClasses.Response <init>
WARNING: username already exists
Apr 13, 2021 5:26:20 PM Server.Domain.CommonClasses.Response <init>
WARNING: user doesn't exist
Apr 13, 2021 5:26:20 PM Server.Domain.CommonClasses.Response <init>
WARNING: user doesn't exist
Apr 13, 2021 5:26:20 PM Server.Domain.CommonClasses.Response <init>
WARNING: Attempted to remove a user that wasn't appointed by him
Apr 13, 2021 5:26:20 PM Server.Domain.CommonClasses.Response <init>
WARNING: username already exists
Apr 13, 2021 5:26:20 PM Server.Domain.CommonClasses.Response <init>
WARNING: username already exists
Apr 13, 2021 5:26:20 PM Server.Domain.CommonClasses.Response <init>
WARNING: user doesn't exist
Apr 13, 2021 5:26:20 PM Server.Domain.CommonClasses.Response <init>
WARNING: Attempted to remove not a store manager
Apr 13, 2021 5:26:20 PM Server.Domain.CommonClasses.Response <init>
WARNING: username already exists
Apr 13, 2021 5:26:20 PM Server.Domain.CommonClasses.Response <init>
WARNING: username already exists
Apr 13, 2021 5:26:20 PM Server.Domain.CommonClasses.Response <init>
WARNING: user doesn't exist
Apr 13, 2021 5:26:20 PM Server.Domain.CommonClasses.Response <init>
WARNING: User doesn't exist
Apr 13, 2021 5:26:20 PM Server.Domain.CommonClasses.Response <init>
WARNING: username already exists
Apr 13, 2021 5:26:20 PM Server.Domain.CommonClasses.Response <init>
WARNING: username already exists
Apr 13, 2021 5:26:20 PM Server.Domain.CommonClasses.Response <init>
WARNING: user doesn't exist
Apr 13, 2021 5:26:20 PM Server.Domain.CommonClasses.Response <init>
WARNING: username already exists
Apr 13, 2021 5:26:20 PM Server.Domain.CommonClasses.Response <init>
WARNING: username already exists
Apr 13, 2021 5:26:20 PM Server.Domain.CommonClasses.Response <init>
WARNING: user doesn't exist
Apr 13, 2021 5:26:20 PM Server.Domain.CommonClasses.Response <init>
WARNING: Attempted to remove not a store owner
Apr 13, 2021 5:26:20 PM Server.Domain.CommonClasses.Response <init>
WARNING: username already exists
Apr 13, 2021 5:26:20 PM Server.Domain.CommonClasses.Response <init>
WARNING: Failed to login user
Apr 13, 2021 5:26:20 PM Server.Domain.CommonClasses.Response <init>
WARNING: username already exists
Apr 13, 2021 5:26:20 PM Server.Domain.CommonClasses.Response <init>
WARNING: username already exists
Apr 13, 2021 5:26:20 PM Server.Domain.CommonClasses.Response <init>
WARNING: username already exists
Apr 13, 2021 5:26:20 PM Server.Domain.CommonClasses.Response <init>
WARNING: username already exists
Apr 13, 2021 5:26:20 PM Server.Domain.CommonClasses.Response <init>
WARNING: username already exists
Apr 13, 2021 5:26:20 PM Server.Domain.CommonClasses.Response <init>
WARNING: Attempted to remove a user that wasn't appointed by him
Apr 13, 2021 5:26:20 PM Server.Domain.CommonClasses.Response <init>
WARNING: username already exists
Apr 13, 2021 5:26:20 PM Server.Domain.CommonClasses.Response <init>
WARNING: username already exists
Apr 13, 2021 5:26:20 PM Server.Domain.CommonClasses.Response <init>
WARNING: user doesn't exist
Apr 13, 2021 5:26:20 PM Server.Domain.CommonClasses.Response <init>
WARNING: User was already appointed in this store
Apr 13, 2021 5:26:20 PM Server.Domain.CommonClasses.Response <init>
WARNING: username already exists
Apr 13, 2021 5:26:20 PM Server.Domain.CommonClasses.Response <init>
WARNING: username already exists
Apr 13, 2021 5:26:20 PM Server.Domain.CommonClasses.Response <init>
WARNING: username already exists
Apr 13, 2021 5:26:20 PM Server.Domain.CommonClasses.Response <init>
WARNING: username already exists
Apr 13, 2021 5:26:20 PM Server.Domain.CommonClasses.Response <init>
WARNING: username already exists
Apr 13, 2021 5:26:20 PM Server.Domain.CommonClasses.Response <init>
WARNING: username already exists
Apr 13, 2021 5:26:20 PM Server.Domain.CommonClasses.Response <init>
WARNING: user doesn't exist
Apr 13, 2021 5:26:20 PM Server.Domain.CommonClasses.Response <init>
WARNING: user doesn't exist
Apr 13, 2021 5:26:20 PM Server.Domain.CommonClasses.Response <init>
WARNING: user doesn't exist
Apr 13, 2021 5:26:20 PM Server.Domain.CommonClasses.Response <init>
WARNING: user doesn't exist
Apr 13, 2021 5:26:20 PM Server.Domain.CommonClasses.Response <init>
WARNING: user doesn't exist
Apr 13, 2021 5:26:20 PM Server.Domain.CommonClasses.Response <init>
WARNING: user not appointed by this appointer
Apr 13, 2021 5:26:20 PM Server.Domain.CommonClasses.Response <init>
WARNING: user not appointed by this appointer
Apr 13, 2021 5:26:20 PM Server.Domain.CommonClasses.Response <init>
WARNING: User doesn't exist
Apr 13, 2021 5:26:20 PM Server.Domain.CommonClasses.Response <init>
WARNING: user not appointed by this appointer
Apr 13, 2021 5:26:20 PM Server.Domain.CommonClasses.Response <init>
WARNING: User doesn't exist
Apr 13, 2021 5:26:20 PM Server.Domain.CommonClasses.Response <init>
WARNING: user not appointed by this appointer
Apr 13, 2021 5:26:20 PM Server.Domain.CommonClasses.Response <init>
WARNING: User doesn't exist
Apr 13, 2021 5:26:20 PM Server.Domain.CommonClasses.Response <init>
WARNING: username already exists
Apr 13, 2021 5:26:20 PM Server.Domain.CommonClasses.Response <init>
WARNING: username already exists
Apr 13, 2021 5:26:20 PM Server.Domain.CommonClasses.Response <init>
WARNING: user doesn't exist
Apr 13, 2021 5:26:20 PM Server.Domain.CommonClasses.Response <init>
WARNING: User doesn't exist
Apr 13, 2021 5:26:20 PM Server.Domain.CommonClasses.Response <init>
WARNING: username already exists
Apr 13, 2021 5:26:20 PM Server.Domain.CommonClasses.Response <init>
WARNING: username already exists
Apr 13, 2021 5:26:20 PM Server.Domain.CommonClasses.Response <init>
WARNING: user doesn't exist
Apr 13, 2021 5:26:20 PM Server.Domain.CommonClasses.Response <init>
WARNING: username already exists
Apr 13, 2021 5:26:20 PM Server.Domain.CommonClasses.Response <init>
WARNING: username already exists
Apr 13, 2021 5:26:20 PM Server.Domain.CommonClasses.Response <init>
WARNING: username already exists
Apr 13, 2021 5:26:20 PM Server.Domain.CommonClasses.Response <init>
WARNING: username already exists
Apr 13, 2021 5:26:20 PM Server.Domain.CommonClasses.Response <init>
WARNING: username already exists
Apr 13, 2021 5:26:20 PM Server.Domain.CommonClasses.Response <init>
WARNING: username already exists
Apr 13, 2021 5:26:20 PM Server.Domain.CommonClasses.Response <init>
WARNING: username already exists
Apr 13, 2021 5:26:20 PM Server.Domain.CommonClasses.Response <init>
WARNING: user doesn't exist
Apr 13, 2021 5:26:20 PM Server.Domain.CommonClasses.Response <init>
WARNING: user doesn't exist
Apr 13, 2021 5:26:20 PM Server.Domain.CommonClasses.Response <init>
WARNING: user doesn't exist
Apr 13, 2021 5:26:20 PM Server.Domain.CommonClasses.Response <init>
WARNING: user doesn't exist
Apr 13, 2021 5:26:20 PM Server.Domain.CommonClasses.Response <init>
WARNING: user doesn't exist
Apr 13, 2021 5:26:20 PM Server.Domain.CommonClasses.Response <init>
WARNING: user doesn't exist
Apr 13, 2021 5:26:20 PM Server.Domain.CommonClasses.Response <init>
WARNING: Attempted to remove a user that wasn't appointed by him
Apr 13, 2021 5:26:20 PM Server.Domain.CommonClasses.Response <init>
WARNING: username already exists
Apr 13, 2021 5:26:20 PM Server.Domain.CommonClasses.Response <init>
WARNING: username already exists
Apr 13, 2021 5:26:20 PM Server.Domain.CommonClasses.Response <init>
WARNING: user doesn't exist
Apr 13, 2021 5:26:20 PM Server.Domain.CommonClasses.Response <init>
WARNING: User was already appointed in this store
Apr 13, 2021 5:26:20 PM Server.Domain.CommonClasses.Response <init>
WARNING: username already exists
Apr 13, 2021 5:26:20 PM Server.Domain.CommonClasses.Response <init>
WARNING: username already exists
Apr 13, 2021 5:26:20 PM Server.Domain.CommonClasses.Response <init>
WARNING: username already exists
Apr 13, 2021 5:26:20 PM Server.Domain.CommonClasses.Response <init>
WARNING: user doesn't exist
Apr 13, 2021 5:26:20 PM Server.Domain.CommonClasses.Response <init>
WARNING: user doesn't exist
Apr 13, 2021 5:26:20 PM Server.Domain.CommonClasses.Response <init>
WARNING: Attempted to remove a user that wasn't appointed by him
Apr 13, 2021 5:26:20 PM Server.Domain.CommonClasses.Response <init>
WARNING: username already exists
Apr 13, 2021 5:26:20 PM Server.Domain.CommonClasses.Response <init>
WARNING: username already exists
Apr 13, 2021 5:26:20 PM Server.Domain.CommonClasses.Response <init>
WARNING: user doesn't exist
Apr 13, 2021 5:26:20 PM Server.Domain.CommonClasses.Response <init>
WARNING: User was already appointed in this store
Apr 13, 2021 5:26:20 PM Server.Domain.CommonClasses.Response <init>
WARNING: username already exists
Apr 13, 2021 5:26:20 PM Server.Domain.CommonClasses.Response <init>
WARNING: username already exists
Apr 13, 2021 5:26:20 PM Server.Domain.CommonClasses.Response <init>
WARNING: username already exists
Apr 13, 2021 5:26:20 PM Server.Domain.CommonClasses.Response <init>
WARNING: username already exists
Apr 13, 2021 5:26:20 PM Server.Domain.CommonClasses.Response <init>
WARNING: username already exists
Apr 13, 2021 5:26:20 PM Server.Domain.CommonClasses.Response <init>
WARNING: username already exists
Apr 13, 2021 5:26:20 PM Server.Domain.CommonClasses.Response <init>
WARNING: username already exists
Apr 13, 2021 5:26:20 PM Server.Domain.CommonClasses.Response <init>
WARNING: username already exists
Apr 13, 2021 5:26:20 PM Server.Domain.CommonClasses.Response <init>
WARNING: user doesn't exist
Apr 13, 2021 5:26:20 PM Server.Domain.CommonClasses.Response <init>
WARNING: user doesn't exist
Apr 13, 2021 5:26:20 PM Server.Domain.CommonClasses.Response <init>
WARNING: user doesn't exist
Apr 13, 2021 5:26:20 PM Server.Domain.CommonClasses.Response <init>
WARNING: user doesn't exist
Apr 13, 2021 5:26:20 PM Server.Domain.CommonClasses.Response <init>
WARNING: user doesn't exist
Apr 13, 2021 5:26:20 PM Server.Domain.CommonClasses.Response <init>
WARNING: User doesn't exist
Apr 13, 2021 5:26:20 PM Server.Domain.CommonClasses.Response <init>
WARNING: User doesn't exist
Apr 13, 2021 5:26:20 PM Server.Domain.CommonClasses.Response <init>
WARNING: User doesn't exist
Apr 13, 2021 5:26:20 PM Server.Domain.CommonClasses.Response <init>
WARNING: username already exists
Apr 13, 2021 5:26:20 PM Server.Domain.CommonClasses.Response <init>
WARNING: username already exists
Apr 13, 2021 5:26:20 PM Server.Domain.CommonClasses.Response <init>
WARNING: user doesn't exist
Apr 13, 2021 5:26:20 PM Server.Domain.CommonClasses.Response <init>
WARNING: User was already appointed in this store
Apr 13, 2021 5:26:20 PM Server.Domain.CommonClasses.Response <init>
WARNING: username already exists
Apr 13, 2021 5:26:20 PM Server.Domain.CommonClasses.Response <init>
WARNING: Failed to login user
Apr 13, 2021 5:26:20 PM Server.Domain.CommonClasses.Response <init>
WARNING: username already exists
Apr 13, 2021 5:26:20 PM Server.Domain.CommonClasses.Response <init>
WARNING: username already exists
Apr 13, 2021 5:26:20 PM Server.Domain.CommonClasses.Response <init>
WARNING: username already exists
Apr 13, 2021 5:26:20 PM Server.Domain.CommonClasses.Response <init>
WARNING: user doesn't exist
Apr 13, 2021 5:26:20 PM Server.Domain.CommonClasses.Response <init>
WARNING: user doesn't exist
Apr 13, 2021 5:26:20 PM Server.Domain.CommonClasses.Response <init>
WARNING: User not allowed to add permissions to this user
Apr 13, 2021 5:26:20 PM Server.Domain.CommonClasses.Response <init>
WARNING: username already exists
Apr 13, 2021 5:26:20 PM Server.Domain.CommonClasses.Response <init>
WARNING: username already exists
Apr 13, 2021 5:26:20 PM Server.Domain.CommonClasses.Response <init>
WARNING: Attempted to remove a user that wasn't appointed by him
Apr 13, 2021 5:29:58 PM Server.Domain.CommonClasses.Response <init>
WARNING: username already exists
Apr 13, 2021 5:29:58 PM Server.Domain.CommonClasses.Response <init>
WARNING: username already exists
Apr 13, 2021 5:29:58 PM Server.Domain.CommonClasses.Response <init>
WARNING: User not allowed to add permissions to this user
Apr 13, 2021 5:29:58 PM Server.Domain.CommonClasses.Response <init>
WARNING: username already exists
Apr 13, 2021 5:29:58 PM Server.Domain.CommonClasses.Response <init>
WARNING: username already exists
Apr 13, 2021 5:29:58 PM Server.Domain.CommonClasses.Response <init>
WARNING: username already exists
Apr 13, 2021 5:29:58 PM Server.Domain.CommonClasses.Response <init>
WARNING: username already exists
Apr 13, 2021 5:29:58 PM Server.Domain.CommonClasses.Response <init>
WARNING: user doesn't exist
Apr 13, 2021 5:29:58 PM Server.Domain.CommonClasses.Response <init>
WARNING: username already exists
Apr 13, 2021 5:29:58 PM Server.Domain.CommonClasses.Response <init>
WARNING: username already exists
Apr 13, 2021 5:29:58 PM Server.Domain.CommonClasses.Response <init>
WARNING: User not allowed to remove permissions from this user
Apr 13, 2021 5:29:58 PM Server.Domain.CommonClasses.Response <init>
WARNING: username already exists
Apr 13, 2021 5:29:58 PM Server.Domain.CommonClasses.Response <init>
WARNING: username already exists
Apr 13, 2021 5:29:58 PM Server.Domain.CommonClasses.Response <init>
WARNING: user doesn't exist
Apr 13, 2021 5:29:58 PM Server.Domain.CommonClasses.Response <init>
WARNING: username already exists
Apr 13, 2021 5:29:58 PM Server.Domain.CommonClasses.Response <init>
WARNING: username already exists
Apr 13, 2021 5:29:58 PM Server.Domain.CommonClasses.Response <init>
WARNING: username already exists
Apr 13, 2021 5:29:58 PM Server.Domain.CommonClasses.Response <init>
WARNING: user doesn't exist
Apr 13, 2021 5:29:58 PM Server.Domain.CommonClasses.Response <init>
WARNING: user doesn't exist
Apr 13, 2021 5:29:58 PM Server.Domain.CommonClasses.Response <init>
WARNING: User not allowed to remove permissions from this user
Apr 13, 2021 5:29:58 PM Server.Domain.CommonClasses.Response <init>
WARNING: Cannot logout without being logged in
Apr 13, 2021 5:29:58 PM Server.Domain.CommonClasses.Response <init>
WARNING: User not permitted to logout
Apr 13, 2021 5:29:58 PM Server.Domain.CommonClasses.Response <init>
WARNING: username already exists
Apr 13, 2021 5:29:58 PM Server.Domain.CommonClasses.Response <init>
WARNING: username already exists
Apr 13, 2021 5:29:58 PM Server.Domain.CommonClasses.Response <init>
WARNING: username already exists
Apr 13, 2021 5:29:58 PM Server.Domain.CommonClasses.Response <init>
WARNING: user doesn't exist
Apr 13, 2021 5:29:58 PM Server.Domain.CommonClasses.Response <init>
WARNING: user doesn't exist
Apr 13, 2021 5:29:58 PM Server.Domain.CommonClasses.Response <init>
WARNING: Attempted to remove a user that wasn't appointed by him
Apr 13, 2021 5:29:58 PM Server.Domain.CommonClasses.Response <init>
WARNING: username already exists
Apr 13, 2021 5:29:58 PM Server.Domain.CommonClasses.Response <init>
WARNING: username already exists
Apr 13, 2021 5:29:58 PM Server.Domain.CommonClasses.Response <init>
WARNING: user doesn't exist
Apr 13, 2021 5:29:58 PM Server.Domain.CommonClasses.Response <init>
WARNING: Attempted to remove not a store manager
Apr 13, 2021 5:29:58 PM Server.Domain.CommonClasses.Response <init>
WARNING: username already exists
Apr 13, 2021 5:29:58 PM Server.Domain.CommonClasses.Response <init>
WARNING: username already exists
Apr 13, 2021 5:29:58 PM Server.Domain.CommonClasses.Response <init>
WARNING: user doesn't exist
Apr 13, 2021 5:29:58 PM Server.Domain.CommonClasses.Response <init>
WARNING: User doesn't exist
Apr 13, 2021 5:29:58 PM Server.Domain.CommonClasses.Response <init>
WARNING: username already exists
Apr 13, 2021 5:29:58 PM Server.Domain.CommonClasses.Response <init>
WARNING: username already exists
Apr 13, 2021 5:29:58 PM Server.Domain.CommonClasses.Response <init>
WARNING: user doesn't exist
Apr 13, 2021 5:29:58 PM Server.Domain.CommonClasses.Response <init>
WARNING: username already exists
Apr 13, 2021 5:29:58 PM Server.Domain.CommonClasses.Response <init>
WARNING: username already exists
Apr 13, 2021 5:29:58 PM Server.Domain.CommonClasses.Response <init>
WARNING: user doesn't exist
Apr 13, 2021 5:29:58 PM Server.Domain.CommonClasses.Response <init>
WARNING: Attempted to remove not a store owner
Apr 13, 2021 5:29:58 PM Server.Domain.CommonClasses.Response <init>
WARNING: username already exists
Apr 13, 2021 5:29:58 PM Server.Domain.CommonClasses.Response <init>
WARNING: Failed to login user
Apr 13, 2021 5:29:58 PM Server.Domain.CommonClasses.Response <init>
WARNING: username already exists
Apr 13, 2021 5:29:58 PM Server.Domain.CommonClasses.Response <init>
WARNING: username already exists
Apr 13, 2021 5:29:58 PM Server.Domain.CommonClasses.Response <init>
WARNING: username already exists
Apr 13, 2021 5:29:58 PM Server.Domain.CommonClasses.Response <init>
WARNING: username already exists
Apr 13, 2021 5:29:58 PM Server.Domain.CommonClasses.Response <init>
WARNING: username already exists
Apr 13, 2021 5:29:58 PM Server.Domain.CommonClasses.Response <init>
WARNING: Attempted to remove a user that wasn't appointed by him
Apr 13, 2021 5:29:58 PM Server.Domain.CommonClasses.Response <init>
WARNING: username already exists
Apr 13, 2021 5:29:58 PM Server.Domain.CommonClasses.Response <init>
WARNING: username already exists
Apr 13, 2021 5:29:58 PM Server.Domain.CommonClasses.Response <init>
WARNING: user doesn't exist
Apr 13, 2021 5:29:58 PM Server.Domain.CommonClasses.Response <init>
WARNING: User was already appointed in this store
Apr 13, 2021 5:29:58 PM Server.Domain.CommonClasses.Response <init>
WARNING: username already exists
Apr 13, 2021 5:29:58 PM Server.Domain.CommonClasses.Response <init>
WARNING: username already exists
Apr 13, 2021 5:29:58 PM Server.Domain.CommonClasses.Response <init>
WARNING: username already exists
Apr 13, 2021 5:29:58 PM Server.Domain.CommonClasses.Response <init>
WARNING: username already exists
Apr 13, 2021 5:29:58 PM Server.Domain.CommonClasses.Response <init>
WARNING: username already exists
Apr 13, 2021 5:29:58 PM Server.Domain.CommonClasses.Response <init>
WARNING: username already exists
Apr 13, 2021 5:29:58 PM Server.Domain.CommonClasses.Response <init>
WARNING: user doesn't exist
Apr 13, 2021 5:29:58 PM Server.Domain.CommonClasses.Response <init>
WARNING: user doesn't exist
Apr 13, 2021 5:29:58 PM Server.Domain.CommonClasses.Response <init>
WARNING: user doesn't exist
Apr 13, 2021 5:29:58 PM Server.Domain.CommonClasses.Response <init>
WARNING: user doesn't exist
Apr 13, 2021 5:29:58 PM Server.Domain.CommonClasses.Response <init>
WARNING: user doesn't exist
Apr 13, 2021 5:29:58 PM Server.Domain.CommonClasses.Response <init>
WARNING: user not appointed by this appointer
Apr 13, 2021 5:29:58 PM Server.Domain.CommonClasses.Response <init>
WARNING: user not appointed by this appointer
Apr 13, 2021 5:29:58 PM Server.Domain.CommonClasses.Response <init>
WARNING: User doesn't exist
Apr 13, 2021 5:29:58 PM Server.Domain.CommonClasses.Response <init>
WARNING: user not appointed by this appointer
Apr 13, 2021 5:29:58 PM Server.Domain.CommonClasses.Response <init>
WARNING: User doesn't exist
Apr 13, 2021 5:29:58 PM Server.Domain.CommonClasses.Response <init>
WARNING: user not appointed by this appointer
Apr 13, 2021 5:29:58 PM Server.Domain.CommonClasses.Response <init>
WARNING: User doesn't exist
Apr 13, 2021 5:29:58 PM Server.Domain.CommonClasses.Response <init>
WARNING: username already exists
Apr 13, 2021 5:29:58 PM Server.Domain.CommonClasses.Response <init>
WARNING: username already exists
Apr 13, 2021 5:29:58 PM Server.Domain.CommonClasses.Response <init>
WARNING: user doesn't exist
Apr 13, 2021 5:29:58 PM Server.Domain.CommonClasses.Response <init>
WARNING: User doesn't exist
Apr 13, 2021 5:29:58 PM Server.Domain.CommonClasses.Response <init>
WARNING: username already exists
Apr 13, 2021 5:29:58 PM Server.Domain.CommonClasses.Response <init>
WARNING: username already exists
Apr 13, 2021 5:29:58 PM Server.Domain.CommonClasses.Response <init>
WARNING: user doesn't exist
Apr 13, 2021 5:29:58 PM Server.Domain.CommonClasses.Response <init>
WARNING: username already exists
Apr 13, 2021 5:29:58 PM Server.Domain.CommonClasses.Response <init>
WARNING: username already exists
Apr 13, 2021 5:29:58 PM Server.Domain.CommonClasses.Response <init>
WARNING: username already exists
Apr 13, 2021 5:29:58 PM Server.Domain.CommonClasses.Response <init>
WARNING: username already exists
Apr 13, 2021 5:29:58 PM Server.Domain.CommonClasses.Response <init>
WARNING: username already exists
Apr 13, 2021 5:29:58 PM Server.Domain.CommonClasses.Response <init>
WARNING: username already exists
Apr 13, 2021 5:29:58 PM Server.Domain.CommonClasses.Response <init>
WARNING: username already exists
Apr 13, 2021 5:29:58 PM Server.Domain.CommonClasses.Response <init>
WARNING: user doesn't exist
Apr 13, 2021 5:29:58 PM Server.Domain.CommonClasses.Response <init>
WARNING: user doesn't exist
Apr 13, 2021 5:29:58 PM Server.Domain.CommonClasses.Response <init>
WARNING: user doesn't exist
Apr 13, 2021 5:29:58 PM Server.Domain.CommonClasses.Response <init>
WARNING: user doesn't exist
Apr 13, 2021 5:29:58 PM Server.Domain.CommonClasses.Response <init>
WARNING: user doesn't exist
Apr 13, 2021 5:29:58 PM Server.Domain.CommonClasses.Response <init>
WARNING: user doesn't exist
Apr 13, 2021 5:29:58 PM Server.Domain.CommonClasses.Response <init>
WARNING: Attempted to remove a user that wasn't appointed by him
Apr 13, 2021 5:29:58 PM Server.Domain.CommonClasses.Response <init>
WARNING: username already exists
Apr 13, 2021 5:29:58 PM Server.Domain.CommonClasses.Response <init>
WARNING: username already exists
Apr 13, 2021 5:29:58 PM Server.Domain.CommonClasses.Response <init>
WARNING: user doesn't exist
Apr 13, 2021 5:29:58 PM Server.Domain.CommonClasses.Response <init>
WARNING: User was already appointed in this store
Apr 13, 2021 5:29:58 PM Server.Domain.CommonClasses.Response <init>
WARNING: username already exists
Apr 13, 2021 5:29:58 PM Server.Domain.CommonClasses.Response <init>
WARNING: username already exists
Apr 13, 2021 5:29:58 PM Server.Domain.CommonClasses.Response <init>
WARNING: username already exists
Apr 13, 2021 5:29:58 PM Server.Domain.CommonClasses.Response <init>
WARNING: user doesn't exist
Apr 13, 2021 5:29:58 PM Server.Domain.CommonClasses.Response <init>
WARNING: user doesn't exist
Apr 13, 2021 5:29:58 PM Server.Domain.CommonClasses.Response <init>
WARNING: Attempted to remove a user that wasn't appointed by him
Apr 13, 2021 5:29:58 PM Server.Domain.CommonClasses.Response <init>
WARNING: username already exists
Apr 13, 2021 5:29:58 PM Server.Domain.CommonClasses.Response <init>
WARNING: username already exists
Apr 13, 2021 5:29:58 PM Server.Domain.CommonClasses.Response <init>
WARNING: user doesn't exist
Apr 13, 2021 5:29:58 PM Server.Domain.CommonClasses.Response <init>
WARNING: User was already appointed in this store
Apr 13, 2021 5:29:58 PM Server.Domain.CommonClasses.Response <init>
WARNING: username already exists
Apr 13, 2021 5:29:58 PM Server.Domain.CommonClasses.Response <init>
WARNING: username already exists
Apr 13, 2021 5:29:58 PM Server.Domain.CommonClasses.Response <init>
WARNING: username already exists
Apr 13, 2021 5:29:58 PM Server.Domain.CommonClasses.Response <init>
WARNING: username already exists
Apr 13, 2021 5:29:58 PM Server.Domain.CommonClasses.Response <init>
WARNING: username already exists
Apr 13, 2021 5:29:58 PM Server.Domain.CommonClasses.Response <init>
WARNING: username already exists
Apr 13, 2021 5:29:58 PM Server.Domain.CommonClasses.Response <init>
WARNING: username already exists
Apr 13, 2021 5:29:58 PM Server.Domain.CommonClasses.Response <init>
WARNING: username already exists
Apr 13, 2021 5:29:58 PM Server.Domain.CommonClasses.Response <init>
WARNING: user doesn't exist
Apr 13, 2021 5:29:58 PM Server.Domain.CommonClasses.Response <init>
WARNING: user doesn't exist
Apr 13, 2021 5:29:58 PM Server.Domain.CommonClasses.Response <init>
WARNING: user doesn't exist
Apr 13, 2021 5:29:58 PM Server.Domain.CommonClasses.Response <init>
WARNING: user doesn't exist
Apr 13, 2021 5:29:58 PM Server.Domain.CommonClasses.Response <init>
WARNING: user doesn't exist
Apr 13, 2021 5:29:58 PM Server.Domain.CommonClasses.Response <init>
WARNING: User doesn't exist
Apr 13, 2021 5:29:58 PM Server.Domain.CommonClasses.Response <init>
WARNING: User doesn't exist
Apr 13, 2021 5:29:58 PM Server.Domain.CommonClasses.Response <init>
WARNING: User doesn't exist
Apr 13, 2021 5:29:58 PM Server.Domain.CommonClasses.Response <init>
WARNING: username already exists
Apr 13, 2021 5:29:58 PM Server.Domain.CommonClasses.Response <init>
WARNING: username already exists
Apr 13, 2021 5:29:58 PM Server.Domain.CommonClasses.Response <init>
WARNING: user doesn't exist
Apr 13, 2021 5:29:58 PM Server.Domain.CommonClasses.Response <init>
WARNING: User was already appointed in this store
Apr 13, 2021 5:29:58 PM Server.Domain.CommonClasses.Response <init>
WARNING: username already exists
Apr 13, 2021 5:29:58 PM Server.Domain.CommonClasses.Response <init>
WARNING: Failed to login user
Apr 13, 2021 5:29:58 PM Server.Domain.CommonClasses.Response <init>
WARNING: username already exists
Apr 13, 2021 5:29:58 PM Server.Domain.CommonClasses.Response <init>
WARNING: username already exists
Apr 13, 2021 5:29:58 PM Server.Domain.CommonClasses.Response <init>
WARNING: username already exists
Apr 13, 2021 5:29:58 PM Server.Domain.CommonClasses.Response <init>
WARNING: user doesn't exist
Apr 13, 2021 5:29:58 PM Server.Domain.CommonClasses.Response <init>
WARNING: user doesn't exist
Apr 13, 2021 5:29:58 PM Server.Domain.CommonClasses.Response <init>
WARNING: User not allowed to add permissions to this user
Apr 13, 2021 5:29:58 PM Server.Domain.CommonClasses.Response <init>
WARNING: username already exists
Apr 13, 2021 5:29:58 PM Server.Domain.CommonClasses.Response <init>
WARNING: username already exists
Apr 13, 2021 5:29:58 PM Server.Domain.CommonClasses.Response <init>
WARNING: Attempted to remove a user that wasn't appointed by him
Apr 13, 2021 5:30:10 PM Server.Domain.CommonClasses.Response <init>
WARNING: username already exists
Apr 13, 2021 5:30:10 PM Server.Domain.CommonClasses.Response <init>
WARNING: username already exists
Apr 13, 2021 5:30:10 PM Server.Domain.CommonClasses.Response <init>
WARNING: User not allowed to add permissions to this user
Apr 13, 2021 5:30:10 PM Server.Domain.CommonClasses.Response <init>
WARNING: username already exists
Apr 13, 2021 5:30:10 PM Server.Domain.CommonClasses.Response <init>
WARNING: username already exists
Apr 13, 2021 5:30:10 PM Server.Domain.CommonClasses.Response <init>
WARNING: username already exists
Apr 13, 2021 5:30:10 PM Server.Domain.CommonClasses.Response <init>
WARNING: username already exists
Apr 13, 2021 5:30:10 PM Server.Domain.CommonClasses.Response <init>
WARNING: user doesn't exist
Apr 13, 2021 5:30:10 PM Server.Domain.CommonClasses.Response <init>
WARNING: username already exists
Apr 13, 2021 5:30:10 PM Server.Domain.CommonClasses.Response <init>
WARNING: username already exists
Apr 13, 2021 5:30:10 PM Server.Domain.CommonClasses.Response <init>
WARNING: User not allowed to remove permissions from this user
Apr 13, 2021 5:30:10 PM Server.Domain.CommonClasses.Response <init>
WARNING: username already exists
Apr 13, 2021 5:30:10 PM Server.Domain.CommonClasses.Response <init>
WARNING: username already exists
Apr 13, 2021 5:30:10 PM Server.Domain.CommonClasses.Response <init>
WARNING: user doesn't exist
Apr 13, 2021 5:30:10 PM Server.Domain.CommonClasses.Response <init>
WARNING: username already exists
Apr 13, 2021 5:30:10 PM Server.Domain.CommonClasses.Response <init>
WARNING: username already exists
Apr 13, 2021 5:30:10 PM Server.Domain.CommonClasses.Response <init>
WARNING: username already exists
Apr 13, 2021 5:30:10 PM Server.Domain.CommonClasses.Response <init>
WARNING: user doesn't exist
Apr 13, 2021 5:30:10 PM Server.Domain.CommonClasses.Response <init>
WARNING: user doesn't exist
Apr 13, 2021 5:30:10 PM Server.Domain.CommonClasses.Response <init>
WARNING: User not allowed to remove permissions from this user
Apr 13, 2021 5:30:10 PM Server.Domain.CommonClasses.Response <init>
WARNING: Cannot logout without being logged in
Apr 13, 2021 5:30:10 PM Server.Domain.CommonClasses.Response <init>
WARNING: User not permitted to logout
Apr 13, 2021 5:30:10 PM Server.Domain.CommonClasses.Response <init>
WARNING: username already exists
Apr 13, 2021 5:30:10 PM Server.Domain.CommonClasses.Response <init>
WARNING: username already exists
Apr 13, 2021 5:30:10 PM Server.Domain.CommonClasses.Response <init>
WARNING: username already exists
Apr 13, 2021 5:30:10 PM Server.Domain.CommonClasses.Response <init>
WARNING: user doesn't exist
Apr 13, 2021 5:30:10 PM Server.Domain.CommonClasses.Response <init>
WARNING: user doesn't exist
Apr 13, 2021 5:30:10 PM Server.Domain.CommonClasses.Response <init>
WARNING: Attempted to remove a user that wasn't appointed by him
Apr 13, 2021 5:30:10 PM Server.Domain.CommonClasses.Response <init>
WARNING: username already exists
Apr 13, 2021 5:30:10 PM Server.Domain.CommonClasses.Response <init>
WARNING: username already exists
Apr 13, 2021 5:30:10 PM Server.Domain.CommonClasses.Response <init>
WARNING: user doesn't exist
Apr 13, 2021 5:30:10 PM Server.Domain.CommonClasses.Response <init>
WARNING: Attempted to remove not a store manager
Apr 13, 2021 5:30:10 PM Server.Domain.CommonClasses.Response <init>
WARNING: username already exists
Apr 13, 2021 5:30:10 PM Server.Domain.CommonClasses.Response <init>
WARNING: username already exists
Apr 13, 2021 5:30:10 PM Server.Domain.CommonClasses.Response <init>
WARNING: user doesn't exist
Apr 13, 2021 5:30:10 PM Server.Domain.CommonClasses.Response <init>
WARNING: User doesn't exist
Apr 13, 2021 5:30:10 PM Server.Domain.CommonClasses.Response <init>
WARNING: username already exists
Apr 13, 2021 5:30:10 PM Server.Domain.CommonClasses.Response <init>
WARNING: username already exists
Apr 13, 2021 5:30:10 PM Server.Domain.CommonClasses.Response <init>
WARNING: user doesn't exist
Apr 13, 2021 5:30:10 PM Server.Domain.CommonClasses.Response <init>
WARNING: username already exists
Apr 13, 2021 5:30:10 PM Server.Domain.CommonClasses.Response <init>
WARNING: username already exists
Apr 13, 2021 5:30:10 PM Server.Domain.CommonClasses.Response <init>
WARNING: user doesn't exist
Apr 13, 2021 5:30:10 PM Server.Domain.CommonClasses.Response <init>
WARNING: Attempted to remove not a store owner
Apr 13, 2021 5:30:10 PM Server.Domain.CommonClasses.Response <init>
WARNING: username already exists
Apr 13, 2021 5:30:10 PM Server.Domain.CommonClasses.Response <init>
WARNING: Failed to login user
Apr 13, 2021 5:30:10 PM Server.Domain.CommonClasses.Response <init>
WARNING: username already exists
Apr 13, 2021 5:30:10 PM Server.Domain.CommonClasses.Response <init>
WARNING: username already exists
Apr 13, 2021 5:30:10 PM Server.Domain.CommonClasses.Response <init>
WARNING: username already exists
Apr 13, 2021 5:30:10 PM Server.Domain.CommonClasses.Response <init>
WARNING: username already exists
Apr 13, 2021 5:30:10 PM Server.Domain.CommonClasses.Response <init>
WARNING: username already exists
Apr 13, 2021 5:30:10 PM Server.Domain.CommonClasses.Response <init>
WARNING: Attempted to remove a user that wasn't appointed by him
Apr 13, 2021 5:30:10 PM Server.Domain.CommonClasses.Response <init>
WARNING: username already exists
Apr 13, 2021 5:30:10 PM Server.Domain.CommonClasses.Response <init>
WARNING: username already exists
Apr 13, 2021 5:30:10 PM Server.Domain.CommonClasses.Response <init>
WARNING: user doesn't exist
Apr 13, 2021 5:30:10 PM Server.Domain.CommonClasses.Response <init>
WARNING: User was already appointed in this store
Apr 13, 2021 5:30:10 PM Server.Domain.CommonClasses.Response <init>
WARNING: username already exists
Apr 13, 2021 5:30:10 PM Server.Domain.CommonClasses.Response <init>
WARNING: username already exists
Apr 13, 2021 5:30:10 PM Server.Domain.CommonClasses.Response <init>
WARNING: username already exists
Apr 13, 2021 5:30:10 PM Server.Domain.CommonClasses.Response <init>
WARNING: username already exists
Apr 13, 2021 5:30:10 PM Server.Domain.CommonClasses.Response <init>
WARNING: username already exists
Apr 13, 2021 5:30:10 PM Server.Domain.CommonClasses.Response <init>
WARNING: username already exists
Apr 13, 2021 5:30:10 PM Server.Domain.CommonClasses.Response <init>
WARNING: user doesn't exist
Apr 13, 2021 5:30:10 PM Server.Domain.CommonClasses.Response <init>
WARNING: user doesn't exist
Apr 13, 2021 5:30:10 PM Server.Domain.CommonClasses.Response <init>
WARNING: user doesn't exist
Apr 13, 2021 5:30:10 PM Server.Domain.CommonClasses.Response <init>
WARNING: user doesn't exist
Apr 13, 2021 5:30:10 PM Server.Domain.CommonClasses.Response <init>
WARNING: user doesn't exist
Apr 13, 2021 5:30:10 PM Server.Domain.CommonClasses.Response <init>
WARNING: user not appointed by this appointer
Apr 13, 2021 5:30:10 PM Server.Domain.CommonClasses.Response <init>
WARNING: user not appointed by this appointer
Apr 13, 2021 5:30:10 PM Server.Domain.CommonClasses.Response <init>
WARNING: User doesn't exist
Apr 13, 2021 5:30:10 PM Server.Domain.CommonClasses.Response <init>
WARNING: user not appointed by this appointer
Apr 13, 2021 5:30:10 PM Server.Domain.CommonClasses.Response <init>
WARNING: User doesn't exist
Apr 13, 2021 5:30:10 PM Server.Domain.CommonClasses.Response <init>
WARNING: user not appointed by this appointer
Apr 13, 2021 5:30:10 PM Server.Domain.CommonClasses.Response <init>
WARNING: User doesn't exist
Apr 13, 2021 5:30:10 PM Server.Domain.CommonClasses.Response <init>
WARNING: username already exists
Apr 13, 2021 5:30:10 PM Server.Domain.CommonClasses.Response <init>
WARNING: username already exists
Apr 13, 2021 5:30:10 PM Server.Domain.CommonClasses.Response <init>
WARNING: user doesn't exist
Apr 13, 2021 5:30:10 PM Server.Domain.CommonClasses.Response <init>
WARNING: User doesn't exist
Apr 13, 2021 5:30:10 PM Server.Domain.CommonClasses.Response <init>
WARNING: username already exists
Apr 13, 2021 5:30:10 PM Server.Domain.CommonClasses.Response <init>
WARNING: username already exists
Apr 13, 2021 5:30:10 PM Server.Domain.CommonClasses.Response <init>
WARNING: user doesn't exist
Apr 13, 2021 5:30:10 PM Server.Domain.CommonClasses.Response <init>
WARNING: username already exists
Apr 13, 2021 5:30:10 PM Server.Domain.CommonClasses.Response <init>
WARNING: username already exists
Apr 13, 2021 5:30:10 PM Server.Domain.CommonClasses.Response <init>
WARNING: username already exists
Apr 13, 2021 5:30:10 PM Server.Domain.CommonClasses.Response <init>
WARNING: username already exists
Apr 13, 2021 5:30:10 PM Server.Domain.CommonClasses.Response <init>
WARNING: username already exists
Apr 13, 2021 5:30:10 PM Server.Domain.CommonClasses.Response <init>
WARNING: username already exists
Apr 13, 2021 5:30:10 PM Server.Domain.CommonClasses.Response <init>
WARNING: username already exists
Apr 13, 2021 5:30:10 PM Server.Domain.CommonClasses.Response <init>
WARNING: user doesn't exist
Apr 13, 2021 5:30:10 PM Server.Domain.CommonClasses.Response <init>
WARNING: user doesn't exist
Apr 13, 2021 5:30:10 PM Server.Domain.CommonClasses.Response <init>
WARNING: user doesn't exist
Apr 13, 2021 5:30:10 PM Server.Domain.CommonClasses.Response <init>
WARNING: user doesn't exist
Apr 13, 2021 5:30:10 PM Server.Domain.CommonClasses.Response <init>
WARNING: user doesn't exist
Apr 13, 2021 5:30:10 PM Server.Domain.CommonClasses.Response <init>
WARNING: user doesn't exist
Apr 13, 2021 5:30:10 PM Server.Domain.CommonClasses.Response <init>
WARNING: Attempted to remove a user that wasn't appointed by him
Apr 13, 2021 5:30:10 PM Server.Domain.CommonClasses.Response <init>
WARNING: username already exists
Apr 13, 2021 5:30:10 PM Server.Domain.CommonClasses.Response <init>
WARNING: username already exists
Apr 13, 2021 5:30:10 PM Server.Domain.CommonClasses.Response <init>
WARNING: user doesn't exist
Apr 13, 2021 5:30:10 PM Server.Domain.CommonClasses.Response <init>
WARNING: User was already appointed in this store
Apr 13, 2021 5:30:10 PM Server.Domain.CommonClasses.Response <init>
WARNING: username already exists
Apr 13, 2021 5:30:10 PM Server.Domain.CommonClasses.Response <init>
WARNING: username already exists
Apr 13, 2021 5:30:10 PM Server.Domain.CommonClasses.Response <init>
WARNING: username already exists
Apr 13, 2021 5:30:10 PM Server.Domain.CommonClasses.Response <init>
WARNING: user doesn't exist
Apr 13, 2021 5:30:10 PM Server.Domain.CommonClasses.Response <init>
WARNING: user doesn't exist
Apr 13, 2021 5:30:10 PM Server.Domain.CommonClasses.Response <init>
WARNING: Attempted to remove a user that wasn't appointed by him
Apr 13, 2021 5:30:10 PM Server.Domain.CommonClasses.Response <init>
WARNING: username already exists
Apr 13, 2021 5:30:10 PM Server.Domain.CommonClasses.Response <init>
WARNING: username already exists
Apr 13, 2021 5:30:10 PM Server.Domain.CommonClasses.Response <init>
WARNING: user doesn't exist
Apr 13, 2021 5:30:10 PM Server.Domain.CommonClasses.Response <init>
WARNING: User was already appointed in this store
Apr 13, 2021 5:30:10 PM Server.Domain.CommonClasses.Response <init>
WARNING: username already exists
Apr 13, 2021 5:30:10 PM Server.Domain.CommonClasses.Response <init>
WARNING: username already exists
Apr 13, 2021 5:30:10 PM Server.Domain.CommonClasses.Response <init>
WARNING: username already exists
Apr 13, 2021 5:30:10 PM Server.Domain.CommonClasses.Response <init>
WARNING: username already exists
Apr 13, 2021 5:30:10 PM Server.Domain.CommonClasses.Response <init>
WARNING: username already exists
Apr 13, 2021 5:30:10 PM Server.Domain.CommonClasses.Response <init>
WARNING: username already exists
Apr 13, 2021 5:30:10 PM Server.Domain.CommonClasses.Response <init>
WARNING: username already exists
Apr 13, 2021 5:30:10 PM Server.Domain.CommonClasses.Response <init>
WARNING: username already exists
Apr 13, 2021 5:30:10 PM Server.Domain.CommonClasses.Response <init>
WARNING: user doesn't exist
Apr 13, 2021 5:30:10 PM Server.Domain.CommonClasses.Response <init>
WARNING: user doesn't exist
Apr 13, 2021 5:30:10 PM Server.Domain.CommonClasses.Response <init>
WARNING: user doesn't exist
Apr 13, 2021 5:30:10 PM Server.Domain.CommonClasses.Response <init>
WARNING: user doesn't exist
Apr 13, 2021 5:30:10 PM Server.Domain.CommonClasses.Response <init>
WARNING: user doesn't exist
Apr 13, 2021 5:30:10 PM Server.Domain.CommonClasses.Response <init>
WARNING: User doesn't exist
Apr 13, 2021 5:30:10 PM Server.Domain.CommonClasses.Response <init>
WARNING: User doesn't exist
Apr 13, 2021 5:30:10 PM Server.Domain.CommonClasses.Response <init>
WARNING: User doesn't exist
Apr 13, 2021 5:30:10 PM Server.Domain.CommonClasses.Response <init>
WARNING: username already exists
Apr 13, 2021 5:30:10 PM Server.Domain.CommonClasses.Response <init>
WARNING: username already exists
Apr 13, 2021 5:30:10 PM Server.Domain.CommonClasses.Response <init>
WARNING: user doesn't exist
Apr 13, 2021 5:30:10 PM Server.Domain.CommonClasses.Response <init>
WARNING: User was already appointed in this store
Apr 13, 2021 5:30:10 PM Server.Domain.CommonClasses.Response <init>
WARNING: username already exists
Apr 13, 2021 5:30:10 PM Server.Domain.CommonClasses.Response <init>
WARNING: Failed to login user
Apr 13, 2021 5:30:10 PM Server.Domain.CommonClasses.Response <init>
WARNING: username already exists
Apr 13, 2021 5:30:10 PM Server.Domain.CommonClasses.Response <init>
WARNING: username already exists
Apr 13, 2021 5:30:10 PM Server.Domain.CommonClasses.Response <init>
WARNING: username already exists
Apr 13, 2021 5:30:10 PM Server.Domain.CommonClasses.Response <init>
WARNING: user doesn't exist
Apr 13, 2021 5:30:10 PM Server.Domain.CommonClasses.Response <init>
WARNING: user doesn't exist
Apr 13, 2021 5:30:10 PM Server.Domain.CommonClasses.Response <init>
WARNING: User not allowed to add permissions to this user
Apr 13, 2021 5:30:10 PM Server.Domain.CommonClasses.Response <init>
WARNING: username already exists
Apr 13, 2021 5:30:10 PM Server.Domain.CommonClasses.Response <init>
WARNING: username already exists
Apr 13, 2021 5:30:10 PM Server.Domain.CommonClasses.Response <init>
WARNING: Attempted to remove a user that wasn't appointed by him
Apr 13, 2021 5:32:40 PM Server.Domain.CommonClasses.Response <init>
WARNING: username already exists
Apr 13, 2021 5:32:40 PM Server.Domain.CommonClasses.Response <init>
WARNING: username already exists
Apr 13, 2021 5:32:40 PM Server.Domain.CommonClasses.Response <init>
WARNING: User not allowed to add permissions to this user
Apr 13, 2021 5:32:40 PM Server.Domain.CommonClasses.Response <init>
WARNING: username already exists
Apr 13, 2021 5:32:40 PM Server.Domain.CommonClasses.Response <init>
WARNING: username already exists
Apr 13, 2021 5:32:40 PM Server.Domain.CommonClasses.Response <init>
WARNING: username already exists
Apr 13, 2021 5:32:40 PM Server.Domain.CommonClasses.Response <init>
WARNING: username already exists
Apr 13, 2021 5:32:40 PM Server.Domain.CommonClasses.Response <init>
WARNING: user doesn't exist
Apr 13, 2021 5:32:40 PM Server.Domain.CommonClasses.Response <init>
WARNING: username already exists
Apr 13, 2021 5:32:40 PM Server.Domain.CommonClasses.Response <init>
WARNING: username already exists
Apr 13, 2021 5:32:40 PM Server.Domain.CommonClasses.Response <init>
WARNING: User not allowed to remove permissions from this user
Apr 13, 2021 5:32:40 PM Server.Domain.CommonClasses.Response <init>
WARNING: username already exists
Apr 13, 2021 5:32:40 PM Server.Domain.CommonClasses.Response <init>
WARNING: username already exists
Apr 13, 2021 5:32:40 PM Server.Domain.CommonClasses.Response <init>
WARNING: user doesn't exist
Apr 13, 2021 5:32:40 PM Server.Domain.CommonClasses.Response <init>
WARNING: username already exists
Apr 13, 2021 5:32:40 PM Server.Domain.CommonClasses.Response <init>
WARNING: username already exists
Apr 13, 2021 5:32:40 PM Server.Domain.CommonClasses.Response <init>
WARNING: username already exists
Apr 13, 2021 5:32:40 PM Server.Domain.CommonClasses.Response <init>
WARNING: user doesn't exist
Apr 13, 2021 5:32:40 PM Server.Domain.CommonClasses.Response <init>
WARNING: user doesn't exist
Apr 13, 2021 5:32:40 PM Server.Domain.CommonClasses.Response <init>
WARNING: User not allowed to remove permissions from this user
Apr 13, 2021 5:32:40 PM Server.Domain.CommonClasses.Response <init>
WARNING: Cannot logout without being logged in
Apr 13, 2021 5:32:40 PM Server.Domain.CommonClasses.Response <init>
WARNING: User not permitted to logout
Apr 13, 2021 5:32:40 PM Server.Domain.CommonClasses.Response <init>
WARNING: username already exists
Apr 13, 2021 5:32:40 PM Server.Domain.CommonClasses.Response <init>
WARNING: username already exists
Apr 13, 2021 5:32:40 PM Server.Domain.CommonClasses.Response <init>
WARNING: username already exists
Apr 13, 2021 5:32:40 PM Server.Domain.CommonClasses.Response <init>
WARNING: user doesn't exist
Apr 13, 2021 5:32:40 PM Server.Domain.CommonClasses.Response <init>
WARNING: user doesn't exist
Apr 13, 2021 5:32:40 PM Server.Domain.CommonClasses.Response <init>
WARNING: Attempted to remove a user that wasn't appointed by him
Apr 13, 2021 5:32:40 PM Server.Domain.CommonClasses.Response <init>
WARNING: username already exists
Apr 13, 2021 5:32:40 PM Server.Domain.CommonClasses.Response <init>
WARNING: username already exists
Apr 13, 2021 5:32:40 PM Server.Domain.CommonClasses.Response <init>
WARNING: user doesn't exist
Apr 13, 2021 5:32:40 PM Server.Domain.CommonClasses.Response <init>
WARNING: Attempted to remove not a store manager
Apr 13, 2021 5:32:40 PM Server.Domain.CommonClasses.Response <init>
WARNING: username already exists
Apr 13, 2021 5:32:40 PM Server.Domain.CommonClasses.Response <init>
WARNING: username already exists
Apr 13, 2021 5:32:40 PM Server.Domain.CommonClasses.Response <init>
WARNING: user doesn't exist
Apr 13, 2021 5:32:40 PM Server.Domain.CommonClasses.Response <init>
WARNING: User doesn't exist
Apr 13, 2021 5:32:40 PM Server.Domain.CommonClasses.Response <init>
WARNING: username already exists
Apr 13, 2021 5:32:40 PM Server.Domain.CommonClasses.Response <init>
WARNING: username already exists
Apr 13, 2021 5:32:40 PM Server.Domain.CommonClasses.Response <init>
WARNING: user doesn't exist
Apr 13, 2021 5:32:40 PM Server.Domain.CommonClasses.Response <init>
WARNING: username already exists
Apr 13, 2021 5:32:40 PM Server.Domain.CommonClasses.Response <init>
WARNING: username already exists
Apr 13, 2021 5:32:40 PM Server.Domain.CommonClasses.Response <init>
WARNING: user doesn't exist
Apr 13, 2021 5:32:40 PM Server.Domain.CommonClasses.Response <init>
WARNING: Attempted to remove not a store owner
Apr 13, 2021 5:32:40 PM Server.Domain.CommonClasses.Response <init>
WARNING: username already exists
Apr 13, 2021 5:32:40 PM Server.Domain.CommonClasses.Response <init>
WARNING: username already exists
Apr 13, 2021 5:32:40 PM Server.Domain.CommonClasses.Response <init>
WARNING: username already exists
Apr 13, 2021 5:32:40 PM Server.Domain.CommonClasses.Response <init>
WARNING: username already exists
Apr 13, 2021 5:32:40 PM Server.Domain.CommonClasses.Response <init>
WARNING: username already exists
Apr 13, 2021 5:32:40 PM Server.Domain.CommonClasses.Response <init>
WARNING: username already exists
Apr 13, 2021 5:32:40 PM Server.Domain.CommonClasses.Response <init>
WARNING: username already exists
Apr 13, 2021 5:32:40 PM Server.Domain.CommonClasses.Response <init>
WARNING: user doesn't exist
Apr 13, 2021 5:32:40 PM Server.Domain.CommonClasses.Response <init>
WARNING: user doesn't exist
Apr 13, 2021 5:32:40 PM Server.Domain.CommonClasses.Response <init>
WARNING: user doesn't exist
Apr 13, 2021 5:32:40 PM Server.Domain.CommonClasses.Response <init>
WARNING: user doesn't exist
Apr 13, 2021 5:32:40 PM Server.Domain.CommonClasses.Response <init>
WARNING: user doesn't exist
Apr 13, 2021 5:32:40 PM Server.Domain.CommonClasses.Response <init>
WARNING: User not allowed to receive store workers information
Apr 13, 2021 5:32:40 PM Server.Domain.CommonClasses.Response <init>
WARNING: User not permitted to get worker info
Apr 13, 2021 5:32:40 PM Server.Domain.CommonClasses.Response <init>
WARNING: username already exists
Apr 13, 2021 5:32:40 PM Server.Domain.CommonClasses.Response <init>
WARNING: Failed to login user
Apr 13, 2021 5:32:40 PM Server.Domain.CommonClasses.Response <init>
WARNING: username already exists
Apr 13, 2021 5:32:40 PM Server.Domain.CommonClasses.Response <init>
WARNING: username already exists
Apr 13, 2021 5:32:40 PM Server.Domain.CommonClasses.Response <init>
WARNING: username already exists
Apr 13, 2021 5:32:40 PM Server.Domain.CommonClasses.Response <init>
WARNING: username already exists
Apr 13, 2021 5:32:40 PM Server.Domain.CommonClasses.Response <init>
WARNING: username already exists
Apr 13, 2021 5:32:40 PM Server.Domain.CommonClasses.Response <init>
WARNING: Attempted to remove a user that wasn't appointed by him
Apr 13, 2021 5:32:40 PM Server.Domain.CommonClasses.Response <init>
WARNING: username already exists
Apr 13, 2021 5:32:40 PM Server.Domain.CommonClasses.Response <init>
WARNING: username already exists
Apr 13, 2021 5:32:40 PM Server.Domain.CommonClasses.Response <init>
WARNING: user doesn't exist
Apr 13, 2021 5:32:40 PM Server.Domain.CommonClasses.Response <init>
WARNING: User was already appointed in this store
Apr 13, 2021 5:32:40 PM Server.Domain.CommonClasses.Response <init>
WARNING: username already exists
Apr 13, 2021 5:32:40 PM Server.Domain.CommonClasses.Response <init>
WARNING: username already exists
Apr 13, 2021 5:32:40 PM Server.Domain.CommonClasses.Response <init>
WARNING: username already exists
Apr 13, 2021 5:32:40 PM Server.Domain.CommonClasses.Response <init>
WARNING: username already exists
Apr 13, 2021 5:32:40 PM Server.Domain.CommonClasses.Response <init>
WARNING: username already exists
Apr 13, 2021 5:32:40 PM Server.Domain.CommonClasses.Response <init>
WARNING: username already exists
Apr 13, 2021 5:32:40 PM Server.Domain.CommonClasses.Response <init>
WARNING: user doesn't exist
Apr 13, 2021 5:32:40 PM Server.Domain.CommonClasses.Response <init>
WARNING: user doesn't exist
Apr 13, 2021 5:32:40 PM Server.Domain.CommonClasses.Response <init>
WARNING: user doesn't exist
Apr 13, 2021 5:32:40 PM Server.Domain.CommonClasses.Response <init>
WARNING: user doesn't exist
Apr 13, 2021 5:32:40 PM Server.Domain.CommonClasses.Response <init>
WARNING: user doesn't exist
Apr 13, 2021 5:32:40 PM Server.Domain.CommonClasses.Response <init>
WARNING: user not appointed by this appointer
Apr 13, 2021 5:32:40 PM Server.Domain.CommonClasses.Response <init>
WARNING: user not appointed by this appointer
Apr 13, 2021 5:32:40 PM Server.Domain.CommonClasses.Response <init>
WARNING: User doesn't exist
Apr 13, 2021 5:32:40 PM Server.Domain.CommonClasses.Response <init>
WARNING: user not appointed by this appointer
Apr 13, 2021 5:32:40 PM Server.Domain.CommonClasses.Response <init>
WARNING: User doesn't exist
Apr 13, 2021 5:32:40 PM Server.Domain.CommonClasses.Response <init>
WARNING: user not appointed by this appointer
Apr 13, 2021 5:32:40 PM Server.Domain.CommonClasses.Response <init>
WARNING: User doesn't exist
Apr 13, 2021 5:32:40 PM Server.Domain.CommonClasses.Response <init>
WARNING: username already exists
Apr 13, 2021 5:32:40 PM Server.Domain.CommonClasses.Response <init>
WARNING: username already exists
Apr 13, 2021 5:32:40 PM Server.Domain.CommonClasses.Response <init>
WARNING: user doesn't exist
Apr 13, 2021 5:32:40 PM Server.Domain.CommonClasses.Response <init>
WARNING: User doesn't exist
Apr 13, 2021 5:32:40 PM Server.Domain.CommonClasses.Response <init>
WARNING: username already exists
Apr 13, 2021 5:32:40 PM Server.Domain.CommonClasses.Response <init>
WARNING: username already exists
Apr 13, 2021 5:32:40 PM Server.Domain.CommonClasses.Response <init>
WARNING: user doesn't exist
Apr 13, 2021 5:32:40 PM Server.Domain.CommonClasses.Response <init>
WARNING: username already exists
Apr 13, 2021 5:32:40 PM Server.Domain.CommonClasses.Response <init>
WARNING: username already exists
Apr 13, 2021 5:32:40 PM Server.Domain.CommonClasses.Response <init>
WARNING: username already exists
Apr 13, 2021 5:32:40 PM Server.Domain.CommonClasses.Response <init>
WARNING: username already exists
Apr 13, 2021 5:32:40 PM Server.Domain.CommonClasses.Response <init>
WARNING: username already exists
Apr 13, 2021 5:32:40 PM Server.Domain.CommonClasses.Response <init>
WARNING: username already exists
Apr 13, 2021 5:32:40 PM Server.Domain.CommonClasses.Response <init>
WARNING: username already exists
Apr 13, 2021 5:32:40 PM Server.Domain.CommonClasses.Response <init>
WARNING: user doesn't exist
Apr 13, 2021 5:32:40 PM Server.Domain.CommonClasses.Response <init>
WARNING: user doesn't exist
Apr 13, 2021 5:32:40 PM Server.Domain.CommonClasses.Response <init>
WARNING: user doesn't exist
Apr 13, 2021 5:32:40 PM Server.Domain.CommonClasses.Response <init>
WARNING: user doesn't exist
Apr 13, 2021 5:32:40 PM Server.Domain.CommonClasses.Response <init>
WARNING: user doesn't exist
Apr 13, 2021 5:32:40 PM Server.Domain.CommonClasses.Response <init>
WARNING: user doesn't exist
Apr 13, 2021 5:32:40 PM Server.Domain.CommonClasses.Response <init>
WARNING: Attempted to remove a user that wasn't appointed by him
Apr 13, 2021 5:32:40 PM Server.Domain.CommonClasses.Response <init>
WARNING: username already exists
Apr 13, 2021 5:32:40 PM Server.Domain.CommonClasses.Response <init>
WARNING: username already exists
Apr 13, 2021 5:32:40 PM Server.Domain.CommonClasses.Response <init>
WARNING: user doesn't exist
Apr 13, 2021 5:32:40 PM Server.Domain.CommonClasses.Response <init>
WARNING: User was already appointed in this store
Apr 13, 2021 5:32:40 PM Server.Domain.CommonClasses.Response <init>
WARNING: username already exists
Apr 13, 2021 5:32:40 PM Server.Domain.CommonClasses.Response <init>
WARNING: username already exists
Apr 13, 2021 5:32:40 PM Server.Domain.CommonClasses.Response <init>
WARNING: username already exists
Apr 13, 2021 5:32:40 PM Server.Domain.CommonClasses.Response <init>
WARNING: user doesn't exist
Apr 13, 2021 5:32:40 PM Server.Domain.CommonClasses.Response <init>
WARNING: user doesn't exist
Apr 13, 2021 5:32:40 PM Server.Domain.CommonClasses.Response <init>
WARNING: Attempted to remove a user that wasn't appointed by him
Apr 13, 2021 5:32:40 PM Server.Domain.CommonClasses.Response <init>
WARNING: username already exists
Apr 13, 2021 5:32:40 PM Server.Domain.CommonClasses.Response <init>
WARNING: username already exists
Apr 13, 2021 5:32:40 PM Server.Domain.CommonClasses.Response <init>
WARNING: user doesn't exist
Apr 13, 2021 5:32:40 PM Server.Domain.CommonClasses.Response <init>
WARNING: User was already appointed in this store
Apr 13, 2021 5:32:40 PM Server.Domain.CommonClasses.Response <init>
WARNING: username already exists
Apr 13, 2021 5:32:40 PM Server.Domain.CommonClasses.Response <init>
WARNING: username already exists
Apr 13, 2021 5:32:40 PM Server.Domain.CommonClasses.Response <init>
WARNING: username already exists
Apr 13, 2021 5:32:40 PM Server.Domain.CommonClasses.Response <init>
WARNING: username already exists
Apr 13, 2021 5:32:40 PM Server.Domain.CommonClasses.Response <init>
WARNING: username already exists
Apr 13, 2021 5:32:40 PM Server.Domain.CommonClasses.Response <init>
WARNING: username already exists
Apr 13, 2021 5:32:40 PM Server.Domain.CommonClasses.Response <init>
WARNING: username already exists
Apr 13, 2021 5:32:40 PM Server.Domain.CommonClasses.Response <init>
WARNING: username already exists
Apr 13, 2021 5:32:40 PM Server.Domain.CommonClasses.Response <init>
WARNING: user doesn't exist
Apr 13, 2021 5:32:40 PM Server.Domain.CommonClasses.Response <init>
WARNING: user doesn't exist
Apr 13, 2021 5:32:40 PM Server.Domain.CommonClasses.Response <init>
WARNING: user doesn't exist
Apr 13, 2021 5:32:40 PM Server.Domain.CommonClasses.Response <init>
WARNING: user doesn't exist
Apr 13, 2021 5:32:40 PM Server.Domain.CommonClasses.Response <init>
WARNING: user doesn't exist
Apr 13, 2021 5:32:40 PM Server.Domain.CommonClasses.Response <init>
WARNING: User doesn't exist
Apr 13, 2021 5:32:40 PM Server.Domain.CommonClasses.Response <init>
WARNING: User doesn't exist
Apr 13, 2021 5:32:40 PM Server.Domain.CommonClasses.Response <init>
WARNING: User doesn't exist
Apr 13, 2021 5:32:40 PM Server.Domain.CommonClasses.Response <init>
WARNING: User doesn't exist
Apr 13, 2021 5:32:40 PM Server.Domain.CommonClasses.Response <init>
WARNING: User doesn't exist
Apr 13, 2021 5:32:40 PM Server.Domain.CommonClasses.Response <init>
WARNING: User doesn't exist
Apr 13, 2021 5:32:40 PM Server.Domain.CommonClasses.Response <init>
WARNING: User doesn't exist
Apr 13, 2021 5:32:40 PM Server.Domain.CommonClasses.Response <init>
WARNING: User doesn't exist
Apr 13, 2021 5:32:40 PM Server.Domain.CommonClasses.Response <init>
WARNING: User doesn't exist
Apr 13, 2021 5:32:40 PM Server.Domain.CommonClasses.Response <init>
WARNING: User doesn't exist
Apr 13, 2021 5:32:40 PM Server.Domain.CommonClasses.Response <init>
WARNING: User doesn't exist
Apr 13, 2021 5:32:40 PM Server.Domain.CommonClasses.Response <init>
WARNING: User doesn't exist
Apr 13, 2021 5:32:40 PM Server.Domain.CommonClasses.Response <init>
WARNING: User doesn't exist
Apr 13, 2021 5:32:40 PM Server.Domain.CommonClasses.Response <init>
WARNING: User doesn't exist
Apr 13, 2021 5:32:40 PM Server.Domain.CommonClasses.Response <init>
WARNING: User doesn't exist
Apr 13, 2021 5:32:40 PM Server.Domain.CommonClasses.Response <init>
WARNING: User doesn't exist
Apr 13, 2021 5:32:40 PM Server.Domain.CommonClasses.Response <init>
WARNING: User doesn't exist
Apr 13, 2021 5:32:40 PM Server.Domain.CommonClasses.Response <init>
WARNING: User doesn't exist
Apr 13, 2021 5:32:40 PM Server.Domain.CommonClasses.Response <init>
WARNING: User doesn't exist
Apr 13, 2021 5:32:40 PM Server.Domain.CommonClasses.Response <init>
WARNING: User doesn't exist
Apr 13, 2021 5:32:40 PM Server.Domain.CommonClasses.Response <init>
WARNING: username already exists
Apr 13, 2021 5:32:40 PM Server.Domain.CommonClasses.Response <init>
WARNING: username already exists
Apr 13, 2021 5:32:40 PM Server.Domain.CommonClasses.Response <init>
WARNING: user doesn't exist
Apr 13, 2021 5:32:40 PM Server.Domain.CommonClasses.Response <init>
WARNING: User was already appointed in this store
Apr 13, 2021 5:32:40 PM Server.Domain.CommonClasses.Response <init>
WARNING: username already exists
Apr 13, 2021 5:32:40 PM Server.Domain.CommonClasses.Response <init>
WARNING: Failed to login user
Apr 13, 2021 5:32:40 PM Server.Domain.CommonClasses.Response <init>
WARNING: username already exists
Apr 13, 2021 5:32:40 PM Server.Domain.CommonClasses.Response <init>
WARNING: username already exists
Apr 13, 2021 5:32:40 PM Server.Domain.CommonClasses.Response <init>
WARNING: username already exists
Apr 13, 2021 5:32:40 PM Server.Domain.CommonClasses.Response <init>
WARNING: user doesn't exist
Apr 13, 2021 5:32:40 PM Server.Domain.CommonClasses.Response <init>
WARNING: user doesn't exist
Apr 13, 2021 5:32:40 PM Server.Domain.CommonClasses.Response <init>
WARNING: User not allowed to add permissions to this user
Apr 13, 2021 5:32:40 PM Server.Domain.CommonClasses.Response <init>
WARNING: username already exists
Apr 13, 2021 5:32:40 PM Server.Domain.CommonClasses.Response <init>
WARNING: username already exists
Apr 13, 2021 5:32:40 PM Server.Domain.CommonClasses.Response <init>
WARNING: Attempted to remove a user that wasn't appointed by him
Apr 13, 2021 5:33:04 PM Server.Domain.CommonClasses.Response <init>
WARNING: username already exists
Apr 13, 2021 5:33:04 PM Server.Domain.CommonClasses.Response <init>
WARNING: username already exists
Apr 13, 2021 5:33:04 PM Server.Domain.CommonClasses.Response <init>
WARNING: User not allowed to add permissions to this user
Apr 13, 2021 5:33:04 PM Server.Domain.CommonClasses.Response <init>
WARNING: username already exists
Apr 13, 2021 5:33:04 PM Server.Domain.CommonClasses.Response <init>
WARNING: username already exists
Apr 13, 2021 5:33:04 PM Server.Domain.CommonClasses.Response <init>
WARNING: username already exists
Apr 13, 2021 5:33:04 PM Server.Domain.CommonClasses.Response <init>
WARNING: username already exists
Apr 13, 2021 5:33:04 PM Server.Domain.CommonClasses.Response <init>
WARNING: user doesn't exist
Apr 13, 2021 5:33:04 PM Server.Domain.CommonClasses.Response <init>
WARNING: username already exists
Apr 13, 2021 5:33:04 PM Server.Domain.CommonClasses.Response <init>
WARNING: username already exists
Apr 13, 2021 5:33:04 PM Server.Domain.CommonClasses.Response <init>
WARNING: User not allowed to remove permissions from this user
Apr 13, 2021 5:33:04 PM Server.Domain.CommonClasses.Response <init>
WARNING: username already exists
Apr 13, 2021 5:33:04 PM Server.Domain.CommonClasses.Response <init>
WARNING: username already exists
Apr 13, 2021 5:33:04 PM Server.Domain.CommonClasses.Response <init>
WARNING: user doesn't exist
Apr 13, 2021 5:33:04 PM Server.Domain.CommonClasses.Response <init>
WARNING: username already exists
Apr 13, 2021 5:33:04 PM Server.Domain.CommonClasses.Response <init>
WARNING: username already exists
Apr 13, 2021 5:33:04 PM Server.Domain.CommonClasses.Response <init>
WARNING: username already exists
Apr 13, 2021 5:33:04 PM Server.Domain.CommonClasses.Response <init>
WARNING: user doesn't exist
Apr 13, 2021 5:33:04 PM Server.Domain.CommonClasses.Response <init>
WARNING: user doesn't exist
Apr 13, 2021 5:33:04 PM Server.Domain.CommonClasses.Response <init>
WARNING: User not allowed to remove permissions from this user
Apr 13, 2021 5:33:04 PM Server.Domain.CommonClasses.Response <init>
WARNING: Cannot logout without being logged in
Apr 13, 2021 5:33:04 PM Server.Domain.CommonClasses.Response <init>
WARNING: User not permitted to logout
Apr 13, 2021 5:33:04 PM Server.Domain.CommonClasses.Response <init>
WARNING: username already exists
Apr 13, 2021 5:33:04 PM Server.Domain.CommonClasses.Response <init>
WARNING: username already exists
Apr 13, 2021 5:33:04 PM Server.Domain.CommonClasses.Response <init>
WARNING: username already exists
Apr 13, 2021 5:33:04 PM Server.Domain.CommonClasses.Response <init>
WARNING: user doesn't exist
Apr 13, 2021 5:33:04 PM Server.Domain.CommonClasses.Response <init>
WARNING: user doesn't exist
Apr 13, 2021 5:33:04 PM Server.Domain.CommonClasses.Response <init>
WARNING: Attempted to remove a user that wasn't appointed by him
Apr 13, 2021 5:33:04 PM Server.Domain.CommonClasses.Response <init>
WARNING: username already exists
Apr 13, 2021 5:33:04 PM Server.Domain.CommonClasses.Response <init>
WARNING: username already exists
Apr 13, 2021 5:33:04 PM Server.Domain.CommonClasses.Response <init>
WARNING: user doesn't exist
Apr 13, 2021 5:33:04 PM Server.Domain.CommonClasses.Response <init>
WARNING: Attempted to remove not a store manager
Apr 13, 2021 5:33:04 PM Server.Domain.CommonClasses.Response <init>
WARNING: username already exists
Apr 13, 2021 5:33:04 PM Server.Domain.CommonClasses.Response <init>
WARNING: username already exists
Apr 13, 2021 5:33:04 PM Server.Domain.CommonClasses.Response <init>
WARNING: user doesn't exist
Apr 13, 2021 5:33:04 PM Server.Domain.CommonClasses.Response <init>
WARNING: User doesn't exist
Apr 13, 2021 5:33:04 PM Server.Domain.CommonClasses.Response <init>
WARNING: username already exists
Apr 13, 2021 5:33:04 PM Server.Domain.CommonClasses.Response <init>
WARNING: username already exists
Apr 13, 2021 5:33:04 PM Server.Domain.CommonClasses.Response <init>
WARNING: user doesn't exist
Apr 13, 2021 5:33:04 PM Server.Domain.CommonClasses.Response <init>
WARNING: username already exists
Apr 13, 2021 5:33:04 PM Server.Domain.CommonClasses.Response <init>
WARNING: username already exists
Apr 13, 2021 5:33:04 PM Server.Domain.CommonClasses.Response <init>
WARNING: user doesn't exist
Apr 13, 2021 5:33:04 PM Server.Domain.CommonClasses.Response <init>
WARNING: Attempted to remove not a store owner
Apr 13, 2021 5:33:04 PM Server.Domain.CommonClasses.Response <init>
WARNING: username already exists
Apr 13, 2021 5:33:04 PM Server.Domain.CommonClasses.Response <init>
WARNING: username already exists
Apr 13, 2021 5:33:04 PM Server.Domain.CommonClasses.Response <init>
WARNING: username already exists
Apr 13, 2021 5:33:04 PM Server.Domain.CommonClasses.Response <init>
WARNING: username already exists
Apr 13, 2021 5:33:04 PM Server.Domain.CommonClasses.Response <init>
WARNING: username already exists
Apr 13, 2021 5:33:04 PM Server.Domain.CommonClasses.Response <init>
WARNING: username already exists
Apr 13, 2021 5:33:04 PM Server.Domain.CommonClasses.Response <init>
WARNING: username already exists
Apr 13, 2021 5:33:04 PM Server.Domain.CommonClasses.Response <init>
WARNING: user doesn't exist
Apr 13, 2021 5:33:04 PM Server.Domain.CommonClasses.Response <init>
WARNING: user doesn't exist
Apr 13, 2021 5:33:04 PM Server.Domain.CommonClasses.Response <init>
WARNING: user doesn't exist
Apr 13, 2021 5:33:04 PM Server.Domain.CommonClasses.Response <init>
WARNING: user doesn't exist
Apr 13, 2021 5:33:04 PM Server.Domain.CommonClasses.Response <init>
WARNING: user doesn't exist
Apr 13, 2021 5:33:04 PM Server.Domain.CommonClasses.Response <init>
WARNING: User not allowed to receive store workers information
Apr 13, 2021 5:33:04 PM Server.Domain.CommonClasses.Response <init>
WARNING: User not permitted to get worker info
Apr 13, 2021 5:33:04 PM Server.Domain.CommonClasses.Response <init>
WARNING: username already exists
Apr 13, 2021 5:33:04 PM Server.Domain.CommonClasses.Response <init>
WARNING: Failed to login user
Apr 13, 2021 5:33:04 PM Server.Domain.CommonClasses.Response <init>
WARNING: username already exists
Apr 13, 2021 5:33:04 PM Server.Domain.CommonClasses.Response <init>
WARNING: username already exists
Apr 13, 2021 5:33:04 PM Server.Domain.CommonClasses.Response <init>
WARNING: username already exists
Apr 13, 2021 5:33:04 PM Server.Domain.CommonClasses.Response <init>
WARNING: username already exists
Apr 13, 2021 5:33:04 PM Server.Domain.CommonClasses.Response <init>
WARNING: username already exists
Apr 13, 2021 5:33:04 PM Server.Domain.CommonClasses.Response <init>
WARNING: Attempted to remove a user that wasn't appointed by him
Apr 13, 2021 5:33:04 PM Server.Domain.CommonClasses.Response <init>
WARNING: username already exists
Apr 13, 2021 5:33:04 PM Server.Domain.CommonClasses.Response <init>
WARNING: username already exists
Apr 13, 2021 5:33:04 PM Server.Domain.CommonClasses.Response <init>
WARNING: user doesn't exist
Apr 13, 2021 5:33:04 PM Server.Domain.CommonClasses.Response <init>
WARNING: User was already appointed in this store
Apr 13, 2021 5:33:04 PM Server.Domain.CommonClasses.Response <init>
WARNING: username already exists
Apr 13, 2021 5:33:04 PM Server.Domain.CommonClasses.Response <init>
WARNING: username already exists
Apr 13, 2021 5:33:04 PM Server.Domain.CommonClasses.Response <init>
WARNING: username already exists
Apr 13, 2021 5:33:04 PM Server.Domain.CommonClasses.Response <init>
WARNING: username already exists
Apr 13, 2021 5:33:04 PM Server.Domain.CommonClasses.Response <init>
WARNING: username already exists
Apr 13, 2021 5:33:04 PM Server.Domain.CommonClasses.Response <init>
WARNING: username already exists
Apr 13, 2021 5:33:04 PM Server.Domain.CommonClasses.Response <init>
WARNING: user doesn't exist
Apr 13, 2021 5:33:04 PM Server.Domain.CommonClasses.Response <init>
WARNING: user doesn't exist
Apr 13, 2021 5:33:04 PM Server.Domain.CommonClasses.Response <init>
WARNING: user doesn't exist
Apr 13, 2021 5:33:04 PM Server.Domain.CommonClasses.Response <init>
WARNING: user doesn't exist
Apr 13, 2021 5:33:04 PM Server.Domain.CommonClasses.Response <init>
WARNING: user doesn't exist
Apr 13, 2021 5:33:04 PM Server.Domain.CommonClasses.Response <init>
WARNING: user not appointed by this appointer
Apr 13, 2021 5:33:04 PM Server.Domain.CommonClasses.Response <init>
WARNING: user not appointed by this appointer
Apr 13, 2021 5:33:04 PM Server.Domain.CommonClasses.Response <init>
WARNING: User doesn't exist
Apr 13, 2021 5:33:04 PM Server.Domain.CommonClasses.Response <init>
WARNING: user not appointed by this appointer
Apr 13, 2021 5:33:04 PM Server.Domain.CommonClasses.Response <init>
WARNING: User doesn't exist
Apr 13, 2021 5:33:04 PM Server.Domain.CommonClasses.Response <init>
WARNING: user not appointed by this appointer
Apr 13, 2021 5:33:04 PM Server.Domain.CommonClasses.Response <init>
WARNING: User doesn't exist
Apr 13, 2021 5:33:04 PM Server.Domain.CommonClasses.Response <init>
WARNING: username already exists
Apr 13, 2021 5:33:04 PM Server.Domain.CommonClasses.Response <init>
WARNING: username already exists
Apr 13, 2021 5:33:04 PM Server.Domain.CommonClasses.Response <init>
WARNING: user doesn't exist
Apr 13, 2021 5:33:04 PM Server.Domain.CommonClasses.Response <init>
WARNING: User doesn't exist
Apr 13, 2021 5:33:04 PM Server.Domain.CommonClasses.Response <init>
WARNING: username already exists
Apr 13, 2021 5:33:04 PM Server.Domain.CommonClasses.Response <init>
WARNING: username already exists
Apr 13, 2021 5:33:04 PM Server.Domain.CommonClasses.Response <init>
WARNING: user doesn't exist
Apr 13, 2021 5:33:04 PM Server.Domain.CommonClasses.Response <init>
WARNING: username already exists
Apr 13, 2021 5:33:04 PM Server.Domain.CommonClasses.Response <init>
WARNING: username already exists
Apr 13, 2021 5:33:04 PM Server.Domain.CommonClasses.Response <init>
WARNING: username already exists
Apr 13, 2021 5:33:04 PM Server.Domain.CommonClasses.Response <init>
WARNING: username already exists
Apr 13, 2021 5:33:04 PM Server.Domain.CommonClasses.Response <init>
WARNING: username already exists
Apr 13, 2021 5:33:04 PM Server.Domain.CommonClasses.Response <init>
WARNING: username already exists
Apr 13, 2021 5:33:04 PM Server.Domain.CommonClasses.Response <init>
WARNING: username already exists
Apr 13, 2021 5:33:04 PM Server.Domain.CommonClasses.Response <init>
WARNING: user doesn't exist
Apr 13, 2021 5:33:04 PM Server.Domain.CommonClasses.Response <init>
WARNING: user doesn't exist
Apr 13, 2021 5:33:04 PM Server.Domain.CommonClasses.Response <init>
WARNING: user doesn't exist
Apr 13, 2021 5:33:04 PM Server.Domain.CommonClasses.Response <init>
WARNING: user doesn't exist
Apr 13, 2021 5:33:04 PM Server.Domain.CommonClasses.Response <init>
WARNING: user doesn't exist
Apr 13, 2021 5:33:04 PM Server.Domain.CommonClasses.Response <init>
WARNING: user doesn't exist
Apr 13, 2021 5:33:04 PM Server.Domain.CommonClasses.Response <init>
WARNING: Attempted to remove a user that wasn't appointed by him
Apr 13, 2021 5:33:04 PM Server.Domain.CommonClasses.Response <init>
WARNING: username already exists
Apr 13, 2021 5:33:04 PM Server.Domain.CommonClasses.Response <init>
WARNING: username already exists
Apr 13, 2021 5:33:04 PM Server.Domain.CommonClasses.Response <init>
WARNING: user doesn't exist
Apr 13, 2021 5:33:04 PM Server.Domain.CommonClasses.Response <init>
WARNING: User was already appointed in this store
Apr 13, 2021 5:33:04 PM Server.Domain.CommonClasses.Response <init>
WARNING: username already exists
Apr 13, 2021 5:33:04 PM Server.Domain.CommonClasses.Response <init>
WARNING: username already exists
Apr 13, 2021 5:33:04 PM Server.Domain.CommonClasses.Response <init>
WARNING: username already exists
Apr 13, 2021 5:33:04 PM Server.Domain.CommonClasses.Response <init>
WARNING: user doesn't exist
Apr 13, 2021 5:33:04 PM Server.Domain.CommonClasses.Response <init>
WARNING: user doesn't exist
Apr 13, 2021 5:33:04 PM Server.Domain.CommonClasses.Response <init>
WARNING: Attempted to remove a user that wasn't appointed by him
Apr 13, 2021 5:33:04 PM Server.Domain.CommonClasses.Response <init>
WARNING: username already exists
Apr 13, 2021 5:33:04 PM Server.Domain.CommonClasses.Response <init>
WARNING: username already exists
Apr 13, 2021 5:33:04 PM Server.Domain.CommonClasses.Response <init>
WARNING: user doesn't exist
Apr 13, 2021 5:33:04 PM Server.Domain.CommonClasses.Response <init>
WARNING: User was already appointed in this store
Apr 13, 2021 5:33:04 PM Server.Domain.CommonClasses.Response <init>
WARNING: username already exists
Apr 13, 2021 5:33:04 PM Server.Domain.CommonClasses.Response <init>
WARNING: username already exists
Apr 13, 2021 5:33:04 PM Server.Domain.CommonClasses.Response <init>
WARNING: username already exists
Apr 13, 2021 5:33:04 PM Server.Domain.CommonClasses.Response <init>
WARNING: username already exists
Apr 13, 2021 5:33:04 PM Server.Domain.CommonClasses.Response <init>
WARNING: username already exists
Apr 13, 2021 5:33:04 PM Server.Domain.CommonClasses.Response <init>
WARNING: username already exists
Apr 13, 2021 5:33:04 PM Server.Domain.CommonClasses.Response <init>
WARNING: username already exists
Apr 13, 2021 5:33:04 PM Server.Domain.CommonClasses.Response <init>
WARNING: username already exists
Apr 13, 2021 5:33:04 PM Server.Domain.CommonClasses.Response <init>
WARNING: user doesn't exist
Apr 13, 2021 5:33:04 PM Server.Domain.CommonClasses.Response <init>
WARNING: user doesn't exist
Apr 13, 2021 5:33:04 PM Server.Domain.CommonClasses.Response <init>
WARNING: user doesn't exist
Apr 13, 2021 5:33:04 PM Server.Domain.CommonClasses.Response <init>
WARNING: user doesn't exist
Apr 13, 2021 5:33:04 PM Server.Domain.CommonClasses.Response <init>
WARNING: user doesn't exist
Apr 13, 2021 5:33:04 PM Server.Domain.CommonClasses.Response <init>
WARNING: User doesn't exist
Apr 13, 2021 5:33:04 PM Server.Domain.CommonClasses.Response <init>
WARNING: User doesn't exist
Apr 13, 2021 5:33:04 PM Server.Domain.CommonClasses.Response <init>
WARNING: User doesn't exist
Apr 13, 2021 5:33:04 PM Server.Domain.CommonClasses.Response <init>
WARNING: User doesn't exist
Apr 13, 2021 5:33:04 PM Server.Domain.CommonClasses.Response <init>
WARNING: User doesn't exist
Apr 13, 2021 5:33:04 PM Server.Domain.CommonClasses.Response <init>
WARNING: User doesn't exist
Apr 13, 2021 5:33:04 PM Server.Domain.CommonClasses.Response <init>
WARNING: User doesn't exist
Apr 13, 2021 5:33:04 PM Server.Domain.CommonClasses.Response <init>
WARNING: User doesn't exist
Apr 13, 2021 5:33:04 PM Server.Domain.CommonClasses.Response <init>
WARNING: User doesn't exist
Apr 13, 2021 5:33:04 PM Server.Domain.CommonClasses.Response <init>
WARNING: User doesn't exist
Apr 13, 2021 5:33:04 PM Server.Domain.CommonClasses.Response <init>
WARNING: User doesn't exist
Apr 13, 2021 5:33:04 PM Server.Domain.CommonClasses.Response <init>
WARNING: User doesn't exist
Apr 13, 2021 5:33:04 PM Server.Domain.CommonClasses.Response <init>
WARNING: User doesn't exist
Apr 13, 2021 5:33:04 PM Server.Domain.CommonClasses.Response <init>
WARNING: User doesn't exist
Apr 13, 2021 5:33:04 PM Server.Domain.CommonClasses.Response <init>
WARNING: User doesn't exist
Apr 13, 2021 5:33:04 PM Server.Domain.CommonClasses.Response <init>
WARNING: User doesn't exist
Apr 13, 2021 5:33:04 PM Server.Domain.CommonClasses.Response <init>
WARNING: User doesn't exist
Apr 13, 2021 5:33:04 PM Server.Domain.CommonClasses.Response <init>
WARNING: User doesn't exist
Apr 13, 2021 5:33:04 PM Server.Domain.CommonClasses.Response <init>
WARNING: User doesn't exist
Apr 13, 2021 5:33:04 PM Server.Domain.CommonClasses.Response <init>
WARNING: User doesn't exist
Apr 13, 2021 5:33:04 PM Server.Domain.CommonClasses.Response <init>
WARNING: username already exists
Apr 13, 2021 5:33:04 PM Server.Domain.CommonClasses.Response <init>
WARNING: username already exists
Apr 13, 2021 5:33:04 PM Server.Domain.CommonClasses.Response <init>
WARNING: user doesn't exist
Apr 13, 2021 5:33:04 PM Server.Domain.CommonClasses.Response <init>
WARNING: User was already appointed in this store
Apr 13, 2021 5:33:04 PM Server.Domain.CommonClasses.Response <init>
WARNING: username already exists
Apr 13, 2021 5:33:04 PM Server.Domain.CommonClasses.Response <init>
WARNING: Failed to login user
Apr 13, 2021 5:33:04 PM Server.Domain.CommonClasses.Response <init>
WARNING: username already exists
Apr 13, 2021 5:33:04 PM Server.Domain.CommonClasses.Response <init>
WARNING: username already exists
Apr 13, 2021 5:33:04 PM Server.Domain.CommonClasses.Response <init>
WARNING: username already exists
Apr 13, 2021 5:33:04 PM Server.Domain.CommonClasses.Response <init>
WARNING: user doesn't exist
Apr 13, 2021 5:33:04 PM Server.Domain.CommonClasses.Response <init>
WARNING: user doesn't exist
Apr 13, 2021 5:33:04 PM Server.Domain.CommonClasses.Response <init>
WARNING: User not allowed to add permissions to this user
Apr 13, 2021 5:33:04 PM Server.Domain.CommonClasses.Response <init>
WARNING: username already exists
Apr 13, 2021 5:33:04 PM Server.Domain.CommonClasses.Response <init>
WARNING: username already exists
Apr 13, 2021 5:33:04 PM Server.Domain.CommonClasses.Response <init>
WARNING: Attempted to remove a user that wasn't appointed by him
Apr 13, 2021 5:33:17 PM Server.Domain.CommonClasses.Response <init>
WARNING: username already exists
Apr 13, 2021 5:33:17 PM Server.Domain.CommonClasses.Response <init>
WARNING: username already exists
Apr 13, 2021 5:33:17 PM Server.Domain.CommonClasses.Response <init>
WARNING: Delivery failed | created external connection
Apr 13, 2021 5:33:17 PM Server.Domain.CommonClasses.Response <init>
WARNING: Delivery failed | created external connection
Apr 13, 2021 5:33:17 PM Server.Domain.CommonClasses.Response <init>
WARNING: User not allowed to review product
Apr 13, 2021 5:33:17 PM Server.Domain.CommonClasses.Response <init>
WARNING: The given product wasn't purchased before
Apr 13, 2021 5:33:17 PM Server.Domain.CommonClasses.Response <init>
WARNING: username already exists
Apr 13, 2021 5:33:17 PM Server.Domain.CommonClasses.Response <init>
WARNING: username already exists
Apr 13, 2021 5:33:17 PM Server.Domain.CommonClasses.Response <init>
WARNING: User not allowed to receive store workers information
Apr 13, 2021 5:33:17 PM Server.Domain.CommonClasses.Response <init>
WARNING: username already exists
Apr 13, 2021 5:33:17 PM Server.Domain.CommonClasses.Response <init>
WARNING: username already exists
Apr 13, 2021 5:33:17 PM Server.Domain.CommonClasses.Response <init>
WARNING: User is not allowed to register
Apr 13, 2021 5:33:17 PM Server.Domain.CommonClasses.Response <init>
WARNING: username already exists
Apr 13, 2021 5:33:17 PM Server.Domain.CommonClasses.Response <init>
WARNING: username already exists
Apr 13, 2021 5:33:17 PM Server.Domain.CommonClasses.Response <init>
WARNING: User isn't allowed to appoint owner
Apr 13, 2021 5:33:17 PM Server.Domain.CommonClasses.Response <init>
WARNING: user doesn't exist
Apr 13, 2021 5:33:17 PM Server.Domain.CommonClasses.Response <init>
WARNING: username already exists
Apr 13, 2021 5:33:17 PM Server.Domain.CommonClasses.Response <init>
WARNING: username already exists
Apr 13, 2021 5:33:17 PM Server.Domain.CommonClasses.Response <init>
WARNING: user doesn't exist
Apr 13, 2021 5:33:17 PM Server.Domain.CommonClasses.Response <init>
WARNING: user not appointed by this appointer
Apr 13, 2021 5:33:17 PM Server.Domain.CommonClasses.Response <init>
WARNING: username already exists
Apr 13, 2021 5:33:17 PM Server.Domain.CommonClasses.Response <init>
WARNING: username already exists
Apr 13, 2021 5:33:17 PM Server.Domain.CommonClasses.Response <init>
WARNING: user doesn't exist
Apr 13, 2021 5:33:17 PM Server.Domain.CommonClasses.Response <init>
WARNING: The user is not allowed to add products to the store
Apr 13, 2021 5:33:17 PM Server.Domain.CommonClasses.Response <init>
WARNING: User not allowed to add permissions to this user
Apr 13, 2021 5:33:17 PM Server.Domain.CommonClasses.Response <init>
WARNING: The user is not allowed to add products to the store
Apr 13, 2021 5:33:17 PM Server.Domain.CommonClasses.Response <init>
WARNING: username already exists
Apr 13, 2021 5:33:17 PM Server.Domain.CommonClasses.Response <init>
WARNING: username already exists
Apr 13, 2021 5:33:17 PM Server.Domain.CommonClasses.Response <init>
WARNING: The user is not allowed to remove products from the store
Apr 13, 2021 5:33:17 PM Server.Domain.CommonClasses.Response <init>
WARNING: username already exists
Apr 13, 2021 5:33:17 PM Server.Domain.CommonClasses.Response <init>
WARNING: username already exists
Apr 13, 2021 5:33:17 PM Server.Domain.CommonClasses.Response <init>
WARNING: User not allowed to view purchase history
Apr 13, 2021 5:33:17 PM Server.Domain.CommonClasses.Response <init>
WARNING: username already exists
Apr 13, 2021 5:33:17 PM Server.Domain.CommonClasses.Response <init>
WARNING: username already exists
Apr 13, 2021 5:33:17 PM Server.Domain.CommonClasses.Response <init>
WARNING: user doesn't exist
Apr 13, 2021 5:33:17 PM Server.Domain.CommonClasses.Response <init>
WARNING: user not appointed by this appointer
Apr 13, 2021 5:33:17 PM Server.Domain.CommonClasses.Response <init>
WARNING: username already exists
Apr 13, 2021 5:33:17 PM Server.Domain.CommonClasses.Response <init>
WARNING: username already exists
Apr 13, 2021 5:33:17 PM Server.Domain.CommonClasses.Response <init>
WARNING: Not allowed to open store
Apr 13, 2021 5:33:17 PM Server.Domain.CommonClasses.Response <init>
WARNING: username already exists
Apr 13, 2021 5:33:17 PM Server.Domain.CommonClasses.Response <init>
WARNING: username already exists
Apr 13, 2021 5:33:17 PM Server.Domain.CommonClasses.Response <init>
WARNING: The user is not allowed to edit products information in the store
Apr 13, 2021 5:33:17 PM Server.Domain.CommonClasses.Response <init>
WARNING: username already exists
Apr 13, 2021 5:33:17 PM Server.Domain.CommonClasses.Response <init>
WARNING: username already exists
Apr 13, 2021 5:33:17 PM Server.Domain.CommonClasses.Response <init>
WARNING: User not allowed to view user's purchase
Apr 13, 2021 5:33:17 PM Server.Domain.CommonClasses.Response <init>
WARNING: User not allowed to view user's purchase
Apr 13, 2021 5:33:17 PM Server.Domain.CommonClasses.Response <init>
WARNING: username already exists
Apr 13, 2021 5:33:17 PM Server.Domain.CommonClasses.Response <init>
WARNING: username already exists
Apr 13, 2021 5:33:17 PM Server.Domain.CommonClasses.Response <init>
WARNING: User isn't allowed to appoint manager
Apr 13, 2021 5:33:17 PM Server.Domain.CommonClasses.Response <init>
WARNING: user doesn't exist
Apr 13, 2021 5:33:17 PM Server.Domain.CommonClasses.Response <init>
WARNING: username already exists
Apr 13, 2021 5:33:17 PM Server.Domain.CommonClasses.Response <init>
WARNING: username already exists
Apr 13, 2021 5:33:17 PM Server.Domain.CommonClasses.Response <init>
WARNING: username already exists
Apr 13, 2021 5:33:17 PM Server.Domain.CommonClasses.Response <init>
WARNING: username already exists
Apr 13, 2021 5:33:17 PM Server.Domain.CommonClasses.Response <init>
WARNING: The user is not allowed to add products to the store
Apr 13, 2021 5:33:17 PM Server.Domain.CommonClasses.Response <init>
WARNING: username already exists
Apr 13, 2021 5:33:17 PM Server.Domain.CommonClasses.Response <init>
WARNING: username already exists
Apr 13, 2021 5:33:17 PM Server.Domain.CommonClasses.Response <init>
WARNING: Cannot logout without being logged in
Apr 13, 2021 5:33:17 PM Server.Domain.CommonClasses.Response <init>
WARNING: username already exists
Apr 13, 2021 5:33:17 PM Server.Domain.CommonClasses.Response <init>
WARNING: username already exists
Apr 13, 2021 5:33:17 PM Server.Domain.CommonClasses.Response <init>
WARNING: User not allowed to receive store history
Apr 13, 2021 6:46:42 PM Server.Domain.CommonClasses.Response <init>
WARNING: username already exists
Apr 13, 2021 6:46:42 PM Server.Domain.CommonClasses.Response <init>
WARNING: username already exists
Apr 13, 2021 6:46:42 PM Server.Domain.CommonClasses.Response <init>
WARNING: Delivery failed | created external connection
Apr 13, 2021 6:46:42 PM Server.Domain.CommonClasses.Response <init>
WARNING: Delivery failed | created external connection
Apr 13, 2021 6:46:42 PM Server.Domain.CommonClasses.Response <init>
WARNING: User not allowed to review product
Apr 13, 2021 6:46:42 PM Server.Domain.CommonClasses.Response <init>
WARNING: The given product wasn't purchased before
Apr 13, 2021 6:46:42 PM Server.Domain.CommonClasses.Response <init>
WARNING: username already exists
Apr 13, 2021 6:46:42 PM Server.Domain.CommonClasses.Response <init>
WARNING: username already exists
Apr 13, 2021 6:46:42 PM Server.Domain.CommonClasses.Response <init>
WARNING: username already exists
Apr 13, 2021 6:46:42 PM Server.Domain.CommonClasses.Response <init>
WARNING: username already exists
Apr 13, 2021 6:46:42 PM Server.Domain.CommonClasses.Response <init>
WARNING: User not allowed to receive store workers information
Apr 13, 2021 6:46:42 PM Server.Domain.CommonClasses.Response <init>
WARNING: username already exists
Apr 13, 2021 6:46:42 PM Server.Domain.CommonClasses.Response <init>
WARNING: username already exists
Apr 13, 2021 6:46:42 PM Server.Domain.CommonClasses.Response <init>
WARNING: User is not allowed to register
Apr 13, 2021 6:46:42 PM Server.Domain.CommonClasses.Response <init>
WARNING: username already exists
Apr 13, 2021 6:46:42 PM Server.Domain.CommonClasses.Response <init>
WARNING: username already exists
Apr 13, 2021 6:46:42 PM Server.Domain.CommonClasses.Response <init>
WARNING: User isn't allowed to appoint owner
Apr 13, 2021 6:46:42 PM Server.Domain.CommonClasses.Response <init>
WARNING: user doesn't exist
Apr 13, 2021 6:46:42 PM Server.Domain.CommonClasses.Response <init>
WARNING: username already exists
Apr 13, 2021 6:46:42 PM Server.Domain.CommonClasses.Response <init>
WARNING: username already exists
Apr 13, 2021 6:46:42 PM Server.Domain.CommonClasses.Response <init>
WARNING: user doesn't exist
Apr 13, 2021 6:46:42 PM Server.Domain.CommonClasses.Response <init>
WARNING: user not appointed by this appointer
Apr 13, 2021 6:46:42 PM Server.Domain.CommonClasses.Response <init>
WARNING: username already exists
Apr 13, 2021 6:46:42 PM Server.Domain.CommonClasses.Response <init>
WARNING: username already exists
Apr 13, 2021 6:46:42 PM Server.Domain.CommonClasses.Response <init>
WARNING: user doesn't exist
Apr 13, 2021 6:46:42 PM Server.Domain.CommonClasses.Response <init>
WARNING: The user is not allowed to add products to the store
Apr 13, 2021 6:46:42 PM Server.Domain.CommonClasses.Response <init>
WARNING: User not allowed to add permissions to this user
Apr 13, 2021 6:46:42 PM Server.Domain.CommonClasses.Response <init>
WARNING: The user is not allowed to add products to the store
Apr 13, 2021 6:46:42 PM Server.Domain.CommonClasses.Response <init>
WARNING: username already exists
Apr 13, 2021 6:46:42 PM Server.Domain.CommonClasses.Response <init>
WARNING: username already exists
Apr 13, 2021 6:46:42 PM Server.Domain.CommonClasses.Response <init>
WARNING: The user is not allowed to remove products from the store
Apr 13, 2021 6:46:42 PM Server.Domain.CommonClasses.Response <init>
WARNING: username already exists
Apr 13, 2021 6:46:42 PM Server.Domain.CommonClasses.Response <init>
WARNING: username already exists
Apr 13, 2021 6:46:42 PM Server.Domain.CommonClasses.Response <init>
WARNING: User not allowed to view purchase history
Apr 13, 2021 6:46:42 PM Server.Domain.CommonClasses.Response <init>
WARNING: username already exists
Apr 13, 2021 6:46:42 PM Server.Domain.CommonClasses.Response <init>
WARNING: username already exists
Apr 13, 2021 6:46:42 PM Server.Domain.CommonClasses.Response <init>
WARNING: user doesn't exist
Apr 13, 2021 6:46:42 PM Server.Domain.CommonClasses.Response <init>
WARNING: user not appointed by this appointer
Apr 13, 2021 6:46:42 PM Server.Domain.CommonClasses.Response <init>
WARNING: username already exists
Apr 13, 2021 6:46:42 PM Server.Domain.CommonClasses.Response <init>
WARNING: username already exists
Apr 13, 2021 6:46:42 PM Server.Domain.CommonClasses.Response <init>
WARNING: Not allowed to open store
Apr 13, 2021 6:46:42 PM Server.Domain.CommonClasses.Response <init>
WARNING: username already exists
Apr 13, 2021 6:46:42 PM Server.Domain.CommonClasses.Response <init>
WARNING: username already exists
Apr 13, 2021 6:46:42 PM Server.Domain.CommonClasses.Response <init>
WARNING: The user is not allowed to edit products information in the store
Apr 13, 2021 6:46:42 PM Server.Domain.CommonClasses.Response <init>
WARNING: username already exists
Apr 13, 2021 6:46:42 PM Server.Domain.CommonClasses.Response <init>
WARNING: username already exists
Apr 13, 2021 6:46:42 PM Server.Domain.CommonClasses.Response <init>
WARNING: User not allowed to view user's purchase
Apr 13, 2021 6:46:42 PM Server.Domain.CommonClasses.Response <init>
WARNING: User not allowed to view user's purchase
Apr 13, 2021 6:46:42 PM Server.Domain.CommonClasses.Response <init>
WARNING: username already exists
Apr 13, 2021 6:46:42 PM Server.Domain.CommonClasses.Response <init>
WARNING: username already exists
Apr 13, 2021 6:46:42 PM Server.Domain.CommonClasses.Response <init>
WARNING: User isn't allowed to appoint manager
Apr 13, 2021 6:46:42 PM Server.Domain.CommonClasses.Response <init>
WARNING: user doesn't exist
Apr 13, 2021 6:46:42 PM Server.Domain.CommonClasses.Response <init>
WARNING: username already exists
Apr 13, 2021 6:46:42 PM Server.Domain.CommonClasses.Response <init>
WARNING: username already exists
Apr 13, 2021 6:46:42 PM Server.Domain.CommonClasses.Response <init>
WARNING: The user is not allowed to add products to the store
Apr 13, 2021 6:46:42 PM Server.Domain.CommonClasses.Response <init>
WARNING: username already exists
Apr 13, 2021 6:46:42 PM Server.Domain.CommonClasses.Response <init>
WARNING: username already exists
Apr 13, 2021 6:46:42 PM Server.Domain.CommonClasses.Response <init>
WARNING: Cannot logout without being logged in
Apr 13, 2021 6:46:42 PM Server.Domain.CommonClasses.Response <init>
WARNING: username already exists
Apr 13, 2021 6:46:42 PM Server.Domain.CommonClasses.Response <init>
WARNING: username already exists
Apr 13, 2021 6:46:42 PM Server.Domain.CommonClasses.Response <init>
WARNING: Not allowed to open store
Apr 13, 2021 6:46:42 PM Server.Domain.CommonClasses.Response <init>
WARNING: username already exists
Apr 13, 2021 6:46:42 PM Server.Domain.CommonClasses.Response <init>
WARNING: username already exists
Apr 13, 2021 6:46:42 PM Server.Domain.CommonClasses.Response <init>
WARNING: User not allowed to receive store history
Apr 13, 2021 6:48:14 PM Server.Domain.CommonClasses.Response <init>
WARNING: username already exists
Apr 13, 2021 6:48:14 PM Server.Domain.CommonClasses.Response <init>
WARNING: username already exists
Apr 13, 2021 6:48:14 PM Server.Domain.CommonClasses.Response <init>
WARNING: Delivery failed | created external connection
Apr 13, 2021 6:48:14 PM Server.Domain.CommonClasses.Response <init>
WARNING: Delivery failed | created external connection
Apr 13, 2021 6:48:14 PM Server.Domain.CommonClasses.Response <init>
WARNING: User not allowed to review product
Apr 13, 2021 6:48:14 PM Server.Domain.CommonClasses.Response <init>
WARNING: The given product wasn't purchased before
Apr 13, 2021 6:48:14 PM Server.Domain.CommonClasses.Response <init>
WARNING: username already exists
Apr 13, 2021 6:48:14 PM Server.Domain.CommonClasses.Response <init>
WARNING: username already exists
Apr 13, 2021 6:48:14 PM Server.Domain.CommonClasses.Response <init>
WARNING: username already exists
Apr 13, 2021 6:48:14 PM Server.Domain.CommonClasses.Response <init>
WARNING: username already exists
Apr 13, 2021 6:48:14 PM Server.Domain.CommonClasses.Response <init>
WARNING: username already exists
Apr 13, 2021 6:48:14 PM Server.Domain.CommonClasses.Response <init>
WARNING: username already exists
Apr 13, 2021 6:48:14 PM Server.Domain.CommonClasses.Response <init>
WARNING: User not allowed to receive store workers information
Apr 13, 2021 6:48:14 PM Server.Domain.CommonClasses.Response <init>
WARNING: username already exists
Apr 13, 2021 6:48:14 PM Server.Domain.CommonClasses.Response <init>
WARNING: username already exists
Apr 13, 2021 6:48:14 PM Server.Domain.CommonClasses.Response <init>
WARNING: username already exists
Apr 13, 2021 6:48:14 PM Server.Domain.CommonClasses.Response <init>
WARNING: username already exists
Apr 13, 2021 6:48:14 PM Server.Domain.CommonClasses.Response <init>
WARNING: User isn't allowed to appoint owner
Apr 13, 2021 6:48:14 PM Server.Domain.CommonClasses.Response <init>
WARNING: user doesn't exist
Apr 13, 2021 6:48:14 PM Server.Domain.CommonClasses.Response <init>
WARNING: username already exists
Apr 13, 2021 6:48:14 PM Server.Domain.CommonClasses.Response <init>
WARNING: username already exists
Apr 13, 2021 6:48:14 PM Server.Domain.CommonClasses.Response <init>
WARNING: user doesn't exist
Apr 13, 2021 6:48:14 PM Server.Domain.CommonClasses.Response <init>
WARNING: user not appointed by this appointer
Apr 13, 2021 6:48:14 PM Server.Domain.CommonClasses.Response <init>
WARNING: username already exists
Apr 13, 2021 6:48:14 PM Server.Domain.CommonClasses.Response <init>
WARNING: username already exists
Apr 13, 2021 6:48:14 PM Server.Domain.CommonClasses.Response <init>
WARNING: user doesn't exist
Apr 13, 2021 6:48:14 PM Server.Domain.CommonClasses.Response <init>
WARNING: The user is not allowed to add products to the store
Apr 13, 2021 6:48:14 PM Server.Domain.CommonClasses.Response <init>
WARNING: User not allowed to add permissions to this user
Apr 13, 2021 6:48:14 PM Server.Domain.CommonClasses.Response <init>
WARNING: The user is not allowed to add products to the store
Apr 13, 2021 6:48:14 PM Server.Domain.CommonClasses.Response <init>
WARNING: username already exists
Apr 13, 2021 6:48:14 PM Server.Domain.CommonClasses.Response <init>
WARNING: username already exists
Apr 13, 2021 6:48:14 PM Server.Domain.CommonClasses.Response <init>
WARNING: The user is not allowed to remove products from the store
Apr 13, 2021 6:48:14 PM Server.Domain.CommonClasses.Response <init>
WARNING: username already exists
Apr 13, 2021 6:48:14 PM Server.Domain.CommonClasses.Response <init>
WARNING: username already exists
Apr 13, 2021 6:48:14 PM Server.Domain.CommonClasses.Response <init>
WARNING: User not allowed to view purchase history
Apr 13, 2021 6:48:14 PM Server.Domain.CommonClasses.Response <init>
WARNING: username already exists
Apr 13, 2021 6:48:14 PM Server.Domain.CommonClasses.Response <init>
WARNING: username already exists
Apr 13, 2021 6:48:14 PM Server.Domain.CommonClasses.Response <init>
WARNING: user doesn't exist
Apr 13, 2021 6:48:14 PM Server.Domain.CommonClasses.Response <init>
WARNING: user not appointed by this appointer
Apr 13, 2021 6:48:14 PM Server.Domain.CommonClasses.Response <init>
WARNING: username already exists
Apr 13, 2021 6:48:14 PM Server.Domain.CommonClasses.Response <init>
WARNING: username already exists
Apr 13, 2021 6:48:14 PM Server.Domain.CommonClasses.Response <init>
WARNING: Not allowed to open store
Apr 13, 2021 6:48:14 PM Server.Domain.CommonClasses.Response <init>
WARNING: username already exists
Apr 13, 2021 6:48:14 PM Server.Domain.CommonClasses.Response <init>
WARNING: username already exists
Apr 13, 2021 6:48:14 PM Server.Domain.CommonClasses.Response <init>
WARNING: The user is not allowed to edit products information in the store
Apr 13, 2021 6:48:14 PM Server.Domain.CommonClasses.Response <init>
WARNING: username already exists
Apr 13, 2021 6:48:14 PM Server.Domain.CommonClasses.Response <init>
WARNING: username already exists
Apr 13, 2021 6:48:14 PM Server.Domain.CommonClasses.Response <init>
WARNING: User not allowed to view user's purchase
Apr 13, 2021 6:48:14 PM Server.Domain.CommonClasses.Response <init>
WARNING: User not allowed to view user's purchase
Apr 13, 2021 6:48:14 PM Server.Domain.CommonClasses.Response <init>
WARNING: username already exists
Apr 13, 2021 6:48:14 PM Server.Domain.CommonClasses.Response <init>
WARNING: username already exists
Apr 13, 2021 6:48:14 PM Server.Domain.CommonClasses.Response <init>
WARNING: User isn't allowed to appoint manager
Apr 13, 2021 6:48:14 PM Server.Domain.CommonClasses.Response <init>
WARNING: user doesn't exist
Apr 13, 2021 6:48:14 PM Server.Domain.CommonClasses.Response <init>
WARNING: username already exists
Apr 13, 2021 6:48:14 PM Server.Domain.CommonClasses.Response <init>
WARNING: username already exists
Apr 13, 2021 6:48:14 PM Server.Domain.CommonClasses.Response <init>
WARNING: User is not allowed to register
Apr 13, 2021 6:48:14 PM Server.Domain.CommonClasses.Response <init>
WARNING: username already exists
Apr 13, 2021 6:48:14 PM Server.Domain.CommonClasses.Response <init>
WARNING: username already exists
Apr 13, 2021 6:48:14 PM Server.Domain.CommonClasses.Response <init>
WARNING: The user is not allowed to add products to the store
Apr 13, 2021 6:48:14 PM Server.Domain.CommonClasses.Response <init>
WARNING: username already exists
Apr 13, 2021 6:48:14 PM Server.Domain.CommonClasses.Response <init>
WARNING: username already exists
Apr 13, 2021 6:48:14 PM Server.Domain.CommonClasses.Response <init>
WARNING: Not allowed to open store
Apr 13, 2021 6:48:14 PM Server.Domain.CommonClasses.Response <init>
WARNING: username already exists
Apr 13, 2021 6:48:14 PM Server.Domain.CommonClasses.Response <init>
WARNING: username already exists
Apr 13, 2021 6:48:14 PM Server.Domain.CommonClasses.Response <init>
WARNING: User not allowed to receive store history
Apr 13, 2021 6:48:14 PM Server.Domain.CommonClasses.Response <init>
WARNING: username already exists
Apr 13, 2021 6:48:14 PM Server.Domain.CommonClasses.Response <init>
WARNING: username already exists
Apr 13, 2021 6:48:14 PM Server.Domain.CommonClasses.Response <init>
WARNING: Cannot logout without being logged in
Apr 13, 2021 6:51:40 PM Server.Domain.CommonClasses.Response <init>
WARNING: username already exists
Apr 13, 2021 6:51:40 PM Server.Domain.CommonClasses.Response <init>
WARNING: username already exists
Apr 13, 2021 6:51:40 PM Server.Domain.CommonClasses.Response <init>
WARNING: username already exists
Apr 13, 2021 6:51:40 PM Server.Domain.CommonClasses.Response <init>
WARNING: username already exists
Apr 13, 2021 6:51:40 PM Server.Domain.CommonClasses.Response <init>
WARNING: username already exists
Apr 13, 2021 6:51:40 PM Server.Domain.CommonClasses.Response <init>
WARNING: username already exists
Apr 13, 2021 6:51:40 PM Server.Domain.CommonClasses.Response <init>
WARNING: User not allowed to receive store workers information
Apr 13, 2021 6:51:40 PM Server.Domain.CommonClasses.Response <init>
WARNING: username already exists
Apr 13, 2021 6:51:40 PM Server.Domain.CommonClasses.Response <init>
WARNING: username already exists
Apr 13, 2021 6:51:40 PM Server.Domain.CommonClasses.Response <init>
WARNING: username already exists
Apr 13, 2021 6:51:40 PM Server.Domain.CommonClasses.Response <init>
WARNING: username already exists
Apr 13, 2021 6:51:40 PM Server.Domain.CommonClasses.Response <init>
WARNING: username already exists
Apr 13, 2021 6:51:40 PM Server.Domain.CommonClasses.Response <init>
WARNING: username already exists
Apr 13, 2021 6:51:40 PM Server.Domain.CommonClasses.Response <init>
WARNING: username already exists
Apr 13, 2021 6:51:40 PM Server.Domain.CommonClasses.Response <init>
WARNING: username already exists
Apr 13, 2021 6:51:40 PM Server.Domain.CommonClasses.Response <init>
WARNING: User isn't allowed to appoint owner
Apr 13, 2021 6:51:40 PM Server.Domain.CommonClasses.Response <init>
WARNING: user doesn't exist
Apr 13, 2021 6:51:40 PM Server.Domain.CommonClasses.Response <init>
WARNING: username already exists
Apr 13, 2021 6:51:40 PM Server.Domain.CommonClasses.Response <init>
WARNING: username already exists
Apr 13, 2021 6:51:40 PM Server.Domain.CommonClasses.Response <init>
WARNING: user doesn't exist
Apr 13, 2021 6:51:40 PM Server.Domain.CommonClasses.Response <init>
WARNING: user not appointed by this appointer
Apr 13, 2021 6:51:40 PM Server.Domain.CommonClasses.Response <init>
WARNING: username already exists
Apr 13, 2021 6:51:40 PM Server.Domain.CommonClasses.Response <init>
WARNING: username already exists
Apr 13, 2021 6:51:40 PM Server.Domain.CommonClasses.Response <init>
WARNING: User not allowed to view purchase history
Apr 13, 2021 6:51:40 PM Server.Domain.CommonClasses.Response <init>
WARNING: username already exists
Apr 13, 2021 6:51:40 PM Server.Domain.CommonClasses.Response <init>
WARNING: username already exists
Apr 13, 2021 6:51:40 PM Server.Domain.CommonClasses.Response <init>
WARNING: user doesn't exist
Apr 13, 2021 6:51:40 PM Server.Domain.CommonClasses.Response <init>
WARNING: The user is not allowed to add products to the store
Apr 13, 2021 6:51:40 PM Server.Domain.CommonClasses.Response <init>
WARNING: User not allowed to add permissions to this user
Apr 13, 2021 6:51:40 PM Server.Domain.CommonClasses.Response <init>
WARNING: The user is not allowed to add products to the store
Apr 13, 2021 6:51:40 PM Server.Domain.CommonClasses.Response <init>
WARNING: username already exists
Apr 13, 2021 6:51:40 PM Server.Domain.CommonClasses.Response <init>
WARNING: username already exists
Apr 13, 2021 6:51:40 PM Server.Domain.CommonClasses.Response <init>
WARNING: The user is not allowed to remove products from the store
Apr 13, 2021 6:51:40 PM Server.Domain.CommonClasses.Response <init>
WARNING: username already exists
Apr 13, 2021 6:51:40 PM Server.Domain.CommonClasses.Response <init>
WARNING: username already exists
Apr 13, 2021 6:51:40 PM Server.Domain.CommonClasses.Response <init>
WARNING: user doesn't exist
Apr 13, 2021 6:51:40 PM Server.Domain.CommonClasses.Response <init>
WARNING: user not appointed by this appointer
Apr 13, 2021 6:51:40 PM Server.Domain.CommonClasses.Response <init>
WARNING: username already exists
Apr 13, 2021 6:51:40 PM Server.Domain.CommonClasses.Response <init>
WARNING: username already exists
Apr 13, 2021 6:51:40 PM Server.Domain.CommonClasses.Response <init>
WARNING: The user is not allowed to edit products information in the store
Apr 13, 2021 6:51:40 PM Server.Domain.CommonClasses.Response <init>
WARNING: username already exists
Apr 13, 2021 6:51:40 PM Server.Domain.CommonClasses.Response <init>
WARNING: username already exists
Apr 13, 2021 6:51:40 PM Server.Domain.CommonClasses.Response <init>
WARNING: User not allowed to view user's purchase
Apr 13, 2021 6:51:40 PM Server.Domain.CommonClasses.Response <init>
WARNING: User not allowed to view user's purchase
Apr 13, 2021 6:51:40 PM Server.Domain.CommonClasses.Response <init>
WARNING: username already exists
Apr 13, 2021 6:51:40 PM Server.Domain.CommonClasses.Response <init>
WARNING: username already exists
Apr 13, 2021 6:51:40 PM Server.Domain.CommonClasses.Response <init>
WARNING: User isn't allowed to appoint manager
Apr 13, 2021 6:51:40 PM Server.Domain.CommonClasses.Response <init>
WARNING: user doesn't exist
Apr 13, 2021 6:51:40 PM Server.Domain.CommonClasses.Response <init>
WARNING: username already exists
Apr 13, 2021 6:51:40 PM Server.Domain.CommonClasses.Response <init>
WARNING: username already exists
Apr 13, 2021 6:51:40 PM Server.Domain.CommonClasses.Response <init>
WARNING: User is not allowed to register
Apr 13, 2021 6:51:40 PM Server.Domain.CommonClasses.Response <init>
WARNING: username already exists
Apr 13, 2021 6:51:40 PM Server.Domain.CommonClasses.Response <init>
WARNING: username already exists
Apr 13, 2021 6:51:40 PM Server.Domain.CommonClasses.Response <init>
WARNING: The user is not allowed to add products to the store
Apr 13, 2021 6:51:40 PM Server.Domain.CommonClasses.Response <init>
WARNING: username already exists
Apr 13, 2021 6:51:40 PM Server.Domain.CommonClasses.Response <init>
WARNING: username already exists
Apr 13, 2021 6:51:40 PM Server.Domain.CommonClasses.Response <init>
WARNING: User not allowed to review product
Apr 13, 2021 6:51:40 PM Server.Domain.CommonClasses.Response <init>
WARNING: username already exists
Apr 13, 2021 6:51:40 PM Server.Domain.CommonClasses.Response <init>
WARNING: username already exists
Apr 13, 2021 6:51:40 PM Server.Domain.CommonClasses.Response <init>
WARNING: Not allowed to open store
Apr 13, 2021 6:51:40 PM Server.Domain.CommonClasses.Response <init>
WARNING: username already exists
Apr 13, 2021 6:51:40 PM Server.Domain.CommonClasses.Response <init>
WARNING: username already exists
Apr 13, 2021 6:51:40 PM Server.Domain.CommonClasses.Response <init>
WARNING: User not allowed to receive store history
Apr 13, 2021 6:51:40 PM Server.Domain.CommonClasses.Response <init>
WARNING: username already exists
Apr 13, 2021 6:51:40 PM Server.Domain.CommonClasses.Response <init>
WARNING: username already exists
Apr 13, 2021 6:51:40 PM Server.Domain.CommonClasses.Response <init>
WARNING: Delivery failed | created external connection
Apr 13, 2021 6:51:40 PM Server.Domain.CommonClasses.Response <init>
WARNING: Delivery failed | created external connection
Apr 13, 2021 6:51:40 PM Server.Domain.CommonClasses.Response <init>
WARNING: The given product wasn't purchased before
Apr 13, 2021 6:51:40 PM Server.Domain.CommonClasses.Response <init>
WARNING: username already exists
Apr 13, 2021 6:51:40 PM Server.Domain.CommonClasses.Response <init>
WARNING: username already exists
Apr 13, 2021 6:51:40 PM Server.Domain.CommonClasses.Response <init>
WARNING: Cannot logout without being logged in
Apr 13, 2021 6:53:00 PM Server.Domain.CommonClasses.Response <init>
WARNING: username already exists
Apr 13, 2021 6:53:00 PM Server.Domain.CommonClasses.Response <init>
WARNING: username already exists
Apr 13, 2021 6:53:00 PM Server.Domain.CommonClasses.Response <init>
WARNING: username already exists
Apr 13, 2021 6:53:00 PM Server.Domain.CommonClasses.Response <init>
WARNING: username already exists
Apr 13, 2021 6:53:00 PM Server.Domain.CommonClasses.Response <init>
WARNING: username already exists
Apr 13, 2021 6:53:00 PM Server.Domain.CommonClasses.Response <init>
WARNING: username already exists
Apr 13, 2021 6:53:00 PM Server.Domain.CommonClasses.Response <init>
WARNING: User not allowed to receive store workers information
Apr 13, 2021 6:53:00 PM Server.Domain.CommonClasses.Response <init>
WARNING: username already exists
Apr 13, 2021 6:53:00 PM Server.Domain.CommonClasses.Response <init>
WARNING: username already exists
Apr 13, 2021 6:53:00 PM Server.Domain.CommonClasses.Response <init>
WARNING: username already exists
Apr 13, 2021 6:53:00 PM Server.Domain.CommonClasses.Response <init>
WARNING: username already exists
Apr 13, 2021 6:53:00 PM Server.Domain.CommonClasses.Response <init>
WARNING: username already exists
Apr 13, 2021 6:53:00 PM Server.Domain.CommonClasses.Response <init>
WARNING: username already exists
Apr 13, 2021 6:53:00 PM Server.Domain.CommonClasses.Response <init>
WARNING: username already exists
Apr 13, 2021 6:53:00 PM Server.Domain.CommonClasses.Response <init>
WARNING: username already exists
Apr 13, 2021 6:53:00 PM Server.Domain.CommonClasses.Response <init>
WARNING: User isn't allowed to appoint owner
Apr 13, 2021 6:53:00 PM Server.Domain.CommonClasses.Response <init>
WARNING: user doesn't exist
Apr 13, 2021 6:53:00 PM Server.Domain.CommonClasses.Response <init>
WARNING: username already exists
Apr 13, 2021 6:53:00 PM Server.Domain.CommonClasses.Response <init>
WARNING: username already exists
Apr 13, 2021 6:53:00 PM Server.Domain.CommonClasses.Response <init>
WARNING: user doesn't exist
Apr 13, 2021 6:53:00 PM Server.Domain.CommonClasses.Response <init>
WARNING: user not appointed by this appointer
Apr 13, 2021 6:53:00 PM Server.Domain.CommonClasses.Response <init>
WARNING: username already exists
Apr 13, 2021 6:53:00 PM Server.Domain.CommonClasses.Response <init>
WARNING: username already exists
Apr 13, 2021 6:53:00 PM Server.Domain.CommonClasses.Response <init>
WARNING: User not allowed to view purchase history
Apr 13, 2021 6:53:00 PM Server.Domain.CommonClasses.Response <init>
WARNING: username already exists
Apr 13, 2021 6:53:00 PM Server.Domain.CommonClasses.Response <init>
WARNING: username already exists
Apr 13, 2021 6:53:00 PM Server.Domain.CommonClasses.Response <init>
WARNING: user doesn't exist
Apr 13, 2021 6:53:00 PM Server.Domain.CommonClasses.Response <init>
WARNING: The user is not allowed to add products to the store
Apr 13, 2021 6:53:00 PM Server.Domain.CommonClasses.Response <init>
WARNING: User not allowed to add permissions to this user
Apr 13, 2021 6:53:00 PM Server.Domain.CommonClasses.Response <init>
WARNING: The user is not allowed to add products to the store
Apr 13, 2021 6:53:00 PM Server.Domain.CommonClasses.Response <init>
WARNING: username already exists
Apr 13, 2021 6:53:00 PM Server.Domain.CommonClasses.Response <init>
WARNING: username already exists
Apr 13, 2021 6:53:00 PM Server.Domain.CommonClasses.Response <init>
WARNING: The user is not allowed to remove products from the store
Apr 13, 2021 6:53:00 PM Server.Domain.CommonClasses.Response <init>
WARNING: username already exists
Apr 13, 2021 6:53:00 PM Server.Domain.CommonClasses.Response <init>
WARNING: username already exists
Apr 13, 2021 6:53:00 PM Server.Domain.CommonClasses.Response <init>
WARNING: username already exists
Apr 13, 2021 6:53:00 PM Server.Domain.CommonClasses.Response <init>
WARNING: username already exists
Apr 13, 2021 6:53:00 PM Server.Domain.CommonClasses.Response <init>
WARNING: user doesn't exist
Apr 13, 2021 6:53:00 PM Server.Domain.CommonClasses.Response <init>
WARNING: user not appointed by this appointer
Apr 13, 2021 6:53:00 PM Server.Domain.CommonClasses.Response <init>
WARNING: username already exists
Apr 13, 2021 6:53:00 PM Server.Domain.CommonClasses.Response <init>
WARNING: username already exists
Apr 13, 2021 6:53:00 PM Server.Domain.CommonClasses.Response <init>
WARNING: The user is not allowed to add products to the store
Apr 13, 2021 6:53:00 PM Server.Domain.CommonClasses.Response <init>
WARNING: username already exists
Apr 13, 2021 6:53:00 PM Server.Domain.CommonClasses.Response <init>
WARNING: username already exists
Apr 13, 2021 6:53:00 PM Server.Domain.CommonClasses.Response <init>
WARNING: The user is not allowed to edit products information in the store
Apr 13, 2021 6:53:00 PM Server.Domain.CommonClasses.Response <init>
WARNING: username already exists
Apr 13, 2021 6:53:00 PM Server.Domain.CommonClasses.Response <init>
WARNING: username already exists
Apr 13, 2021 6:53:00 PM Server.Domain.CommonClasses.Response <init>
WARNING: User not allowed to view user's purchase
Apr 13, 2021 6:53:00 PM Server.Domain.CommonClasses.Response <init>
WARNING: User not allowed to view user's purchase
Apr 13, 2021 6:53:00 PM Server.Domain.CommonClasses.Response <init>
WARNING: username already exists
Apr 13, 2021 6:53:00 PM Server.Domain.CommonClasses.Response <init>
WARNING: username already exists
Apr 13, 2021 6:53:00 PM Server.Domain.CommonClasses.Response <init>
WARNING: User isn't allowed to appoint manager
Apr 13, 2021 6:53:00 PM Server.Domain.CommonClasses.Response <init>
WARNING: user doesn't exist
Apr 13, 2021 6:53:00 PM Server.Domain.CommonClasses.Response <init>
WARNING: username already exists
Apr 13, 2021 6:53:00 PM Server.Domain.CommonClasses.Response <init>
WARNING: username already exists
Apr 13, 2021 6:53:00 PM Server.Domain.CommonClasses.Response <init>
WARNING: User is not allowed to register
Apr 13, 2021 6:53:00 PM Server.Domain.CommonClasses.Response <init>
WARNING: username already exists
Apr 13, 2021 6:53:00 PM Server.Domain.CommonClasses.Response <init>
WARNING: username already exists
Apr 13, 2021 6:53:00 PM Server.Domain.CommonClasses.Response <init>
WARNING: User not allowed to review product
Apr 13, 2021 6:53:00 PM Server.Domain.CommonClasses.Response <init>
WARNING: username already exists
Apr 13, 2021 6:53:00 PM Server.Domain.CommonClasses.Response <init>
WARNING: username already exists
Apr 13, 2021 6:53:00 PM Server.Domain.CommonClasses.Response <init>
WARNING: Not allowed to open store
Apr 13, 2021 6:53:00 PM Server.Domain.CommonClasses.Response <init>
WARNING: username already exists
Apr 13, 2021 6:53:00 PM Server.Domain.CommonClasses.Response <init>
WARNING: username already exists
Apr 13, 2021 6:53:00 PM Server.Domain.CommonClasses.Response <init>
WARNING: User not allowed to receive store history
Apr 13, 2021 6:53:00 PM Server.Domain.CommonClasses.Response <init>
WARNING: username already exists
Apr 13, 2021 6:53:00 PM Server.Domain.CommonClasses.Response <init>
WARNING: username already exists
Apr 13, 2021 6:53:00 PM Server.Domain.CommonClasses.Response <init>
WARNING: Delivery failed | created external connection
Apr 13, 2021 6:53:00 PM Server.Domain.CommonClasses.Response <init>
WARNING: Delivery failed | created external connection
Apr 13, 2021 6:53:00 PM Server.Domain.CommonClasses.Response <init>
WARNING: The given product wasn't purchased before
Apr 13, 2021 6:53:00 PM Server.Domain.CommonClasses.Response <init>
WARNING: username already exists
Apr 13, 2021 6:53:00 PM Server.Domain.CommonClasses.Response <init>
WARNING: username already exists
Apr 13, 2021 6:53:00 PM Server.Domain.CommonClasses.Response <init>
WARNING: Cannot logout without being logged in
Apr 13, 2021 6:54:36 PM Server.Domain.CommonClasses.Response <init>
WARNING: username already exists
Apr 13, 2021 6:54:37 PM Server.Domain.CommonClasses.Response <init>
WARNING: username already exists
Apr 13, 2021 6:54:37 PM Server.Domain.CommonClasses.Response <init>
WARNING: username already exists
Apr 13, 2021 6:54:37 PM Server.Domain.CommonClasses.Response <init>
WARNING: username already exists
Apr 13, 2021 6:54:37 PM Server.Domain.CommonClasses.Response <init>
WARNING: username already exists
Apr 13, 2021 6:54:37 PM Server.Domain.CommonClasses.Response <init>
WARNING: username already exists
Apr 13, 2021 6:54:37 PM Server.Domain.CommonClasses.Response <init>
WARNING: User not allowed to receive store workers information
Apr 13, 2021 6:54:37 PM Server.Domain.CommonClasses.Response <init>
WARNING: username already exists
Apr 13, 2021 6:54:37 PM Server.Domain.CommonClasses.Response <init>
WARNING: username already exists
Apr 13, 2021 6:54:37 PM Server.Domain.CommonClasses.Response <init>
WARNING: username already exists
Apr 13, 2021 6:54:37 PM Server.Domain.CommonClasses.Response <init>
WARNING: username already exists
Apr 13, 2021 6:54:37 PM Server.Domain.CommonClasses.Response <init>
WARNING: username already exists
Apr 13, 2021 6:54:37 PM Server.Domain.CommonClasses.Response <init>
WARNING: username already exists
Apr 13, 2021 6:54:37 PM Server.Domain.CommonClasses.Response <init>
WARNING: username already exists
Apr 13, 2021 6:54:37 PM Server.Domain.CommonClasses.Response <init>
WARNING: username already exists
Apr 13, 2021 6:54:37 PM Server.Domain.CommonClasses.Response <init>
WARNING: username already exists
Apr 13, 2021 6:54:37 PM Server.Domain.CommonClasses.Response <init>
WARNING: username already exists
Apr 13, 2021 6:54:37 PM Server.Domain.CommonClasses.Response <init>
WARNING: The user is not allowed to remove products from the store
Apr 13, 2021 6:54:37 PM Server.Domain.CommonClasses.Response <init>
WARNING: username already exists
Apr 13, 2021 6:54:37 PM Server.Domain.CommonClasses.Response <init>
WARNING: username already exists
Apr 13, 2021 6:54:37 PM Server.Domain.CommonClasses.Response <init>
WARNING: User isn't allowed to appoint owner
Apr 13, 2021 6:54:37 PM Server.Domain.CommonClasses.Response <init>
WARNING: user doesn't exist
Apr 13, 2021 6:54:37 PM Server.Domain.CommonClasses.Response <init>
WARNING: username already exists
Apr 13, 2021 6:54:37 PM Server.Domain.CommonClasses.Response <init>
WARNING: username already exists
Apr 13, 2021 6:54:37 PM Server.Domain.CommonClasses.Response <init>
WARNING: Inventory: This product doesn't exist
Apr 13, 2021 6:54:37 PM Server.Domain.CommonClasses.Response <init>
WARNING: username already exists
Apr 13, 2021 6:54:37 PM Server.Domain.CommonClasses.Response <init>
WARNING: username already exists
Apr 13, 2021 6:54:37 PM Server.Domain.CommonClasses.Response <init>
WARNING: user doesn't exist
Apr 13, 2021 6:54:37 PM Server.Domain.CommonClasses.Response <init>
WARNING: user not appointed by this appointer
Apr 13, 2021 6:54:37 PM Server.Domain.CommonClasses.Response <init>
WARNING: username already exists
Apr 13, 2021 6:54:37 PM Server.Domain.CommonClasses.Response <init>
WARNING: username already exists
Apr 13, 2021 6:54:37 PM Server.Domain.CommonClasses.Response <init>
WARNING: User not allowed to view purchase history
Apr 13, 2021 6:54:37 PM Server.Domain.CommonClasses.Response <init>
WARNING: username already exists
Apr 13, 2021 6:54:37 PM Server.Domain.CommonClasses.Response <init>
WARNING: username already exists
Apr 13, 2021 6:54:37 PM Server.Domain.CommonClasses.Response <init>
WARNING: user doesn't exist
Apr 13, 2021 6:54:37 PM Server.Domain.CommonClasses.Response <init>
WARNING: The user is not allowed to add products to the store
Apr 13, 2021 6:54:37 PM Server.Domain.CommonClasses.Response <init>
WARNING: User not allowed to add permissions to this user
Apr 13, 2021 6:54:37 PM Server.Domain.CommonClasses.Response <init>
WARNING: The user is not allowed to add products to the store
Apr 13, 2021 6:54:37 PM Server.Domain.CommonClasses.Response <init>
WARNING: username already exists
Apr 13, 2021 6:54:37 PM Server.Domain.CommonClasses.Response <init>
WARNING: username already exists
Apr 13, 2021 6:54:37 PM Server.Domain.CommonClasses.Response <init>
WARNING: username already exists
Apr 13, 2021 6:54:37 PM Server.Domain.CommonClasses.Response <init>
WARNING: username already exists
Apr 13, 2021 6:54:37 PM Server.Domain.CommonClasses.Response <init>
WARNING: user doesn't exist
Apr 13, 2021 6:54:37 PM Server.Domain.CommonClasses.Response <init>
WARNING: user not appointed by this appointer
Apr 13, 2021 6:54:37 PM Server.Domain.CommonClasses.Response <init>
WARNING: username already exists
Apr 13, 2021 6:54:37 PM Server.Domain.CommonClasses.Response <init>
WARNING: username already exists
Apr 13, 2021 6:54:37 PM Server.Domain.CommonClasses.Response <init>
WARNING: The user is not allowed to add products to the store
Apr 13, 2021 6:54:37 PM Server.Domain.CommonClasses.Response <init>
WARNING: username already exists
Apr 13, 2021 6:54:37 PM Server.Domain.CommonClasses.Response <init>
WARNING: username already exists
Apr 13, 2021 6:54:37 PM Server.Domain.CommonClasses.Response <init>
WARNING: The user is not allowed to edit products information in the store
Apr 13, 2021 6:54:37 PM Server.Domain.CommonClasses.Response <init>
WARNING: username already exists
Apr 13, 2021 6:54:37 PM Server.Domain.CommonClasses.Response <init>
WARNING: username already exists
Apr 13, 2021 6:54:37 PM Server.Domain.CommonClasses.Response <init>
WARNING: User not allowed to view user's purchase
Apr 13, 2021 6:54:37 PM Server.Domain.CommonClasses.Response <init>
WARNING: User not allowed to view user's purchase
Apr 13, 2021 6:54:37 PM Server.Domain.CommonClasses.Response <init>
WARNING: username already exists
Apr 13, 2021 6:54:37 PM Server.Domain.CommonClasses.Response <init>
WARNING: username already exists
Apr 13, 2021 6:54:37 PM Server.Domain.CommonClasses.Response <init>
WARNING: User isn't allowed to appoint manager
Apr 13, 2021 6:54:37 PM Server.Domain.CommonClasses.Response <init>
WARNING: user doesn't exist
Apr 13, 2021 6:54:37 PM Server.Domain.CommonClasses.Response <init>
WARNING: username already exists
Apr 13, 2021 6:54:37 PM Server.Domain.CommonClasses.Response <init>
WARNING: username already exists
Apr 13, 2021 6:54:37 PM Server.Domain.CommonClasses.Response <init>
WARNING: User is not allowed to register
Apr 13, 2021 6:54:37 PM Server.Domain.CommonClasses.Response <init>
WARNING: username already exists
Apr 13, 2021 6:54:37 PM Server.Domain.CommonClasses.Response <init>
WARNING: username already exists
Apr 13, 2021 6:54:37 PM Server.Domain.CommonClasses.Response <init>
WARNING: User not allowed to review product
Apr 13, 2021 6:54:37 PM Server.Domain.CommonClasses.Response <init>
WARNING: username already exists
Apr 13, 2021 6:54:37 PM Server.Domain.CommonClasses.Response <init>
WARNING: username already exists
Apr 13, 2021 6:54:37 PM Server.Domain.CommonClasses.Response <init>
WARNING: Not allowed to open store
Apr 13, 2021 6:54:37 PM Server.Domain.CommonClasses.Response <init>
WARNING: username already exists
Apr 13, 2021 6:54:37 PM Server.Domain.CommonClasses.Response <init>
WARNING: username already exists
Apr 13, 2021 6:54:37 PM Server.Domain.CommonClasses.Response <init>
WARNING: User not allowed to receive store history
Apr 13, 2021 6:54:37 PM Server.Domain.CommonClasses.Response <init>
WARNING: username already exists
Apr 13, 2021 6:54:37 PM Server.Domain.CommonClasses.Response <init>
WARNING: username already exists
Apr 13, 2021 6:54:37 PM Server.Domain.CommonClasses.Response <init>
WARNING: Delivery failed | created external connection
Apr 13, 2021 6:54:37 PM Server.Domain.CommonClasses.Response <init>
WARNING: Delivery failed | created external connection
Apr 13, 2021 6:54:37 PM Server.Domain.CommonClasses.Response <init>
WARNING: The given product wasn't purchased before
Apr 13, 2021 6:54:37 PM Server.Domain.CommonClasses.Response <init>
WARNING: username already exists
Apr 13, 2021 6:54:37 PM Server.Domain.CommonClasses.Response <init>
WARNING: username already exists
Apr 13, 2021 6:54:37 PM Server.Domain.CommonClasses.Response <init>
WARNING: Cannot logout without being logged in
Apr 13, 2021 8:14:23 PM Server.Domain.CommonClasses.Response <init>
WARNING: username already exists
Apr 13, 2021 8:14:23 PM Server.Domain.CommonClasses.Response <init>
WARNING: username already exists
Apr 13, 2021 8:14:23 PM Server.Domain.CommonClasses.Response <init>
WARNING: username already exists
Apr 13, 2021 8:14:23 PM Server.Domain.CommonClasses.Response <init>
WARNING: username already exists
Apr 13, 2021 8:14:23 PM Server.Domain.CommonClasses.Response <init>
WARNING: username already exists
Apr 13, 2021 8:14:23 PM Server.Domain.CommonClasses.Response <init>
WARNING: username already exists
Apr 13, 2021 8:14:23 PM Server.Domain.CommonClasses.Response <init>
WARNING: User not allowed to receive store workers information
Apr 13, 2021 8:14:23 PM Server.Domain.CommonClasses.Response <init>
WARNING: username already exists
Apr 13, 2021 8:14:23 PM Server.Domain.CommonClasses.Response <init>
WARNING: username already exists
Apr 13, 2021 8:14:23 PM Server.Domain.CommonClasses.Response <init>
WARNING: username already exists
Apr 13, 2021 8:14:23 PM Server.Domain.CommonClasses.Response <init>
WARNING: username already exists
Apr 13, 2021 8:14:23 PM Server.Domain.CommonClasses.Response <init>
WARNING: username already exists
Apr 13, 2021 8:14:23 PM Server.Domain.CommonClasses.Response <init>
WARNING: username already exists
Apr 13, 2021 8:14:23 PM Server.Domain.CommonClasses.Response <init>
WARNING: username already exists
Apr 13, 2021 8:14:23 PM Server.Domain.CommonClasses.Response <init>
WARNING: username already exists
Apr 13, 2021 8:14:23 PM Server.Domain.CommonClasses.Response <init>
WARNING: username already exists
Apr 13, 2021 8:14:23 PM Server.Domain.CommonClasses.Response <init>
WARNING: username already exists
Apr 13, 2021 8:14:23 PM Server.Domain.CommonClasses.Response <init>
WARNING: The user is not allowed to remove products from the store
Apr 13, 2021 8:14:23 PM Server.Domain.CommonClasses.Response <init>
WARNING: username already exists
Apr 13, 2021 8:14:23 PM Server.Domain.CommonClasses.Response <init>
WARNING: username already exists
Apr 13, 2021 8:14:23 PM Server.Domain.CommonClasses.Response <init>
WARNING: User isn't allowed to appoint owner
Apr 13, 2021 8:14:23 PM Server.Domain.CommonClasses.Response <init>
WARNING: user doesn't exist
Apr 13, 2021 8:14:23 PM Server.Domain.CommonClasses.Response <init>
WARNING: username already exists
Apr 13, 2021 8:14:23 PM Server.Domain.CommonClasses.Response <init>
WARNING: username already exists
Apr 13, 2021 8:14:23 PM Server.Domain.CommonClasses.Response <init>
WARNING: Inventory: This product doesn't exist
Apr 13, 2021 8:14:23 PM Server.Domain.CommonClasses.Response <init>
WARNING: username already exists
Apr 13, 2021 8:14:23 PM Server.Domain.CommonClasses.Response <init>
WARNING: username already exists
Apr 13, 2021 8:14:23 PM Server.Domain.CommonClasses.Response <init>
WARNING: user doesn't exist
Apr 13, 2021 8:14:23 PM Server.Domain.CommonClasses.Response <init>
WARNING: user not appointed by this appointer
Apr 13, 2021 8:14:23 PM Server.Domain.CommonClasses.Response <init>
WARNING: username already exists
Apr 13, 2021 8:14:23 PM Server.Domain.CommonClasses.Response <init>
WARNING: username already exists
Apr 13, 2021 8:14:23 PM Server.Domain.CommonClasses.Response <init>
WARNING: User not allowed to view purchase history
Apr 13, 2021 8:14:23 PM Server.Domain.CommonClasses.Response <init>
WARNING: username already exists
Apr 13, 2021 8:14:23 PM Server.Domain.CommonClasses.Response <init>
WARNING: username already exists
Apr 13, 2021 8:14:23 PM Server.Domain.CommonClasses.Response <init>
WARNING: user doesn't exist
Apr 13, 2021 8:14:23 PM Server.Domain.CommonClasses.Response <init>
WARNING: The user is not allowed to add products to the store
Apr 13, 2021 8:14:23 PM Server.Domain.CommonClasses.Response <init>
WARNING: User not allowed to add permissions to this user
Apr 13, 2021 8:14:23 PM Server.Domain.CommonClasses.Response <init>
WARNING: The user is not allowed to add products to the store
Apr 13, 2021 8:14:23 PM Server.Domain.CommonClasses.Response <init>
WARNING: username already exists
Apr 13, 2021 8:14:23 PM Server.Domain.CommonClasses.Response <init>
WARNING: username already exists
Apr 13, 2021 8:14:23 PM Server.Domain.CommonClasses.Response <init>
WARNING: username already exists
Apr 13, 2021 8:14:23 PM Server.Domain.CommonClasses.Response <init>
WARNING: username already exists
Apr 13, 2021 8:14:23 PM Server.Domain.CommonClasses.Response <init>
WARNING: user doesn't exist
Apr 13, 2021 8:14:23 PM Server.Domain.CommonClasses.Response <init>
WARNING: user not appointed by this appointer
Apr 13, 2021 8:14:23 PM Server.Domain.CommonClasses.Response <init>
WARNING: username already exists
Apr 13, 2021 8:14:23 PM Server.Domain.CommonClasses.Response <init>
WARNING: username already exists
Apr 13, 2021 8:14:23 PM Server.Domain.CommonClasses.Response <init>
WARNING: The user is not allowed to add products to the store
Apr 13, 2021 8:14:23 PM Server.Domain.CommonClasses.Response <init>
WARNING: username already exists
Apr 13, 2021 8:14:23 PM Server.Domain.CommonClasses.Response <init>
WARNING: username already exists
Apr 13, 2021 8:14:23 PM Server.Domain.CommonClasses.Response <init>
WARNING: The user is not allowed to edit products information in the store
Apr 13, 2021 8:14:23 PM Server.Domain.CommonClasses.Response <init>
WARNING: username already exists
Apr 13, 2021 8:14:23 PM Server.Domain.CommonClasses.Response <init>
WARNING: username already exists
Apr 13, 2021 8:14:23 PM Server.Domain.CommonClasses.Response <init>
WARNING: User not allowed to view user's purchase
Apr 13, 2021 8:14:23 PM Server.Domain.CommonClasses.Response <init>
WARNING: User not allowed to view user's purchase
Apr 13, 2021 8:14:23 PM Server.Domain.CommonClasses.Response <init>
WARNING: username already exists
Apr 13, 2021 8:14:23 PM Server.Domain.CommonClasses.Response <init>
WARNING: username already exists
Apr 13, 2021 8:14:23 PM Server.Domain.CommonClasses.Response <init>
WARNING: User isn't allowed to appoint manager
Apr 13, 2021 8:14:23 PM Server.Domain.CommonClasses.Response <init>
WARNING: user doesn't exist
Apr 13, 2021 8:14:23 PM Server.Domain.CommonClasses.Response <init>
WARNING: username already exists
Apr 13, 2021 8:14:23 PM Server.Domain.CommonClasses.Response <init>
WARNING: username already exists
Apr 13, 2021 8:14:23 PM Server.Domain.CommonClasses.Response <init>
WARNING: User is not allowed to register
Apr 13, 2021 8:14:23 PM Server.Domain.CommonClasses.Response <init>
WARNING: username already exists
Apr 13, 2021 8:14:23 PM Server.Domain.CommonClasses.Response <init>
WARNING: username already exists
Apr 13, 2021 8:14:23 PM Server.Domain.CommonClasses.Response <init>
WARNING: User not allowed to review product
Apr 13, 2021 8:14:23 PM Server.Domain.CommonClasses.Response <init>
WARNING: username already exists
Apr 13, 2021 8:14:23 PM Server.Domain.CommonClasses.Response <init>
WARNING: username already exists
Apr 13, 2021 8:14:23 PM Server.Domain.CommonClasses.Response <init>
WARNING: Not allowed to open store
Apr 13, 2021 8:14:23 PM Server.Domain.CommonClasses.Response <init>
WARNING: username already exists
Apr 13, 2021 8:14:23 PM Server.Domain.CommonClasses.Response <init>
WARNING: username already exists
Apr 13, 2021 8:14:23 PM Server.Domain.CommonClasses.Response <init>
WARNING: User not allowed to receive store history
Apr 13, 2021 8:14:23 PM Server.Domain.CommonClasses.Response <init>
WARNING: username already exists
Apr 13, 2021 8:14:23 PM Server.Domain.CommonClasses.Response <init>
WARNING: username already exists
Apr 13, 2021 8:14:23 PM Server.Domain.CommonClasses.Response <init>
WARNING: Delivery failed | created external connection
Apr 13, 2021 8:14:23 PM Server.Domain.CommonClasses.Response <init>
WARNING: Delivery failed | created external connection
Apr 13, 2021 8:14:23 PM Server.Domain.CommonClasses.Response <init>
WARNING: The given product wasn't purchased before
Apr 13, 2021 8:14:23 PM Server.Domain.CommonClasses.Response <init>
WARNING: username already exists
Apr 13, 2021 8:14:23 PM Server.Domain.CommonClasses.Response <init>
WARNING: username already exists
Apr 13, 2021 8:14:23 PM Server.Domain.CommonClasses.Response <init>
WARNING: Cannot logout without being logged in
Apr 13, 2021 8:18:09 PM Server.Domain.CommonClasses.Response <init>
WARNING: username already exists
Apr 13, 2021 8:18:09 PM Server.Domain.CommonClasses.Response <init>
WARNING: username already exists
Apr 13, 2021 8:18:09 PM Server.Domain.CommonClasses.Response <init>
WARNING: username already exists
Apr 13, 2021 8:18:09 PM Server.Domain.CommonClasses.Response <init>
WARNING: username already exists
Apr 13, 2021 8:18:09 PM Server.Domain.CommonClasses.Response <init>
WARNING: username already exists
Apr 13, 2021 8:18:09 PM Server.Domain.CommonClasses.Response <init>
WARNING: username already exists
Apr 13, 2021 8:18:09 PM Server.Domain.CommonClasses.Response <init>
WARNING: User not allowed to receive store workers information
Apr 13, 2021 8:18:09 PM Server.Domain.CommonClasses.Response <init>
WARNING: username already exists
Apr 13, 2021 8:18:09 PM Server.Domain.CommonClasses.Response <init>
WARNING: username already exists
Apr 13, 2021 8:18:09 PM Server.Domain.CommonClasses.Response <init>
WARNING: username already exists
Apr 13, 2021 8:18:09 PM Server.Domain.CommonClasses.Response <init>
WARNING: username already exists
Apr 13, 2021 8:18:09 PM Server.Domain.CommonClasses.Response <init>
WARNING: username already exists
Apr 13, 2021 8:18:09 PM Server.Domain.CommonClasses.Response <init>
WARNING: username already exists
Apr 13, 2021 8:18:09 PM Server.Domain.CommonClasses.Response <init>
WARNING: username already exists
Apr 13, 2021 8:18:09 PM Server.Domain.CommonClasses.Response <init>
WARNING: username already exists
Apr 13, 2021 8:18:09 PM Server.Domain.CommonClasses.Response <init>
WARNING: username already exists
Apr 13, 2021 8:18:09 PM Server.Domain.CommonClasses.Response <init>
WARNING: username already exists
Apr 13, 2021 8:18:09 PM Server.Domain.CommonClasses.Response <init>
WARNING: The user is not allowed to remove products from the store
Apr 13, 2021 8:18:09 PM Server.Domain.CommonClasses.Response <init>
WARNING: username already exists
Apr 13, 2021 8:18:09 PM Server.Domain.CommonClasses.Response <init>
WARNING: username already exists
Apr 13, 2021 8:18:09 PM Server.Domain.CommonClasses.Response <init>
WARNING: User isn't allowed to appoint owner
Apr 13, 2021 8:18:09 PM Server.Domain.CommonClasses.Response <init>
WARNING: user doesn't exist
Apr 13, 2021 8:18:09 PM Server.Domain.CommonClasses.Response <init>
WARNING: username already exists
Apr 13, 2021 8:18:09 PM Server.Domain.CommonClasses.Response <init>
WARNING: username already exists
Apr 13, 2021 8:18:09 PM Server.Domain.CommonClasses.Response <init>
WARNING: Inventory: This product doesn't exist
Apr 13, 2021 8:18:09 PM Server.Domain.CommonClasses.Response <init>
WARNING: username already exists
Apr 13, 2021 8:18:09 PM Server.Domain.CommonClasses.Response <init>
WARNING: username already exists
Apr 13, 2021 8:18:09 PM Server.Domain.CommonClasses.Response <init>
WARNING: user doesn't exist
Apr 13, 2021 8:18:09 PM Server.Domain.CommonClasses.Response <init>
WARNING: user not appointed by this appointer
Apr 13, 2021 8:18:09 PM Server.Domain.CommonClasses.Response <init>
WARNING: username already exists
Apr 13, 2021 8:18:09 PM Server.Domain.CommonClasses.Response <init>
WARNING: username already exists
Apr 13, 2021 8:18:09 PM Server.Domain.CommonClasses.Response <init>
WARNING: User not allowed to view purchase history
Apr 13, 2021 8:18:09 PM Server.Domain.CommonClasses.Response <init>
WARNING: username already exists
Apr 13, 2021 8:18:09 PM Server.Domain.CommonClasses.Response <init>
WARNING: username already exists
Apr 13, 2021 8:18:09 PM Server.Domain.CommonClasses.Response <init>
WARNING: user doesn't exist
Apr 13, 2021 8:18:09 PM Server.Domain.CommonClasses.Response <init>
WARNING: The user is not allowed to add products to the store
Apr 13, 2021 8:18:09 PM Server.Domain.CommonClasses.Response <init>
WARNING: User not allowed to add permissions to this user
Apr 13, 2021 8:18:09 PM Server.Domain.CommonClasses.Response <init>
WARNING: The user is not allowed to add products to the store
Apr 13, 2021 8:18:09 PM Server.Domain.CommonClasses.Response <init>
WARNING: username already exists
Apr 13, 2021 8:18:09 PM Server.Domain.CommonClasses.Response <init>
WARNING: username already exists
Apr 13, 2021 8:18:09 PM Server.Domain.CommonClasses.Response <init>
WARNING: username already exists
Apr 13, 2021 8:18:09 PM Server.Domain.CommonClasses.Response <init>
WARNING: username already exists
Apr 13, 2021 8:18:09 PM Server.Domain.CommonClasses.Response <init>
WARNING: user doesn't exist
Apr 13, 2021 8:18:09 PM Server.Domain.CommonClasses.Response <init>
WARNING: user not appointed by this appointer
Apr 13, 2021 8:18:09 PM Server.Domain.CommonClasses.Response <init>
WARNING: username already exists
Apr 13, 2021 8:18:09 PM Server.Domain.CommonClasses.Response <init>
WARNING: username already exists
Apr 13, 2021 8:18:09 PM Server.Domain.CommonClasses.Response <init>
WARNING: The user is not allowed to add products to the store
Apr 13, 2021 8:18:09 PM Server.Domain.CommonClasses.Response <init>
WARNING: username already exists
Apr 13, 2021 8:18:09 PM Server.Domain.CommonClasses.Response <init>
WARNING: username already exists
Apr 13, 2021 8:18:09 PM Server.Domain.CommonClasses.Response <init>
WARNING: The user is not allowed to edit products information in the store
Apr 13, 2021 8:18:09 PM Server.Domain.CommonClasses.Response <init>
WARNING: username already exists
Apr 13, 2021 8:18:09 PM Server.Domain.CommonClasses.Response <init>
WARNING: username already exists
Apr 13, 2021 8:18:09 PM Server.Domain.CommonClasses.Response <init>
WARNING: User not allowed to view user's purchase
Apr 13, 2021 8:18:09 PM Server.Domain.CommonClasses.Response <init>
WARNING: User not allowed to view user's purchase
Apr 13, 2021 8:18:09 PM Server.Domain.CommonClasses.Response <init>
WARNING: username already exists
Apr 13, 2021 8:18:09 PM Server.Domain.CommonClasses.Response <init>
WARNING: username already exists
Apr 13, 2021 8:18:09 PM Server.Domain.CommonClasses.Response <init>
WARNING: User isn't allowed to appoint manager
Apr 13, 2021 8:18:09 PM Server.Domain.CommonClasses.Response <init>
WARNING: user doesn't exist
Apr 13, 2021 8:18:09 PM Server.Domain.CommonClasses.Response <init>
WARNING: username already exists
Apr 13, 2021 8:18:09 PM Server.Domain.CommonClasses.Response <init>
WARNING: username already exists
Apr 13, 2021 8:18:09 PM Server.Domain.CommonClasses.Response <init>
WARNING: User is not allowed to register
Apr 13, 2021 8:18:09 PM Server.Domain.CommonClasses.Response <init>
WARNING: username already exists
Apr 13, 2021 8:18:09 PM Server.Domain.CommonClasses.Response <init>
WARNING: username already exists
Apr 13, 2021 8:18:09 PM Server.Domain.CommonClasses.Response <init>
WARNING: User not allowed to review product
Apr 13, 2021 8:18:09 PM Server.Domain.CommonClasses.Response <init>
WARNING: username already exists
Apr 13, 2021 8:18:09 PM Server.Domain.CommonClasses.Response <init>
WARNING: username already exists
Apr 13, 2021 8:18:09 PM Server.Domain.CommonClasses.Response <init>
WARNING: Not allowed to open store
Apr 13, 2021 8:18:09 PM Server.Domain.CommonClasses.Response <init>
WARNING: username already exists
Apr 13, 2021 8:18:09 PM Server.Domain.CommonClasses.Response <init>
WARNING: username already exists
Apr 13, 2021 8:18:09 PM Server.Domain.CommonClasses.Response <init>
WARNING: User not allowed to receive store history
Apr 13, 2021 8:18:09 PM Server.Domain.CommonClasses.Response <init>
WARNING: username already exists
Apr 13, 2021 8:18:09 PM Server.Domain.CommonClasses.Response <init>
WARNING: username already exists
Apr 13, 2021 8:18:09 PM Server.Domain.CommonClasses.Response <init>
WARNING: Delivery failed | created external connection
Apr 13, 2021 8:18:09 PM Server.Domain.CommonClasses.Response <init>
WARNING: Delivery failed | created external connection
Apr 13, 2021 8:18:09 PM Server.Domain.CommonClasses.Response <init>
WARNING: The given product wasn't purchased before
Apr 13, 2021 8:18:09 PM Server.Domain.CommonClasses.Response <init>
WARNING: username already exists
Apr 13, 2021 8:18:09 PM Server.Domain.CommonClasses.Response <init>
WARNING: username already exists
Apr 13, 2021 8:18:09 PM Server.Domain.CommonClasses.Response <init>
WARNING: Cannot logout without being logged in
Apr 13, 2021 8:20:24 PM Server.Domain.CommonClasses.Response <init>
WARNING: username already exists
Apr 13, 2021 8:20:24 PM Server.Domain.CommonClasses.Response <init>
WARNING: username already exists
Apr 13, 2021 8:20:24 PM Server.Domain.CommonClasses.Response <init>
WARNING: username already exists
Apr 13, 2021 8:20:24 PM Server.Domain.CommonClasses.Response <init>
WARNING: username already exists
Apr 13, 2021 8:20:24 PM Server.Domain.CommonClasses.Response <init>
WARNING: username already exists
Apr 13, 2021 8:20:24 PM Server.Domain.CommonClasses.Response <init>
WARNING: username already exists
Apr 13, 2021 8:20:24 PM Server.Domain.CommonClasses.Response <init>
WARNING: User not allowed to receive store workers information
Apr 13, 2021 8:20:24 PM Server.Domain.CommonClasses.Response <init>
WARNING: username already exists
Apr 13, 2021 8:20:24 PM Server.Domain.CommonClasses.Response <init>
WARNING: username already exists
Apr 13, 2021 8:20:24 PM Server.Domain.CommonClasses.Response <init>
WARNING: username already exists
Apr 13, 2021 8:20:24 PM Server.Domain.CommonClasses.Response <init>
WARNING: username already exists
Apr 13, 2021 8:20:24 PM Server.Domain.CommonClasses.Response <init>
WARNING: username already exists
Apr 13, 2021 8:20:24 PM Server.Domain.CommonClasses.Response <init>
WARNING: username already exists
Apr 13, 2021 8:20:24 PM Server.Domain.CommonClasses.Response <init>
WARNING: username already exists
Apr 13, 2021 8:20:24 PM Server.Domain.CommonClasses.Response <init>
WARNING: username already exists
Apr 13, 2021 8:20:24 PM Server.Domain.CommonClasses.Response <init>
WARNING: username already exists
Apr 13, 2021 8:20:24 PM Server.Domain.CommonClasses.Response <init>
WARNING: username already exists
Apr 13, 2021 8:20:24 PM Server.Domain.CommonClasses.Response <init>
WARNING: The user is not allowed to remove products from the store
Apr 13, 2021 8:20:24 PM Server.Domain.CommonClasses.Response <init>
WARNING: username already exists
Apr 13, 2021 8:20:24 PM Server.Domain.CommonClasses.Response <init>
WARNING: username already exists
Apr 13, 2021 8:20:24 PM Server.Domain.CommonClasses.Response <init>
WARNING: User isn't allowed to appoint owner
Apr 13, 2021 8:20:24 PM Server.Domain.CommonClasses.Response <init>
WARNING: user doesn't exist
Apr 13, 2021 8:20:24 PM Server.Domain.CommonClasses.Response <init>
WARNING: username already exists
Apr 13, 2021 8:20:24 PM Server.Domain.CommonClasses.Response <init>
WARNING: username already exists
Apr 13, 2021 8:20:24 PM Server.Domain.CommonClasses.Response <init>
WARNING: Inventory: This product doesn't exist
Apr 13, 2021 8:20:24 PM Server.Domain.CommonClasses.Response <init>
WARNING: username already exists
Apr 13, 2021 8:20:24 PM Server.Domain.CommonClasses.Response <init>
WARNING: username already exists
Apr 13, 2021 8:20:24 PM Server.Domain.CommonClasses.Response <init>
WARNING: user doesn't exist
Apr 13, 2021 8:20:24 PM Server.Domain.CommonClasses.Response <init>
WARNING: user not appointed by this appointer
Apr 13, 2021 8:20:24 PM Server.Domain.CommonClasses.Response <init>
WARNING: username already exists
Apr 13, 2021 8:20:24 PM Server.Domain.CommonClasses.Response <init>
WARNING: username already exists
Apr 13, 2021 8:20:24 PM Server.Domain.CommonClasses.Response <init>
WARNING: User not allowed to view purchase history
Apr 13, 2021 8:20:24 PM Server.Domain.CommonClasses.Response <init>
WARNING: username already exists
Apr 13, 2021 8:20:24 PM Server.Domain.CommonClasses.Response <init>
WARNING: username already exists
Apr 13, 2021 8:20:24 PM Server.Domain.CommonClasses.Response <init>
WARNING: user doesn't exist
Apr 13, 2021 8:20:24 PM Server.Domain.CommonClasses.Response <init>
WARNING: The user is not allowed to add products to the store
Apr 13, 2021 8:20:24 PM Server.Domain.CommonClasses.Response <init>
WARNING: User not allowed to add permissions to this user
Apr 13, 2021 8:20:24 PM Server.Domain.CommonClasses.Response <init>
WARNING: The user is not allowed to add products to the store
Apr 13, 2021 8:20:24 PM Server.Domain.CommonClasses.Response <init>
WARNING: username already exists
Apr 13, 2021 8:20:24 PM Server.Domain.CommonClasses.Response <init>
WARNING: username already exists
Apr 13, 2021 8:20:24 PM Server.Domain.CommonClasses.Response <init>
WARNING: username already exists
Apr 13, 2021 8:20:24 PM Server.Domain.CommonClasses.Response <init>
WARNING: username already exists
Apr 13, 2021 8:20:24 PM Server.Domain.CommonClasses.Response <init>
WARNING: user doesn't exist
Apr 13, 2021 8:20:24 PM Server.Domain.CommonClasses.Response <init>
WARNING: user not appointed by this appointer
Apr 13, 2021 8:20:24 PM Server.Domain.CommonClasses.Response <init>
WARNING: username already exists
Apr 13, 2021 8:20:24 PM Server.Domain.CommonClasses.Response <init>
WARNING: username already exists
Apr 13, 2021 8:20:24 PM Server.Domain.CommonClasses.Response <init>
WARNING: The user is not allowed to add products to the store
Apr 13, 2021 8:20:24 PM Server.Domain.CommonClasses.Response <init>
WARNING: username already exists
Apr 13, 2021 8:20:24 PM Server.Domain.CommonClasses.Response <init>
WARNING: username already exists
Apr 13, 2021 8:20:24 PM Server.Domain.CommonClasses.Response <init>
WARNING: The user is not allowed to edit products information in the store
Apr 13, 2021 8:20:24 PM Server.Domain.CommonClasses.Response <init>
WARNING: username already exists
Apr 13, 2021 8:20:24 PM Server.Domain.CommonClasses.Response <init>
WARNING: username already exists
Apr 13, 2021 8:20:24 PM Server.Domain.CommonClasses.Response <init>
WARNING: User not allowed to view user's purchase
Apr 13, 2021 8:20:24 PM Server.Domain.CommonClasses.Response <init>
WARNING: User not allowed to view user's purchase
Apr 13, 2021 8:20:24 PM Server.Domain.CommonClasses.Response <init>
WARNING: username already exists
Apr 13, 2021 8:20:24 PM Server.Domain.CommonClasses.Response <init>
WARNING: username already exists
Apr 13, 2021 8:20:24 PM Server.Domain.CommonClasses.Response <init>
WARNING: User isn't allowed to appoint manager
Apr 13, 2021 8:20:24 PM Server.Domain.CommonClasses.Response <init>
WARNING: user doesn't exist
Apr 13, 2021 8:20:24 PM Server.Domain.CommonClasses.Response <init>
WARNING: username already exists
Apr 13, 2021 8:20:24 PM Server.Domain.CommonClasses.Response <init>
WARNING: username already exists
Apr 13, 2021 8:20:24 PM Server.Domain.CommonClasses.Response <init>
WARNING: User is not allowed to register
Apr 13, 2021 8:20:24 PM Server.Domain.CommonClasses.Response <init>
WARNING: username already exists
Apr 13, 2021 8:20:24 PM Server.Domain.CommonClasses.Response <init>
WARNING: username already exists
Apr 13, 2021 8:20:24 PM Server.Domain.CommonClasses.Response <init>
WARNING: User not allowed to review product
Apr 13, 2021 8:20:24 PM Server.Domain.CommonClasses.Response <init>
WARNING: username already exists
Apr 13, 2021 8:20:24 PM Server.Domain.CommonClasses.Response <init>
WARNING: username already exists
Apr 13, 2021 8:20:24 PM Server.Domain.CommonClasses.Response <init>
WARNING: Not allowed to open store
Apr 13, 2021 8:20:24 PM Server.Domain.CommonClasses.Response <init>
WARNING: username already exists
Apr 13, 2021 8:20:24 PM Server.Domain.CommonClasses.Response <init>
WARNING: username already exists
Apr 13, 2021 8:20:24 PM Server.Domain.CommonClasses.Response <init>
WARNING: User not allowed to receive store history
Apr 13, 2021 8:20:24 PM Server.Domain.CommonClasses.Response <init>
WARNING: username already exists
Apr 13, 2021 8:20:24 PM Server.Domain.CommonClasses.Response <init>
WARNING: username already exists
Apr 13, 2021 8:20:24 PM Server.Domain.CommonClasses.Response <init>
WARNING: Delivery failed | created external connection
Apr 13, 2021 8:20:24 PM Server.Domain.CommonClasses.Response <init>
WARNING: Delivery failed | created external connection
Apr 13, 2021 8:20:24 PM Server.Domain.CommonClasses.Response <init>
WARNING: The given product wasn't purchased before
Apr 13, 2021 8:20:24 PM Server.Domain.CommonClasses.Response <init>
WARNING: username already exists
Apr 13, 2021 8:20:24 PM Server.Domain.CommonClasses.Response <init>
WARNING: username already exists
Apr 13, 2021 8:20:24 PM Server.Domain.CommonClasses.Response <init>
WARNING: Cannot logout without being logged in
Apr 13, 2021 8:21:19 PM Server.Domain.CommonClasses.Response <init>
WARNING: username already exists
Apr 13, 2021 8:21:19 PM Server.Domain.CommonClasses.Response <init>
WARNING: username already exists
Apr 13, 2021 8:21:19 PM Server.Domain.CommonClasses.Response <init>
WARNING: username already exists
Apr 13, 2021 8:21:19 PM Server.Domain.CommonClasses.Response <init>
WARNING: username already exists
Apr 13, 2021 8:21:19 PM Server.Domain.CommonClasses.Response <init>
WARNING: username already exists
Apr 13, 2021 8:21:19 PM Server.Domain.CommonClasses.Response <init>
WARNING: username already exists
Apr 13, 2021 8:21:19 PM Server.Domain.CommonClasses.Response <init>
WARNING: User not allowed to receive store workers information
Apr 13, 2021 8:21:19 PM Server.Domain.CommonClasses.Response <init>
WARNING: username already exists
Apr 13, 2021 8:21:19 PM Server.Domain.CommonClasses.Response <init>
WARNING: username already exists
Apr 13, 2021 8:21:19 PM Server.Domain.CommonClasses.Response <init>
WARNING: username already exists
Apr 13, 2021 8:21:19 PM Server.Domain.CommonClasses.Response <init>
WARNING: username already exists
Apr 13, 2021 8:21:19 PM Server.Domain.CommonClasses.Response <init>
WARNING: username already exists
Apr 13, 2021 8:21:19 PM Server.Domain.CommonClasses.Response <init>
WARNING: username already exists
Apr 13, 2021 8:21:19 PM Server.Domain.CommonClasses.Response <init>
WARNING: username already exists
Apr 13, 2021 8:21:19 PM Server.Domain.CommonClasses.Response <init>
WARNING: username already exists
Apr 13, 2021 8:21:19 PM Server.Domain.CommonClasses.Response <init>
WARNING: username already exists
Apr 13, 2021 8:21:19 PM Server.Domain.CommonClasses.Response <init>
WARNING: username already exists
Apr 13, 2021 8:21:19 PM Server.Domain.CommonClasses.Response <init>
WARNING: The user is not allowed to remove products from the store
Apr 13, 2021 8:21:19 PM Server.Domain.CommonClasses.Response <init>
WARNING: username already exists
Apr 13, 2021 8:21:19 PM Server.Domain.CommonClasses.Response <init>
WARNING: username already exists
Apr 13, 2021 8:21:19 PM Server.Domain.CommonClasses.Response <init>
WARNING: User isn't allowed to appoint owner
Apr 13, 2021 8:21:19 PM Server.Domain.CommonClasses.Response <init>
WARNING: user doesn't exist
Apr 13, 2021 8:21:19 PM Server.Domain.CommonClasses.Response <init>
WARNING: username already exists
Apr 13, 2021 8:21:19 PM Server.Domain.CommonClasses.Response <init>
WARNING: username already exists
Apr 13, 2021 8:21:19 PM Server.Domain.CommonClasses.Response <init>
WARNING: Inventory: This product doesn't exist
Apr 13, 2021 8:21:19 PM Server.Domain.CommonClasses.Response <init>
WARNING: username already exists
Apr 13, 2021 8:21:19 PM Server.Domain.CommonClasses.Response <init>
WARNING: username already exists
Apr 13, 2021 8:21:19 PM Server.Domain.CommonClasses.Response <init>
WARNING: user doesn't exist
Apr 13, 2021 8:21:19 PM Server.Domain.CommonClasses.Response <init>
WARNING: user not appointed by this appointer
Apr 13, 2021 8:21:19 PM Server.Domain.CommonClasses.Response <init>
WARNING: username already exists
Apr 13, 2021 8:21:19 PM Server.Domain.CommonClasses.Response <init>
WARNING: username already exists
Apr 13, 2021 8:21:19 PM Server.Domain.CommonClasses.Response <init>
WARNING: User not allowed to view purchase history
Apr 13, 2021 8:21:19 PM Server.Domain.CommonClasses.Response <init>
WARNING: username already exists
Apr 13, 2021 8:21:19 PM Server.Domain.CommonClasses.Response <init>
WARNING: username already exists
Apr 13, 2021 8:21:19 PM Server.Domain.CommonClasses.Response <init>
WARNING: user doesn't exist
Apr 13, 2021 8:21:19 PM Server.Domain.CommonClasses.Response <init>
WARNING: The user is not allowed to add products to the store
Apr 13, 2021 8:21:19 PM Server.Domain.CommonClasses.Response <init>
WARNING: User not allowed to add permissions to this user
Apr 13, 2021 8:21:19 PM Server.Domain.CommonClasses.Response <init>
WARNING: The user is not allowed to add products to the store
Apr 13, 2021 8:21:19 PM Server.Domain.CommonClasses.Response <init>
WARNING: username already exists
Apr 13, 2021 8:21:19 PM Server.Domain.CommonClasses.Response <init>
WARNING: username already exists
Apr 13, 2021 8:21:19 PM Server.Domain.CommonClasses.Response <init>
WARNING: username already exists
Apr 13, 2021 8:21:19 PM Server.Domain.CommonClasses.Response <init>
WARNING: username already exists
Apr 13, 2021 8:21:19 PM Server.Domain.CommonClasses.Response <init>
WARNING: user doesn't exist
Apr 13, 2021 8:21:19 PM Server.Domain.CommonClasses.Response <init>
WARNING: user not appointed by this appointer
Apr 13, 2021 8:21:19 PM Server.Domain.CommonClasses.Response <init>
WARNING: username already exists
Apr 13, 2021 8:21:19 PM Server.Domain.CommonClasses.Response <init>
WARNING: username already exists
Apr 13, 2021 8:21:19 PM Server.Domain.CommonClasses.Response <init>
WARNING: The user is not allowed to add products to the store
Apr 13, 2021 8:21:19 PM Server.Domain.CommonClasses.Response <init>
WARNING: username already exists
Apr 13, 2021 8:21:19 PM Server.Domain.CommonClasses.Response <init>
WARNING: username already exists
Apr 13, 2021 8:21:19 PM Server.Domain.CommonClasses.Response <init>
WARNING: The user is not allowed to edit products information in the store
Apr 13, 2021 8:21:19 PM Server.Domain.CommonClasses.Response <init>
WARNING: username already exists
Apr 13, 2021 8:21:19 PM Server.Domain.CommonClasses.Response <init>
WARNING: username already exists
Apr 13, 2021 8:21:19 PM Server.Domain.CommonClasses.Response <init>
WARNING: User not allowed to view user's purchase
Apr 13, 2021 8:21:19 PM Server.Domain.CommonClasses.Response <init>
WARNING: User not allowed to view user's purchase
Apr 13, 2021 8:21:19 PM Server.Domain.CommonClasses.Response <init>
WARNING: username already exists
Apr 13, 2021 8:21:19 PM Server.Domain.CommonClasses.Response <init>
WARNING: username already exists
Apr 13, 2021 8:21:19 PM Server.Domain.CommonClasses.Response <init>
WARNING: User isn't allowed to appoint manager
Apr 13, 2021 8:21:19 PM Server.Domain.CommonClasses.Response <init>
WARNING: user doesn't exist
Apr 13, 2021 8:21:19 PM Server.Domain.CommonClasses.Response <init>
WARNING: username already exists
Apr 13, 2021 8:21:19 PM Server.Domain.CommonClasses.Response <init>
WARNING: username already exists
Apr 13, 2021 8:21:19 PM Server.Domain.CommonClasses.Response <init>
WARNING: User is not allowed to register
Apr 13, 2021 8:21:19 PM Server.Domain.CommonClasses.Response <init>
WARNING: username already exists
Apr 13, 2021 8:21:19 PM Server.Domain.CommonClasses.Response <init>
WARNING: username already exists
Apr 13, 2021 8:21:19 PM Server.Domain.CommonClasses.Response <init>
WARNING: User not allowed to review product
Apr 13, 2021 8:21:19 PM Server.Domain.CommonClasses.Response <init>
WARNING: username already exists
Apr 13, 2021 8:21:19 PM Server.Domain.CommonClasses.Response <init>
WARNING: username already exists
Apr 13, 2021 8:21:19 PM Server.Domain.CommonClasses.Response <init>
WARNING: Not allowed to open store
Apr 13, 2021 8:21:19 PM Server.Domain.CommonClasses.Response <init>
WARNING: username already exists
Apr 13, 2021 8:21:19 PM Server.Domain.CommonClasses.Response <init>
WARNING: username already exists
Apr 13, 2021 8:21:19 PM Server.Domain.CommonClasses.Response <init>
WARNING: User not allowed to receive store history
Apr 13, 2021 8:21:19 PM Server.Domain.CommonClasses.Response <init>
WARNING: username already exists
Apr 13, 2021 8:21:19 PM Server.Domain.CommonClasses.Response <init>
WARNING: username already exists
Apr 13, 2021 8:21:19 PM Server.Domain.CommonClasses.Response <init>
WARNING: Delivery failed | created external connection
Apr 13, 2021 8:21:19 PM Server.Domain.CommonClasses.Response <init>
WARNING: Delivery failed | created external connection
Apr 13, 2021 8:21:19 PM Server.Domain.CommonClasses.Response <init>
WARNING: The given product wasn't purchased before
Apr 13, 2021 8:21:19 PM Server.Domain.CommonClasses.Response <init>
WARNING: username already exists
Apr 13, 2021 8:21:19 PM Server.Domain.CommonClasses.Response <init>
WARNING: username already exists
Apr 13, 2021 8:21:19 PM Server.Domain.CommonClasses.Response <init>
WARNING: Cannot logout without being logged in
Apr 13, 2021 8:21:47 PM Server.Domain.CommonClasses.Response <init>
WARNING: username already exists
Apr 13, 2021 8:21:47 PM Server.Domain.CommonClasses.Response <init>
WARNING: username already exists
Apr 13, 2021 8:21:47 PM Server.Domain.CommonClasses.Response <init>
WARNING: username already exists
Apr 13, 2021 8:21:47 PM Server.Domain.CommonClasses.Response <init>
WARNING: username already exists
Apr 13, 2021 8:21:47 PM Server.Domain.CommonClasses.Response <init>
WARNING: username already exists
Apr 13, 2021 8:21:47 PM Server.Domain.CommonClasses.Response <init>
WARNING: username already exists
Apr 13, 2021 8:21:47 PM Server.Domain.CommonClasses.Response <init>
WARNING: User not allowed to receive store workers information
Apr 13, 2021 8:21:47 PM Server.Domain.CommonClasses.Response <init>
WARNING: username already exists
Apr 13, 2021 8:21:47 PM Server.Domain.CommonClasses.Response <init>
WARNING: username already exists
Apr 13, 2021 8:21:47 PM Server.Domain.CommonClasses.Response <init>
WARNING: username already exists
Apr 13, 2021 8:21:47 PM Server.Domain.CommonClasses.Response <init>
WARNING: username already exists
Apr 13, 2021 8:21:47 PM Server.Domain.CommonClasses.Response <init>
WARNING: username already exists
Apr 13, 2021 8:21:47 PM Server.Domain.CommonClasses.Response <init>
WARNING: username already exists
Apr 13, 2021 8:21:47 PM Server.Domain.CommonClasses.Response <init>
WARNING: username already exists
Apr 13, 2021 8:21:47 PM Server.Domain.CommonClasses.Response <init>
WARNING: username already exists
Apr 13, 2021 8:21:47 PM Server.Domain.CommonClasses.Response <init>
WARNING: username already exists
Apr 13, 2021 8:21:47 PM Server.Domain.CommonClasses.Response <init>
WARNING: username already exists
Apr 13, 2021 8:21:47 PM Server.Domain.CommonClasses.Response <init>
WARNING: The user is not allowed to remove products from the store
Apr 13, 2021 8:21:47 PM Server.Domain.CommonClasses.Response <init>
WARNING: username already exists
Apr 13, 2021 8:21:47 PM Server.Domain.CommonClasses.Response <init>
WARNING: username already exists
Apr 13, 2021 8:21:47 PM Server.Domain.CommonClasses.Response <init>
WARNING: User isn't allowed to appoint owner
Apr 13, 2021 8:21:47 PM Server.Domain.CommonClasses.Response <init>
WARNING: user doesn't exist
Apr 13, 2021 8:21:47 PM Server.Domain.CommonClasses.Response <init>
WARNING: username already exists
Apr 13, 2021 8:21:47 PM Server.Domain.CommonClasses.Response <init>
WARNING: username already exists
Apr 13, 2021 8:21:47 PM Server.Domain.CommonClasses.Response <init>
WARNING: Inventory: This product doesn't exist
Apr 13, 2021 8:21:47 PM Server.Domain.CommonClasses.Response <init>
WARNING: username already exists
Apr 13, 2021 8:21:47 PM Server.Domain.CommonClasses.Response <init>
WARNING: username already exists
Apr 13, 2021 8:21:47 PM Server.Domain.CommonClasses.Response <init>
WARNING: user doesn't exist
Apr 13, 2021 8:21:47 PM Server.Domain.CommonClasses.Response <init>
WARNING: user not appointed by this appointer
Apr 13, 2021 8:21:47 PM Server.Domain.CommonClasses.Response <init>
WARNING: username already exists
Apr 13, 2021 8:21:47 PM Server.Domain.CommonClasses.Response <init>
WARNING: username already exists
Apr 13, 2021 8:21:47 PM Server.Domain.CommonClasses.Response <init>
WARNING: User not allowed to view purchase history
Apr 13, 2021 8:21:47 PM Server.Domain.CommonClasses.Response <init>
WARNING: username already exists
Apr 13, 2021 8:21:47 PM Server.Domain.CommonClasses.Response <init>
WARNING: username already exists
Apr 13, 2021 8:21:47 PM Server.Domain.CommonClasses.Response <init>
WARNING: user doesn't exist
Apr 13, 2021 8:21:47 PM Server.Domain.CommonClasses.Response <init>
WARNING: The user is not allowed to add products to the store
Apr 13, 2021 8:21:47 PM Server.Domain.CommonClasses.Response <init>
WARNING: User not allowed to add permissions to this user
Apr 13, 2021 8:21:47 PM Server.Domain.CommonClasses.Response <init>
WARNING: The user is not allowed to add products to the store
Apr 13, 2021 8:21:47 PM Server.Domain.CommonClasses.Response <init>
WARNING: username already exists
Apr 13, 2021 8:21:47 PM Server.Domain.CommonClasses.Response <init>
WARNING: username already exists
Apr 13, 2021 8:21:47 PM Server.Domain.CommonClasses.Response <init>
WARNING: username already exists
Apr 13, 2021 8:21:47 PM Server.Domain.CommonClasses.Response <init>
WARNING: username already exists
Apr 13, 2021 8:21:47 PM Server.Domain.CommonClasses.Response <init>
WARNING: user doesn't exist
Apr 13, 2021 8:21:47 PM Server.Domain.CommonClasses.Response <init>
WARNING: user not appointed by this appointer
Apr 13, 2021 8:21:47 PM Server.Domain.CommonClasses.Response <init>
WARNING: username already exists
Apr 13, 2021 8:21:47 PM Server.Domain.CommonClasses.Response <init>
WARNING: username already exists
Apr 13, 2021 8:21:47 PM Server.Domain.CommonClasses.Response <init>
WARNING: The user is not allowed to add products to the store
Apr 13, 2021 8:21:47 PM Server.Domain.CommonClasses.Response <init>
WARNING: username already exists
Apr 13, 2021 8:21:47 PM Server.Domain.CommonClasses.Response <init>
WARNING: username already exists
Apr 13, 2021 8:21:47 PM Server.Domain.CommonClasses.Response <init>
WARNING: The user is not allowed to edit products information in the store
Apr 13, 2021 8:21:47 PM Server.Domain.CommonClasses.Response <init>
WARNING: username already exists
Apr 13, 2021 8:21:47 PM Server.Domain.CommonClasses.Response <init>
WARNING: username already exists
Apr 13, 2021 8:21:47 PM Server.Domain.CommonClasses.Response <init>
WARNING: User not allowed to view user's purchase
Apr 13, 2021 8:21:47 PM Server.Domain.CommonClasses.Response <init>
WARNING: User not allowed to view user's purchase
Apr 13, 2021 8:21:47 PM Server.Domain.CommonClasses.Response <init>
WARNING: username already exists
Apr 13, 2021 8:21:47 PM Server.Domain.CommonClasses.Response <init>
WARNING: username already exists
Apr 13, 2021 8:21:47 PM Server.Domain.CommonClasses.Response <init>
WARNING: User isn't allowed to appoint manager
Apr 13, 2021 8:21:47 PM Server.Domain.CommonClasses.Response <init>
WARNING: user doesn't exist
Apr 13, 2021 8:21:47 PM Server.Domain.CommonClasses.Response <init>
WARNING: username already exists
Apr 13, 2021 8:21:47 PM Server.Domain.CommonClasses.Response <init>
WARNING: username already exists
Apr 13, 2021 8:21:47 PM Server.Domain.CommonClasses.Response <init>
WARNING: User is not allowed to register
Apr 13, 2021 8:21:47 PM Server.Domain.CommonClasses.Response <init>
WARNING: username already exists
Apr 13, 2021 8:21:47 PM Server.Domain.CommonClasses.Response <init>
WARNING: username already exists
Apr 13, 2021 8:21:47 PM Server.Domain.CommonClasses.Response <init>
WARNING: User not allowed to review product
Apr 13, 2021 8:21:47 PM Server.Domain.CommonClasses.Response <init>
WARNING: username already exists
Apr 13, 2021 8:21:47 PM Server.Domain.CommonClasses.Response <init>
WARNING: username already exists
Apr 13, 2021 8:21:47 PM Server.Domain.CommonClasses.Response <init>
WARNING: Not allowed to open store
Apr 13, 2021 8:21:47 PM Server.Domain.CommonClasses.Response <init>
WARNING: username already exists
Apr 13, 2021 8:21:47 PM Server.Domain.CommonClasses.Response <init>
WARNING: username already exists
Apr 13, 2021 8:21:47 PM Server.Domain.CommonClasses.Response <init>
WARNING: User not allowed to receive store history
Apr 13, 2021 8:21:47 PM Server.Domain.CommonClasses.Response <init>
WARNING: username already exists
Apr 13, 2021 8:21:47 PM Server.Domain.CommonClasses.Response <init>
WARNING: username already exists
Apr 13, 2021 8:21:47 PM Server.Domain.CommonClasses.Response <init>
WARNING: Delivery failed | created external connection
Apr 13, 2021 8:21:47 PM Server.Domain.CommonClasses.Response <init>
WARNING: Delivery failed | created external connection
Apr 13, 2021 8:21:47 PM Server.Domain.CommonClasses.Response <init>
WARNING: The given product wasn't purchased before
Apr 13, 2021 8:21:47 PM Server.Domain.CommonClasses.Response <init>
WARNING: username already exists
Apr 13, 2021 8:21:47 PM Server.Domain.CommonClasses.Response <init>
WARNING: username already exists
Apr 13, 2021 8:21:47 PM Server.Domain.CommonClasses.Response <init>
WARNING: Cannot logout without being logged in
Apr 13, 2021 8:30:00 PM Server.Domain.CommonClasses.Response <init>
WARNING: username already exists
Apr 13, 2021 8:30:00 PM Server.Domain.CommonClasses.Response <init>
WARNING: username already exists
Apr 13, 2021 8:30:00 PM Server.Domain.CommonClasses.Response <init>
WARNING: username already exists
Apr 13, 2021 8:30:00 PM Server.Domain.CommonClasses.Response <init>
WARNING: username already exists
Apr 13, 2021 8:30:00 PM Server.Domain.CommonClasses.Response <init>
WARNING: username already exists
Apr 13, 2021 8:30:00 PM Server.Domain.CommonClasses.Response <init>
WARNING: username already exists
Apr 13, 2021 8:30:00 PM Server.Domain.CommonClasses.Response <init>
WARNING: User not allowed to receive store workers information
Apr 13, 2021 8:30:00 PM Server.Domain.CommonClasses.Response <init>
WARNING: username already exists
Apr 13, 2021 8:30:00 PM Server.Domain.CommonClasses.Response <init>
WARNING: username already exists
Apr 13, 2021 8:30:00 PM Server.Domain.CommonClasses.Response <init>
WARNING: username already exists
Apr 13, 2021 8:30:00 PM Server.Domain.CommonClasses.Response <init>
WARNING: username already exists
Apr 13, 2021 8:30:00 PM Server.Domain.CommonClasses.Response <init>
WARNING: username already exists
Apr 13, 2021 8:30:00 PM Server.Domain.CommonClasses.Response <init>
WARNING: username already exists
Apr 13, 2021 8:30:00 PM Server.Domain.CommonClasses.Response <init>
WARNING: username already exists
Apr 13, 2021 8:30:00 PM Server.Domain.CommonClasses.Response <init>
WARNING: username already exists
Apr 13, 2021 8:30:00 PM Server.Domain.CommonClasses.Response <init>
WARNING: username already exists
Apr 13, 2021 8:30:00 PM Server.Domain.CommonClasses.Response <init>
WARNING: username already exists
Apr 13, 2021 8:30:00 PM Server.Domain.CommonClasses.Response <init>
WARNING: The user is not allowed to remove products from the store
Apr 13, 2021 8:30:00 PM Server.Domain.CommonClasses.Response <init>
WARNING: username already exists
Apr 13, 2021 8:30:00 PM Server.Domain.CommonClasses.Response <init>
WARNING: username already exists
Apr 13, 2021 8:30:00 PM Server.Domain.CommonClasses.Response <init>
WARNING: Inventory: This product doesn't exist
Apr 13, 2021 8:30:00 PM Server.Domain.CommonClasses.Response <init>
WARNING: username already exists
Apr 13, 2021 8:30:00 PM Server.Domain.CommonClasses.Response <init>
WARNING: username already exists
Apr 13, 2021 8:30:00 PM Server.Domain.CommonClasses.Response <init>
WARNING: user doesn't exist
Apr 13, 2021 8:30:00 PM Server.Domain.CommonClasses.Response <init>
WARNING: user not appointed by this appointer
Apr 13, 2021 8:30:00 PM Server.Domain.CommonClasses.Response <init>
WARNING: username already exists
Apr 13, 2021 8:30:00 PM Server.Domain.CommonClasses.Response <init>
WARNING: username already exists
Apr 13, 2021 8:30:00 PM Server.Domain.CommonClasses.Response <init>
WARNING: User not allowed to view user's purchase
Apr 13, 2021 8:30:00 PM Server.Domain.CommonClasses.Response <init>
WARNING: username already exists
Apr 13, 2021 8:30:00 PM Server.Domain.CommonClasses.Response <init>
WARNING: username already exists
Apr 13, 2021 8:30:00 PM Server.Domain.CommonClasses.Response <init>
WARNING: User not allowed to view purchase history
Apr 13, 2021 8:30:00 PM Server.Domain.CommonClasses.Response <init>
WARNING: username already exists
Apr 13, 2021 8:30:00 PM Server.Domain.CommonClasses.Response <init>
WARNING: username already exists
Apr 13, 2021 8:30:00 PM Server.Domain.CommonClasses.Response <init>
WARNING: user doesn't exist
Apr 13, 2021 8:30:00 PM Server.Domain.CommonClasses.Response <init>
WARNING: The user is not allowed to add products to the store
Apr 13, 2021 8:30:00 PM Server.Domain.CommonClasses.Response <init>
WARNING: User not allowed to add permissions to this user
Apr 13, 2021 8:30:00 PM Server.Domain.CommonClasses.Response <init>
WARNING: The user is not allowed to add products to the store
Apr 13, 2021 8:30:00 PM Server.Domain.CommonClasses.Response <init>
WARNING: username already exists
Apr 13, 2021 8:30:00 PM Server.Domain.CommonClasses.Response <init>
WARNING: username already exists
Apr 13, 2021 8:30:00 PM Server.Domain.CommonClasses.Response <init>
WARNING: username already exists
Apr 13, 2021 8:30:00 PM Server.Domain.CommonClasses.Response <init>
WARNING: username already exists
Apr 13, 2021 8:30:00 PM Server.Domain.CommonClasses.Response <init>
WARNING: user doesn't exist
Apr 13, 2021 8:30:00 PM Server.Domain.CommonClasses.Response <init>
WARNING: user not appointed by this appointer
Apr 13, 2021 8:30:00 PM Server.Domain.CommonClasses.Response <init>
WARNING: username already exists
Apr 13, 2021 8:30:00 PM Server.Domain.CommonClasses.Response <init>
WARNING: username already exists
Apr 13, 2021 8:30:00 PM Server.Domain.CommonClasses.Response <init>
WARNING: User isn't allowed to appoint owner
Apr 13, 2021 8:30:00 PM Server.Domain.CommonClasses.Response <init>
WARNING: username already exists
Apr 13, 2021 8:30:00 PM Server.Domain.CommonClasses.Response <init>
WARNING: username already exists
Apr 13, 2021 8:30:00 PM Server.Domain.CommonClasses.Response <init>
WARNING: The user is not allowed to add products to the store
Apr 13, 2021 8:30:00 PM Server.Domain.CommonClasses.Response <init>
WARNING: username already exists
Apr 13, 2021 8:30:00 PM Server.Domain.CommonClasses.Response <init>
WARNING: username already exists
Apr 13, 2021 8:30:00 PM Server.Domain.CommonClasses.Response <init>
WARNING: The user is not allowed to edit products information in the store
Apr 13, 2021 8:30:00 PM Server.Domain.CommonClasses.Response <init>
WARNING: username already exists
Apr 13, 2021 8:30:00 PM Server.Domain.CommonClasses.Response <init>
WARNING: username already exists
Apr 13, 2021 8:30:00 PM Server.Domain.CommonClasses.Response <init>
WARNING: username already exists
Apr 13, 2021 8:30:00 PM Server.Domain.CommonClasses.Response <init>
WARNING: username already exists
Apr 13, 2021 8:30:00 PM Server.Domain.CommonClasses.Response <init>
WARNING: User not allowed to view user's purchase
Apr 13, 2021 8:30:00 PM Server.Domain.CommonClasses.Response <init>
WARNING: username already exists
Apr 13, 2021 8:30:00 PM Server.Domain.CommonClasses.Response <init>
WARNING: username already exists
Apr 13, 2021 8:30:00 PM Server.Domain.CommonClasses.Response <init>
WARNING: user doesn't exist
Apr 13, 2021 8:30:00 PM Server.Domain.CommonClasses.Response <init>
WARNING: username already exists
Apr 13, 2021 8:30:00 PM Server.Domain.CommonClasses.Response <init>
WARNING: username already exists
Apr 13, 2021 8:30:00 PM Server.Domain.CommonClasses.Response <init>
WARNING: username already exists
Apr 13, 2021 8:30:00 PM Server.Domain.CommonClasses.Response <init>
WARNING: username already exists
Apr 13, 2021 8:30:00 PM Server.Domain.CommonClasses.Response <init>
WARNING: User isn't allowed to appoint manager
Apr 13, 2021 8:30:00 PM Server.Domain.CommonClasses.Response <init>
WARNING: user doesn't exist
Apr 13, 2021 8:30:00 PM Server.Domain.CommonClasses.Response <init>
WARNING: username already exists
Apr 13, 2021 8:30:00 PM Server.Domain.CommonClasses.Response <init>
WARNING: username already exists
Apr 13, 2021 8:30:00 PM Server.Domain.CommonClasses.Response <init>
WARNING: User is not allowed to register
Apr 13, 2021 8:30:00 PM Server.Domain.CommonClasses.Response <init>
WARNING: username already exists
Apr 13, 2021 8:30:00 PM Server.Domain.CommonClasses.Response <init>
WARNING: username already exists
Apr 13, 2021 8:30:00 PM Server.Domain.CommonClasses.Response <init>
WARNING: User not allowed to review product
Apr 13, 2021 8:30:00 PM Server.Domain.CommonClasses.Response <init>
WARNING: username already exists
Apr 13, 2021 8:30:00 PM Server.Domain.CommonClasses.Response <init>
WARNING: username already exists
Apr 13, 2021 8:30:00 PM Server.Domain.CommonClasses.Response <init>
WARNING: Not allowed to open store
Apr 13, 2021 8:30:00 PM Server.Domain.CommonClasses.Response <init>
WARNING: username already exists
Apr 13, 2021 8:30:00 PM Server.Domain.CommonClasses.Response <init>
WARNING: username already exists
Apr 13, 2021 8:30:00 PM Server.Domain.CommonClasses.Response <init>
WARNING: User not allowed to receive store history
Apr 13, 2021 8:30:00 PM Server.Domain.CommonClasses.Response <init>
WARNING: username already exists
Apr 13, 2021 8:30:00 PM Server.Domain.CommonClasses.Response <init>
WARNING: username already exists
Apr 13, 2021 8:30:00 PM Server.Domain.CommonClasses.Response <init>
WARNING: Delivery failed | created external connection
Apr 13, 2021 8:30:00 PM Server.Domain.CommonClasses.Response <init>
WARNING: Delivery failed | created external connection
Apr 13, 2021 8:30:00 PM Server.Domain.CommonClasses.Response <init>
WARNING: The given product wasn't purchased before
Apr 13, 2021 8:30:00 PM Server.Domain.CommonClasses.Response <init>
WARNING: username already exists
Apr 13, 2021 8:30:00 PM Server.Domain.CommonClasses.Response <init>
WARNING: username already exists
Apr 13, 2021 8:30:00 PM Server.Domain.CommonClasses.Response <init>
WARNING: Cannot logout without being logged in
Apr 13, 2021 8:35:33 PM Server.Domain.CommonClasses.Response <init>
WARNING: username already exists
Apr 13, 2021 8:35:33 PM Server.Domain.CommonClasses.Response <init>
WARNING: username already exists
Apr 13, 2021 8:35:33 PM Server.Domain.CommonClasses.Response <init>
WARNING: username already exists
Apr 13, 2021 8:35:33 PM Server.Domain.CommonClasses.Response <init>
WARNING: username already exists
Apr 13, 2021 8:35:33 PM Server.Domain.CommonClasses.Response <init>
WARNING: username already exists
Apr 13, 2021 8:35:33 PM Server.Domain.CommonClasses.Response <init>
WARNING: username already exists
Apr 13, 2021 8:35:33 PM Server.Domain.CommonClasses.Response <init>
WARNING: User not allowed to receive store workers information
Apr 13, 2021 8:35:33 PM Server.Domain.CommonClasses.Response <init>
WARNING: username already exists
Apr 13, 2021 8:35:33 PM Server.Domain.CommonClasses.Response <init>
WARNING: username already exists
Apr 13, 2021 8:35:33 PM Server.Domain.CommonClasses.Response <init>
WARNING: username already exists
Apr 13, 2021 8:35:33 PM Server.Domain.CommonClasses.Response <init>
WARNING: username already exists
Apr 13, 2021 8:35:33 PM Server.Domain.CommonClasses.Response <init>
WARNING: username already exists
Apr 13, 2021 8:35:33 PM Server.Domain.CommonClasses.Response <init>
WARNING: username already exists
Apr 13, 2021 8:35:33 PM Server.Domain.CommonClasses.Response <init>
WARNING: username already exists
Apr 13, 2021 8:35:33 PM Server.Domain.CommonClasses.Response <init>
WARNING: username already exists
Apr 13, 2021 8:35:33 PM Server.Domain.CommonClasses.Response <init>
WARNING: username already exists
Apr 13, 2021 8:35:33 PM Server.Domain.CommonClasses.Response <init>
WARNING: username already exists
Apr 13, 2021 8:35:33 PM Server.Domain.CommonClasses.Response <init>
WARNING: The user is not allowed to remove products from the store
Apr 13, 2021 8:35:33 PM Server.Domain.CommonClasses.Response <init>
WARNING: username already exists
Apr 13, 2021 8:35:33 PM Server.Domain.CommonClasses.Response <init>
WARNING: username already exists
Apr 13, 2021 8:35:33 PM Server.Domain.CommonClasses.Response <init>
WARNING: user doesn't exist
Apr 13, 2021 8:35:33 PM Server.Domain.CommonClasses.Response <init>
WARNING: username already exists
Apr 13, 2021 8:35:33 PM Server.Domain.CommonClasses.Response <init>
WARNING: username already exists
Apr 13, 2021 8:35:33 PM Server.Domain.CommonClasses.Response <init>
WARNING: Inventory: This product doesn't exist
Apr 13, 2021 8:35:33 PM Server.Domain.CommonClasses.Response <init>
WARNING: username already exists
Apr 13, 2021 8:35:33 PM Server.Domain.CommonClasses.Response <init>
WARNING: username already exists
Apr 13, 2021 8:35:33 PM Server.Domain.CommonClasses.Response <init>
WARNING: User not allowed to view user's purchase
Apr 13, 2021 8:35:33 PM Server.Domain.CommonClasses.Response <init>
WARNING: username already exists
Apr 13, 2021 8:35:33 PM Server.Domain.CommonClasses.Response <init>
WARNING: username already exists
Apr 13, 2021 8:35:33 PM Server.Domain.CommonClasses.Response <init>
WARNING: User not allowed to view purchase history
Apr 13, 2021 8:35:33 PM Server.Domain.CommonClasses.Response <init>
WARNING: username already exists
Apr 13, 2021 8:35:33 PM Server.Domain.CommonClasses.Response <init>
WARNING: username already exists
Apr 13, 2021 8:35:33 PM Server.Domain.CommonClasses.Response <init>
WARNING: user doesn't exist
Apr 13, 2021 8:35:33 PM Server.Domain.CommonClasses.Response <init>
WARNING: The user is not allowed to add products to the store
Apr 13, 2021 8:35:33 PM Server.Domain.CommonClasses.Response <init>
WARNING: User not allowed to add permissions to this user
Apr 13, 2021 8:35:33 PM Server.Domain.CommonClasses.Response <init>
WARNING: The user is not allowed to add products to the store
Apr 13, 2021 8:35:33 PM Server.Domain.CommonClasses.Response <init>
WARNING: username already exists
Apr 13, 2021 8:35:33 PM Server.Domain.CommonClasses.Response <init>
WARNING: username already exists
Apr 13, 2021 8:35:33 PM Server.Domain.CommonClasses.Response <init>
WARNING: username already exists
Apr 13, 2021 8:35:33 PM Server.Domain.CommonClasses.Response <init>
WARNING: username already exists
Apr 13, 2021 8:35:33 PM Server.Domain.CommonClasses.Response <init>
WARNING: user doesn't exist
Apr 13, 2021 8:35:33 PM Server.Domain.CommonClasses.Response <init>
WARNING: user not appointed by this appointer
Apr 13, 2021 8:35:33 PM Server.Domain.CommonClasses.Response <init>
WARNING: username already exists
Apr 13, 2021 8:35:33 PM Server.Domain.CommonClasses.Response <init>
WARNING: username already exists
Apr 13, 2021 8:35:33 PM Server.Domain.CommonClasses.Response <init>
WARNING: User isn't allowed to appoint owner
Apr 13, 2021 8:35:33 PM Server.Domain.CommonClasses.Response <init>
WARNING: username already exists
Apr 13, 2021 8:35:33 PM Server.Domain.CommonClasses.Response <init>
WARNING: username already exists
Apr 13, 2021 8:35:33 PM Server.Domain.CommonClasses.Response <init>
WARNING: The user is not allowed to add products to the store
Apr 13, 2021 8:35:33 PM Server.Domain.CommonClasses.Response <init>
WARNING: username already exists
Apr 13, 2021 8:35:33 PM Server.Domain.CommonClasses.Response <init>
WARNING: username already exists
Apr 13, 2021 8:35:33 PM Server.Domain.CommonClasses.Response <init>
WARNING: user doesn't exist
Apr 13, 2021 8:35:33 PM Server.Domain.CommonClasses.Response <init>
WARNING: username already exists
Apr 13, 2021 8:35:33 PM Server.Domain.CommonClasses.Response <init>
WARNING: username already exists
Apr 13, 2021 8:35:33 PM Server.Domain.CommonClasses.Response <init>
WARNING: The user is not allowed to edit products information in the store
Apr 13, 2021 8:35:33 PM Server.Domain.CommonClasses.Response <init>
WARNING: username already exists
Apr 13, 2021 8:35:33 PM Server.Domain.CommonClasses.Response <init>
WARNING: username already exists
Apr 13, 2021 8:35:33 PM Server.Domain.CommonClasses.Response <init>
WARNING: username already exists
Apr 13, 2021 8:35:33 PM Server.Domain.CommonClasses.Response <init>
WARNING: username already exists
Apr 13, 2021 8:35:33 PM Server.Domain.CommonClasses.Response <init>
WARNING: user doesn't exist
Apr 13, 2021 8:35:33 PM Server.Domain.CommonClasses.Response <init>
WARNING: user not appointed by this appointer
Apr 13, 2021 8:35:33 PM Server.Domain.CommonClasses.Response <init>
WARNING: username already exists
Apr 13, 2021 8:35:33 PM Server.Domain.CommonClasses.Response <init>
WARNING: username already exists
Apr 13, 2021 8:35:33 PM Server.Domain.CommonClasses.Response <init>
WARNING: User not allowed to view user's purchase
Apr 13, 2021 8:35:33 PM Server.Domain.CommonClasses.Response <init>
WARNING: username already exists
Apr 13, 2021 8:35:33 PM Server.Domain.CommonClasses.Response <init>
WARNING: username already exists
Apr 13, 2021 8:35:33 PM Server.Domain.CommonClasses.Response <init>
WARNING: user doesn't exist
Apr 13, 2021 8:35:33 PM Server.Domain.CommonClasses.Response <init>
WARNING: username already exists
Apr 13, 2021 8:35:33 PM Server.Domain.CommonClasses.Response <init>
WARNING: username already exists
Apr 13, 2021 8:35:33 PM Server.Domain.CommonClasses.Response <init>
WARNING: username already exists
Apr 13, 2021 8:35:33 PM Server.Domain.CommonClasses.Response <init>
WARNING: username already exists
Apr 13, 2021 8:35:33 PM Server.Domain.CommonClasses.Response <init>
WARNING: User isn't allowed to appoint manager
Apr 13, 2021 8:35:33 PM Server.Domain.CommonClasses.Response <init>
WARNING: username already exists
Apr 13, 2021 8:35:33 PM Server.Domain.CommonClasses.Response <init>
WARNING: username already exists
Apr 13, 2021 8:35:33 PM Server.Domain.CommonClasses.Response <init>
WARNING: User is not allowed to register
Apr 13, 2021 8:35:33 PM Server.Domain.CommonClasses.Response <init>
WARNING: username already exists
Apr 13, 2021 8:35:33 PM Server.Domain.CommonClasses.Response <init>
WARNING: username already exists
Apr 13, 2021 8:35:33 PM Server.Domain.CommonClasses.Response <init>
WARNING: User not allowed to review product
Apr 13, 2021 8:35:33 PM Server.Domain.CommonClasses.Response <init>
WARNING: username already exists
Apr 13, 2021 8:35:33 PM Server.Domain.CommonClasses.Response <init>
WARNING: username already exists
Apr 13, 2021 8:35:33 PM Server.Domain.CommonClasses.Response <init>
WARNING: Not allowed to open store
Apr 13, 2021 8:35:33 PM Server.Domain.CommonClasses.Response <init>
WARNING: username already exists
Apr 13, 2021 8:35:33 PM Server.Domain.CommonClasses.Response <init>
WARNING: username already exists
Apr 13, 2021 8:35:33 PM Server.Domain.CommonClasses.Response <init>
WARNING: User not allowed to receive store history
Apr 13, 2021 8:35:33 PM Server.Domain.CommonClasses.Response <init>
WARNING: username already exists
Apr 13, 2021 8:35:33 PM Server.Domain.CommonClasses.Response <init>
WARNING: username already exists
Apr 13, 2021 8:35:33 PM Server.Domain.CommonClasses.Response <init>
WARNING: Delivery failed | created external connection
Apr 13, 2021 8:35:33 PM Server.Domain.CommonClasses.Response <init>
WARNING: Delivery failed | created external connection
Apr 13, 2021 8:35:33 PM Server.Domain.CommonClasses.Response <init>
WARNING: The given product wasn't purchased before
Apr 13, 2021 8:35:33 PM Server.Domain.CommonClasses.Response <init>
WARNING: username already exists
Apr 13, 2021 8:35:33 PM Server.Domain.CommonClasses.Response <init>
WARNING: username already exists
Apr 13, 2021 8:35:33 PM Server.Domain.CommonClasses.Response <init>
WARNING: Cannot logout without being logged in
Apr 13, 2021 8:36:10 PM Server.Domain.CommonClasses.Response <init>
WARNING: username already exists
Apr 13, 2021 8:36:10 PM Server.Domain.CommonClasses.Response <init>
WARNING: username already exists
Apr 13, 2021 8:36:10 PM Server.Domain.CommonClasses.Response <init>
WARNING: username already exists
Apr 13, 2021 8:36:10 PM Server.Domain.CommonClasses.Response <init>
WARNING: username already exists
Apr 13, 2021 8:36:10 PM Server.Domain.CommonClasses.Response <init>
WARNING: username already exists
Apr 13, 2021 8:36:10 PM Server.Domain.CommonClasses.Response <init>
WARNING: username already exists
Apr 13, 2021 8:36:10 PM Server.Domain.CommonClasses.Response <init>
WARNING: User not allowed to receive store workers information
Apr 13, 2021 8:36:10 PM Server.Domain.CommonClasses.Response <init>
WARNING: username already exists
Apr 13, 2021 8:36:10 PM Server.Domain.CommonClasses.Response <init>
WARNING: username already exists
Apr 13, 2021 8:36:10 PM Server.Domain.CommonClasses.Response <init>
WARNING: username already exists
Apr 13, 2021 8:36:10 PM Server.Domain.CommonClasses.Response <init>
WARNING: username already exists
Apr 13, 2021 8:36:10 PM Server.Domain.CommonClasses.Response <init>
WARNING: username already exists
Apr 13, 2021 8:36:10 PM Server.Domain.CommonClasses.Response <init>
WARNING: username already exists
Apr 13, 2021 8:36:10 PM Server.Domain.CommonClasses.Response <init>
WARNING: username already exists
Apr 13, 2021 8:36:10 PM Server.Domain.CommonClasses.Response <init>
WARNING: username already exists
Apr 13, 2021 8:36:10 PM Server.Domain.CommonClasses.Response <init>
WARNING: username already exists
Apr 13, 2021 8:36:10 PM Server.Domain.CommonClasses.Response <init>
WARNING: username already exists
Apr 13, 2021 8:36:10 PM Server.Domain.CommonClasses.Response <init>
WARNING: The user is not allowed to remove products from the store
Apr 13, 2021 8:36:10 PM Server.Domain.CommonClasses.Response <init>
WARNING: username already exists
Apr 13, 2021 8:36:10 PM Server.Domain.CommonClasses.Response <init>
WARNING: username already exists
Apr 13, 2021 8:36:10 PM Server.Domain.CommonClasses.Response <init>
WARNING: user doesn't exist
Apr 13, 2021 8:36:10 PM Server.Domain.CommonClasses.Response <init>
WARNING: username already exists
Apr 13, 2021 8:36:10 PM Server.Domain.CommonClasses.Response <init>
WARNING: username already exists
Apr 13, 2021 8:36:10 PM Server.Domain.CommonClasses.Response <init>
WARNING: Inventory: This product doesn't exist
Apr 13, 2021 8:36:10 PM Server.Domain.CommonClasses.Response <init>
WARNING: username already exists
Apr 13, 2021 8:36:10 PM Server.Domain.CommonClasses.Response <init>
WARNING: username already exists
Apr 13, 2021 8:36:10 PM Server.Domain.CommonClasses.Response <init>
WARNING: User not allowed to view user's purchase
Apr 13, 2021 8:36:10 PM Server.Domain.CommonClasses.Response <init>
WARNING: username already exists
Apr 13, 2021 8:36:10 PM Server.Domain.CommonClasses.Response <init>
WARNING: username already exists
Apr 13, 2021 8:36:10 PM Server.Domain.CommonClasses.Response <init>
WARNING: User not allowed to view purchase history
Apr 13, 2021 8:36:10 PM Server.Domain.CommonClasses.Response <init>
WARNING: username already exists
Apr 13, 2021 8:36:10 PM Server.Domain.CommonClasses.Response <init>
WARNING: username already exists
Apr 13, 2021 8:36:10 PM Server.Domain.CommonClasses.Response <init>
WARNING: user doesn't exist
Apr 13, 2021 8:36:10 PM Server.Domain.CommonClasses.Response <init>
WARNING: The user is not allowed to add products to the store
Apr 13, 2021 8:36:10 PM Server.Domain.CommonClasses.Response <init>
WARNING: User not allowed to add permissions to this user
Apr 13, 2021 8:36:10 PM Server.Domain.CommonClasses.Response <init>
WARNING: The user is not allowed to add products to the store
Apr 13, 2021 8:36:10 PM Server.Domain.CommonClasses.Response <init>
WARNING: username already exists
Apr 13, 2021 8:36:10 PM Server.Domain.CommonClasses.Response <init>
WARNING: username already exists
Apr 13, 2021 8:36:10 PM Server.Domain.CommonClasses.Response <init>
WARNING: username already exists
Apr 13, 2021 8:36:10 PM Server.Domain.CommonClasses.Response <init>
WARNING: username already exists
Apr 13, 2021 8:36:10 PM Server.Domain.CommonClasses.Response <init>
WARNING: user doesn't exist
Apr 13, 2021 8:36:10 PM Server.Domain.CommonClasses.Response <init>
WARNING: user not appointed by this appointer
Apr 13, 2021 8:36:10 PM Server.Domain.CommonClasses.Response <init>
WARNING: username already exists
Apr 13, 2021 8:36:10 PM Server.Domain.CommonClasses.Response <init>
WARNING: username already exists
Apr 13, 2021 8:36:10 PM Server.Domain.CommonClasses.Response <init>
WARNING: User isn't allowed to appoint owner
Apr 13, 2021 8:36:10 PM Server.Domain.CommonClasses.Response <init>
WARNING: username already exists
Apr 13, 2021 8:36:10 PM Server.Domain.CommonClasses.Response <init>
WARNING: username already exists
Apr 13, 2021 8:36:10 PM Server.Domain.CommonClasses.Response <init>
WARNING: The user is not allowed to add products to the store
Apr 13, 2021 8:36:10 PM Server.Domain.CommonClasses.Response <init>
WARNING: username already exists
Apr 13, 2021 8:36:10 PM Server.Domain.CommonClasses.Response <init>
WARNING: username already exists
Apr 13, 2021 8:36:10 PM Server.Domain.CommonClasses.Response <init>
WARNING: user doesn't exist
Apr 13, 2021 8:36:10 PM Server.Domain.CommonClasses.Response <init>
WARNING: username already exists
Apr 13, 2021 8:36:10 PM Server.Domain.CommonClasses.Response <init>
WARNING: username already exists
Apr 13, 2021 8:36:10 PM Server.Domain.CommonClasses.Response <init>
WARNING: The user is not allowed to edit products information in the store
Apr 13, 2021 8:36:10 PM Server.Domain.CommonClasses.Response <init>
WARNING: username already exists
Apr 13, 2021 8:36:10 PM Server.Domain.CommonClasses.Response <init>
WARNING: username already exists
Apr 13, 2021 8:36:10 PM Server.Domain.CommonClasses.Response <init>
WARNING: username already exists
Apr 13, 2021 8:36:10 PM Server.Domain.CommonClasses.Response <init>
WARNING: username already exists
Apr 13, 2021 8:36:10 PM Server.Domain.CommonClasses.Response <init>
WARNING: user doesn't exist
Apr 13, 2021 8:36:10 PM Server.Domain.CommonClasses.Response <init>
WARNING: user not appointed by this appointer
Apr 13, 2021 8:36:10 PM Server.Domain.CommonClasses.Response <init>
WARNING: username already exists
Apr 13, 2021 8:36:10 PM Server.Domain.CommonClasses.Response <init>
WARNING: username already exists
Apr 13, 2021 8:36:10 PM Server.Domain.CommonClasses.Response <init>
WARNING: User not allowed to view user's purchase
Apr 13, 2021 8:36:10 PM Server.Domain.CommonClasses.Response <init>
WARNING: username already exists
Apr 13, 2021 8:36:10 PM Server.Domain.CommonClasses.Response <init>
WARNING: username already exists
Apr 13, 2021 8:36:10 PM Server.Domain.CommonClasses.Response <init>
WARNING: user doesn't exist
Apr 13, 2021 8:36:10 PM Server.Domain.CommonClasses.Response <init>
WARNING: username already exists
Apr 13, 2021 8:36:10 PM Server.Domain.CommonClasses.Response <init>
WARNING: username already exists
Apr 13, 2021 8:36:10 PM Server.Domain.CommonClasses.Response <init>
WARNING: username already exists
Apr 13, 2021 8:36:10 PM Server.Domain.CommonClasses.Response <init>
WARNING: username already exists
Apr 13, 2021 8:36:10 PM Server.Domain.CommonClasses.Response <init>
WARNING: User isn't allowed to appoint manager
Apr 13, 2021 8:36:10 PM Server.Domain.CommonClasses.Response <init>
WARNING: username already exists
Apr 13, 2021 8:36:10 PM Server.Domain.CommonClasses.Response <init>
WARNING: username already exists
Apr 13, 2021 8:36:10 PM Server.Domain.CommonClasses.Response <init>
WARNING: User is not allowed to register
Apr 13, 2021 8:36:10 PM Server.Domain.CommonClasses.Response <init>
WARNING: username already exists
Apr 13, 2021 8:36:10 PM Server.Domain.CommonClasses.Response <init>
WARNING: username already exists
Apr 13, 2021 8:36:10 PM Server.Domain.CommonClasses.Response <init>
WARNING: User not allowed to review product
Apr 13, 2021 8:36:10 PM Server.Domain.CommonClasses.Response <init>
WARNING: username already exists
Apr 13, 2021 8:36:10 PM Server.Domain.CommonClasses.Response <init>
WARNING: username already exists
Apr 13, 2021 8:36:10 PM Server.Domain.CommonClasses.Response <init>
WARNING: Not allowed to open store
Apr 13, 2021 8:36:10 PM Server.Domain.CommonClasses.Response <init>
WARNING: username already exists
Apr 13, 2021 8:36:10 PM Server.Domain.CommonClasses.Response <init>
WARNING: username already exists
Apr 13, 2021 8:36:10 PM Server.Domain.CommonClasses.Response <init>
WARNING: User not allowed to receive store history
Apr 13, 2021 8:36:10 PM Server.Domain.CommonClasses.Response <init>
WARNING: username already exists
Apr 13, 2021 8:36:10 PM Server.Domain.CommonClasses.Response <init>
WARNING: username already exists
Apr 13, 2021 8:36:10 PM Server.Domain.CommonClasses.Response <init>
WARNING: Delivery failed | created external connection
Apr 13, 2021 8:36:10 PM Server.Domain.CommonClasses.Response <init>
WARNING: Delivery failed | created external connection
Apr 13, 2021 8:36:10 PM Server.Domain.CommonClasses.Response <init>
WARNING: The given product wasn't purchased before
Apr 13, 2021 8:36:10 PM Server.Domain.CommonClasses.Response <init>
WARNING: username already exists
Apr 13, 2021 8:36:10 PM Server.Domain.CommonClasses.Response <init>
WARNING: username already exists
Apr 13, 2021 8:36:10 PM Server.Domain.CommonClasses.Response <init>
WARNING: Cannot logout without being logged in
Apr 13, 2021 8:38:14 PM Server.Domain.CommonClasses.Response <init>
WARNING: username already exists
Apr 13, 2021 8:38:14 PM Server.Domain.CommonClasses.Response <init>
WARNING: username already exists
Apr 13, 2021 8:38:14 PM Server.Domain.CommonClasses.Response <init>
WARNING: username already exists
Apr 13, 2021 8:38:14 PM Server.Domain.CommonClasses.Response <init>
WARNING: username already exists
Apr 13, 2021 8:38:14 PM Server.Domain.CommonClasses.Response <init>
WARNING: username already exists
Apr 13, 2021 8:38:14 PM Server.Domain.CommonClasses.Response <init>
WARNING: username already exists
Apr 13, 2021 8:38:14 PM Server.Domain.CommonClasses.Response <init>
WARNING: User not allowed to receive store workers information
Apr 13, 2021 8:38:14 PM Server.Domain.CommonClasses.Response <init>
WARNING: username already exists
Apr 13, 2021 8:38:14 PM Server.Domain.CommonClasses.Response <init>
WARNING: username already exists
Apr 13, 2021 8:38:14 PM Server.Domain.CommonClasses.Response <init>
WARNING: username already exists
Apr 13, 2021 8:38:14 PM Server.Domain.CommonClasses.Response <init>
WARNING: username already exists
Apr 13, 2021 8:38:14 PM Server.Domain.CommonClasses.Response <init>
WARNING: username already exists
Apr 13, 2021 8:38:14 PM Server.Domain.CommonClasses.Response <init>
WARNING: username already exists
Apr 13, 2021 8:38:14 PM Server.Domain.CommonClasses.Response <init>
WARNING: username already exists
Apr 13, 2021 8:38:14 PM Server.Domain.CommonClasses.Response <init>
WARNING: username already exists
Apr 13, 2021 8:38:14 PM Server.Domain.CommonClasses.Response <init>
WARNING: username already exists
Apr 13, 2021 8:38:14 PM Server.Domain.CommonClasses.Response <init>
WARNING: username already exists
Apr 13, 2021 8:38:14 PM Server.Domain.CommonClasses.Response <init>
WARNING: The user is not allowed to remove products from the store
Apr 13, 2021 8:38:14 PM Server.Domain.CommonClasses.Response <init>
WARNING: username already exists
Apr 13, 2021 8:38:14 PM Server.Domain.CommonClasses.Response <init>
WARNING: username already exists
Apr 13, 2021 8:38:14 PM Server.Domain.CommonClasses.Response <init>
WARNING: user doesn't exist
Apr 13, 2021 8:38:14 PM Server.Domain.CommonClasses.Response <init>
WARNING: username already exists
Apr 13, 2021 8:38:14 PM Server.Domain.CommonClasses.Response <init>
WARNING: username already exists
Apr 13, 2021 8:38:14 PM Server.Domain.CommonClasses.Response <init>
WARNING: Inventory: This product doesn't exist
Apr 13, 2021 8:38:14 PM Server.Domain.CommonClasses.Response <init>
WARNING: username already exists
Apr 13, 2021 8:38:14 PM Server.Domain.CommonClasses.Response <init>
WARNING: username already exists
Apr 13, 2021 8:38:14 PM Server.Domain.CommonClasses.Response <init>
WARNING: User not allowed to view user's purchase
Apr 13, 2021 8:38:14 PM Server.Domain.CommonClasses.Response <init>
WARNING: username already exists
Apr 13, 2021 8:38:14 PM Server.Domain.CommonClasses.Response <init>
WARNING: username already exists
Apr 13, 2021 8:38:14 PM Server.Domain.CommonClasses.Response <init>
WARNING: User not allowed to view purchase history
Apr 13, 2021 8:38:14 PM Server.Domain.CommonClasses.Response <init>
WARNING: username already exists
Apr 13, 2021 8:38:14 PM Server.Domain.CommonClasses.Response <init>
WARNING: username already exists
Apr 13, 2021 8:38:14 PM Server.Domain.CommonClasses.Response <init>
WARNING: user doesn't exist
Apr 13, 2021 8:38:14 PM Server.Domain.CommonClasses.Response <init>
WARNING: The user is not allowed to add products to the store
Apr 13, 2021 8:38:14 PM Server.Domain.CommonClasses.Response <init>
WARNING: User not allowed to add permissions to this user
Apr 13, 2021 8:38:14 PM Server.Domain.CommonClasses.Response <init>
WARNING: The user is not allowed to add products to the store
Apr 13, 2021 8:38:14 PM Server.Domain.CommonClasses.Response <init>
WARNING: username already exists
Apr 13, 2021 8:38:14 PM Server.Domain.CommonClasses.Response <init>
WARNING: username already exists
Apr 13, 2021 8:38:14 PM Server.Domain.CommonClasses.Response <init>
WARNING: user doesn't exist
Apr 13, 2021 8:38:14 PM Server.Domain.CommonClasses.Response <init>
WARNING: username already exists
Apr 13, 2021 8:38:14 PM Server.Domain.CommonClasses.Response <init>
WARNING: username already exists
Apr 13, 2021 8:38:14 PM Server.Domain.CommonClasses.Response <init>
WARNING: user doesn't exist
Apr 13, 2021 8:38:14 PM Server.Domain.CommonClasses.Response <init>
WARNING: user not appointed by this appointer
Apr 13, 2021 8:38:14 PM Server.Domain.CommonClasses.Response <init>
WARNING: username already exists
Apr 13, 2021 8:38:14 PM Server.Domain.CommonClasses.Response <init>
WARNING: username already exists
Apr 13, 2021 8:38:14 PM Server.Domain.CommonClasses.Response <init>
WARNING: username already exists
Apr 13, 2021 8:38:14 PM Server.Domain.CommonClasses.Response <init>
WARNING: username already exists
Apr 13, 2021 8:38:14 PM Server.Domain.CommonClasses.Response <init>
WARNING: User isn't allowed to appoint owner
Apr 13, 2021 8:38:14 PM Server.Domain.CommonClasses.Response <init>
WARNING: username already exists
Apr 13, 2021 8:38:14 PM Server.Domain.CommonClasses.Response <init>
WARNING: username already exists
Apr 13, 2021 8:38:14 PM Server.Domain.CommonClasses.Response <init>
WARNING: The user is not allowed to add products to the store
Apr 13, 2021 8:38:14 PM Server.Domain.CommonClasses.Response <init>
WARNING: username already exists
Apr 13, 2021 8:38:14 PM Server.Domain.CommonClasses.Response <init>
WARNING: username already exists
Apr 13, 2021 8:38:14 PM Server.Domain.CommonClasses.Response <init>
WARNING: user doesn't exist
Apr 13, 2021 8:38:14 PM Server.Domain.CommonClasses.Response <init>
WARNING: username already exists
Apr 13, 2021 8:38:14 PM Server.Domain.CommonClasses.Response <init>
WARNING: username already exists
Apr 13, 2021 8:38:14 PM Server.Domain.CommonClasses.Response <init>
WARNING: The user is not allowed to edit products information in the store
Apr 13, 2021 8:38:14 PM Server.Domain.CommonClasses.Response <init>
WARNING: username already exists
Apr 13, 2021 8:38:14 PM Server.Domain.CommonClasses.Response <init>
WARNING: username already exists
Apr 13, 2021 8:38:14 PM Server.Domain.CommonClasses.Response <init>
WARNING: username already exists
Apr 13, 2021 8:38:14 PM Server.Domain.CommonClasses.Response <init>
WARNING: username already exists
Apr 13, 2021 8:38:14 PM Server.Domain.CommonClasses.Response <init>
WARNING: user doesn't exist
Apr 13, 2021 8:38:14 PM Server.Domain.CommonClasses.Response <init>
WARNING: user not appointed by this appointer
Apr 13, 2021 8:38:14 PM Server.Domain.CommonClasses.Response <init>
WARNING: username already exists
Apr 13, 2021 8:38:14 PM Server.Domain.CommonClasses.Response <init>
WARNING: username already exists
Apr 13, 2021 8:38:14 PM Server.Domain.CommonClasses.Response <init>
WARNING: User not allowed to view user's purchase
Apr 13, 2021 8:38:14 PM Server.Domain.CommonClasses.Response <init>
WARNING: username already exists
Apr 13, 2021 8:38:14 PM Server.Domain.CommonClasses.Response <init>
WARNING: username already exists
Apr 13, 2021 8:38:14 PM Server.Domain.CommonClasses.Response <init>
WARNING: user doesn't exist
Apr 13, 2021 8:38:14 PM Server.Domain.CommonClasses.Response <init>
WARNING: username already exists
Apr 13, 2021 8:38:14 PM Server.Domain.CommonClasses.Response <init>
WARNING: username already exists
Apr 13, 2021 8:38:14 PM Server.Domain.CommonClasses.Response <init>
WARNING: username already exists
Apr 13, 2021 8:38:14 PM Server.Domain.CommonClasses.Response <init>
WARNING: username already exists
Apr 13, 2021 8:38:14 PM Server.Domain.CommonClasses.Response <init>
WARNING: User isn't allowed to appoint manager
Apr 13, 2021 8:38:14 PM Server.Domain.CommonClasses.Response <init>
WARNING: username already exists
Apr 13, 2021 8:38:14 PM Server.Domain.CommonClasses.Response <init>
WARNING: username already exists
Apr 13, 2021 8:38:14 PM Server.Domain.CommonClasses.Response <init>
WARNING: User is not allowed to register
Apr 13, 2021 8:38:14 PM Server.Domain.CommonClasses.Response <init>
WARNING: username already exists
Apr 13, 2021 8:38:14 PM Server.Domain.CommonClasses.Response <init>
WARNING: username already exists
Apr 13, 2021 8:38:14 PM Server.Domain.CommonClasses.Response <init>
WARNING: User not allowed to review product
Apr 13, 2021 8:38:14 PM Server.Domain.CommonClasses.Response <init>
WARNING: username already exists
Apr 13, 2021 8:38:14 PM Server.Domain.CommonClasses.Response <init>
WARNING: username already exists
Apr 13, 2021 8:38:14 PM Server.Domain.CommonClasses.Response <init>
WARNING: Not allowed to open store
Apr 13, 2021 8:38:14 PM Server.Domain.CommonClasses.Response <init>
WARNING: username already exists
Apr 13, 2021 8:38:14 PM Server.Domain.CommonClasses.Response <init>
WARNING: username already exists
Apr 13, 2021 8:38:14 PM Server.Domain.CommonClasses.Response <init>
WARNING: User not allowed to receive store history
Apr 13, 2021 8:38:14 PM Server.Domain.CommonClasses.Response <init>
WARNING: username already exists
Apr 13, 2021 8:38:14 PM Server.Domain.CommonClasses.Response <init>
WARNING: username already exists
Apr 13, 2021 8:38:14 PM Server.Domain.CommonClasses.Response <init>
WARNING: Delivery failed | created external connection
Apr 13, 2021 8:38:14 PM Server.Domain.CommonClasses.Response <init>
WARNING: Delivery failed | created external connection
Apr 13, 2021 8:38:14 PM Server.Domain.CommonClasses.Response <init>
WARNING: The given product wasn't purchased before
Apr 13, 2021 8:38:14 PM Server.Domain.CommonClasses.Response <init>
WARNING: username already exists
Apr 13, 2021 8:38:14 PM Server.Domain.CommonClasses.Response <init>
WARNING: username already exists
Apr 13, 2021 8:38:14 PM Server.Domain.CommonClasses.Response <init>
WARNING: Cannot logout without being logged in
Apr 13, 2021 8:43:44 PM Server.Domain.CommonClasses.Response <init>
WARNING: username already exists
Apr 13, 2021 8:43:44 PM Server.Domain.CommonClasses.Response <init>
WARNING: username already exists
Apr 13, 2021 8:43:44 PM Server.Domain.CommonClasses.Response <init>
WARNING: username already exists
Apr 13, 2021 8:43:44 PM Server.Domain.CommonClasses.Response <init>
WARNING: username already exists
Apr 13, 2021 8:43:44 PM Server.Domain.CommonClasses.Response <init>
WARNING: username already exists
Apr 13, 2021 8:43:44 PM Server.Domain.CommonClasses.Response <init>
WARNING: username already exists
Apr 13, 2021 8:43:44 PM Server.Domain.CommonClasses.Response <init>
WARNING: username already exists
Apr 13, 2021 8:43:44 PM Server.Domain.CommonClasses.Response <init>
WARNING: username already exists
Apr 13, 2021 8:43:44 PM Server.Domain.CommonClasses.Response <init>
WARNING: username already exists
Apr 13, 2021 8:43:44 PM Server.Domain.CommonClasses.Response <init>
WARNING: username already exists
Apr 13, 2021 8:43:44 PM Server.Domain.CommonClasses.Response <init>
WARNING: username already exists
Apr 13, 2021 8:43:44 PM Server.Domain.CommonClasses.Response <init>
WARNING: username already exists
Apr 13, 2021 8:43:44 PM Server.Domain.CommonClasses.Response <init>
WARNING: username already exists
Apr 13, 2021 8:43:44 PM Server.Domain.CommonClasses.Response <init>
WARNING: username already exists
Apr 13, 2021 8:43:44 PM Server.Domain.CommonClasses.Response <init>
WARNING: username already exists
Apr 13, 2021 8:43:44 PM Server.Domain.CommonClasses.Response <init>
WARNING: username already exists
Apr 13, 2021 8:43:44 PM Server.Domain.CommonClasses.Response <init>
WARNING: The user is not allowed to remove products from the store
Apr 13, 2021 8:43:44 PM Server.Domain.CommonClasses.Response <init>
WARNING: username already exists
Apr 13, 2021 8:43:44 PM Server.Domain.CommonClasses.Response <init>
WARNING: username already exists
Apr 13, 2021 8:43:44 PM Server.Domain.CommonClasses.Response <init>
WARNING: user doesn't exist
Apr 13, 2021 8:43:44 PM Server.Domain.CommonClasses.Response <init>
WARNING: username already exists
Apr 13, 2021 8:43:44 PM Server.Domain.CommonClasses.Response <init>
WARNING: username already exists
Apr 13, 2021 8:43:44 PM Server.Domain.CommonClasses.Response <init>
WARNING: Inventory: This product doesn't exist
Apr 13, 2021 8:43:44 PM Server.Domain.CommonClasses.Response <init>
WARNING: username already exists
Apr 13, 2021 8:43:44 PM Server.Domain.CommonClasses.Response <init>
WARNING: username already exists
Apr 13, 2021 8:43:44 PM Server.Domain.CommonClasses.Response <init>
WARNING: User not allowed to view user's purchase
Apr 13, 2021 8:43:44 PM Server.Domain.CommonClasses.Response <init>
WARNING: username already exists
Apr 13, 2021 8:43:44 PM Server.Domain.CommonClasses.Response <init>
WARNING: username already exists
Apr 13, 2021 8:43:44 PM Server.Domain.CommonClasses.Response <init>
WARNING: User not allowed to view purchase history
Apr 13, 2021 8:43:44 PM Server.Domain.CommonClasses.Response <init>
WARNING: username already exists
Apr 13, 2021 8:43:44 PM Server.Domain.CommonClasses.Response <init>
WARNING: username already exists
Apr 13, 2021 8:43:44 PM Server.Domain.CommonClasses.Response <init>
WARNING: user doesn't exist
Apr 13, 2021 8:43:44 PM Server.Domain.CommonClasses.Response <init>
WARNING: username already exists
Apr 13, 2021 8:43:44 PM Server.Domain.CommonClasses.Response <init>
WARNING: username already exists
Apr 13, 2021 8:43:44 PM Server.Domain.CommonClasses.Response <init>
WARNING: user doesn't exist
Apr 13, 2021 8:43:44 PM Server.Domain.CommonClasses.Response <init>
WARNING: user not appointed by this appointer
Apr 13, 2021 8:43:44 PM Server.Domain.CommonClasses.Response <init>
WARNING: username already exists
Apr 13, 2021 8:43:44 PM Server.Domain.CommonClasses.Response <init>
WARNING: username already exists
Apr 13, 2021 8:43:44 PM Server.Domain.CommonClasses.Response <init>
WARNING: User not allowed to receive store workers information
Apr 13, 2021 8:43:44 PM Server.Domain.CommonClasses.Response <init>
WARNING: username already exists
Apr 13, 2021 8:43:44 PM Server.Domain.CommonClasses.Response <init>
WARNING: username already exists
Apr 13, 2021 8:43:44 PM Server.Domain.CommonClasses.Response <init>
WARNING: username already exists
Apr 13, 2021 8:43:44 PM Server.Domain.CommonClasses.Response <init>
WARNING: username already exists
Apr 13, 2021 8:43:44 PM Server.Domain.CommonClasses.Response <init>
WARNING: username already exists
Apr 13, 2021 8:43:44 PM Server.Domain.CommonClasses.Response <init>
WARNING: username already exists
Apr 13, 2021 8:43:44 PM Server.Domain.CommonClasses.Response <init>
WARNING: User isn't allowed to appoint owner
Apr 13, 2021 8:43:44 PM Server.Domain.CommonClasses.Response <init>
WARNING: username already exists
Apr 13, 2021 8:43:44 PM Server.Domain.CommonClasses.Response <init>
WARNING: username already exists
Apr 13, 2021 8:43:44 PM Server.Domain.CommonClasses.Response <init>
WARNING: user doesn't exist
Apr 13, 2021 8:43:44 PM Server.Domain.CommonClasses.Response <init>
WARNING: The user is not allowed to add products to the store
Apr 13, 2021 8:43:44 PM Server.Domain.CommonClasses.Response <init>
WARNING: User not allowed to add permissions to this user
Apr 13, 2021 8:43:44 PM Server.Domain.CommonClasses.Response <init>
WARNING: The user is not allowed to add products to the store
Apr 13, 2021 8:43:44 PM Server.Domain.CommonClasses.Response <init>
WARNING: username already exists
Apr 13, 2021 8:43:44 PM Server.Domain.CommonClasses.Response <init>
WARNING: username already exists
Apr 13, 2021 8:43:44 PM Server.Domain.CommonClasses.Response <init>
WARNING: user doesn't exist
Apr 13, 2021 8:43:44 PM Server.Domain.CommonClasses.Response <init>
WARNING: The user is not allowed to add products to the store
Apr 13, 2021 8:43:44 PM Server.Domain.CommonClasses.Response <init>
WARNING: username already exists
Apr 13, 2021 8:43:44 PM Server.Domain.CommonClasses.Response <init>
WARNING: username already exists
Apr 13, 2021 8:43:44 PM Server.Domain.CommonClasses.Response <init>
WARNING: The user is not allowed to add products to the store
Apr 13, 2021 8:43:44 PM Server.Domain.CommonClasses.Response <init>
WARNING: username already exists
Apr 13, 2021 8:43:44 PM Server.Domain.CommonClasses.Response <init>
WARNING: username already exists
Apr 13, 2021 8:43:44 PM Server.Domain.CommonClasses.Response <init>
WARNING: user doesn't exist
Apr 13, 2021 8:43:44 PM Server.Domain.CommonClasses.Response <init>
WARNING: username already exists
Apr 13, 2021 8:43:44 PM Server.Domain.CommonClasses.Response <init>
WARNING: username already exists
Apr 13, 2021 8:43:44 PM Server.Domain.CommonClasses.Response <init>
WARNING: The user is not allowed to edit products information in the store
Apr 13, 2021 8:43:44 PM Server.Domain.CommonClasses.Response <init>
WARNING: username already exists
Apr 13, 2021 8:43:44 PM Server.Domain.CommonClasses.Response <init>
WARNING: username already exists
Apr 13, 2021 8:43:44 PM Server.Domain.CommonClasses.Response <init>
WARNING: username already exists
Apr 13, 2021 8:43:44 PM Server.Domain.CommonClasses.Response <init>
WARNING: username already exists
Apr 13, 2021 8:43:44 PM Server.Domain.CommonClasses.Response <init>
WARNING: user doesn't exist
Apr 13, 2021 8:43:44 PM Server.Domain.CommonClasses.Response <init>
WARNING: user not appointed by this appointer
Apr 13, 2021 8:43:44 PM Server.Domain.CommonClasses.Response <init>
WARNING: username already exists
Apr 13, 2021 8:43:44 PM Server.Domain.CommonClasses.Response <init>
WARNING: username already exists
Apr 13, 2021 8:43:44 PM Server.Domain.CommonClasses.Response <init>
WARNING: User not allowed to receive store history
Apr 13, 2021 8:43:44 PM Server.Domain.CommonClasses.Response <init>
WARNING: username already exists
Apr 13, 2021 8:43:44 PM Server.Domain.CommonClasses.Response <init>
WARNING: username already exists
Apr 13, 2021 8:43:44 PM Server.Domain.CommonClasses.Response <init>
WARNING: User not allowed to view user's purchase
Apr 13, 2021 8:43:44 PM Server.Domain.CommonClasses.Response <init>
WARNING: username already exists
Apr 13, 2021 8:43:44 PM Server.Domain.CommonClasses.Response <init>
WARNING: username already exists
Apr 13, 2021 8:43:44 PM Server.Domain.CommonClasses.Response <init>
WARNING: user doesn't exist
Apr 13, 2021 8:43:44 PM Server.Domain.CommonClasses.Response <init>
WARNING: username already exists
Apr 13, 2021 8:43:44 PM Server.Domain.CommonClasses.Response <init>
WARNING: username already exists
Apr 13, 2021 8:43:44 PM Server.Domain.CommonClasses.Response <init>
WARNING: username already exists
Apr 13, 2021 8:43:44 PM Server.Domain.CommonClasses.Response <init>
WARNING: username already exists
Apr 13, 2021 8:43:44 PM Server.Domain.CommonClasses.Response <init>
WARNING: User isn't allowed to appoint manager
Apr 13, 2021 8:43:44 PM Server.Domain.CommonClasses.Response <init>
WARNING: username already exists
Apr 13, 2021 8:43:44 PM Server.Domain.CommonClasses.Response <init>
WARNING: username already exists
Apr 13, 2021 8:43:44 PM Server.Domain.CommonClasses.Response <init>
WARNING: User is not allowed to register
Apr 13, 2021 8:43:44 PM Server.Domain.CommonClasses.Response <init>
WARNING: username already exists
Apr 13, 2021 8:43:44 PM Server.Domain.CommonClasses.Response <init>
WARNING: username already exists
Apr 13, 2021 8:43:44 PM Server.Domain.CommonClasses.Response <init>
WARNING: User not allowed to review product
Apr 13, 2021 8:43:44 PM Server.Domain.CommonClasses.Response <init>
WARNING: username already exists
Apr 13, 2021 8:43:44 PM Server.Domain.CommonClasses.Response <init>
WARNING: username already exists
Apr 13, 2021 8:43:44 PM Server.Domain.CommonClasses.Response <init>
WARNING: Not allowed to open store
Apr 13, 2021 8:43:44 PM Server.Domain.CommonClasses.Response <init>
WARNING: username already exists
Apr 13, 2021 8:43:44 PM Server.Domain.CommonClasses.Response <init>
WARNING: username already exists
Apr 13, 2021 8:43:44 PM Server.Domain.CommonClasses.Response <init>
WARNING: Delivery failed | created external connection
Apr 13, 2021 8:43:44 PM Server.Domain.CommonClasses.Response <init>
WARNING: Delivery failed | created external connection
Apr 13, 2021 8:43:44 PM Server.Domain.CommonClasses.Response <init>
WARNING: The given product wasn't purchased before
Apr 13, 2021 8:43:44 PM Server.Domain.CommonClasses.Response <init>
WARNING: username already exists
Apr 13, 2021 8:43:44 PM Server.Domain.CommonClasses.Response <init>
WARNING: username already exists
Apr 13, 2021 8:43:44 PM Server.Domain.CommonClasses.Response <init>
WARNING: Cannot logout without being logged in
Apr 13, 2021 8:45:50 PM Server.Domain.CommonClasses.Response <init>
WARNING: username already exists
Apr 13, 2021 8:45:50 PM Server.Domain.CommonClasses.Response <init>
WARNING: username already exists
Apr 13, 2021 8:45:50 PM Server.Domain.CommonClasses.Response <init>
WARNING: username already exists
Apr 13, 2021 8:45:50 PM Server.Domain.CommonClasses.Response <init>
WARNING: username already exists
Apr 13, 2021 8:45:50 PM Server.Domain.CommonClasses.Response <init>
WARNING: username already exists
Apr 13, 2021 8:45:50 PM Server.Domain.CommonClasses.Response <init>
WARNING: username already exists
Apr 13, 2021 8:45:50 PM Server.Domain.CommonClasses.Response <init>
WARNING: username already exists
Apr 13, 2021 8:45:50 PM Server.Domain.CommonClasses.Response <init>
WARNING: username already exists
Apr 13, 2021 8:45:50 PM Server.Domain.CommonClasses.Response <init>
WARNING: username already exists
Apr 13, 2021 8:45:50 PM Server.Domain.CommonClasses.Response <init>
WARNING: username already exists
Apr 13, 2021 8:45:50 PM Server.Domain.CommonClasses.Response <init>
WARNING: username already exists
Apr 13, 2021 8:45:50 PM Server.Domain.CommonClasses.Response <init>
WARNING: username already exists
Apr 13, 2021 8:45:50 PM Server.Domain.CommonClasses.Response <init>
WARNING: username already exists
Apr 13, 2021 8:45:50 PM Server.Domain.CommonClasses.Response <init>
WARNING: username already exists
Apr 13, 2021 8:45:50 PM Server.Domain.CommonClasses.Response <init>
WARNING: username already exists
Apr 13, 2021 8:45:50 PM Server.Domain.CommonClasses.Response <init>
WARNING: username already exists
Apr 13, 2021 8:45:50 PM Server.Domain.CommonClasses.Response <init>
WARNING: The user is not allowed to remove products from the store
Apr 13, 2021 8:45:50 PM Server.Domain.CommonClasses.Response <init>
WARNING: username already exists
Apr 13, 2021 8:45:50 PM Server.Domain.CommonClasses.Response <init>
WARNING: username already exists
Apr 13, 2021 8:45:50 PM Server.Domain.CommonClasses.Response <init>
WARNING: user doesn't exist
Apr 13, 2021 8:45:50 PM Server.Domain.CommonClasses.Response <init>
WARNING: username already exists
Apr 13, 2021 8:45:50 PM Server.Domain.CommonClasses.Response <init>
WARNING: username already exists
Apr 13, 2021 8:45:50 PM Server.Domain.CommonClasses.Response <init>
WARNING: Inventory: This product doesn't exist
Apr 13, 2021 8:45:51 PM Server.Domain.CommonClasses.Response <init>
WARNING: username already exists
Apr 13, 2021 8:45:51 PM Server.Domain.CommonClasses.Response <init>
WARNING: username already exists
Apr 13, 2021 8:45:51 PM Server.Domain.CommonClasses.Response <init>
WARNING: User not allowed to view user's purchase
Apr 13, 2021 8:45:51 PM Server.Domain.CommonClasses.Response <init>
WARNING: username already exists
Apr 13, 2021 8:45:51 PM Server.Domain.CommonClasses.Response <init>
WARNING: username already exists
Apr 13, 2021 8:45:51 PM Server.Domain.CommonClasses.Response <init>
WARNING: User not allowed to view purchase history
Apr 13, 2021 8:45:51 PM Server.Domain.CommonClasses.Response <init>
WARNING: username already exists
Apr 13, 2021 8:45:51 PM Server.Domain.CommonClasses.Response <init>
WARNING: username already exists
Apr 13, 2021 8:45:51 PM Server.Domain.CommonClasses.Response <init>
WARNING: user doesn't exist
Apr 13, 2021 8:45:51 PM Server.Domain.CommonClasses.Response <init>
WARNING: username already exists
Apr 13, 2021 8:45:51 PM Server.Domain.CommonClasses.Response <init>
WARNING: username already exists
Apr 13, 2021 8:45:51 PM Server.Domain.CommonClasses.Response <init>
WARNING: user doesn't exist
Apr 13, 2021 8:45:51 PM Server.Domain.CommonClasses.Response <init>
WARNING: user not appointed by this appointer
Apr 13, 2021 8:45:51 PM Server.Domain.CommonClasses.Response <init>
WARNING: username already exists
Apr 13, 2021 8:45:51 PM Server.Domain.CommonClasses.Response <init>
WARNING: username already exists
Apr 13, 2021 8:45:51 PM Server.Domain.CommonClasses.Response <init>
WARNING: User not allowed to receive store workers information
Apr 13, 2021 8:45:51 PM Server.Domain.CommonClasses.Response <init>
WARNING: username already exists
Apr 13, 2021 8:45:51 PM Server.Domain.CommonClasses.Response <init>
WARNING: username already exists
Apr 13, 2021 8:45:51 PM Server.Domain.CommonClasses.Response <init>
WARNING: username already exists
Apr 13, 2021 8:45:51 PM Server.Domain.CommonClasses.Response <init>
WARNING: username already exists
Apr 13, 2021 8:45:51 PM Server.Domain.CommonClasses.Response <init>
WARNING: username already exists
Apr 13, 2021 8:45:51 PM Server.Domain.CommonClasses.Response <init>
WARNING: username already exists
Apr 13, 2021 8:45:51 PM Server.Domain.CommonClasses.Response <init>
WARNING: User isn't allowed to appoint owner
Apr 13, 2021 8:45:51 PM Server.Domain.CommonClasses.Response <init>
WARNING: username already exists
Apr 13, 2021 8:45:51 PM Server.Domain.CommonClasses.Response <init>
WARNING: username already exists
Apr 13, 2021 8:45:51 PM Server.Domain.CommonClasses.Response <init>
WARNING: user doesn't exist
Apr 13, 2021 8:45:51 PM Server.Domain.CommonClasses.Response <init>
WARNING: The user is not allowed to add products to the store
Apr 13, 2021 8:45:51 PM Server.Domain.CommonClasses.Response <init>
WARNING: User not allowed to add permissions to this user
Apr 13, 2021 8:45:51 PM Server.Domain.CommonClasses.Response <init>
WARNING: The user is not allowed to add products to the store
Apr 13, 2021 8:45:51 PM Server.Domain.CommonClasses.Response <init>
WARNING: username already exists
Apr 13, 2021 8:45:51 PM Server.Domain.CommonClasses.Response <init>
WARNING: username already exists
Apr 13, 2021 8:45:51 PM Server.Domain.CommonClasses.Response <init>
WARNING: user doesn't exist
Apr 13, 2021 8:45:51 PM Server.Domain.CommonClasses.Response <init>
WARNING: The user is not allowed to add products to the store
Apr 13, 2021 8:45:51 PM Server.Domain.CommonClasses.Response <init>
WARNING: username already exists
Apr 13, 2021 8:45:51 PM Server.Domain.CommonClasses.Response <init>
WARNING: username already exists
Apr 13, 2021 8:45:51 PM Server.Domain.CommonClasses.Response <init>
WARNING: The user is not allowed to add products to the store
Apr 13, 2021 8:45:51 PM Server.Domain.CommonClasses.Response <init>
WARNING: username already exists
Apr 13, 2021 8:45:51 PM Server.Domain.CommonClasses.Response <init>
WARNING: username already exists
Apr 13, 2021 8:45:51 PM Server.Domain.CommonClasses.Response <init>
WARNING: user doesn't exist
Apr 13, 2021 8:45:51 PM Server.Domain.CommonClasses.Response <init>
WARNING: username already exists
Apr 13, 2021 8:45:51 PM Server.Domain.CommonClasses.Response <init>
WARNING: username already exists
Apr 13, 2021 8:45:51 PM Server.Domain.CommonClasses.Response <init>
WARNING: The user is not allowed to edit products information in the store
Apr 13, 2021 8:45:51 PM Server.Domain.CommonClasses.Response <init>
WARNING: username already exists
Apr 13, 2021 8:45:51 PM Server.Domain.CommonClasses.Response <init>
WARNING: username already exists
Apr 13, 2021 8:45:51 PM Server.Domain.CommonClasses.Response <init>
WARNING: username already exists
Apr 13, 2021 8:45:51 PM Server.Domain.CommonClasses.Response <init>
WARNING: username already exists
Apr 13, 2021 8:45:51 PM Server.Domain.CommonClasses.Response <init>
WARNING: user doesn't exist
Apr 13, 2021 8:45:51 PM Server.Domain.CommonClasses.Response <init>
WARNING: user not appointed by this appointer
Apr 13, 2021 8:45:51 PM Server.Domain.CommonClasses.Response <init>
WARNING: username already exists
Apr 13, 2021 8:45:51 PM Server.Domain.CommonClasses.Response <init>
WARNING: username already exists
Apr 13, 2021 8:45:51 PM Server.Domain.CommonClasses.Response <init>
WARNING: User not allowed to receive store history
Apr 13, 2021 8:45:51 PM Server.Domain.CommonClasses.Response <init>
WARNING: username already exists
Apr 13, 2021 8:45:51 PM Server.Domain.CommonClasses.Response <init>
WARNING: username already exists
Apr 13, 2021 8:45:51 PM Server.Domain.CommonClasses.Response <init>
WARNING: User not allowed to view user's purchase
Apr 13, 2021 8:45:51 PM Server.Domain.CommonClasses.Response <init>
WARNING: username already exists
Apr 13, 2021 8:45:51 PM Server.Domain.CommonClasses.Response <init>
WARNING: username already exists
Apr 13, 2021 8:45:51 PM Server.Domain.CommonClasses.Response <init>
WARNING: user doesn't exist
Apr 13, 2021 8:45:51 PM Server.Domain.CommonClasses.Response <init>
WARNING: username already exists
Apr 13, 2021 8:45:51 PM Server.Domain.CommonClasses.Response <init>
WARNING: username already exists
Apr 13, 2021 8:45:51 PM Server.Domain.CommonClasses.Response <init>
WARNING: username already exists
Apr 13, 2021 8:45:51 PM Server.Domain.CommonClasses.Response <init>
WARNING: username already exists
Apr 13, 2021 8:45:51 PM Server.Domain.CommonClasses.Response <init>
WARNING: User isn't allowed to appoint manager
Apr 13, 2021 8:45:51 PM Server.Domain.CommonClasses.Response <init>
WARNING: username already exists
Apr 13, 2021 8:45:51 PM Server.Domain.CommonClasses.Response <init>
WARNING: username already exists
Apr 13, 2021 8:45:51 PM Server.Domain.CommonClasses.Response <init>
WARNING: User is not allowed to register
Apr 13, 2021 8:45:51 PM Server.Domain.CommonClasses.Response <init>
WARNING: username already exists
Apr 13, 2021 8:45:51 PM Server.Domain.CommonClasses.Response <init>
WARNING: username already exists
Apr 13, 2021 8:45:51 PM Server.Domain.CommonClasses.Response <init>
WARNING: User not allowed to review product
Apr 13, 2021 8:45:51 PM Server.Domain.CommonClasses.Response <init>
WARNING: username already exists
Apr 13, 2021 8:45:51 PM Server.Domain.CommonClasses.Response <init>
WARNING: username already exists
Apr 13, 2021 8:45:51 PM Server.Domain.CommonClasses.Response <init>
WARNING: Not allowed to open store
Apr 13, 2021 8:45:51 PM Server.Domain.CommonClasses.Response <init>
WARNING: username already exists
Apr 13, 2021 8:45:51 PM Server.Domain.CommonClasses.Response <init>
WARNING: username already exists
Apr 13, 2021 8:45:51 PM Server.Domain.CommonClasses.Response <init>
WARNING: Payment failed | created external connection
Apr 13, 2021 8:45:51 PM Server.Domain.CommonClasses.Response <init>
WARNING: Payment failed | created external connection
Apr 13, 2021 8:45:51 PM Server.Domain.CommonClasses.Response <init>
WARNING: The given product wasn't purchased before
Apr 13, 2021 8:45:51 PM Server.Domain.CommonClasses.Response <init>
WARNING: username already exists
Apr 13, 2021 8:45:51 PM Server.Domain.CommonClasses.Response <init>
WARNING: username already exists
Apr 13, 2021 8:45:51 PM Server.Domain.CommonClasses.Response <init>
WARNING: Cannot logout without being logged in
Apr 13, 2021 8:46:44 PM Server.Domain.CommonClasses.Response <init>
WARNING: username already exists
Apr 13, 2021 8:46:44 PM Server.Domain.CommonClasses.Response <init>
WARNING: username already exists
Apr 13, 2021 8:46:44 PM Server.Domain.CommonClasses.Response <init>
WARNING: username already exists
Apr 13, 2021 8:46:44 PM Server.Domain.CommonClasses.Response <init>
WARNING: username already exists
Apr 13, 2021 8:46:44 PM Server.Domain.CommonClasses.Response <init>
WARNING: username already exists
Apr 13, 2021 8:46:44 PM Server.Domain.CommonClasses.Response <init>
WARNING: username already exists
Apr 13, 2021 8:46:44 PM Server.Domain.CommonClasses.Response <init>
WARNING: username already exists
Apr 13, 2021 8:46:44 PM Server.Domain.CommonClasses.Response <init>
WARNING: username already exists
Apr 13, 2021 8:46:44 PM Server.Domain.CommonClasses.Response <init>
WARNING: username already exists
Apr 13, 2021 8:46:44 PM Server.Domain.CommonClasses.Response <init>
WARNING: username already exists
Apr 13, 2021 8:46:44 PM Server.Domain.CommonClasses.Response <init>
WARNING: username already exists
Apr 13, 2021 8:46:44 PM Server.Domain.CommonClasses.Response <init>
WARNING: username already exists
Apr 13, 2021 8:46:44 PM Server.Domain.CommonClasses.Response <init>
WARNING: username already exists
Apr 13, 2021 8:46:44 PM Server.Domain.CommonClasses.Response <init>
WARNING: username already exists
Apr 13, 2021 8:46:44 PM Server.Domain.CommonClasses.Response <init>
WARNING: username already exists
Apr 13, 2021 8:46:44 PM Server.Domain.CommonClasses.Response <init>
WARNING: username already exists
Apr 13, 2021 8:46:44 PM Server.Domain.CommonClasses.Response <init>
WARNING: The user is not allowed to remove products from the store
Apr 13, 2021 8:46:44 PM Server.Domain.CommonClasses.Response <init>
WARNING: username already exists
Apr 13, 2021 8:46:44 PM Server.Domain.CommonClasses.Response <init>
WARNING: username already exists
Apr 13, 2021 8:46:44 PM Server.Domain.CommonClasses.Response <init>
WARNING: user doesn't exist
Apr 13, 2021 8:46:44 PM Server.Domain.CommonClasses.Response <init>
WARNING: username already exists
Apr 13, 2021 8:46:44 PM Server.Domain.CommonClasses.Response <init>
WARNING: username already exists
Apr 13, 2021 8:46:44 PM Server.Domain.CommonClasses.Response <init>
WARNING: Inventory: This product doesn't exist
Apr 13, 2021 8:46:44 PM Server.Domain.CommonClasses.Response <init>
WARNING: username already exists
Apr 13, 2021 8:46:44 PM Server.Domain.CommonClasses.Response <init>
WARNING: username already exists
Apr 13, 2021 8:46:44 PM Server.Domain.CommonClasses.Response <init>
WARNING: User not allowed to view user's purchase
Apr 13, 2021 8:46:44 PM Server.Domain.CommonClasses.Response <init>
WARNING: username already exists
Apr 13, 2021 8:46:44 PM Server.Domain.CommonClasses.Response <init>
WARNING: username already exists
Apr 13, 2021 8:46:44 PM Server.Domain.CommonClasses.Response <init>
WARNING: User not allowed to view purchase history
Apr 13, 2021 8:46:44 PM Server.Domain.CommonClasses.Response <init>
WARNING: username already exists
Apr 13, 2021 8:46:44 PM Server.Domain.CommonClasses.Response <init>
WARNING: username already exists
Apr 13, 2021 8:46:44 PM Server.Domain.CommonClasses.Response <init>
WARNING: user doesn't exist
Apr 13, 2021 8:46:44 PM Server.Domain.CommonClasses.Response <init>
WARNING: username already exists
Apr 13, 2021 8:46:44 PM Server.Domain.CommonClasses.Response <init>
WARNING: username already exists
Apr 13, 2021 8:46:44 PM Server.Domain.CommonClasses.Response <init>
WARNING: user doesn't exist
Apr 13, 2021 8:46:44 PM Server.Domain.CommonClasses.Response <init>
WARNING: user not appointed by this appointer
Apr 13, 2021 8:46:44 PM Server.Domain.CommonClasses.Response <init>
WARNING: username already exists
Apr 13, 2021 8:46:44 PM Server.Domain.CommonClasses.Response <init>
WARNING: username already exists
Apr 13, 2021 8:46:44 PM Server.Domain.CommonClasses.Response <init>
WARNING: User not allowed to receive store workers information
Apr 13, 2021 8:46:44 PM Server.Domain.CommonClasses.Response <init>
WARNING: username already exists
Apr 13, 2021 8:46:44 PM Server.Domain.CommonClasses.Response <init>
WARNING: username already exists
Apr 13, 2021 8:46:44 PM Server.Domain.CommonClasses.Response <init>
WARNING: username already exists
Apr 13, 2021 8:46:44 PM Server.Domain.CommonClasses.Response <init>
WARNING: username already exists
Apr 13, 2021 8:46:44 PM Server.Domain.CommonClasses.Response <init>
WARNING: username already exists
Apr 13, 2021 8:46:44 PM Server.Domain.CommonClasses.Response <init>
WARNING: username already exists
Apr 13, 2021 8:46:44 PM Server.Domain.CommonClasses.Response <init>
WARNING: User isn't allowed to appoint owner
Apr 13, 2021 8:46:44 PM Server.Domain.CommonClasses.Response <init>
WARNING: username already exists
Apr 13, 2021 8:46:44 PM Server.Domain.CommonClasses.Response <init>
WARNING: username already exists
Apr 13, 2021 8:46:44 PM Server.Domain.CommonClasses.Response <init>
WARNING: user doesn't exist
Apr 13, 2021 8:46:44 PM Server.Domain.CommonClasses.Response <init>
WARNING: The user is not allowed to add products to the store
Apr 13, 2021 8:46:44 PM Server.Domain.CommonClasses.Response <init>
WARNING: User not allowed to add permissions to this user
Apr 13, 2021 8:46:44 PM Server.Domain.CommonClasses.Response <init>
WARNING: The user is not allowed to add products to the store
Apr 13, 2021 8:46:44 PM Server.Domain.CommonClasses.Response <init>
WARNING: username already exists
Apr 13, 2021 8:46:44 PM Server.Domain.CommonClasses.Response <init>
WARNING: username already exists
Apr 13, 2021 8:46:44 PM Server.Domain.CommonClasses.Response <init>
WARNING: user doesn't exist
Apr 13, 2021 8:46:44 PM Server.Domain.CommonClasses.Response <init>
WARNING: The user is not allowed to add products to the store
Apr 13, 2021 8:46:44 PM Server.Domain.CommonClasses.Response <init>
WARNING: username already exists
Apr 13, 2021 8:46:44 PM Server.Domain.CommonClasses.Response <init>
WARNING: username already exists
Apr 13, 2021 8:46:44 PM Server.Domain.CommonClasses.Response <init>
WARNING: The user is not allowed to add products to the store
Apr 13, 2021 8:46:44 PM Server.Domain.CommonClasses.Response <init>
WARNING: username already exists
Apr 13, 2021 8:46:44 PM Server.Domain.CommonClasses.Response <init>
WARNING: username already exists
Apr 13, 2021 8:46:44 PM Server.Domain.CommonClasses.Response <init>
WARNING: user doesn't exist
Apr 13, 2021 8:46:44 PM Server.Domain.CommonClasses.Response <init>
WARNING: username already exists
Apr 13, 2021 8:46:44 PM Server.Domain.CommonClasses.Response <init>
WARNING: username already exists
Apr 13, 2021 8:46:44 PM Server.Domain.CommonClasses.Response <init>
WARNING: The user is not allowed to edit products information in the store
Apr 13, 2021 8:46:44 PM Server.Domain.CommonClasses.Response <init>
WARNING: username already exists
Apr 13, 2021 8:46:44 PM Server.Domain.CommonClasses.Response <init>
WARNING: username already exists
Apr 13, 2021 8:46:44 PM Server.Domain.CommonClasses.Response <init>
WARNING: username already exists
Apr 13, 2021 8:46:44 PM Server.Domain.CommonClasses.Response <init>
WARNING: username already exists
Apr 13, 2021 8:46:44 PM Server.Domain.CommonClasses.Response <init>
WARNING: user doesn't exist
Apr 13, 2021 8:46:44 PM Server.Domain.CommonClasses.Response <init>
WARNING: user not appointed by this appointer
Apr 13, 2021 8:46:44 PM Server.Domain.CommonClasses.Response <init>
WARNING: username already exists
Apr 13, 2021 8:46:44 PM Server.Domain.CommonClasses.Response <init>
WARNING: username already exists
Apr 13, 2021 8:46:44 PM Server.Domain.CommonClasses.Response <init>
WARNING: User not allowed to receive store history
Apr 13, 2021 8:46:44 PM Server.Domain.CommonClasses.Response <init>
WARNING: username already exists
Apr 13, 2021 8:46:44 PM Server.Domain.CommonClasses.Response <init>
WARNING: username already exists
Apr 13, 2021 8:46:44 PM Server.Domain.CommonClasses.Response <init>
WARNING: User not allowed to view user's purchase
Apr 13, 2021 8:46:44 PM Server.Domain.CommonClasses.Response <init>
WARNING: username already exists
Apr 13, 2021 8:46:44 PM Server.Domain.CommonClasses.Response <init>
WARNING: username already exists
Apr 13, 2021 8:46:44 PM Server.Domain.CommonClasses.Response <init>
WARNING: user doesn't exist
Apr 13, 2021 8:46:44 PM Server.Domain.CommonClasses.Response <init>
WARNING: username already exists
Apr 13, 2021 8:46:44 PM Server.Domain.CommonClasses.Response <init>
WARNING: username already exists
Apr 13, 2021 8:46:44 PM Server.Domain.CommonClasses.Response <init>
WARNING: username already exists
Apr 13, 2021 8:46:44 PM Server.Domain.CommonClasses.Response <init>
WARNING: username already exists
Apr 13, 2021 8:46:44 PM Server.Domain.CommonClasses.Response <init>
WARNING: User isn't allowed to appoint manager
Apr 13, 2021 8:46:44 PM Server.Domain.CommonClasses.Response <init>
WARNING: username already exists
Apr 13, 2021 8:46:44 PM Server.Domain.CommonClasses.Response <init>
WARNING: username already exists
Apr 13, 2021 8:46:44 PM Server.Domain.CommonClasses.Response <init>
WARNING: User is not allowed to register
Apr 13, 2021 8:46:44 PM Server.Domain.CommonClasses.Response <init>
WARNING: username already exists
Apr 13, 2021 8:46:44 PM Server.Domain.CommonClasses.Response <init>
WARNING: username already exists
Apr 13, 2021 8:46:44 PM Server.Domain.CommonClasses.Response <init>
WARNING: User not allowed to review product
Apr 13, 2021 8:46:44 PM Server.Domain.CommonClasses.Response <init>
WARNING: username already exists
Apr 13, 2021 8:46:44 PM Server.Domain.CommonClasses.Response <init>
WARNING: username already exists
Apr 13, 2021 8:46:44 PM Server.Domain.CommonClasses.Response <init>
WARNING: Not allowed to open store
Apr 13, 2021 8:46:44 PM Server.Domain.CommonClasses.Response <init>
WARNING: username already exists
Apr 13, 2021 8:46:44 PM Server.Domain.CommonClasses.Response <init>
WARNING: username already exists
Apr 13, 2021 8:46:44 PM Server.Domain.CommonClasses.Response <init>
WARNING: Inventory: This product doesn't exists
Apr 13, 2021 8:46:44 PM Server.Domain.CommonClasses.Response <init>
WARNING: username already exists
Apr 13, 2021 8:46:44 PM Server.Domain.CommonClasses.Response <init>
WARNING: username already exists
Apr 13, 2021 8:46:44 PM Server.Domain.CommonClasses.Response <init>
WARNING: Cannot logout without being logged in
Apr 13, 2021 8:46:59 PM Server.Domain.CommonClasses.Response <init>
WARNING: username already exists
Apr 13, 2021 8:46:59 PM Server.Domain.CommonClasses.Response <init>
WARNING: username already exists
Apr 13, 2021 8:46:59 PM Server.Domain.CommonClasses.Response <init>
WARNING: username already exists
Apr 13, 2021 8:46:59 PM Server.Domain.CommonClasses.Response <init>
WARNING: username already exists
Apr 13, 2021 8:46:59 PM Server.Domain.CommonClasses.Response <init>
WARNING: username already exists
Apr 13, 2021 8:46:59 PM Server.Domain.CommonClasses.Response <init>
WARNING: username already exists
Apr 13, 2021 8:46:59 PM Server.Domain.CommonClasses.Response <init>
WARNING: username already exists
Apr 13, 2021 8:46:59 PM Server.Domain.CommonClasses.Response <init>
WARNING: username already exists
Apr 13, 2021 8:46:59 PM Server.Domain.CommonClasses.Response <init>
WARNING: username already exists
Apr 13, 2021 8:46:59 PM Server.Domain.CommonClasses.Response <init>
WARNING: username already exists
Apr 13, 2021 8:46:59 PM Server.Domain.CommonClasses.Response <init>
WARNING: username already exists
Apr 13, 2021 8:46:59 PM Server.Domain.CommonClasses.Response <init>
WARNING: username already exists
Apr 13, 2021 8:46:59 PM Server.Domain.CommonClasses.Response <init>
WARNING: username already exists
Apr 13, 2021 8:46:59 PM Server.Domain.CommonClasses.Response <init>
WARNING: username already exists
Apr 13, 2021 8:46:59 PM Server.Domain.CommonClasses.Response <init>
WARNING: username already exists
Apr 13, 2021 8:46:59 PM Server.Domain.CommonClasses.Response <init>
WARNING: username already exists
Apr 13, 2021 8:46:59 PM Server.Domain.CommonClasses.Response <init>
WARNING: The user is not allowed to remove products from the store
Apr 13, 2021 8:46:59 PM Server.Domain.CommonClasses.Response <init>
WARNING: username already exists
Apr 13, 2021 8:46:59 PM Server.Domain.CommonClasses.Response <init>
WARNING: username already exists
Apr 13, 2021 8:46:59 PM Server.Domain.CommonClasses.Response <init>
WARNING: user doesn't exist
Apr 13, 2021 8:46:59 PM Server.Domain.CommonClasses.Response <init>
WARNING: username already exists
Apr 13, 2021 8:46:59 PM Server.Domain.CommonClasses.Response <init>
WARNING: username already exists
Apr 13, 2021 8:46:59 PM Server.Domain.CommonClasses.Response <init>
WARNING: Inventory: This product doesn't exist
Apr 13, 2021 8:46:59 PM Server.Domain.CommonClasses.Response <init>
WARNING: username already exists
Apr 13, 2021 8:46:59 PM Server.Domain.CommonClasses.Response <init>
WARNING: username already exists
Apr 13, 2021 8:46:59 PM Server.Domain.CommonClasses.Response <init>
WARNING: User not allowed to view user's purchase
Apr 13, 2021 8:46:59 PM Server.Domain.CommonClasses.Response <init>
WARNING: username already exists
Apr 13, 2021 8:46:59 PM Server.Domain.CommonClasses.Response <init>
WARNING: username already exists
Apr 13, 2021 8:46:59 PM Server.Domain.CommonClasses.Response <init>
WARNING: User not allowed to view purchase history
Apr 13, 2021 8:46:59 PM Server.Domain.CommonClasses.Response <init>
WARNING: username already exists
Apr 13, 2021 8:46:59 PM Server.Domain.CommonClasses.Response <init>
WARNING: username already exists
Apr 13, 2021 8:46:59 PM Server.Domain.CommonClasses.Response <init>
WARNING: user doesn't exist
Apr 13, 2021 8:46:59 PM Server.Domain.CommonClasses.Response <init>
WARNING: username already exists
Apr 13, 2021 8:46:59 PM Server.Domain.CommonClasses.Response <init>
WARNING: username already exists
Apr 13, 2021 8:46:59 PM Server.Domain.CommonClasses.Response <init>
WARNING: user doesn't exist
Apr 13, 2021 8:46:59 PM Server.Domain.CommonClasses.Response <init>
WARNING: user not appointed by this appointer
Apr 13, 2021 8:47:00 PM Server.Domain.CommonClasses.Response <init>
WARNING: username already exists
Apr 13, 2021 8:47:00 PM Server.Domain.CommonClasses.Response <init>
WARNING: username already exists
Apr 13, 2021 8:47:00 PM Server.Domain.CommonClasses.Response <init>
WARNING: User not allowed to receive store workers information
Apr 13, 2021 8:47:00 PM Server.Domain.CommonClasses.Response <init>
WARNING: username already exists
Apr 13, 2021 8:47:00 PM Server.Domain.CommonClasses.Response <init>
WARNING: username already exists
Apr 13, 2021 8:47:00 PM Server.Domain.CommonClasses.Response <init>
WARNING: username already exists
Apr 13, 2021 8:47:00 PM Server.Domain.CommonClasses.Response <init>
WARNING: username already exists
Apr 13, 2021 8:47:00 PM Server.Domain.CommonClasses.Response <init>
WARNING: username already exists
Apr 13, 2021 8:47:00 PM Server.Domain.CommonClasses.Response <init>
WARNING: username already exists
Apr 13, 2021 8:47:00 PM Server.Domain.CommonClasses.Response <init>
WARNING: User isn't allowed to appoint owner
Apr 13, 2021 8:47:00 PM Server.Domain.CommonClasses.Response <init>
WARNING: username already exists
Apr 13, 2021 8:47:00 PM Server.Domain.CommonClasses.Response <init>
WARNING: username already exists
Apr 13, 2021 8:47:00 PM Server.Domain.CommonClasses.Response <init>
WARNING: user doesn't exist
Apr 13, 2021 8:47:00 PM Server.Domain.CommonClasses.Response <init>
WARNING: The user is not allowed to add products to the store
Apr 13, 2021 8:47:00 PM Server.Domain.CommonClasses.Response <init>
WARNING: User not allowed to add permissions to this user
Apr 13, 2021 8:47:00 PM Server.Domain.CommonClasses.Response <init>
WARNING: The user is not allowed to add products to the store
Apr 13, 2021 8:47:00 PM Server.Domain.CommonClasses.Response <init>
WARNING: username already exists
Apr 13, 2021 8:47:00 PM Server.Domain.CommonClasses.Response <init>
WARNING: username already exists
Apr 13, 2021 8:47:00 PM Server.Domain.CommonClasses.Response <init>
WARNING: user doesn't exist
Apr 13, 2021 8:47:00 PM Server.Domain.CommonClasses.Response <init>
WARNING: The user is not allowed to add products to the store
Apr 13, 2021 8:47:00 PM Server.Domain.CommonClasses.Response <init>
WARNING: username already exists
Apr 13, 2021 8:47:00 PM Server.Domain.CommonClasses.Response <init>
WARNING: username already exists
Apr 13, 2021 8:47:00 PM Server.Domain.CommonClasses.Response <init>
WARNING: The user is not allowed to add products to the store
Apr 13, 2021 8:47:00 PM Server.Domain.CommonClasses.Response <init>
WARNING: username already exists
Apr 13, 2021 8:47:00 PM Server.Domain.CommonClasses.Response <init>
WARNING: username already exists
Apr 13, 2021 8:47:00 PM Server.Domain.CommonClasses.Response <init>
WARNING: user doesn't exist
Apr 13, 2021 8:47:00 PM Server.Domain.CommonClasses.Response <init>
WARNING: username already exists
Apr 13, 2021 8:47:00 PM Server.Domain.CommonClasses.Response <init>
WARNING: username already exists
Apr 13, 2021 8:47:00 PM Server.Domain.CommonClasses.Response <init>
WARNING: The user is not allowed to edit products information in the store
Apr 13, 2021 8:47:00 PM Server.Domain.CommonClasses.Response <init>
WARNING: username already exists
Apr 13, 2021 8:47:00 PM Server.Domain.CommonClasses.Response <init>
WARNING: username already exists
Apr 13, 2021 8:47:00 PM Server.Domain.CommonClasses.Response <init>
WARNING: username already exists
Apr 13, 2021 8:47:00 PM Server.Domain.CommonClasses.Response <init>
WARNING: username already exists
Apr 13, 2021 8:47:00 PM Server.Domain.CommonClasses.Response <init>
WARNING: user doesn't exist
Apr 13, 2021 8:47:00 PM Server.Domain.CommonClasses.Response <init>
WARNING: user not appointed by this appointer
Apr 13, 2021 8:47:00 PM Server.Domain.CommonClasses.Response <init>
WARNING: username already exists
Apr 13, 2021 8:47:00 PM Server.Domain.CommonClasses.Response <init>
WARNING: username already exists
Apr 13, 2021 8:47:00 PM Server.Domain.CommonClasses.Response <init>
WARNING: User not allowed to receive store history
Apr 13, 2021 8:47:00 PM Server.Domain.CommonClasses.Response <init>
WARNING: username already exists
Apr 13, 2021 8:47:00 PM Server.Domain.CommonClasses.Response <init>
WARNING: username already exists
Apr 13, 2021 8:47:00 PM Server.Domain.CommonClasses.Response <init>
WARNING: User not allowed to view user's purchase
Apr 13, 2021 8:47:00 PM Server.Domain.CommonClasses.Response <init>
WARNING: username already exists
Apr 13, 2021 8:47:00 PM Server.Domain.CommonClasses.Response <init>
WARNING: username already exists
Apr 13, 2021 8:47:00 PM Server.Domain.CommonClasses.Response <init>
WARNING: user doesn't exist
Apr 13, 2021 8:47:00 PM Server.Domain.CommonClasses.Response <init>
WARNING: username already exists
Apr 13, 2021 8:47:00 PM Server.Domain.CommonClasses.Response <init>
WARNING: username already exists
Apr 13, 2021 8:47:00 PM Server.Domain.CommonClasses.Response <init>
WARNING: username already exists
Apr 13, 2021 8:47:00 PM Server.Domain.CommonClasses.Response <init>
WARNING: username already exists
Apr 13, 2021 8:47:00 PM Server.Domain.CommonClasses.Response <init>
WARNING: User isn't allowed to appoint manager
Apr 13, 2021 8:47:00 PM Server.Domain.CommonClasses.Response <init>
WARNING: username already exists
Apr 13, 2021 8:47:00 PM Server.Domain.CommonClasses.Response <init>
WARNING: username already exists
Apr 13, 2021 8:47:00 PM Server.Domain.CommonClasses.Response <init>
WARNING: User is not allowed to register
Apr 13, 2021 8:47:00 PM Server.Domain.CommonClasses.Response <init>
WARNING: username already exists
Apr 13, 2021 8:47:00 PM Server.Domain.CommonClasses.Response <init>
WARNING: username already exists
Apr 13, 2021 8:47:00 PM Server.Domain.CommonClasses.Response <init>
WARNING: User not allowed to review product
Apr 13, 2021 8:47:00 PM Server.Domain.CommonClasses.Response <init>
WARNING: username already exists
Apr 13, 2021 8:47:00 PM Server.Domain.CommonClasses.Response <init>
WARNING: username already exists
Apr 13, 2021 8:47:00 PM Server.Domain.CommonClasses.Response <init>
WARNING: Not allowed to open store
Apr 13, 2021 8:47:00 PM Server.Domain.CommonClasses.Response <init>
WARNING: username already exists
Apr 13, 2021 8:47:00 PM Server.Domain.CommonClasses.Response <init>
WARNING: username already exists
Apr 13, 2021 8:47:00 PM Server.Domain.CommonClasses.Response <init>
WARNING: Inventory: This product doesn't exists
Apr 13, 2021 8:47:00 PM Server.Domain.CommonClasses.Response <init>
WARNING: username already exists
Apr 13, 2021 8:47:00 PM Server.Domain.CommonClasses.Response <init>
WARNING: username already exists
Apr 13, 2021 8:47:00 PM Server.Domain.CommonClasses.Response <init>
WARNING: Cannot logout without being logged in
Apr 14, 2021 11:19:36 AM Server.Domain.CommonClasses.Response <init>
WARNING: username already exists
Apr 14, 2021 11:19:36 AM Server.Domain.CommonClasses.Response <init>
WARNING: username already exists
Apr 14, 2021 11:19:36 AM Server.Domain.CommonClasses.Response <init>
WARNING: User not allowed to add permissions to this user
Apr 14, 2021 11:19:36 AM Server.Domain.CommonClasses.Response <init>
WARNING: username already exists
Apr 14, 2021 11:19:36 AM Server.Domain.CommonClasses.Response <init>
WARNING: username already exists
Apr 14, 2021 11:19:36 AM Server.Domain.CommonClasses.Response <init>
WARNING: user doesn't exist
Apr 14, 2021 11:19:36 AM Server.Domain.CommonClasses.Response <init>
WARNING: username already exists
Apr 14, 2021 11:19:36 AM Server.Domain.CommonClasses.Response <init>
WARNING: username already exists
Apr 14, 2021 11:19:36 AM Server.Domain.CommonClasses.Response <init>
WARNING: User not allowed to remove permissions from this user
Apr 14, 2021 11:19:36 AM Server.Domain.CommonClasses.Response <init>
WARNING: username already exists
Apr 14, 2021 11:19:36 AM Server.Domain.CommonClasses.Response <init>
WARNING: username already exists
Apr 14, 2021 11:19:36 AM Server.Domain.CommonClasses.Response <init>
WARNING: user doesn't exist
Apr 14, 2021 11:19:36 AM Server.Domain.CommonClasses.Response <init>
WARNING: username already exists
Apr 14, 2021 11:19:36 AM Server.Domain.CommonClasses.Response <init>
WARNING: username already exists
Apr 14, 2021 11:19:36 AM Server.Domain.CommonClasses.Response <init>
WARNING: username already exists
Apr 14, 2021 11:19:36 AM Server.Domain.CommonClasses.Response <init>
WARNING: user doesn't exist
Apr 14, 2021 11:19:36 AM Server.Domain.CommonClasses.Response <init>
WARNING: user doesn't exist
Apr 14, 2021 11:19:36 AM Server.Domain.CommonClasses.Response <init>
WARNING: User not allowed to remove permissions from this user
Apr 14, 2021 11:19:36 AM Server.Domain.CommonClasses.Response <init>
WARNING: username already exists
Apr 14, 2021 11:19:36 AM Server.Domain.CommonClasses.Response <init>
WARNING: username already exists
Apr 14, 2021 11:19:36 AM Server.Domain.CommonClasses.Response <init>
WARNING: username already exists
Apr 14, 2021 11:19:36 AM Server.Domain.CommonClasses.Response <init>
WARNING: user doesn't exist
Apr 14, 2021 11:19:36 AM Server.Domain.CommonClasses.Response <init>
WARNING: user doesn't exist
Apr 14, 2021 11:19:36 AM Server.Domain.CommonClasses.Response <init>
WARNING: Attempted to remove a user that wasn't appointed by him
Apr 14, 2021 11:19:36 AM Server.Domain.CommonClasses.Response <init>
WARNING: username already exists
Apr 14, 2021 11:19:36 AM Server.Domain.CommonClasses.Response <init>
WARNING: username already exists
Apr 14, 2021 11:19:36 AM Server.Domain.CommonClasses.Response <init>
WARNING: user doesn't exist
Apr 14, 2021 11:19:36 AM Server.Domain.CommonClasses.Response <init>
WARNING: Attempted to remove not a store manager
Apr 14, 2021 11:19:36 AM Server.Domain.CommonClasses.Response <init>
WARNING: username already exists
Apr 14, 2021 11:19:36 AM Server.Domain.CommonClasses.Response <init>
WARNING: username already exists
Apr 14, 2021 11:19:36 AM Server.Domain.CommonClasses.Response <init>
WARNING: user doesn't exist
Apr 14, 2021 11:19:36 AM Server.Domain.CommonClasses.Response <init>
WARNING: User doesn't exist
Apr 14, 2021 11:19:36 AM Server.Domain.CommonClasses.Response <init>
WARNING: username already exists
Apr 14, 2021 11:19:36 AM Server.Domain.CommonClasses.Response <init>
WARNING: username already exists
Apr 14, 2021 11:19:36 AM Server.Domain.CommonClasses.Response <init>
WARNING: user doesn't exist
Apr 14, 2021 11:19:36 AM Server.Domain.CommonClasses.Response <init>
WARNING: username already exists
Apr 14, 2021 11:19:36 AM Server.Domain.CommonClasses.Response <init>
WARNING: username already exists
Apr 14, 2021 11:19:36 AM Server.Domain.CommonClasses.Response <init>
WARNING: user doesn't exist
Apr 14, 2021 11:19:36 AM Server.Domain.CommonClasses.Response <init>
WARNING: Attempted to remove not a store owner
Apr 14, 2021 11:19:36 AM Server.Domain.CommonClasses.Response <init>
WARNING: username already exists
Apr 14, 2021 11:19:36 AM Server.Domain.CommonClasses.Response <init>
WARNING: username already exists
Apr 14, 2021 11:19:36 AM Server.Domain.CommonClasses.Response <init>
WARNING: username already exists
Apr 14, 2021 11:19:36 AM Server.Domain.CommonClasses.Response <init>
WARNING: username already exists
Apr 14, 2021 11:19:36 AM Server.Domain.CommonClasses.Response <init>
WARNING: username already exists
Apr 14, 2021 11:19:36 AM Server.Domain.CommonClasses.Response <init>
WARNING: username already exists
Apr 14, 2021 11:19:36 AM Server.Domain.CommonClasses.Response <init>
WARNING: username already exists
Apr 14, 2021 11:19:36 AM Server.Domain.CommonClasses.Response <init>
WARNING: user doesn't exist
Apr 14, 2021 11:19:36 AM Server.Domain.CommonClasses.Response <init>
WARNING: user doesn't exist
Apr 14, 2021 11:19:36 AM Server.Domain.CommonClasses.Response <init>
WARNING: user doesn't exist
Apr 14, 2021 11:19:36 AM Server.Domain.CommonClasses.Response <init>
WARNING: user doesn't exist
Apr 14, 2021 11:19:36 AM Server.Domain.CommonClasses.Response <init>
WARNING: user doesn't exist
Apr 14, 2021 11:19:36 AM Server.Domain.CommonClasses.Response <init>
WARNING: User not allowed to receive store workers information
Apr 14, 2021 11:19:36 AM Server.Domain.CommonClasses.Response <init>
WARNING: User not permitted to get worker info
Apr 14, 2021 11:19:36 AM Server.Domain.CommonClasses.Response <init>
WARNING: username already exists
Apr 14, 2021 11:19:36 AM Server.Domain.CommonClasses.Response <init>
WARNING: username already exists
Apr 14, 2021 11:19:36 AM Server.Domain.CommonClasses.Response <init>
WARNING: Attempted to remove a user that wasn't appointed by him
Apr 14, 2021 11:19:36 AM Server.Domain.CommonClasses.Response <init>
WARNING: username already exists
Apr 14, 2021 11:19:36 AM Server.Domain.CommonClasses.Response <init>
WARNING: username already exists
Apr 14, 2021 11:19:36 AM Server.Domain.CommonClasses.Response <init>
WARNING: user doesn't exist
Apr 14, 2021 11:19:36 AM Server.Domain.CommonClasses.Response <init>
WARNING: User was already appointed in this store
Apr 14, 2021 11:19:36 AM Server.Domain.CommonClasses.Response <init>
WARNING: username already exists
Apr 14, 2021 11:19:36 AM Server.Domain.CommonClasses.Response <init>
WARNING: username already exists
Apr 14, 2021 11:19:36 AM Server.Domain.CommonClasses.Response <init>
WARNING: username already exists
Apr 14, 2021 11:19:36 AM Server.Domain.CommonClasses.Response <init>
WARNING: username already exists
Apr 14, 2021 11:19:36 AM Server.Domain.CommonClasses.Response <init>
WARNING: username already exists
Apr 14, 2021 11:19:36 AM Server.Domain.CommonClasses.Response <init>
WARNING: username already exists
Apr 14, 2021 11:19:36 AM Server.Domain.CommonClasses.Response <init>
WARNING: user doesn't exist
Apr 14, 2021 11:19:36 AM Server.Domain.CommonClasses.Response <init>
WARNING: user doesn't exist
Apr 14, 2021 11:19:36 AM Server.Domain.CommonClasses.Response <init>
WARNING: user doesn't exist
Apr 14, 2021 11:19:36 AM Server.Domain.CommonClasses.Response <init>
WARNING: user doesn't exist
Apr 14, 2021 11:19:36 AM Server.Domain.CommonClasses.Response <init>
WARNING: user doesn't exist
Apr 14, 2021 11:19:36 AM Server.Domain.CommonClasses.Response <init>
WARNING: user not appointed by this appointer
Apr 14, 2021 11:19:36 AM Server.Domain.CommonClasses.Response <init>
WARNING: user not appointed by this appointer
Apr 14, 2021 11:19:36 AM Server.Domain.CommonClasses.Response <init>
WARNING: User doesn't exist
Apr 14, 2021 11:19:36 AM Server.Domain.CommonClasses.Response <init>
WARNING: user not appointed by this appointer
Apr 14, 2021 11:19:36 AM Server.Domain.CommonClasses.Response <init>
WARNING: User doesn't exist
Apr 14, 2021 11:19:36 AM Server.Domain.CommonClasses.Response <init>
WARNING: user not appointed by this appointer
Apr 14, 2021 11:19:36 AM Server.Domain.CommonClasses.Response <init>
WARNING: User doesn't exist
Apr 14, 2021 11:19:36 AM Server.Domain.CommonClasses.Response <init>
WARNING: username already exists
Apr 14, 2021 11:19:36 AM Server.Domain.CommonClasses.Response <init>
WARNING: username already exists
Apr 14, 2021 11:19:36 AM Server.Domain.CommonClasses.Response <init>
WARNING: user doesn't exist
Apr 14, 2021 11:19:36 AM Server.Domain.CommonClasses.Response <init>
WARNING: User doesn't exist
Apr 14, 2021 11:19:36 AM Server.Domain.CommonClasses.Response <init>
WARNING: username already exists
Apr 14, 2021 11:19:36 AM Server.Domain.CommonClasses.Response <init>
WARNING: username already exists
Apr 14, 2021 11:19:36 AM Server.Domain.CommonClasses.Response <init>
WARNING: user doesn't exist
Apr 14, 2021 11:19:36 AM Server.Domain.CommonClasses.Response <init>
WARNING: username already exists
Apr 14, 2021 11:19:36 AM Server.Domain.CommonClasses.Response <init>
WARNING: username already exists
Apr 14, 2021 11:19:36 AM Server.Domain.CommonClasses.Response <init>
WARNING: username already exists
Apr 14, 2021 11:19:36 AM Server.Domain.CommonClasses.Response <init>
WARNING: username already exists
Apr 14, 2021 11:19:36 AM Server.Domain.CommonClasses.Response <init>
WARNING: username already exists
Apr 14, 2021 11:19:36 AM Server.Domain.CommonClasses.Response <init>
WARNING: username already exists
Apr 14, 2021 11:19:36 AM Server.Domain.CommonClasses.Response <init>
WARNING: username already exists
Apr 14, 2021 11:19:36 AM Server.Domain.CommonClasses.Response <init>
WARNING: user doesn't exist
Apr 14, 2021 11:19:36 AM Server.Domain.CommonClasses.Response <init>
WARNING: user doesn't exist
Apr 14, 2021 11:19:36 AM Server.Domain.CommonClasses.Response <init>
WARNING: user doesn't exist
Apr 14, 2021 11:19:36 AM Server.Domain.CommonClasses.Response <init>
WARNING: user doesn't exist
Apr 14, 2021 11:19:36 AM Server.Domain.CommonClasses.Response <init>
WARNING: user doesn't exist
Apr 14, 2021 11:19:36 AM Server.Domain.CommonClasses.Response <init>
WARNING: user doesn't exist
Apr 14, 2021 11:19:36 AM Server.Domain.CommonClasses.Response <init>
WARNING: Attempted to remove a user that wasn't appointed by him
Apr 14, 2021 11:19:36 AM Server.Domain.CommonClasses.Response <init>
WARNING: username already exists
Apr 14, 2021 11:19:36 AM Server.Domain.CommonClasses.Response <init>
WARNING: username already exists
Apr 14, 2021 11:19:36 AM Server.Domain.CommonClasses.Response <init>
WARNING: user doesn't exist
Apr 14, 2021 11:19:36 AM Server.Domain.CommonClasses.Response <init>
WARNING: User was already appointed in this store
Apr 14, 2021 11:19:36 AM Server.Domain.CommonClasses.Response <init>
WARNING: username already exists
Apr 14, 2021 11:19:36 AM Server.Domain.CommonClasses.Response <init>
WARNING: username already exists
Apr 14, 2021 11:19:36 AM Server.Domain.CommonClasses.Response <init>
WARNING: username already exists
Apr 14, 2021 11:19:36 AM Server.Domain.CommonClasses.Response <init>
WARNING: user doesn't exist
Apr 14, 2021 11:19:36 AM Server.Domain.CommonClasses.Response <init>
WARNING: user doesn't exist
Apr 14, 2021 11:19:36 AM Server.Domain.CommonClasses.Response <init>
WARNING: Attempted to remove a user that wasn't appointed by him
Apr 14, 2021 11:19:37 AM Server.Domain.CommonClasses.Response <init>
WARNING: username already exists
Apr 14, 2021 11:19:37 AM Server.Domain.CommonClasses.Response <init>
WARNING: username already exists
Apr 14, 2021 11:19:37 AM Server.Domain.CommonClasses.Response <init>
WARNING: user doesn't exist
Apr 14, 2021 11:19:37 AM Server.Domain.CommonClasses.Response <init>
WARNING: User was already appointed in this store
Apr 14, 2021 11:19:37 AM Server.Domain.CommonClasses.Response <init>
WARNING: username already exists
Apr 14, 2021 11:19:37 AM Server.Domain.CommonClasses.Response <init>
WARNING: username already exists
Apr 14, 2021 11:19:37 AM Server.Domain.CommonClasses.Response <init>
WARNING: username already exists
Apr 14, 2021 11:19:37 AM Server.Domain.CommonClasses.Response <init>
WARNING: username already exists
Apr 14, 2021 11:19:37 AM Server.Domain.CommonClasses.Response <init>
WARNING: username already exists
Apr 14, 2021 11:19:37 AM Server.Domain.CommonClasses.Response <init>
WARNING: username already exists
Apr 14, 2021 11:19:37 AM Server.Domain.CommonClasses.Response <init>
WARNING: user doesn't exist
Apr 14, 2021 11:19:37 AM Server.Domain.CommonClasses.Response <init>
WARNING: user doesn't exist
Apr 14, 2021 11:19:37 AM Server.Domain.CommonClasses.Response <init>
WARNING: user doesn't exist
Apr 14, 2021 11:19:37 AM Server.Domain.CommonClasses.Response <init>
WARNING: user doesn't exist
Apr 14, 2021 11:19:37 AM Server.Domain.CommonClasses.Response <init>
WARNING: user doesn't exist
Apr 14, 2021 11:19:37 AM Server.Domain.CommonClasses.Response <init>
WARNING: User doesn't exist
Apr 14, 2021 11:19:37 AM Server.Domain.CommonClasses.Response <init>
WARNING: User doesn't exist
Apr 14, 2021 11:19:37 AM Server.Domain.CommonClasses.Response <init>
WARNING: User doesn't exist
Apr 14, 2021 11:19:37 AM Server.Domain.CommonClasses.Response <init>
WARNING: User doesn't exist
Apr 14, 2021 11:19:37 AM Server.Domain.CommonClasses.Response <init>
WARNING: User doesn't exist
Apr 14, 2021 11:19:37 AM Server.Domain.CommonClasses.Response <init>
WARNING: User doesn't exist
Apr 14, 2021 11:19:37 AM Server.Domain.CommonClasses.Response <init>
WARNING: User doesn't exist
Apr 14, 2021 11:19:37 AM Server.Domain.CommonClasses.Response <init>
WARNING: User doesn't exist
Apr 14, 2021 11:19:37 AM Server.Domain.CommonClasses.Response <init>
WARNING: User doesn't exist
Apr 14, 2021 11:19:37 AM Server.Domain.CommonClasses.Response <init>
WARNING: User doesn't exist
Apr 14, 2021 11:19:37 AM Server.Domain.CommonClasses.Response <init>
WARNING: User doesn't exist
Apr 14, 2021 11:19:37 AM Server.Domain.CommonClasses.Response <init>
WARNING: User doesn't exist
Apr 14, 2021 11:19:37 AM Server.Domain.CommonClasses.Response <init>
WARNING: User doesn't exist
Apr 14, 2021 11:19:37 AM Server.Domain.CommonClasses.Response <init>
WARNING: User doesn't exist
Apr 14, 2021 11:19:37 AM Server.Domain.CommonClasses.Response <init>
WARNING: User doesn't exist
Apr 14, 2021 11:19:37 AM Server.Domain.CommonClasses.Response <init>
WARNING: User doesn't exist
Apr 14, 2021 11:19:37 AM Server.Domain.CommonClasses.Response <init>
WARNING: User doesn't exist
Apr 14, 2021 11:19:37 AM Server.Domain.CommonClasses.Response <init>
WARNING: User doesn't exist
Apr 14, 2021 11:19:37 AM Server.Domain.CommonClasses.Response <init>
WARNING: User doesn't exist
Apr 14, 2021 11:19:37 AM Server.Domain.CommonClasses.Response <init>
WARNING: User doesn't exist
Apr 14, 2021 11:19:37 AM Server.Domain.CommonClasses.Response <init>
WARNING: username already exists
Apr 14, 2021 11:19:37 AM Server.Domain.CommonClasses.Response <init>
WARNING: username already exists
Apr 14, 2021 11:19:37 AM Server.Domain.CommonClasses.Response <init>
WARNING: user doesn't exist
Apr 14, 2021 11:19:37 AM Server.Domain.CommonClasses.Response <init>
WARNING: User was already appointed in this store
Apr 14, 2021 11:19:37 AM Server.Domain.CommonClasses.Response <init>
WARNING: username already exists
Apr 14, 2021 11:19:37 AM Server.Domain.CommonClasses.Response <init>
WARNING: username already exists
Apr 14, 2021 11:19:37 AM Server.Domain.CommonClasses.Response <init>
WARNING: username already exists
Apr 14, 2021 11:19:37 AM Server.Domain.CommonClasses.Response <init>
WARNING: user doesn't exist
Apr 14, 2021 11:19:37 AM Server.Domain.CommonClasses.Response <init>
WARNING: user doesn't exist
Apr 14, 2021 11:19:37 AM Server.Domain.CommonClasses.Response <init>
WARNING: User not allowed to add permissions to this user
Apr 14, 2021 11:19:37 AM Server.Domain.CommonClasses.Response <init>
WARNING: username already exists
Apr 14, 2021 11:19:37 AM Server.Domain.CommonClasses.Response <init>
WARNING: username already exists
Apr 14, 2021 11:19:37 AM Server.Domain.CommonClasses.Response <init>
WARNING: Attempted to remove a user that wasn't appointed by him
Apr 14, 2021 11:19:49 AM Server.Domain.CommonClasses.Response <init>
WARNING: username already exists
Apr 14, 2021 11:19:49 AM Server.Domain.CommonClasses.Response <init>
WARNING: username already exists
Apr 14, 2021 11:19:49 AM Server.Domain.CommonClasses.Response <init>
WARNING: Cannot logout without being logged in
Apr 14, 2021 11:19:49 AM Server.Domain.CommonClasses.Response <init>
WARNING: User not permitted to logout
Apr 14, 2021 11:19:49 AM Server.Domain.CommonClasses.Response <init>
WARNING: username already exists
Apr 14, 2021 11:19:49 AM Server.Domain.CommonClasses.Response <init>
WARNING: Failed to login user
Apr 14, 2021 11:19:49 AM Server.Domain.CommonClasses.Response <init>
WARNING: username already exists
Apr 14, 2021 11:19:49 AM Server.Domain.CommonClasses.Response <init>
WARNING: username already exists
Apr 14, 2021 11:19:49 AM Server.Domain.CommonClasses.Response <init>
WARNING: username already exists
Apr 14, 2021 11:19:49 AM Server.Domain.CommonClasses.Response <init>
WARNING: username already exists
Apr 14, 2021 11:19:49 AM Server.Domain.CommonClasses.Response <init>
WARNING: username already exists
Apr 14, 2021 11:19:49 AM Server.Domain.CommonClasses.Response <init>
WARNING: username already exists
Apr 14, 2021 11:19:49 AM Server.Domain.CommonClasses.Response <init>
WARNING: Failed to login user
Apr 14, 2021 11:19:59 AM Server.Domain.CommonClasses.Response <init>
WARNING: username already exists
Apr 14, 2021 11:20:00 AM Server.Domain.CommonClasses.Response <init>
WARNING: username already exists
Apr 14, 2021 11:20:00 AM Server.Domain.CommonClasses.Response <init>
WARNING: username already exists
Apr 14, 2021 11:20:00 AM Server.Domain.CommonClasses.Response <init>
WARNING: username already exists
Apr 14, 2021 11:20:00 AM Server.Domain.CommonClasses.Response <init>
WARNING: username already exists
Apr 14, 2021 11:20:00 AM Server.Domain.CommonClasses.Response <init>
WARNING: username already exists
Apr 14, 2021 11:20:00 AM Server.Domain.CommonClasses.Response <init>
WARNING: username already exists
Apr 14, 2021 11:20:00 AM Server.Domain.CommonClasses.Response <init>
WARNING: username already exists
Apr 14, 2021 11:20:00 AM Server.Domain.CommonClasses.Response <init>
WARNING: username already exists
Apr 14, 2021 11:20:00 AM Server.Domain.CommonClasses.Response <init>
WARNING: username already exists
Apr 14, 2021 11:20:00 AM Server.Domain.CommonClasses.Response <init>
WARNING: username already exists
Apr 14, 2021 11:20:00 AM Server.Domain.CommonClasses.Response <init>
WARNING: username already exists
Apr 14, 2021 11:20:00 AM Server.Domain.CommonClasses.Response <init>
WARNING: username already exists
Apr 14, 2021 11:20:00 AM Server.Domain.CommonClasses.Response <init>
WARNING: username already exists
Apr 14, 2021 11:20:00 AM Server.Domain.CommonClasses.Response <init>
WARNING: username already exists
Apr 14, 2021 11:20:00 AM Server.Domain.CommonClasses.Response <init>
WARNING: username already exists
Apr 14, 2021 11:20:00 AM Server.Domain.CommonClasses.Response <init>
WARNING: The user is not allowed to remove products from the store
Apr 14, 2021 11:20:00 AM Server.Domain.CommonClasses.Response <init>
WARNING: username already exists
Apr 14, 2021 11:20:00 AM Server.Domain.CommonClasses.Response <init>
WARNING: username already exists
Apr 14, 2021 11:20:00 AM Server.Domain.CommonClasses.Response <init>
WARNING: user doesn't exist
Apr 14, 2021 11:20:00 AM Server.Domain.CommonClasses.Response <init>
WARNING: username already exists
Apr 14, 2021 11:20:00 AM Server.Domain.CommonClasses.Response <init>
WARNING: username already exists
Apr 14, 2021 11:20:00 AM Server.Domain.CommonClasses.Response <init>
WARNING: Inventory: This product doesn't exist
Apr 14, 2021 11:20:00 AM Server.Domain.CommonClasses.Response <init>
WARNING: username already exists
Apr 14, 2021 11:20:00 AM Server.Domain.CommonClasses.Response <init>
WARNING: username already exists
Apr 14, 2021 11:20:00 AM Server.Domain.CommonClasses.Response <init>
WARNING: User not allowed to view user's purchase
Apr 14, 2021 11:20:00 AM Server.Domain.CommonClasses.Response <init>
WARNING: username already exists
Apr 14, 2021 11:20:00 AM Server.Domain.CommonClasses.Response <init>
WARNING: username already exists
Apr 14, 2021 11:20:00 AM Server.Domain.CommonClasses.Response <init>
WARNING: User not allowed to view purchase history
Apr 14, 2021 11:20:00 AM Server.Domain.CommonClasses.Response <init>
WARNING: username already exists
Apr 14, 2021 11:20:00 AM Server.Domain.CommonClasses.Response <init>
WARNING: username already exists
Apr 14, 2021 11:20:00 AM Server.Domain.CommonClasses.Response <init>
WARNING: user doesn't exist
Apr 14, 2021 11:20:00 AM Server.Domain.CommonClasses.Response <init>
WARNING: username already exists
Apr 14, 2021 11:20:00 AM Server.Domain.CommonClasses.Response <init>
WARNING: username already exists
Apr 14, 2021 11:20:00 AM Server.Domain.CommonClasses.Response <init>
WARNING: user doesn't exist
Apr 14, 2021 11:20:00 AM Server.Domain.CommonClasses.Response <init>
WARNING: user not appointed by this appointer
Apr 14, 2021 11:20:00 AM Server.Domain.CommonClasses.Response <init>
WARNING: username already exists
Apr 14, 2021 11:20:00 AM Server.Domain.CommonClasses.Response <init>
WARNING: username already exists
Apr 14, 2021 11:20:00 AM Server.Domain.CommonClasses.Response <init>
WARNING: User not allowed to receive store workers information
Apr 14, 2021 11:20:00 AM Server.Domain.CommonClasses.Response <init>
WARNING: username already exists
Apr 14, 2021 11:20:00 AM Server.Domain.CommonClasses.Response <init>
WARNING: username already exists
Apr 14, 2021 11:20:00 AM Server.Domain.CommonClasses.Response <init>
WARNING: username already exists
Apr 14, 2021 11:20:00 AM Server.Domain.CommonClasses.Response <init>
WARNING: username already exists
Apr 14, 2021 11:20:00 AM Server.Domain.CommonClasses.Response <init>
WARNING: username already exists
Apr 14, 2021 11:20:00 AM Server.Domain.CommonClasses.Response <init>
WARNING: username already exists
Apr 14, 2021 11:20:00 AM Server.Domain.CommonClasses.Response <init>
WARNING: User isn't allowed to appoint owner
Apr 14, 2021 11:20:00 AM Server.Domain.CommonClasses.Response <init>
WARNING: username already exists
Apr 14, 2021 11:20:00 AM Server.Domain.CommonClasses.Response <init>
WARNING: username already exists
Apr 14, 2021 11:20:00 AM Server.Domain.CommonClasses.Response <init>
WARNING: user doesn't exist
Apr 14, 2021 11:20:00 AM Server.Domain.CommonClasses.Response <init>
WARNING: The user is not allowed to add products to the store
Apr 14, 2021 11:20:00 AM Server.Domain.CommonClasses.Response <init>
WARNING: User not allowed to add permissions to this user
Apr 14, 2021 11:20:00 AM Server.Domain.CommonClasses.Response <init>
WARNING: The user is not allowed to add products to the store
Apr 14, 2021 11:20:00 AM Server.Domain.CommonClasses.Response <init>
WARNING: username already exists
Apr 14, 2021 11:20:00 AM Server.Domain.CommonClasses.Response <init>
WARNING: username already exists
Apr 14, 2021 11:20:00 AM Server.Domain.CommonClasses.Response <init>
WARNING: user doesn't exist
Apr 14, 2021 11:20:00 AM Server.Domain.CommonClasses.Response <init>
WARNING: The user is not allowed to add products to the store
Apr 14, 2021 11:20:00 AM Server.Domain.CommonClasses.Response <init>
WARNING: username already exists
Apr 14, 2021 11:20:00 AM Server.Domain.CommonClasses.Response <init>
WARNING: username already exists
Apr 14, 2021 11:20:00 AM Server.Domain.CommonClasses.Response <init>
WARNING: The user is not allowed to add products to the store
Apr 14, 2021 11:20:00 AM Server.Domain.CommonClasses.Response <init>
WARNING: username already exists
Apr 14, 2021 11:20:00 AM Server.Domain.CommonClasses.Response <init>
WARNING: username already exists
Apr 14, 2021 11:20:00 AM Server.Domain.CommonClasses.Response <init>
WARNING: user doesn't exist
Apr 14, 2021 11:20:00 AM Server.Domain.CommonClasses.Response <init>
WARNING: username already exists
Apr 14, 2021 11:20:00 AM Server.Domain.CommonClasses.Response <init>
WARNING: username already exists
Apr 14, 2021 11:20:00 AM Server.Domain.CommonClasses.Response <init>
WARNING: The user is not allowed to edit products information in the store
Apr 14, 2021 11:20:00 AM Server.Domain.CommonClasses.Response <init>
WARNING: username already exists
Apr 14, 2021 11:20:00 AM Server.Domain.CommonClasses.Response <init>
WARNING: username already exists
Apr 14, 2021 11:20:00 AM Server.Domain.CommonClasses.Response <init>
WARNING: username already exists
Apr 14, 2021 11:20:00 AM Server.Domain.CommonClasses.Response <init>
WARNING: username already exists
Apr 14, 2021 11:20:00 AM Server.Domain.CommonClasses.Response <init>
WARNING: user doesn't exist
Apr 14, 2021 11:20:00 AM Server.Domain.CommonClasses.Response <init>
WARNING: user not appointed by this appointer
Apr 14, 2021 11:20:00 AM Server.Domain.CommonClasses.Response <init>
WARNING: username already exists
Apr 14, 2021 11:20:00 AM Server.Domain.CommonClasses.Response <init>
WARNING: username already exists
Apr 14, 2021 11:20:00 AM Server.Domain.CommonClasses.Response <init>
WARNING: User not allowed to receive store history
Apr 14, 2021 11:20:00 AM Server.Domain.CommonClasses.Response <init>
WARNING: username already exists
Apr 14, 2021 11:20:00 AM Server.Domain.CommonClasses.Response <init>
WARNING: username already exists
Apr 14, 2021 11:20:00 AM Server.Domain.CommonClasses.Response <init>
WARNING: User not allowed to view user's purchase
Apr 14, 2021 11:20:00 AM Server.Domain.CommonClasses.Response <init>
WARNING: username already exists
Apr 14, 2021 11:20:00 AM Server.Domain.CommonClasses.Response <init>
WARNING: username already exists
Apr 14, 2021 11:20:00 AM Server.Domain.CommonClasses.Response <init>
WARNING: user doesn't exist
Apr 14, 2021 11:20:00 AM Server.Domain.CommonClasses.Response <init>
WARNING: username already exists
Apr 14, 2021 11:20:00 AM Server.Domain.CommonClasses.Response <init>
WARNING: username already exists
Apr 14, 2021 11:20:00 AM Server.Domain.CommonClasses.Response <init>
WARNING: username already exists
Apr 14, 2021 11:20:00 AM Server.Domain.CommonClasses.Response <init>
WARNING: username already exists
Apr 14, 2021 11:20:00 AM Server.Domain.CommonClasses.Response <init>
WARNING: User isn't allowed to appoint manager
Apr 14, 2021 11:20:00 AM Server.Domain.CommonClasses.Response <init>
WARNING: username already exists
Apr 14, 2021 11:20:00 AM Server.Domain.CommonClasses.Response <init>
WARNING: username already exists
Apr 14, 2021 11:20:00 AM Server.Domain.CommonClasses.Response <init>
WARNING: User is not allowed to register
Apr 14, 2021 11:20:00 AM Server.Domain.CommonClasses.Response <init>
WARNING: username already exists
Apr 14, 2021 11:20:00 AM Server.Domain.CommonClasses.Response <init>
WARNING: username already exists
Apr 14, 2021 11:20:00 AM Server.Domain.CommonClasses.Response <init>
WARNING: User not allowed to review product
Apr 14, 2021 11:20:00 AM Server.Domain.CommonClasses.Response <init>
WARNING: username already exists
Apr 14, 2021 11:20:00 AM Server.Domain.CommonClasses.Response <init>
WARNING: username already exists
Apr 14, 2021 11:20:00 AM Server.Domain.CommonClasses.Response <init>
WARNING: Not allowed to open store
Apr 14, 2021 11:20:00 AM Server.Domain.CommonClasses.Response <init>
WARNING: username already exists
Apr 14, 2021 11:20:00 AM Server.Domain.CommonClasses.Response <init>
WARNING: username already exists
Apr 14, 2021 11:20:00 AM Server.Domain.CommonClasses.Response <init>
WARNING: Inventory: This product doesn't exists
Apr 14, 2021 11:20:00 AM Server.Domain.CommonClasses.Response <init>
WARNING: username already exists
Apr 14, 2021 11:20:00 AM Server.Domain.CommonClasses.Response <init>
WARNING: username already exists
Apr 14, 2021 11:20:00 AM Server.Domain.CommonClasses.Response <init>
WARNING: Cannot logout without being logged in
Apr 14, 2021 12:10:21 PM Server.Domain.CommonClasses.Response <init>
WARNING: username already exists
Apr 14, 2021 12:10:21 PM Server.Domain.CommonClasses.Response <init>
WARNING: username already exists
Apr 14, 2021 12:10:21 PM Server.Domain.CommonClasses.Response <init>
WARNING: username already exists
Apr 14, 2021 12:10:21 PM Server.Domain.CommonClasses.Response <init>
WARNING: username already exists
Apr 14, 2021 12:10:21 PM Server.Domain.CommonClasses.Response <init>
WARNING: username already exists
Apr 14, 2021 12:10:21 PM Server.Domain.CommonClasses.Response <init>
WARNING: username already exists
Apr 14, 2021 12:10:21 PM Server.Domain.CommonClasses.Response <init>
WARNING: username already exists
Apr 14, 2021 12:10:21 PM Server.Domain.CommonClasses.Response <init>
WARNING: username already exists
Apr 14, 2021 12:10:21 PM Server.Domain.CommonClasses.Response <init>
WARNING: username already exists
Apr 14, 2021 12:10:21 PM Server.Domain.CommonClasses.Response <init>
WARNING: username already exists
Apr 14, 2021 12:10:21 PM Server.Domain.CommonClasses.Response <init>
WARNING: username already exists
Apr 14, 2021 12:10:21 PM Server.Domain.CommonClasses.Response <init>
WARNING: username already exists
Apr 14, 2021 12:10:21 PM Server.Domain.CommonClasses.Response <init>
WARNING: username already exists
Apr 14, 2021 12:10:21 PM Server.Domain.CommonClasses.Response <init>
WARNING: username already exists
Apr 14, 2021 12:10:21 PM Server.Domain.CommonClasses.Response <init>
WARNING: User not allowed to view user's purchase
Apr 14, 2021 12:10:21 PM Server.Domain.CommonClasses.Response <init>
WARNING: username already exists
Apr 14, 2021 12:10:21 PM Server.Domain.CommonClasses.Response <init>
WARNING: username already exists
Apr 14, 2021 12:10:21 PM Server.Domain.CommonClasses.Response <init>
WARNING: User not allowed to view purchase history
Apr 14, 2021 12:10:21 PM Server.Domain.CommonClasses.Response <init>
WARNING: username already exists
Apr 14, 2021 12:10:21 PM Server.Domain.CommonClasses.Response <init>
WARNING: username already exists
Apr 14, 2021 12:10:21 PM Server.Domain.CommonClasses.Response <init>
WARNING: User not allowed to receive store workers information
Apr 14, 2021 12:10:21 PM Server.Domain.CommonClasses.Response <init>
WARNING: username already exists
Apr 14, 2021 12:10:21 PM Server.Domain.CommonClasses.Response <init>
WARNING: username already exists
Apr 14, 2021 12:10:21 PM Server.Domain.CommonClasses.Response <init>
WARNING: username already exists
Apr 14, 2021 12:10:21 PM Server.Domain.CommonClasses.Response <init>
WARNING: username already exists
Apr 14, 2021 12:10:21 PM Server.Domain.CommonClasses.Response <init>
WARNING: username already exists
Apr 14, 2021 12:10:21 PM Server.Domain.CommonClasses.Response <init>
WARNING: username already exists
Apr 14, 2021 12:10:21 PM Server.Domain.CommonClasses.Response <init>
WARNING: User not allowed to receive store history
Apr 14, 2021 12:10:21 PM Server.Domain.CommonClasses.Response <init>
WARNING: username already exists
Apr 14, 2021 12:10:21 PM Server.Domain.CommonClasses.Response <init>
WARNING: username already exists
Apr 14, 2021 12:10:21 PM Server.Domain.CommonClasses.Response <init>
WARNING: User not allowed to view user's purchase
Apr 14, 2021 12:10:21 PM Server.Domain.CommonClasses.Response <init>
WARNING: username already exists
Apr 14, 2021 12:10:21 PM Server.Domain.CommonClasses.Response <init>
WARNING: username already exists
Apr 14, 2021 12:10:21 PM Server.Domain.CommonClasses.Response <init>
WARNING: username already exists
Apr 14, 2021 12:10:21 PM Server.Domain.CommonClasses.Response <init>
WARNING: username already exists
Apr 14, 2021 12:10:21 PM Server.Domain.CommonClasses.Response <init>
WARNING: User is not allowed to register
Apr 14, 2021 12:10:21 PM Server.Domain.CommonClasses.Response <init>
WARNING: username already exists
Apr 14, 2021 12:10:21 PM Server.Domain.CommonClasses.Response <init>
WARNING: username already exists
Apr 14, 2021 12:10:21 PM Server.Domain.CommonClasses.Response <init>
WARNING: Not allowed to open store
Apr 14, 2021 12:10:21 PM Server.Domain.CommonClasses.Response <init>
WARNING: username already exists
Apr 14, 2021 12:10:21 PM Server.Domain.CommonClasses.Response <init>
WARNING: username already exists
Apr 14, 2021 12:10:21 PM Server.Domain.CommonClasses.Response <init>
WARNING: Cannot logout without being logged in
Apr 14, 2021 12:10:35 PM Server.Domain.CommonClasses.Response <init>
WARNING: username already exists
Apr 14, 2021 12:10:35 PM Server.Domain.CommonClasses.Response <init>
WARNING: username already exists
Apr 14, 2021 12:10:35 PM Server.Domain.CommonClasses.Response <init>
WARNING: Cannot logout without being logged in
Apr 14, 2021 12:10:35 PM Server.Domain.CommonClasses.Response <init>
WARNING: User not permitted to logout
Apr 14, 2021 12:10:35 PM Server.Domain.CommonClasses.Response <init>
WARNING: username already exists
Apr 14, 2021 12:10:35 PM Server.Domain.CommonClasses.Response <init>
WARNING: Failed to login user
Apr 14, 2021 12:10:35 PM Server.Domain.CommonClasses.Response <init>
WARNING: username already exists
Apr 14, 2021 12:10:35 PM Server.Domain.CommonClasses.Response <init>
WARNING: username already exists
Apr 14, 2021 12:10:35 PM Server.Domain.CommonClasses.Response <init>
WARNING: username already exists
Apr 14, 2021 12:10:35 PM Server.Domain.CommonClasses.Response <init>
WARNING: username already exists
Apr 14, 2021 12:10:35 PM Server.Domain.CommonClasses.Response <init>
WARNING: username already exists
Apr 14, 2021 12:10:35 PM Server.Domain.CommonClasses.Response <init>
WARNING: username already exists
Apr 14, 2021 12:10:35 PM Server.Domain.CommonClasses.Response <init>
WARNING: Failed to login user
Apr 14, 2021 12:10:50 PM Server.Domain.CommonClasses.Response <init>
WARNING: username already exists
Apr 14, 2021 12:10:50 PM Server.Domain.CommonClasses.Response <init>
WARNING: username already exists
Apr 14, 2021 12:10:50 PM Server.Domain.CommonClasses.Response <init>
WARNING: User not allowed to add permissions to this user
Apr 14, 2021 12:10:50 PM Server.Domain.CommonClasses.Response <init>
WARNING: username already exists
Apr 14, 2021 12:10:50 PM Server.Domain.CommonClasses.Response <init>
WARNING: username already exists
Apr 14, 2021 12:10:50 PM Server.Domain.CommonClasses.Response <init>
WARNING: user doesn't exist
Apr 14, 2021 12:10:50 PM Server.Domain.CommonClasses.Response <init>
WARNING: username already exists
Apr 14, 2021 12:10:50 PM Server.Domain.CommonClasses.Response <init>
WARNING: username already exists
Apr 14, 2021 12:10:50 PM Server.Domain.CommonClasses.Response <init>
WARNING: User not allowed to remove permissions from this user
Apr 14, 2021 12:10:50 PM Server.Domain.CommonClasses.Response <init>
WARNING: username already exists
Apr 14, 2021 12:10:50 PM Server.Domain.CommonClasses.Response <init>
WARNING: username already exists
Apr 14, 2021 12:10:50 PM Server.Domain.CommonClasses.Response <init>
WARNING: user doesn't exist
Apr 14, 2021 12:10:50 PM Server.Domain.CommonClasses.Response <init>
WARNING: username already exists
Apr 14, 2021 12:10:50 PM Server.Domain.CommonClasses.Response <init>
WARNING: username already exists
Apr 14, 2021 12:10:50 PM Server.Domain.CommonClasses.Response <init>
WARNING: username already exists
Apr 14, 2021 12:10:50 PM Server.Domain.CommonClasses.Response <init>
WARNING: user doesn't exist
Apr 14, 2021 12:10:50 PM Server.Domain.CommonClasses.Response <init>
WARNING: user doesn't exist
Apr 14, 2021 12:10:50 PM Server.Domain.CommonClasses.Response <init>
WARNING: User not allowed to remove permissions from this user
Apr 14, 2021 12:10:50 PM Server.Domain.CommonClasses.Response <init>
WARNING: username already exists
Apr 14, 2021 12:10:50 PM Server.Domain.CommonClasses.Response <init>
WARNING: username already exists
Apr 14, 2021 12:10:50 PM Server.Domain.CommonClasses.Response <init>
WARNING: username already exists
Apr 14, 2021 12:10:50 PM Server.Domain.CommonClasses.Response <init>
WARNING: user doesn't exist
Apr 14, 2021 12:10:50 PM Server.Domain.CommonClasses.Response <init>
WARNING: user doesn't exist
Apr 14, 2021 12:10:50 PM Server.Domain.CommonClasses.Response <init>
WARNING: Attempted to remove a user that wasn't appointed by him
Apr 14, 2021 12:10:50 PM Server.Domain.CommonClasses.Response <init>
WARNING: username already exists
Apr 14, 2021 12:10:50 PM Server.Domain.CommonClasses.Response <init>
WARNING: username already exists
Apr 14, 2021 12:10:50 PM Server.Domain.CommonClasses.Response <init>
WARNING: user doesn't exist
Apr 14, 2021 12:10:50 PM Server.Domain.CommonClasses.Response <init>
WARNING: Attempted to remove not a store manager
Apr 14, 2021 12:10:50 PM Server.Domain.CommonClasses.Response <init>
WARNING: username already exists
Apr 14, 2021 12:10:50 PM Server.Domain.CommonClasses.Response <init>
WARNING: username already exists
Apr 14, 2021 12:10:50 PM Server.Domain.CommonClasses.Response <init>
WARNING: user doesn't exist
Apr 14, 2021 12:10:50 PM Server.Domain.CommonClasses.Response <init>
WARNING: User doesn't exist
Apr 14, 2021 12:10:50 PM Server.Domain.CommonClasses.Response <init>
WARNING: username already exists
Apr 14, 2021 12:10:50 PM Server.Domain.CommonClasses.Response <init>
WARNING: username already exists
Apr 14, 2021 12:10:50 PM Server.Domain.CommonClasses.Response <init>
WARNING: user doesn't exist
Apr 14, 2021 12:10:50 PM Server.Domain.CommonClasses.Response <init>
WARNING: username already exists
Apr 14, 2021 12:10:50 PM Server.Domain.CommonClasses.Response <init>
WARNING: username already exists
Apr 14, 2021 12:10:50 PM Server.Domain.CommonClasses.Response <init>
WARNING: user doesn't exist
Apr 14, 2021 12:10:50 PM Server.Domain.CommonClasses.Response <init>
WARNING: Attempted to remove not a store owner
Apr 14, 2021 12:10:50 PM Server.Domain.CommonClasses.Response <init>
WARNING: username already exists
Apr 14, 2021 12:10:50 PM Server.Domain.CommonClasses.Response <init>
WARNING: username already exists
Apr 14, 2021 12:10:50 PM Server.Domain.CommonClasses.Response <init>
WARNING: username already exists
Apr 14, 2021 12:10:50 PM Server.Domain.CommonClasses.Response <init>
WARNING: username already exists
Apr 14, 2021 12:10:50 PM Server.Domain.CommonClasses.Response <init>
WARNING: username already exists
Apr 14, 2021 12:10:50 PM Server.Domain.CommonClasses.Response <init>
WARNING: username already exists
Apr 14, 2021 12:10:50 PM Server.Domain.CommonClasses.Response <init>
WARNING: username already exists
Apr 14, 2021 12:10:50 PM Server.Domain.CommonClasses.Response <init>
WARNING: user doesn't exist
Apr 14, 2021 12:10:50 PM Server.Domain.CommonClasses.Response <init>
WARNING: user doesn't exist
Apr 14, 2021 12:10:50 PM Server.Domain.CommonClasses.Response <init>
WARNING: user doesn't exist
Apr 14, 2021 12:10:50 PM Server.Domain.CommonClasses.Response <init>
WARNING: user doesn't exist
Apr 14, 2021 12:10:50 PM Server.Domain.CommonClasses.Response <init>
WARNING: user doesn't exist
Apr 14, 2021 12:10:50 PM Server.Domain.CommonClasses.Response <init>
WARNING: User not allowed to receive store workers information
Apr 14, 2021 12:10:50 PM Server.Domain.CommonClasses.Response <init>
WARNING: User not permitted to get worker info
Apr 14, 2021 12:10:50 PM Server.Domain.CommonClasses.Response <init>
WARNING: username already exists
Apr 14, 2021 12:10:50 PM Server.Domain.CommonClasses.Response <init>
WARNING: username already exists
Apr 14, 2021 12:10:50 PM Server.Domain.CommonClasses.Response <init>
WARNING: Attempted to remove a user that wasn't appointed by him
Apr 14, 2021 12:10:50 PM Server.Domain.CommonClasses.Response <init>
WARNING: username already exists
Apr 14, 2021 12:10:50 PM Server.Domain.CommonClasses.Response <init>
WARNING: username already exists
Apr 14, 2021 12:10:50 PM Server.Domain.CommonClasses.Response <init>
WARNING: user doesn't exist
Apr 14, 2021 12:10:50 PM Server.Domain.CommonClasses.Response <init>
WARNING: User was already appointed in this store
Apr 14, 2021 12:10:50 PM Server.Domain.CommonClasses.Response <init>
WARNING: username already exists
Apr 14, 2021 12:10:50 PM Server.Domain.CommonClasses.Response <init>
WARNING: username already exists
Apr 14, 2021 12:10:50 PM Server.Domain.CommonClasses.Response <init>
WARNING: username already exists
Apr 14, 2021 12:10:50 PM Server.Domain.CommonClasses.Response <init>
WARNING: username already exists
Apr 14, 2021 12:10:50 PM Server.Domain.CommonClasses.Response <init>
WARNING: username already exists
Apr 14, 2021 12:10:50 PM Server.Domain.CommonClasses.Response <init>
WARNING: username already exists
Apr 14, 2021 12:10:50 PM Server.Domain.CommonClasses.Response <init>
WARNING: user doesn't exist
Apr 14, 2021 12:10:50 PM Server.Domain.CommonClasses.Response <init>
WARNING: user doesn't exist
Apr 14, 2021 12:10:50 PM Server.Domain.CommonClasses.Response <init>
WARNING: user doesn't exist
Apr 14, 2021 12:10:50 PM Server.Domain.CommonClasses.Response <init>
WARNING: user doesn't exist
Apr 14, 2021 12:10:50 PM Server.Domain.CommonClasses.Response <init>
WARNING: user doesn't exist
Apr 14, 2021 12:10:50 PM Server.Domain.CommonClasses.Response <init>
WARNING: user not appointed by this appointer
Apr 14, 2021 12:10:50 PM Server.Domain.CommonClasses.Response <init>
WARNING: user not appointed by this appointer
Apr 14, 2021 12:10:50 PM Server.Domain.CommonClasses.Response <init>
WARNING: User doesn't exist
Apr 14, 2021 12:10:50 PM Server.Domain.CommonClasses.Response <init>
WARNING: user not appointed by this appointer
Apr 14, 2021 12:10:50 PM Server.Domain.CommonClasses.Response <init>
WARNING: User doesn't exist
Apr 14, 2021 12:10:50 PM Server.Domain.CommonClasses.Response <init>
WARNING: user not appointed by this appointer
Apr 14, 2021 12:10:50 PM Server.Domain.CommonClasses.Response <init>
WARNING: User doesn't exist
Apr 14, 2021 12:10:50 PM Server.Domain.CommonClasses.Response <init>
WARNING: username already exists
Apr 14, 2021 12:10:50 PM Server.Domain.CommonClasses.Response <init>
WARNING: username already exists
Apr 14, 2021 12:10:50 PM Server.Domain.CommonClasses.Response <init>
WARNING: user doesn't exist
Apr 14, 2021 12:10:50 PM Server.Domain.CommonClasses.Response <init>
WARNING: User doesn't exist
Apr 14, 2021 12:10:50 PM Server.Domain.CommonClasses.Response <init>
WARNING: username already exists
Apr 14, 2021 12:10:50 PM Server.Domain.CommonClasses.Response <init>
WARNING: username already exists
Apr 14, 2021 12:10:50 PM Server.Domain.CommonClasses.Response <init>
WARNING: user doesn't exist
Apr 14, 2021 12:10:50 PM Server.Domain.CommonClasses.Response <init>
WARNING: username already exists
Apr 14, 2021 12:10:50 PM Server.Domain.CommonClasses.Response <init>
WARNING: username already exists
Apr 14, 2021 12:10:50 PM Server.Domain.CommonClasses.Response <init>
WARNING: username already exists
Apr 14, 2021 12:10:50 PM Server.Domain.CommonClasses.Response <init>
WARNING: username already exists
Apr 14, 2021 12:10:50 PM Server.Domain.CommonClasses.Response <init>
WARNING: username already exists
Apr 14, 2021 12:10:50 PM Server.Domain.CommonClasses.Response <init>
WARNING: username already exists
Apr 14, 2021 12:10:50 PM Server.Domain.CommonClasses.Response <init>
WARNING: username already exists
Apr 14, 2021 12:10:50 PM Server.Domain.CommonClasses.Response <init>
WARNING: user doesn't exist
Apr 14, 2021 12:10:50 PM Server.Domain.CommonClasses.Response <init>
WARNING: user doesn't exist
Apr 14, 2021 12:10:50 PM Server.Domain.CommonClasses.Response <init>
WARNING: user doesn't exist
Apr 14, 2021 12:10:50 PM Server.Domain.CommonClasses.Response <init>
WARNING: user doesn't exist
Apr 14, 2021 12:10:50 PM Server.Domain.CommonClasses.Response <init>
WARNING: user doesn't exist
Apr 14, 2021 12:10:50 PM Server.Domain.CommonClasses.Response <init>
WARNING: user doesn't exist
Apr 14, 2021 12:10:50 PM Server.Domain.CommonClasses.Response <init>
WARNING: Attempted to remove a user that wasn't appointed by him
Apr 14, 2021 12:10:50 PM Server.Domain.CommonClasses.Response <init>
WARNING: username already exists
Apr 14, 2021 12:10:50 PM Server.Domain.CommonClasses.Response <init>
WARNING: username already exists
Apr 14, 2021 12:10:50 PM Server.Domain.CommonClasses.Response <init>
WARNING: user doesn't exist
Apr 14, 2021 12:10:50 PM Server.Domain.CommonClasses.Response <init>
WARNING: User was already appointed in this store
Apr 14, 2021 12:10:50 PM Server.Domain.CommonClasses.Response <init>
WARNING: username already exists
Apr 14, 2021 12:10:50 PM Server.Domain.CommonClasses.Response <init>
WARNING: username already exists
Apr 14, 2021 12:10:50 PM Server.Domain.CommonClasses.Response <init>
WARNING: username already exists
Apr 14, 2021 12:10:50 PM Server.Domain.CommonClasses.Response <init>
WARNING: user doesn't exist
Apr 14, 2021 12:10:50 PM Server.Domain.CommonClasses.Response <init>
WARNING: user doesn't exist
Apr 14, 2021 12:10:50 PM Server.Domain.CommonClasses.Response <init>
WARNING: Attempted to remove a user that wasn't appointed by him
Apr 14, 2021 12:10:50 PM Server.Domain.CommonClasses.Response <init>
WARNING: username already exists
Apr 14, 2021 12:10:50 PM Server.Domain.CommonClasses.Response <init>
WARNING: username already exists
Apr 14, 2021 12:10:50 PM Server.Domain.CommonClasses.Response <init>
WARNING: user doesn't exist
Apr 14, 2021 12:10:50 PM Server.Domain.CommonClasses.Response <init>
WARNING: User was already appointed in this store
Apr 14, 2021 12:10:50 PM Server.Domain.CommonClasses.Response <init>
WARNING: username already exists
Apr 14, 2021 12:10:50 PM Server.Domain.CommonClasses.Response <init>
WARNING: username already exists
Apr 14, 2021 12:10:50 PM Server.Domain.CommonClasses.Response <init>
WARNING: username already exists
Apr 14, 2021 12:10:50 PM Server.Domain.CommonClasses.Response <init>
WARNING: username already exists
Apr 14, 2021 12:10:50 PM Server.Domain.CommonClasses.Response <init>
WARNING: username already exists
Apr 14, 2021 12:10:50 PM Server.Domain.CommonClasses.Response <init>
WARNING: username already exists
Apr 14, 2021 12:10:50 PM Server.Domain.CommonClasses.Response <init>
WARNING: user doesn't exist
Apr 14, 2021 12:10:50 PM Server.Domain.CommonClasses.Response <init>
WARNING: user doesn't exist
Apr 14, 2021 12:10:50 PM Server.Domain.CommonClasses.Response <init>
WARNING: user doesn't exist
Apr 14, 2021 12:10:50 PM Server.Domain.CommonClasses.Response <init>
WARNING: user doesn't exist
Apr 14, 2021 12:10:50 PM Server.Domain.CommonClasses.Response <init>
WARNING: user doesn't exist
Apr 14, 2021 12:10:50 PM Server.Domain.CommonClasses.Response <init>
WARNING: User doesn't exist
Apr 14, 2021 12:10:50 PM Server.Domain.CommonClasses.Response <init>
WARNING: User doesn't exist
Apr 14, 2021 12:10:50 PM Server.Domain.CommonClasses.Response <init>
WARNING: User doesn't exist
Apr 14, 2021 12:10:50 PM Server.Domain.CommonClasses.Response <init>
WARNING: User doesn't exist
Apr 14, 2021 12:10:50 PM Server.Domain.CommonClasses.Response <init>
WARNING: User doesn't exist
Apr 14, 2021 12:10:50 PM Server.Domain.CommonClasses.Response <init>
WARNING: User doesn't exist
Apr 14, 2021 12:10:50 PM Server.Domain.CommonClasses.Response <init>
WARNING: User doesn't exist
Apr 14, 2021 12:10:50 PM Server.Domain.CommonClasses.Response <init>
WARNING: User doesn't exist
Apr 14, 2021 12:10:50 PM Server.Domain.CommonClasses.Response <init>
WARNING: User doesn't exist
Apr 14, 2021 12:10:50 PM Server.Domain.CommonClasses.Response <init>
WARNING: User doesn't exist
Apr 14, 2021 12:10:50 PM Server.Domain.CommonClasses.Response <init>
WARNING: User doesn't exist
Apr 14, 2021 12:10:50 PM Server.Domain.CommonClasses.Response <init>
WARNING: User doesn't exist
Apr 14, 2021 12:10:50 PM Server.Domain.CommonClasses.Response <init>
WARNING: User doesn't exist
Apr 14, 2021 12:10:50 PM Server.Domain.CommonClasses.Response <init>
WARNING: User doesn't exist
Apr 14, 2021 12:10:50 PM Server.Domain.CommonClasses.Response <init>
WARNING: User doesn't exist
Apr 14, 2021 12:10:50 PM Server.Domain.CommonClasses.Response <init>
WARNING: User doesn't exist
Apr 14, 2021 12:10:50 PM Server.Domain.CommonClasses.Response <init>
WARNING: User doesn't exist
Apr 14, 2021 12:10:50 PM Server.Domain.CommonClasses.Response <init>
WARNING: User doesn't exist
Apr 14, 2021 12:10:50 PM Server.Domain.CommonClasses.Response <init>
WARNING: User doesn't exist
Apr 14, 2021 12:10:50 PM Server.Domain.CommonClasses.Response <init>
WARNING: User doesn't exist
Apr 14, 2021 12:10:50 PM Server.Domain.CommonClasses.Response <init>
WARNING: username already exists
Apr 14, 2021 12:10:50 PM Server.Domain.CommonClasses.Response <init>
WARNING: username already exists
Apr 14, 2021 12:10:50 PM Server.Domain.CommonClasses.Response <init>
WARNING: user doesn't exist
Apr 14, 2021 12:10:50 PM Server.Domain.CommonClasses.Response <init>
WARNING: User was already appointed in this store
Apr 14, 2021 12:10:50 PM Server.Domain.CommonClasses.Response <init>
WARNING: username already exists
Apr 14, 2021 12:10:50 PM Server.Domain.CommonClasses.Response <init>
WARNING: username already exists
Apr 14, 2021 12:10:50 PM Server.Domain.CommonClasses.Response <init>
WARNING: username already exists
Apr 14, 2021 12:10:50 PM Server.Domain.CommonClasses.Response <init>
WARNING: user doesn't exist
Apr 14, 2021 12:10:50 PM Server.Domain.CommonClasses.Response <init>
WARNING: user doesn't exist
Apr 14, 2021 12:10:50 PM Server.Domain.CommonClasses.Response <init>
WARNING: User not allowed to add permissions to this user
Apr 14, 2021 12:10:50 PM Server.Domain.CommonClasses.Response <init>
WARNING: username already exists
Apr 14, 2021 12:10:50 PM Server.Domain.CommonClasses.Response <init>
WARNING: username already exists
Apr 14, 2021 12:10:50 PM Server.Domain.CommonClasses.Response <init>
WARNING: Attempted to remove a user that wasn't appointed by him
Apr 14, 2021 12:11:04 PM Server.Domain.CommonClasses.Response <init>
WARNING: username already exists
Apr 14, 2021 12:11:04 PM Server.Domain.CommonClasses.Response <init>
WARNING: username already exists
Apr 14, 2021 12:11:04 PM Server.Domain.CommonClasses.Response <init>
WARNING: username already exists
Apr 14, 2021 12:11:04 PM Server.Domain.CommonClasses.Response <init>
WARNING: username already exists
Apr 14, 2021 12:11:04 PM Server.Domain.CommonClasses.Response <init>
WARNING: The user is not allowed to remove products from the store
Apr 14, 2021 12:11:04 PM Server.Domain.CommonClasses.Response <init>
WARNING: username already exists
Apr 14, 2021 12:11:04 PM Server.Domain.CommonClasses.Response <init>
WARNING: username already exists
Apr 14, 2021 12:11:04 PM Server.Domain.CommonClasses.Response <init>
WARNING: user doesn't exist
Apr 14, 2021 12:11:04 PM Server.Domain.CommonClasses.Response <init>
WARNING: username already exists
Apr 14, 2021 12:11:04 PM Server.Domain.CommonClasses.Response <init>
WARNING: username already exists
Apr 14, 2021 12:11:04 PM Server.Domain.CommonClasses.Response <init>
WARNING: Inventory: This product doesn't exist
Apr 14, 2021 12:11:04 PM Server.Domain.CommonClasses.Response <init>
WARNING: username already exists
Apr 14, 2021 12:11:04 PM Server.Domain.CommonClasses.Response <init>
WARNING: username already exists
Apr 14, 2021 12:11:04 PM Server.Domain.CommonClasses.Response <init>
WARNING: user doesn't exist
Apr 14, 2021 12:11:04 PM Server.Domain.CommonClasses.Response <init>
WARNING: username already exists
Apr 14, 2021 12:11:04 PM Server.Domain.CommonClasses.Response <init>
WARNING: username already exists
Apr 14, 2021 12:11:04 PM Server.Domain.CommonClasses.Response <init>
WARNING: user doesn't exist
Apr 14, 2021 12:11:04 PM Server.Domain.CommonClasses.Response <init>
WARNING: user not appointed by this appointer
Apr 14, 2021 12:11:04 PM Server.Domain.CommonClasses.Response <init>
WARNING: username already exists
Apr 14, 2021 12:11:04 PM Server.Domain.CommonClasses.Response <init>
WARNING: username already exists
Apr 14, 2021 12:11:04 PM Server.Domain.CommonClasses.Response <init>
WARNING: username already exists
Apr 14, 2021 12:11:04 PM Server.Domain.CommonClasses.Response <init>
WARNING: username already exists
Apr 14, 2021 12:11:04 PM Server.Domain.CommonClasses.Response <init>
WARNING: User isn't allowed to appoint owner
Apr 14, 2021 12:11:04 PM Server.Domain.CommonClasses.Response <init>
WARNING: username already exists
Apr 14, 2021 12:11:04 PM Server.Domain.CommonClasses.Response <init>
WARNING: username already exists
Apr 14, 2021 12:11:04 PM Server.Domain.CommonClasses.Response <init>
WARNING: user doesn't exist
Apr 14, 2021 12:11:04 PM Server.Domain.CommonClasses.Response <init>
WARNING: The user is not allowed to add products to the store
Apr 14, 2021 12:11:04 PM Server.Domain.CommonClasses.Response <init>
WARNING: User not allowed to add permissions to this user
Apr 14, 2021 12:11:04 PM Server.Domain.CommonClasses.Response <init>
WARNING: The user is not allowed to add products to the store
Apr 14, 2021 12:11:04 PM Server.Domain.CommonClasses.Response <init>
WARNING: username already exists
Apr 14, 2021 12:11:04 PM Server.Domain.CommonClasses.Response <init>
WARNING: username already exists
Apr 14, 2021 12:11:04 PM Server.Domain.CommonClasses.Response <init>
WARNING: user doesn't exist
Apr 14, 2021 12:11:04 PM Server.Domain.CommonClasses.Response <init>
WARNING: The user is not allowed to add products to the store
Apr 14, 2021 12:11:04 PM Server.Domain.CommonClasses.Response <init>
WARNING: username already exists
Apr 14, 2021 12:11:04 PM Server.Domain.CommonClasses.Response <init>
WARNING: username already exists
Apr 14, 2021 12:11:04 PM Server.Domain.CommonClasses.Response <init>
WARNING: The user is not allowed to add products to the store
Apr 14, 2021 12:11:04 PM Server.Domain.CommonClasses.Response <init>
WARNING: username already exists
Apr 14, 2021 12:11:04 PM Server.Domain.CommonClasses.Response <init>
WARNING: username already exists
Apr 14, 2021 12:11:04 PM Server.Domain.CommonClasses.Response <init>
WARNING: user doesn't exist
Apr 14, 2021 12:11:04 PM Server.Domain.CommonClasses.Response <init>
WARNING: username already exists
Apr 14, 2021 12:11:04 PM Server.Domain.CommonClasses.Response <init>
WARNING: username already exists
Apr 14, 2021 12:11:04 PM Server.Domain.CommonClasses.Response <init>
WARNING: The user is not allowed to edit products information in the store
Apr 14, 2021 12:11:04 PM Server.Domain.CommonClasses.Response <init>
WARNING: username already exists
Apr 14, 2021 12:11:04 PM Server.Domain.CommonClasses.Response <init>
WARNING: username already exists
Apr 14, 2021 12:11:04 PM Server.Domain.CommonClasses.Response <init>
WARNING: user doesn't exist
Apr 14, 2021 12:11:04 PM Server.Domain.CommonClasses.Response <init>
WARNING: user not appointed by this appointer
Apr 14, 2021 12:11:04 PM Server.Domain.CommonClasses.Response <init>
WARNING: username already exists
Apr 14, 2021 12:11:04 PM Server.Domain.CommonClasses.Response <init>
WARNING: username already exists
Apr 14, 2021 12:11:04 PM Server.Domain.CommonClasses.Response <init>
WARNING: user doesn't exist
Apr 14, 2021 12:11:04 PM Server.Domain.CommonClasses.Response <init>
WARNING: username already exists
Apr 14, 2021 12:11:04 PM Server.Domain.CommonClasses.Response <init>
WARNING: username already exists
Apr 14, 2021 12:11:04 PM Server.Domain.CommonClasses.Response <init>
WARNING: User isn't allowed to appoint manager
Apr 14, 2021 12:11:04 PM Server.Domain.CommonClasses.Response <init>
WARNING: username already exists
Apr 14, 2021 12:11:04 PM Server.Domain.CommonClasses.Response <init>
WARNING: username already exists
Apr 14, 2021 12:11:04 PM Server.Domain.CommonClasses.Response <init>
WARNING: User not allowed to review product
Apr 14, 2021 12:11:04 PM Server.Domain.CommonClasses.Response <init>
WARNING: username already exists
Apr 14, 2021 12:11:04 PM Server.Domain.CommonClasses.Response <init>
WARNING: username already exists
Apr 14, 2021 12:11:04 PM Server.Domain.CommonClasses.Response <init>
WARNING: Inventory: This product doesn't exists
Apr 14, 2021 12:11:44 PM Server.Domain.CommonClasses.Response <init>
WARNING: username already exists
Apr 14, 2021 12:11:45 PM Server.Domain.CommonClasses.Response <init>
WARNING: username already exists
Apr 14, 2021 12:11:45 PM Server.Domain.CommonClasses.Response <init>
WARNING: username already exists
Apr 14, 2021 12:11:45 PM Server.Domain.CommonClasses.Response <init>
WARNING: username already exists
Apr 14, 2021 12:11:45 PM Server.Domain.CommonClasses.Response <init>
WARNING: The user is not allowed to remove products from the store
Apr 14, 2021 12:11:45 PM Server.Domain.CommonClasses.Response <init>
WARNING: username already exists
Apr 14, 2021 12:11:45 PM Server.Domain.CommonClasses.Response <init>
WARNING: username already exists
Apr 14, 2021 12:11:45 PM Server.Domain.CommonClasses.Response <init>
WARNING: user doesn't exist
Apr 14, 2021 12:11:45 PM Server.Domain.CommonClasses.Response <init>
WARNING: username already exists
Apr 14, 2021 12:11:45 PM Server.Domain.CommonClasses.Response <init>
WARNING: username already exists
Apr 14, 2021 12:11:45 PM Server.Domain.CommonClasses.Response <init>
WARNING: Inventory: This product doesn't exist
Apr 14, 2021 12:11:45 PM Server.Domain.CommonClasses.Response <init>
WARNING: username already exists
Apr 14, 2021 12:11:45 PM Server.Domain.CommonClasses.Response <init>
WARNING: username already exists
Apr 14, 2021 12:11:45 PM Server.Domain.CommonClasses.Response <init>
WARNING: user doesn't exist
Apr 14, 2021 12:11:45 PM Server.Domain.CommonClasses.Response <init>
WARNING: username already exists
Apr 14, 2021 12:11:45 PM Server.Domain.CommonClasses.Response <init>
WARNING: username already exists
Apr 14, 2021 12:11:45 PM Server.Domain.CommonClasses.Response <init>
WARNING: user doesn't exist
Apr 14, 2021 12:11:45 PM Server.Domain.CommonClasses.Response <init>
WARNING: user not appointed by this appointer
Apr 14, 2021 12:11:45 PM Server.Domain.CommonClasses.Response <init>
WARNING: username already exists
Apr 14, 2021 12:11:45 PM Server.Domain.CommonClasses.Response <init>
WARNING: username already exists
Apr 14, 2021 12:11:45 PM Server.Domain.CommonClasses.Response <init>
WARNING: username already exists
Apr 14, 2021 12:11:45 PM Server.Domain.CommonClasses.Response <init>
WARNING: username already exists
Apr 14, 2021 12:11:45 PM Server.Domain.CommonClasses.Response <init>
WARNING: User isn't allowed to appoint owner
Apr 14, 2021 12:11:45 PM Server.Domain.CommonClasses.Response <init>
WARNING: username already exists
Apr 14, 2021 12:11:45 PM Server.Domain.CommonClasses.Response <init>
WARNING: username already exists
Apr 14, 2021 12:11:45 PM Server.Domain.CommonClasses.Response <init>
WARNING: user doesn't exist
Apr 14, 2021 12:11:45 PM Server.Domain.CommonClasses.Response <init>
WARNING: The user is not allowed to add products to the store
Apr 14, 2021 12:11:45 PM Server.Domain.CommonClasses.Response <init>
WARNING: User not allowed to add permissions to this user
Apr 14, 2021 12:11:45 PM Server.Domain.CommonClasses.Response <init>
WARNING: The user is not allowed to add products to the store
Apr 14, 2021 12:11:45 PM Server.Domain.CommonClasses.Response <init>
WARNING: username already exists
Apr 14, 2021 12:11:45 PM Server.Domain.CommonClasses.Response <init>
WARNING: username already exists
Apr 14, 2021 12:11:45 PM Server.Domain.CommonClasses.Response <init>
WARNING: user doesn't exist
Apr 14, 2021 12:11:45 PM Server.Domain.CommonClasses.Response <init>
WARNING: The user is not allowed to add products to the store
Apr 14, 2021 12:11:45 PM Server.Domain.CommonClasses.Response <init>
WARNING: username already exists
Apr 14, 2021 12:11:45 PM Server.Domain.CommonClasses.Response <init>
WARNING: username already exists
Apr 14, 2021 12:11:45 PM Server.Domain.CommonClasses.Response <init>
WARNING: The user is not allowed to add products to the store
Apr 14, 2021 12:11:45 PM Server.Domain.CommonClasses.Response <init>
WARNING: username already exists
Apr 14, 2021 12:11:45 PM Server.Domain.CommonClasses.Response <init>
WARNING: username already exists
Apr 14, 2021 12:11:45 PM Server.Domain.CommonClasses.Response <init>
WARNING: user doesn't exist
Apr 14, 2021 12:11:45 PM Server.Domain.CommonClasses.Response <init>
WARNING: username already exists
Apr 14, 2021 12:11:45 PM Server.Domain.CommonClasses.Response <init>
WARNING: username already exists
Apr 14, 2021 12:11:45 PM Server.Domain.CommonClasses.Response <init>
WARNING: The user is not allowed to edit products information in the store
Apr 14, 2021 12:11:45 PM Server.Domain.CommonClasses.Response <init>
WARNING: username already exists
Apr 14, 2021 12:11:45 PM Server.Domain.CommonClasses.Response <init>
WARNING: username already exists
Apr 14, 2021 12:11:45 PM Server.Domain.CommonClasses.Response <init>
WARNING: user doesn't exist
Apr 14, 2021 12:11:45 PM Server.Domain.CommonClasses.Response <init>
WARNING: user not appointed by this appointer
Apr 14, 2021 12:11:45 PM Server.Domain.CommonClasses.Response <init>
WARNING: username already exists
Apr 14, 2021 12:11:45 PM Server.Domain.CommonClasses.Response <init>
WARNING: username already exists
Apr 14, 2021 12:11:45 PM Server.Domain.CommonClasses.Response <init>
WARNING: user doesn't exist
Apr 14, 2021 12:11:45 PM Server.Domain.CommonClasses.Response <init>
WARNING: username already exists
Apr 14, 2021 12:11:45 PM Server.Domain.CommonClasses.Response <init>
WARNING: username already exists
Apr 14, 2021 12:11:45 PM Server.Domain.CommonClasses.Response <init>
WARNING: User isn't allowed to appoint manager
Apr 14, 2021 12:11:45 PM Server.Domain.CommonClasses.Response <init>
WARNING: username already exists
Apr 14, 2021 12:11:45 PM Server.Domain.CommonClasses.Response <init>
WARNING: username already exists
Apr 14, 2021 12:11:45 PM Server.Domain.CommonClasses.Response <init>
WARNING: User not allowed to review product
Apr 14, 2021 12:11:45 PM Server.Domain.CommonClasses.Response <init>
WARNING: username already exists
Apr 14, 2021 12:11:45 PM Server.Domain.CommonClasses.Response <init>
WARNING: username already exists
Apr 14, 2021 12:11:45 PM Server.Domain.CommonClasses.Response <init>
WARNING: Inventory: This product doesn't exists
Apr 14, 2021 12:13:05 PM Server.Domain.CommonClasses.Response <init>
WARNING: username already exists
Apr 14, 2021 12:13:05 PM Server.Domain.CommonClasses.Response <init>
WARNING: username already exists
Apr 14, 2021 12:13:05 PM Server.Domain.CommonClasses.Response <init>
WARNING: username already exists
Apr 14, 2021 12:13:05 PM Server.Domain.CommonClasses.Response <init>
WARNING: username already exists
Apr 14, 2021 12:13:05 PM Server.Domain.CommonClasses.Response <init>
WARNING: The user is not allowed to remove products from the store
Apr 14, 2021 12:13:05 PM Server.Domain.CommonClasses.Response <init>
WARNING: username already exists
Apr 14, 2021 12:13:05 PM Server.Domain.CommonClasses.Response <init>
WARNING: username already exists
Apr 14, 2021 12:13:05 PM Server.Domain.CommonClasses.Response <init>
WARNING: user doesn't exist
Apr 14, 2021 12:13:05 PM Server.Domain.CommonClasses.Response <init>
WARNING: username already exists
Apr 14, 2021 12:13:05 PM Server.Domain.CommonClasses.Response <init>
WARNING: username already exists
Apr 14, 2021 12:13:05 PM Server.Domain.CommonClasses.Response <init>
WARNING: Inventory: This product doesn't exist
Apr 14, 2021 12:13:05 PM Server.Domain.CommonClasses.Response <init>
WARNING: username already exists
Apr 14, 2021 12:13:05 PM Server.Domain.CommonClasses.Response <init>
WARNING: username already exists
Apr 14, 2021 12:13:05 PM Server.Domain.CommonClasses.Response <init>
WARNING: user doesn't exist
Apr 14, 2021 12:13:05 PM Server.Domain.CommonClasses.Response <init>
WARNING: username already exists
Apr 14, 2021 12:13:05 PM Server.Domain.CommonClasses.Response <init>
WARNING: username already exists
Apr 14, 2021 12:13:05 PM Server.Domain.CommonClasses.Response <init>
WARNING: user doesn't exist
Apr 14, 2021 12:13:05 PM Server.Domain.CommonClasses.Response <init>
WARNING: user not appointed by this appointer
Apr 14, 2021 12:13:05 PM Server.Domain.CommonClasses.Response <init>
WARNING: username already exists
Apr 14, 2021 12:13:05 PM Server.Domain.CommonClasses.Response <init>
WARNING: username already exists
Apr 14, 2021 12:13:05 PM Server.Domain.CommonClasses.Response <init>
WARNING: username already exists
Apr 14, 2021 12:13:05 PM Server.Domain.CommonClasses.Response <init>
WARNING: username already exists
Apr 14, 2021 12:13:05 PM Server.Domain.CommonClasses.Response <init>
WARNING: User isn't allowed to appoint owner
Apr 14, 2021 12:13:05 PM Server.Domain.CommonClasses.Response <init>
WARNING: username already exists
Apr 14, 2021 12:13:05 PM Server.Domain.CommonClasses.Response <init>
WARNING: username already exists
Apr 14, 2021 12:13:05 PM Server.Domain.CommonClasses.Response <init>
WARNING: user doesn't exist
Apr 14, 2021 12:13:05 PM Server.Domain.CommonClasses.Response <init>
WARNING: The user is not allowed to add products to the store
Apr 14, 2021 12:13:05 PM Server.Domain.CommonClasses.Response <init>
WARNING: User not allowed to add permissions to this user
Apr 14, 2021 12:13:05 PM Server.Domain.CommonClasses.Response <init>
WARNING: The user is not allowed to add products to the store
Apr 14, 2021 12:13:05 PM Server.Domain.CommonClasses.Response <init>
WARNING: username already exists
Apr 14, 2021 12:13:05 PM Server.Domain.CommonClasses.Response <init>
WARNING: username already exists
Apr 14, 2021 12:13:05 PM Server.Domain.CommonClasses.Response <init>
WARNING: user doesn't exist
Apr 14, 2021 12:13:05 PM Server.Domain.CommonClasses.Response <init>
WARNING: The user is not allowed to add products to the store
Apr 14, 2021 12:13:05 PM Server.Domain.CommonClasses.Response <init>
WARNING: username already exists
Apr 14, 2021 12:13:05 PM Server.Domain.CommonClasses.Response <init>
WARNING: username already exists
Apr 14, 2021 12:13:05 PM Server.Domain.CommonClasses.Response <init>
WARNING: The user is not allowed to add products to the store
Apr 14, 2021 12:13:05 PM Server.Domain.CommonClasses.Response <init>
WARNING: username already exists
Apr 14, 2021 12:13:05 PM Server.Domain.CommonClasses.Response <init>
WARNING: username already exists
Apr 14, 2021 12:13:05 PM Server.Domain.CommonClasses.Response <init>
WARNING: user doesn't exist
Apr 14, 2021 12:13:05 PM Server.Domain.CommonClasses.Response <init>
WARNING: username already exists
Apr 14, 2021 12:13:05 PM Server.Domain.CommonClasses.Response <init>
WARNING: username already exists
Apr 14, 2021 12:13:05 PM Server.Domain.CommonClasses.Response <init>
WARNING: The user is not allowed to edit products information in the store
Apr 14, 2021 12:13:05 PM Server.Domain.CommonClasses.Response <init>
WARNING: username already exists
Apr 14, 2021 12:13:05 PM Server.Domain.CommonClasses.Response <init>
WARNING: username already exists
Apr 14, 2021 12:13:05 PM Server.Domain.CommonClasses.Response <init>
WARNING: user doesn't exist
Apr 14, 2021 12:13:05 PM Server.Domain.CommonClasses.Response <init>
WARNING: user not appointed by this appointer
Apr 14, 2021 12:13:05 PM Server.Domain.CommonClasses.Response <init>
WARNING: username already exists
Apr 14, 2021 12:13:05 PM Server.Domain.CommonClasses.Response <init>
WARNING: username already exists
Apr 14, 2021 12:13:05 PM Server.Domain.CommonClasses.Response <init>
WARNING: user doesn't exist
Apr 14, 2021 12:13:05 PM Server.Domain.CommonClasses.Response <init>
WARNING: username already exists
Apr 14, 2021 12:13:05 PM Server.Domain.CommonClasses.Response <init>
WARNING: username already exists
Apr 14, 2021 12:13:05 PM Server.Domain.CommonClasses.Response <init>
WARNING: User isn't allowed to appoint manager
Apr 14, 2021 12:13:05 PM Server.Domain.CommonClasses.Response <init>
WARNING: username already exists
Apr 14, 2021 12:13:05 PM Server.Domain.CommonClasses.Response <init>
WARNING: username already exists
Apr 14, 2021 12:13:05 PM Server.Domain.CommonClasses.Response <init>
WARNING: User not allowed to review product
Apr 14, 2021 12:13:05 PM Server.Domain.CommonClasses.Response <init>
WARNING: username already exists
Apr 14, 2021 12:13:05 PM Server.Domain.CommonClasses.Response <init>
WARNING: username already exists
Apr 14, 2021 12:13:05 PM Server.Domain.CommonClasses.Response <init>
WARNING: Inventory: This product doesn't exists
Apr 14, 2021 12:14:15 PM Server.Domain.CommonClasses.Response <init>
WARNING: username already exists
Apr 14, 2021 12:14:15 PM Server.Domain.CommonClasses.Response <init>
WARNING: username already exists
Apr 14, 2021 12:14:15 PM Server.Domain.CommonClasses.Response <init>
WARNING: username already exists
Apr 14, 2021 12:14:15 PM Server.Domain.CommonClasses.Response <init>
WARNING: username already exists
Apr 14, 2021 12:14:15 PM Server.Domain.CommonClasses.Response <init>
WARNING: The user is not allowed to remove products from the store
Apr 14, 2021 12:14:15 PM Server.Domain.CommonClasses.Response <init>
WARNING: username already exists
Apr 14, 2021 12:14:15 PM Server.Domain.CommonClasses.Response <init>
WARNING: username already exists
Apr 14, 2021 12:14:15 PM Server.Domain.CommonClasses.Response <init>
WARNING: user doesn't exist
Apr 14, 2021 12:14:15 PM Server.Domain.CommonClasses.Response <init>
WARNING: username already exists
Apr 14, 2021 12:14:15 PM Server.Domain.CommonClasses.Response <init>
WARNING: username already exists
Apr 14, 2021 12:14:15 PM Server.Domain.CommonClasses.Response <init>
WARNING: username already exists
Apr 14, 2021 12:14:15 PM Server.Domain.CommonClasses.Response <init>
WARNING: username already exists
Apr 14, 2021 12:14:15 PM Server.Domain.CommonClasses.Response <init>
WARNING: user doesn't exist
Apr 14, 2021 12:14:15 PM Server.Domain.CommonClasses.Response <init>
WARNING: username already exists
Apr 14, 2021 12:14:15 PM Server.Domain.CommonClasses.Response <init>
WARNING: username already exists
Apr 14, 2021 12:14:15 PM Server.Domain.CommonClasses.Response <init>
WARNING: user doesn't exist
Apr 14, 2021 12:14:15 PM Server.Domain.CommonClasses.Response <init>
WARNING: user not appointed by this appointer
Apr 14, 2021 12:14:15 PM Server.Domain.CommonClasses.Response <init>
WARNING: username already exists
Apr 14, 2021 12:14:15 PM Server.Domain.CommonClasses.Response <init>
WARNING: username already exists
Apr 14, 2021 12:14:15 PM Server.Domain.CommonClasses.Response <init>
WARNING: username already exists
Apr 14, 2021 12:14:15 PM Server.Domain.CommonClasses.Response <init>
WARNING: username already exists
Apr 14, 2021 12:14:15 PM Server.Domain.CommonClasses.Response <init>
WARNING: User isn't allowed to appoint owner
Apr 14, 2021 12:14:15 PM Server.Domain.CommonClasses.Response <init>
WARNING: username already exists
Apr 14, 2021 12:14:15 PM Server.Domain.CommonClasses.Response <init>
WARNING: username already exists
Apr 14, 2021 12:14:15 PM Server.Domain.CommonClasses.Response <init>
WARNING: user doesn't exist
Apr 14, 2021 12:14:15 PM Server.Domain.CommonClasses.Response <init>
WARNING: The user is not allowed to add products to the store
Apr 14, 2021 12:14:15 PM Server.Domain.CommonClasses.Response <init>
WARNING: User not allowed to add permissions to this user
Apr 14, 2021 12:14:15 PM Server.Domain.CommonClasses.Response <init>
WARNING: The user is not allowed to add products to the store
Apr 14, 2021 12:14:15 PM Server.Domain.CommonClasses.Response <init>
WARNING: username already exists
Apr 14, 2021 12:14:15 PM Server.Domain.CommonClasses.Response <init>
WARNING: username already exists
Apr 14, 2021 12:14:15 PM Server.Domain.CommonClasses.Response <init>
WARNING: user doesn't exist
Apr 14, 2021 12:14:15 PM Server.Domain.CommonClasses.Response <init>
WARNING: The user is not allowed to add products to the store
Apr 14, 2021 12:14:15 PM Server.Domain.CommonClasses.Response <init>
WARNING: username already exists
Apr 14, 2021 12:14:15 PM Server.Domain.CommonClasses.Response <init>
WARNING: username already exists
Apr 14, 2021 12:14:15 PM Server.Domain.CommonClasses.Response <init>
WARNING: The user is not allowed to add products to the store
Apr 14, 2021 12:14:15 PM Server.Domain.CommonClasses.Response <init>
WARNING: username already exists
Apr 14, 2021 12:14:15 PM Server.Domain.CommonClasses.Response <init>
WARNING: username already exists
Apr 14, 2021 12:14:15 PM Server.Domain.CommonClasses.Response <init>
WARNING: user doesn't exist
Apr 14, 2021 12:14:15 PM Server.Domain.CommonClasses.Response <init>
WARNING: username already exists
Apr 14, 2021 12:14:15 PM Server.Domain.CommonClasses.Response <init>
WARNING: username already exists
Apr 14, 2021 12:14:15 PM Server.Domain.CommonClasses.Response <init>
WARNING: The user is not allowed to edit products information in the store
Apr 14, 2021 12:14:15 PM Server.Domain.CommonClasses.Response <init>
WARNING: username already exists
Apr 14, 2021 12:14:15 PM Server.Domain.CommonClasses.Response <init>
WARNING: username already exists
Apr 14, 2021 12:14:15 PM Server.Domain.CommonClasses.Response <init>
WARNING: user doesn't exist
Apr 14, 2021 12:14:15 PM Server.Domain.CommonClasses.Response <init>
WARNING: user not appointed by this appointer
Apr 14, 2021 12:14:15 PM Server.Domain.CommonClasses.Response <init>
WARNING: username already exists
Apr 14, 2021 12:14:15 PM Server.Domain.CommonClasses.Response <init>
WARNING: username already exists
Apr 14, 2021 12:14:15 PM Server.Domain.CommonClasses.Response <init>
WARNING: user doesn't exist
Apr 14, 2021 12:14:15 PM Server.Domain.CommonClasses.Response <init>
WARNING: username already exists
Apr 14, 2021 12:14:15 PM Server.Domain.CommonClasses.Response <init>
WARNING: username already exists
Apr 14, 2021 12:14:15 PM Server.Domain.CommonClasses.Response <init>
WARNING: User isn't allowed to appoint manager
Apr 14, 2021 12:14:15 PM Server.Domain.CommonClasses.Response <init>
WARNING: username already exists
Apr 14, 2021 12:14:15 PM Server.Domain.CommonClasses.Response <init>
WARNING: username already exists
Apr 14, 2021 12:14:15 PM Server.Domain.CommonClasses.Response <init>
WARNING: User not allowed to review product
Apr 14, 2021 12:14:15 PM Server.Domain.CommonClasses.Response <init>
WARNING: username already exists
Apr 14, 2021 12:14:15 PM Server.Domain.CommonClasses.Response <init>
WARNING: username already exists
Apr 14, 2021 12:14:15 PM Server.Domain.CommonClasses.Response <init>
WARNING: Inventory: This product doesn't exists
Apr 14, 2021 12:14:45 PM Server.Domain.CommonClasses.Response <init>
WARNING: username already exists
Apr 14, 2021 12:14:45 PM Server.Domain.CommonClasses.Response <init>
WARNING: username already exists
Apr 14, 2021 12:14:45 PM Server.Domain.CommonClasses.Response <init>
WARNING: username already exists
Apr 14, 2021 12:14:45 PM Server.Domain.CommonClasses.Response <init>
WARNING: username already exists
Apr 14, 2021 12:14:45 PM Server.Domain.CommonClasses.Response <init>
WARNING: The user is not allowed to remove products from the store
Apr 14, 2021 12:14:45 PM Server.Domain.CommonClasses.Response <init>
WARNING: username already exists
Apr 14, 2021 12:14:45 PM Server.Domain.CommonClasses.Response <init>
WARNING: username already exists
Apr 14, 2021 12:14:45 PM Server.Domain.CommonClasses.Response <init>
WARNING: user doesn't exist
Apr 14, 2021 12:14:45 PM Server.Domain.CommonClasses.Response <init>
WARNING: username already exists
Apr 14, 2021 12:14:45 PM Server.Domain.CommonClasses.Response <init>
WARNING: username already exists
Apr 14, 2021 12:14:45 PM Server.Domain.CommonClasses.Response <init>
WARNING: username already exists
Apr 14, 2021 12:14:45 PM Server.Domain.CommonClasses.Response <init>
WARNING: username already exists
Apr 14, 2021 12:14:45 PM Server.Domain.CommonClasses.Response <init>
WARNING: user doesn't exist
Apr 14, 2021 12:14:45 PM Server.Domain.CommonClasses.Response <init>
WARNING: username already exists
Apr 14, 2021 12:14:45 PM Server.Domain.CommonClasses.Response <init>
WARNING: username already exists
Apr 14, 2021 12:14:45 PM Server.Domain.CommonClasses.Response <init>
WARNING: user doesn't exist
Apr 14, 2021 12:14:45 PM Server.Domain.CommonClasses.Response <init>
WARNING: user not appointed by this appointer
Apr 14, 2021 12:14:45 PM Server.Domain.CommonClasses.Response <init>
WARNING: username already exists
Apr 14, 2021 12:14:45 PM Server.Domain.CommonClasses.Response <init>
WARNING: username already exists
Apr 14, 2021 12:14:45 PM Server.Domain.CommonClasses.Response <init>
WARNING: username already exists
Apr 14, 2021 12:14:45 PM Server.Domain.CommonClasses.Response <init>
WARNING: username already exists
Apr 14, 2021 12:14:45 PM Server.Domain.CommonClasses.Response <init>
WARNING: User isn't allowed to appoint owner
Apr 14, 2021 12:14:45 PM Server.Domain.CommonClasses.Response <init>
WARNING: username already exists
Apr 14, 2021 12:14:45 PM Server.Domain.CommonClasses.Response <init>
WARNING: username already exists
Apr 14, 2021 12:14:45 PM Server.Domain.CommonClasses.Response <init>
WARNING: user doesn't exist
Apr 14, 2021 12:14:45 PM Server.Domain.CommonClasses.Response <init>
WARNING: The user is not allowed to add products to the store
Apr 14, 2021 12:14:45 PM Server.Domain.CommonClasses.Response <init>
WARNING: User not allowed to add permissions to this user
Apr 14, 2021 12:14:45 PM Server.Domain.CommonClasses.Response <init>
WARNING: The user is not allowed to add products to the store
Apr 14, 2021 12:14:45 PM Server.Domain.CommonClasses.Response <init>
WARNING: username already exists
Apr 14, 2021 12:14:45 PM Server.Domain.CommonClasses.Response <init>
WARNING: username already exists
Apr 14, 2021 12:14:45 PM Server.Domain.CommonClasses.Response <init>
WARNING: user doesn't exist
Apr 14, 2021 12:14:45 PM Server.Domain.CommonClasses.Response <init>
WARNING: The user is not allowed to add products to the store
Apr 14, 2021 12:14:45 PM Server.Domain.CommonClasses.Response <init>
WARNING: username already exists
Apr 14, 2021 12:14:45 PM Server.Domain.CommonClasses.Response <init>
WARNING: username already exists
Apr 14, 2021 12:14:45 PM Server.Domain.CommonClasses.Response <init>
WARNING: The user is not allowed to add products to the store
Apr 14, 2021 12:14:45 PM Server.Domain.CommonClasses.Response <init>
WARNING: username already exists
Apr 14, 2021 12:14:45 PM Server.Domain.CommonClasses.Response <init>
WARNING: username already exists
Apr 14, 2021 12:14:45 PM Server.Domain.CommonClasses.Response <init>
WARNING: user doesn't exist
Apr 14, 2021 12:14:45 PM Server.Domain.CommonClasses.Response <init>
WARNING: username already exists
Apr 14, 2021 12:14:45 PM Server.Domain.CommonClasses.Response <init>
WARNING: username already exists
Apr 14, 2021 12:14:45 PM Server.Domain.CommonClasses.Response <init>
WARNING: The user is not allowed to edit products information in the store
Apr 14, 2021 12:14:45 PM Server.Domain.CommonClasses.Response <init>
WARNING: username already exists
Apr 14, 2021 12:14:45 PM Server.Domain.CommonClasses.Response <init>
WARNING: username already exists
Apr 14, 2021 12:14:45 PM Server.Domain.CommonClasses.Response <init>
WARNING: user doesn't exist
Apr 14, 2021 12:14:45 PM Server.Domain.CommonClasses.Response <init>
WARNING: user not appointed by this appointer
Apr 14, 2021 12:14:45 PM Server.Domain.CommonClasses.Response <init>
WARNING: username already exists
Apr 14, 2021 12:14:45 PM Server.Domain.CommonClasses.Response <init>
WARNING: username already exists
Apr 14, 2021 12:14:45 PM Server.Domain.CommonClasses.Response <init>
WARNING: user doesn't exist
Apr 14, 2021 12:14:45 PM Server.Domain.CommonClasses.Response <init>
WARNING: username already exists
Apr 14, 2021 12:14:45 PM Server.Domain.CommonClasses.Response <init>
WARNING: username already exists
Apr 14, 2021 12:14:45 PM Server.Domain.CommonClasses.Response <init>
WARNING: User isn't allowed to appoint manager
Apr 14, 2021 12:14:45 PM Server.Domain.CommonClasses.Response <init>
WARNING: username already exists
Apr 14, 2021 12:14:45 PM Server.Domain.CommonClasses.Response <init>
WARNING: username already exists
Apr 14, 2021 12:14:45 PM Server.Domain.CommonClasses.Response <init>
WARNING: User not allowed to review product
Apr 14, 2021 12:14:45 PM Server.Domain.CommonClasses.Response <init>
WARNING: username already exists
Apr 14, 2021 12:14:45 PM Server.Domain.CommonClasses.Response <init>
WARNING: username already exists
Apr 14, 2021 12:14:45 PM Server.Domain.CommonClasses.Response <init>
WARNING: Inventory: This product doesn't exists
Apr 14, 2021 12:16:29 PM Server.Domain.CommonClasses.Response <init>
WARNING: username already exists
Apr 14, 2021 12:16:29 PM Server.Domain.CommonClasses.Response <init>
WARNING: username already exists
Apr 14, 2021 12:16:29 PM Server.Domain.CommonClasses.Response <init>
WARNING: username already exists
Apr 14, 2021 12:16:29 PM Server.Domain.CommonClasses.Response <init>
WARNING: username already exists
Apr 14, 2021 12:16:29 PM Server.Domain.CommonClasses.Response <init>
WARNING: The user is not allowed to remove products from the store
Apr 14, 2021 12:16:29 PM Server.Domain.CommonClasses.Response <init>
WARNING: username already exists
Apr 14, 2021 12:16:29 PM Server.Domain.CommonClasses.Response <init>
WARNING: username already exists
Apr 14, 2021 12:16:29 PM Server.Domain.CommonClasses.Response <init>
WARNING: user doesn't exist
Apr 14, 2021 12:16:29 PM Server.Domain.CommonClasses.Response <init>
WARNING: username already exists
Apr 14, 2021 12:16:29 PM Server.Domain.CommonClasses.Response <init>
WARNING: username already exists
Apr 14, 2021 12:16:29 PM Server.Domain.CommonClasses.Response <init>
WARNING: username already exists
Apr 14, 2021 12:16:29 PM Server.Domain.CommonClasses.Response <init>
WARNING: username already exists
Apr 14, 2021 12:16:29 PM Server.Domain.CommonClasses.Response <init>
WARNING: user doesn't exist
Apr 14, 2021 12:16:29 PM Server.Domain.CommonClasses.Response <init>
WARNING: username already exists
Apr 14, 2021 12:16:29 PM Server.Domain.CommonClasses.Response <init>
WARNING: username already exists
Apr 14, 2021 12:16:29 PM Server.Domain.CommonClasses.Response <init>
WARNING: user doesn't exist
Apr 14, 2021 12:16:29 PM Server.Domain.CommonClasses.Response <init>
WARNING: user not appointed by this appointer
Apr 14, 2021 12:16:29 PM Server.Domain.CommonClasses.Response <init>
WARNING: username already exists
Apr 14, 2021 12:16:29 PM Server.Domain.CommonClasses.Response <init>
WARNING: username already exists
Apr 14, 2021 12:16:29 PM Server.Domain.CommonClasses.Response <init>
WARNING: username already exists
Apr 14, 2021 12:16:29 PM Server.Domain.CommonClasses.Response <init>
WARNING: username already exists
Apr 14, 2021 12:16:29 PM Server.Domain.CommonClasses.Response <init>
WARNING: User isn't allowed to appoint owner
Apr 14, 2021 12:16:29 PM Server.Domain.CommonClasses.Response <init>
WARNING: username already exists
Apr 14, 2021 12:16:29 PM Server.Domain.CommonClasses.Response <init>
WARNING: username already exists
Apr 14, 2021 12:16:29 PM Server.Domain.CommonClasses.Response <init>
WARNING: user doesn't exist
Apr 14, 2021 12:16:29 PM Server.Domain.CommonClasses.Response <init>
WARNING: The user is not allowed to add products to the store
Apr 14, 2021 12:16:29 PM Server.Domain.CommonClasses.Response <init>
WARNING: User not allowed to add permissions to this user
Apr 14, 2021 12:16:29 PM Server.Domain.CommonClasses.Response <init>
WARNING: The user is not allowed to add products to the store
Apr 14, 2021 12:16:29 PM Server.Domain.CommonClasses.Response <init>
WARNING: username already exists
Apr 14, 2021 12:16:29 PM Server.Domain.CommonClasses.Response <init>
WARNING: username already exists
Apr 14, 2021 12:16:29 PM Server.Domain.CommonClasses.Response <init>
WARNING: user doesn't exist
Apr 14, 2021 12:16:29 PM Server.Domain.CommonClasses.Response <init>
WARNING: The user is not allowed to add products to the store
Apr 14, 2021 12:16:29 PM Server.Domain.CommonClasses.Response <init>
WARNING: username already exists
Apr 14, 2021 12:16:29 PM Server.Domain.CommonClasses.Response <init>
WARNING: username already exists
Apr 14, 2021 12:16:29 PM Server.Domain.CommonClasses.Response <init>
WARNING: The user is not allowed to add products to the store
Apr 14, 2021 12:16:29 PM Server.Domain.CommonClasses.Response <init>
WARNING: username already exists
Apr 14, 2021 12:16:29 PM Server.Domain.CommonClasses.Response <init>
WARNING: username already exists
Apr 14, 2021 12:16:29 PM Server.Domain.CommonClasses.Response <init>
WARNING: user doesn't exist
Apr 14, 2021 12:16:29 PM Server.Domain.CommonClasses.Response <init>
WARNING: username already exists
Apr 14, 2021 12:16:29 PM Server.Domain.CommonClasses.Response <init>
WARNING: username already exists
Apr 14, 2021 12:16:29 PM Server.Domain.CommonClasses.Response <init>
WARNING: The user is not allowed to edit products information in the store
Apr 14, 2021 12:16:29 PM Server.Domain.CommonClasses.Response <init>
WARNING: username already exists
Apr 14, 2021 12:16:29 PM Server.Domain.CommonClasses.Response <init>
WARNING: username already exists
Apr 14, 2021 12:16:29 PM Server.Domain.CommonClasses.Response <init>
WARNING: user doesn't exist
Apr 14, 2021 12:16:29 PM Server.Domain.CommonClasses.Response <init>
WARNING: user not appointed by this appointer
Apr 14, 2021 12:16:29 PM Server.Domain.CommonClasses.Response <init>
WARNING: username already exists
Apr 14, 2021 12:16:29 PM Server.Domain.CommonClasses.Response <init>
WARNING: username already exists
Apr 14, 2021 12:16:29 PM Server.Domain.CommonClasses.Response <init>
WARNING: user doesn't exist
Apr 14, 2021 12:16:29 PM Server.Domain.CommonClasses.Response <init>
WARNING: username already exists
Apr 14, 2021 12:16:29 PM Server.Domain.CommonClasses.Response <init>
WARNING: username already exists
Apr 14, 2021 12:16:29 PM Server.Domain.CommonClasses.Response <init>
WARNING: User isn't allowed to appoint manager
Apr 14, 2021 12:16:29 PM Server.Domain.CommonClasses.Response <init>
WARNING: username already exists
Apr 14, 2021 12:16:29 PM Server.Domain.CommonClasses.Response <init>
WARNING: username already exists
Apr 14, 2021 12:16:29 PM Server.Domain.CommonClasses.Response <init>
WARNING: User not allowed to review product
Apr 14, 2021 12:16:29 PM Server.Domain.CommonClasses.Response <init>
WARNING: username already exists
Apr 14, 2021 12:16:29 PM Server.Domain.CommonClasses.Response <init>
WARNING: username already exists
Apr 14, 2021 12:16:29 PM Server.Domain.CommonClasses.Response <init>
WARNING: Inventory: This product doesn't exists
Apr 14, 2021 12:18:01 PM Server.Domain.CommonClasses.Response <init>
WARNING: username already exists
Apr 14, 2021 12:18:01 PM Server.Domain.CommonClasses.Response <init>
WARNING: username already exists
Apr 14, 2021 12:18:01 PM Server.Domain.CommonClasses.Response <init>
WARNING: username already exists
Apr 14, 2021 12:18:01 PM Server.Domain.CommonClasses.Response <init>
WARNING: username already exists
Apr 14, 2021 12:18:01 PM Server.Domain.CommonClasses.Response <init>
WARNING: The user is not allowed to remove products from the store
Apr 14, 2021 12:18:01 PM Server.Domain.CommonClasses.Response <init>
WARNING: username already exists
Apr 14, 2021 12:18:01 PM Server.Domain.CommonClasses.Response <init>
WARNING: username already exists
Apr 14, 2021 12:18:01 PM Server.Domain.CommonClasses.Response <init>
WARNING: user doesn't exist
Apr 14, 2021 12:18:01 PM Server.Domain.CommonClasses.Response <init>
WARNING: username already exists
Apr 14, 2021 12:18:01 PM Server.Domain.CommonClasses.Response <init>
WARNING: username already exists
Apr 14, 2021 12:18:01 PM Server.Domain.CommonClasses.Response <init>
WARNING: username already exists
Apr 14, 2021 12:18:01 PM Server.Domain.CommonClasses.Response <init>
WARNING: username already exists
Apr 14, 2021 12:18:01 PM Server.Domain.CommonClasses.Response <init>
WARNING: user doesn't exist
Apr 14, 2021 12:18:01 PM Server.Domain.CommonClasses.Response <init>
WARNING: username already exists
Apr 14, 2021 12:18:01 PM Server.Domain.CommonClasses.Response <init>
WARNING: username already exists
Apr 14, 2021 12:18:01 PM Server.Domain.CommonClasses.Response <init>
WARNING: user doesn't exist
Apr 14, 2021 12:18:01 PM Server.Domain.CommonClasses.Response <init>
WARNING: user not appointed by this appointer
Apr 14, 2021 12:18:01 PM Server.Domain.CommonClasses.Response <init>
WARNING: username already exists
Apr 14, 2021 12:18:01 PM Server.Domain.CommonClasses.Response <init>
WARNING: username already exists
Apr 14, 2021 12:18:01 PM Server.Domain.CommonClasses.Response <init>
WARNING: username already exists
Apr 14, 2021 12:18:01 PM Server.Domain.CommonClasses.Response <init>
WARNING: username already exists
Apr 14, 2021 12:18:01 PM Server.Domain.CommonClasses.Response <init>
WARNING: User isn't allowed to appoint owner
Apr 14, 2021 12:18:01 PM Server.Domain.CommonClasses.Response <init>
WARNING: username already exists
Apr 14, 2021 12:18:01 PM Server.Domain.CommonClasses.Response <init>
WARNING: username already exists
Apr 14, 2021 12:18:01 PM Server.Domain.CommonClasses.Response <init>
WARNING: user doesn't exist
Apr 14, 2021 12:18:01 PM Server.Domain.CommonClasses.Response <init>
WARNING: The user is not allowed to add products to the store
Apr 14, 2021 12:18:01 PM Server.Domain.CommonClasses.Response <init>
WARNING: User not allowed to add permissions to this user
Apr 14, 2021 12:18:01 PM Server.Domain.CommonClasses.Response <init>
WARNING: The user is not allowed to add products to the store
Apr 14, 2021 12:18:01 PM Server.Domain.CommonClasses.Response <init>
WARNING: username already exists
Apr 14, 2021 12:18:01 PM Server.Domain.CommonClasses.Response <init>
WARNING: username already exists
Apr 14, 2021 12:18:01 PM Server.Domain.CommonClasses.Response <init>
WARNING: user doesn't exist
Apr 14, 2021 12:18:01 PM Server.Domain.CommonClasses.Response <init>
WARNING: The user is not allowed to add products to the store
Apr 14, 2021 12:18:01 PM Server.Domain.CommonClasses.Response <init>
WARNING: username already exists
Apr 14, 2021 12:18:01 PM Server.Domain.CommonClasses.Response <init>
WARNING: username already exists
Apr 14, 2021 12:18:01 PM Server.Domain.CommonClasses.Response <init>
WARNING: The user is not allowed to add products to the store
Apr 14, 2021 12:18:01 PM Server.Domain.CommonClasses.Response <init>
WARNING: username already exists
Apr 14, 2021 12:18:01 PM Server.Domain.CommonClasses.Response <init>
WARNING: username already exists
Apr 14, 2021 12:18:01 PM Server.Domain.CommonClasses.Response <init>
WARNING: user doesn't exist
Apr 14, 2021 12:18:01 PM Server.Domain.CommonClasses.Response <init>
WARNING: username already exists
Apr 14, 2021 12:18:01 PM Server.Domain.CommonClasses.Response <init>
WARNING: username already exists
Apr 14, 2021 12:18:01 PM Server.Domain.CommonClasses.Response <init>
WARNING: The user is not allowed to edit products information in the store
Apr 14, 2021 12:18:01 PM Server.Domain.CommonClasses.Response <init>
WARNING: username already exists
Apr 14, 2021 12:18:01 PM Server.Domain.CommonClasses.Response <init>
WARNING: username already exists
Apr 14, 2021 12:18:01 PM Server.Domain.CommonClasses.Response <init>
WARNING: user doesn't exist
Apr 14, 2021 12:18:01 PM Server.Domain.CommonClasses.Response <init>
WARNING: user not appointed by this appointer
Apr 14, 2021 12:18:01 PM Server.Domain.CommonClasses.Response <init>
WARNING: username already exists
Apr 14, 2021 12:18:01 PM Server.Domain.CommonClasses.Response <init>
WARNING: username already exists
Apr 14, 2021 12:18:01 PM Server.Domain.CommonClasses.Response <init>
WARNING: user doesn't exist
Apr 14, 2021 12:18:01 PM Server.Domain.CommonClasses.Response <init>
WARNING: username already exists
Apr 14, 2021 12:18:01 PM Server.Domain.CommonClasses.Response <init>
WARNING: username already exists
Apr 14, 2021 12:18:01 PM Server.Domain.CommonClasses.Response <init>
WARNING: User isn't allowed to appoint manager
Apr 14, 2021 12:18:01 PM Server.Domain.CommonClasses.Response <init>
WARNING: username already exists
Apr 14, 2021 12:18:01 PM Server.Domain.CommonClasses.Response <init>
WARNING: username already exists
Apr 14, 2021 12:18:01 PM Server.Domain.CommonClasses.Response <init>
WARNING: User not allowed to review product
Apr 14, 2021 12:18:01 PM Server.Domain.CommonClasses.Response <init>
WARNING: username already exists
Apr 14, 2021 12:18:01 PM Server.Domain.CommonClasses.Response <init>
WARNING: username already exists
Apr 14, 2021 12:18:01 PM Server.Domain.CommonClasses.Response <init>
WARNING: Inventory: This product doesn't exists
Apr 14, 2021 12:18:26 PM Server.Domain.CommonClasses.Response <init>
WARNING: username already exists
Apr 14, 2021 12:18:26 PM Server.Domain.CommonClasses.Response <init>
WARNING: username already exists
Apr 14, 2021 12:18:26 PM Server.Domain.CommonClasses.Response <init>
WARNING: username already exists
Apr 14, 2021 12:18:26 PM Server.Domain.CommonClasses.Response <init>
WARNING: username already exists
Apr 14, 2021 12:18:26 PM Server.Domain.CommonClasses.Response <init>
WARNING: The user is not allowed to remove products from the store
Apr 14, 2021 12:18:26 PM Server.Domain.CommonClasses.Response <init>
WARNING: username already exists
Apr 14, 2021 12:18:26 PM Server.Domain.CommonClasses.Response <init>
WARNING: username already exists
Apr 14, 2021 12:18:26 PM Server.Domain.CommonClasses.Response <init>
WARNING: user doesn't exist
Apr 14, 2021 12:18:26 PM Server.Domain.CommonClasses.Response <init>
WARNING: username already exists
Apr 14, 2021 12:18:26 PM Server.Domain.CommonClasses.Response <init>
WARNING: username already exists
Apr 14, 2021 12:18:26 PM Server.Domain.CommonClasses.Response <init>
WARNING: username already exists
Apr 14, 2021 12:18:26 PM Server.Domain.CommonClasses.Response <init>
WARNING: username already exists
Apr 14, 2021 12:18:26 PM Server.Domain.CommonClasses.Response <init>
WARNING: user doesn't exist
Apr 14, 2021 12:18:26 PM Server.Domain.CommonClasses.Response <init>
WARNING: username already exists
Apr 14, 2021 12:18:26 PM Server.Domain.CommonClasses.Response <init>
WARNING: username already exists
Apr 14, 2021 12:18:26 PM Server.Domain.CommonClasses.Response <init>
WARNING: user doesn't exist
Apr 14, 2021 12:18:26 PM Server.Domain.CommonClasses.Response <init>
WARNING: user not appointed by this appointer
Apr 14, 2021 12:18:26 PM Server.Domain.CommonClasses.Response <init>
WARNING: username already exists
Apr 14, 2021 12:18:26 PM Server.Domain.CommonClasses.Response <init>
WARNING: username already exists
Apr 14, 2021 12:18:26 PM Server.Domain.CommonClasses.Response <init>
WARNING: username already exists
Apr 14, 2021 12:18:26 PM Server.Domain.CommonClasses.Response <init>
WARNING: username already exists
Apr 14, 2021 12:18:26 PM Server.Domain.CommonClasses.Response <init>
WARNING: User isn't allowed to appoint owner
Apr 14, 2021 12:18:26 PM Server.Domain.CommonClasses.Response <init>
WARNING: username already exists
Apr 14, 2021 12:18:26 PM Server.Domain.CommonClasses.Response <init>
WARNING: username already exists
Apr 14, 2021 12:18:26 PM Server.Domain.CommonClasses.Response <init>
WARNING: user doesn't exist
Apr 14, 2021 12:18:26 PM Server.Domain.CommonClasses.Response <init>
WARNING: The user is not allowed to add products to the store
Apr 14, 2021 12:18:26 PM Server.Domain.CommonClasses.Response <init>
WARNING: User not allowed to add permissions to this user
Apr 14, 2021 12:18:26 PM Server.Domain.CommonClasses.Response <init>
WARNING: The user is not allowed to add products to the store
Apr 14, 2021 12:18:26 PM Server.Domain.CommonClasses.Response <init>
WARNING: username already exists
Apr 14, 2021 12:18:26 PM Server.Domain.CommonClasses.Response <init>
WARNING: username already exists
Apr 14, 2021 12:18:26 PM Server.Domain.CommonClasses.Response <init>
WARNING: user doesn't exist
Apr 14, 2021 12:18:26 PM Server.Domain.CommonClasses.Response <init>
WARNING: The user is not allowed to add products to the store
Apr 14, 2021 12:18:26 PM Server.Domain.CommonClasses.Response <init>
WARNING: username already exists
Apr 14, 2021 12:18:26 PM Server.Domain.CommonClasses.Response <init>
WARNING: username already exists
Apr 14, 2021 12:18:26 PM Server.Domain.CommonClasses.Response <init>
WARNING: The user is not allowed to add products to the store
Apr 14, 2021 12:18:26 PM Server.Domain.CommonClasses.Response <init>
WARNING: username already exists
Apr 14, 2021 12:18:26 PM Server.Domain.CommonClasses.Response <init>
WARNING: username already exists
Apr 14, 2021 12:18:26 PM Server.Domain.CommonClasses.Response <init>
WARNING: user doesn't exist
Apr 14, 2021 12:18:26 PM Server.Domain.CommonClasses.Response <init>
WARNING: username already exists
Apr 14, 2021 12:18:26 PM Server.Domain.CommonClasses.Response <init>
WARNING: username already exists
Apr 14, 2021 12:18:26 PM Server.Domain.CommonClasses.Response <init>
WARNING: The user is not allowed to edit products information in the store
Apr 14, 2021 12:18:27 PM Server.Domain.CommonClasses.Response <init>
WARNING: username already exists
Apr 14, 2021 12:18:27 PM Server.Domain.CommonClasses.Response <init>
WARNING: username already exists
Apr 14, 2021 12:18:27 PM Server.Domain.CommonClasses.Response <init>
WARNING: user doesn't exist
Apr 14, 2021 12:18:27 PM Server.Domain.CommonClasses.Response <init>
WARNING: user not appointed by this appointer
Apr 14, 2021 12:18:27 PM Server.Domain.CommonClasses.Response <init>
WARNING: username already exists
Apr 14, 2021 12:18:27 PM Server.Domain.CommonClasses.Response <init>
WARNING: username already exists
Apr 14, 2021 12:18:27 PM Server.Domain.CommonClasses.Response <init>
WARNING: user doesn't exist
Apr 14, 2021 12:18:27 PM Server.Domain.CommonClasses.Response <init>
WARNING: username already exists
Apr 14, 2021 12:18:27 PM Server.Domain.CommonClasses.Response <init>
WARNING: username already exists
Apr 14, 2021 12:18:27 PM Server.Domain.CommonClasses.Response <init>
WARNING: User isn't allowed to appoint manager
Apr 14, 2021 12:18:27 PM Server.Domain.CommonClasses.Response <init>
WARNING: username already exists
Apr 14, 2021 12:18:27 PM Server.Domain.CommonClasses.Response <init>
WARNING: username already exists
Apr 14, 2021 12:18:27 PM Server.Domain.CommonClasses.Response <init>
WARNING: User not allowed to review product
Apr 14, 2021 12:18:27 PM Server.Domain.CommonClasses.Response <init>
WARNING: username already exists
Apr 14, 2021 12:18:27 PM Server.Domain.CommonClasses.Response <init>
WARNING: username already exists
Apr 14, 2021 12:18:27 PM Server.Domain.CommonClasses.Response <init>
WARNING: Inventory: This product doesn't exists
Apr 14, 2021 12:27:54 PM Server.Domain.CommonClasses.Response <init>
WARNING: username already exists
Apr 14, 2021 12:27:54 PM Server.Domain.CommonClasses.Response <init>
WARNING: username already exists
Apr 14, 2021 12:27:54 PM Server.Domain.CommonClasses.Response <init>
WARNING: username already exists
Apr 14, 2021 12:27:54 PM Server.Domain.CommonClasses.Response <init>
WARNING: username already exists
Apr 14, 2021 12:27:54 PM Server.Domain.CommonClasses.Response <init>
WARNING: The user is not allowed to remove products from the store
Apr 14, 2021 12:27:54 PM Server.Domain.CommonClasses.Response <init>
WARNING: username already exists
Apr 14, 2021 12:27:54 PM Server.Domain.CommonClasses.Response <init>
WARNING: username already exists
Apr 14, 2021 12:27:54 PM Server.Domain.CommonClasses.Response <init>
WARNING: user doesn't exist
Apr 14, 2021 12:27:54 PM Server.Domain.CommonClasses.Response <init>
WARNING: username already exists
Apr 14, 2021 12:27:54 PM Server.Domain.CommonClasses.Response <init>
WARNING: username already exists
Apr 14, 2021 12:27:54 PM Server.Domain.CommonClasses.Response <init>
WARNING: username already exists
Apr 14, 2021 12:27:54 PM Server.Domain.CommonClasses.Response <init>
WARNING: username already exists
Apr 14, 2021 12:27:54 PM Server.Domain.CommonClasses.Response <init>
WARNING: user doesn't exist
Apr 14, 2021 12:27:54 PM Server.Domain.CommonClasses.Response <init>
WARNING: username already exists
Apr 14, 2021 12:27:54 PM Server.Domain.CommonClasses.Response <init>
WARNING: username already exists
Apr 14, 2021 12:27:54 PM Server.Domain.CommonClasses.Response <init>
WARNING: user doesn't exist
Apr 14, 2021 12:27:54 PM Server.Domain.CommonClasses.Response <init>
WARNING: user not appointed by this appointer
Apr 14, 2021 12:27:54 PM Server.Domain.CommonClasses.Response <init>
WARNING: username already exists
Apr 14, 2021 12:27:54 PM Server.Domain.CommonClasses.Response <init>
WARNING: username already exists
Apr 14, 2021 12:27:54 PM Server.Domain.CommonClasses.Response <init>
WARNING: username already exists
Apr 14, 2021 12:27:54 PM Server.Domain.CommonClasses.Response <init>
WARNING: username already exists
Apr 14, 2021 12:27:54 PM Server.Domain.CommonClasses.Response <init>
WARNING: User isn't allowed to appoint owner
Apr 14, 2021 12:27:54 PM Server.Domain.CommonClasses.Response <init>
WARNING: username already exists
Apr 14, 2021 12:27:54 PM Server.Domain.CommonClasses.Response <init>
WARNING: username already exists
Apr 14, 2021 12:27:54 PM Server.Domain.CommonClasses.Response <init>
WARNING: user doesn't exist
Apr 14, 2021 12:27:54 PM Server.Domain.CommonClasses.Response <init>
WARNING: The user is not allowed to add products to the store
Apr 14, 2021 12:27:54 PM Server.Domain.CommonClasses.Response <init>
WARNING: User not allowed to add permissions to this user
Apr 14, 2021 12:27:54 PM Server.Domain.CommonClasses.Response <init>
WARNING: The user is not allowed to add products to the store
Apr 14, 2021 12:27:54 PM Server.Domain.CommonClasses.Response <init>
WARNING: username already exists
Apr 14, 2021 12:27:54 PM Server.Domain.CommonClasses.Response <init>
WARNING: username already exists
Apr 14, 2021 12:27:54 PM Server.Domain.CommonClasses.Response <init>
WARNING: user doesn't exist
Apr 14, 2021 12:27:54 PM Server.Domain.CommonClasses.Response <init>
WARNING: The user is not allowed to add products to the store
Apr 14, 2021 12:27:54 PM Server.Domain.CommonClasses.Response <init>
WARNING: username already exists
Apr 14, 2021 12:27:54 PM Server.Domain.CommonClasses.Response <init>
WARNING: username already exists
Apr 14, 2021 12:27:54 PM Server.Domain.CommonClasses.Response <init>
WARNING: The user is not allowed to add products to the store
Apr 14, 2021 12:27:54 PM Server.Domain.CommonClasses.Response <init>
WARNING: username already exists
Apr 14, 2021 12:27:54 PM Server.Domain.CommonClasses.Response <init>
WARNING: username already exists
Apr 14, 2021 12:27:54 PM Server.Domain.CommonClasses.Response <init>
WARNING: user doesn't exist
Apr 14, 2021 12:27:54 PM Server.Domain.CommonClasses.Response <init>
WARNING: username already exists
Apr 14, 2021 12:27:54 PM Server.Domain.CommonClasses.Response <init>
WARNING: username already exists
Apr 14, 2021 12:27:54 PM Server.Domain.CommonClasses.Response <init>
WARNING: The user is not allowed to edit products information in the store
Apr 14, 2021 12:27:54 PM Server.Domain.CommonClasses.Response <init>
WARNING: username already exists
Apr 14, 2021 12:27:54 PM Server.Domain.CommonClasses.Response <init>
WARNING: username already exists
Apr 14, 2021 12:27:54 PM Server.Domain.CommonClasses.Response <init>
WARNING: user doesn't exist
Apr 14, 2021 12:27:54 PM Server.Domain.CommonClasses.Response <init>
WARNING: user not appointed by this appointer
Apr 14, 2021 12:27:54 PM Server.Domain.CommonClasses.Response <init>
WARNING: username already exists
Apr 14, 2021 12:27:54 PM Server.Domain.CommonClasses.Response <init>
WARNING: username already exists
Apr 14, 2021 12:27:54 PM Server.Domain.CommonClasses.Response <init>
WARNING: user doesn't exist
Apr 14, 2021 12:27:54 PM Server.Domain.CommonClasses.Response <init>
WARNING: username already exists
Apr 14, 2021 12:27:54 PM Server.Domain.CommonClasses.Response <init>
WARNING: username already exists
Apr 14, 2021 12:27:54 PM Server.Domain.CommonClasses.Response <init>
WARNING: User isn't allowed to appoint manager
Apr 14, 2021 12:27:54 PM Server.Domain.CommonClasses.Response <init>
WARNING: username already exists
Apr 14, 2021 12:27:54 PM Server.Domain.CommonClasses.Response <init>
WARNING: username already exists
Apr 14, 2021 12:27:54 PM Server.Domain.CommonClasses.Response <init>
WARNING: User not allowed to review product
Apr 14, 2021 12:27:54 PM Server.Domain.CommonClasses.Response <init>
WARNING: username already exists
Apr 14, 2021 12:27:54 PM Server.Domain.CommonClasses.Response <init>
WARNING: username already exists
Apr 14, 2021 12:27:54 PM Server.Domain.CommonClasses.Response <init>
WARNING: Inventory: This product doesn't exists
Apr 14, 2021 12:28:10 PM Server.Domain.CommonClasses.Response <init>
WARNING: username already exists
Apr 14, 2021 12:28:10 PM Server.Domain.CommonClasses.Response <init>
WARNING: username already exists
Apr 14, 2021 12:28:10 PM Server.Domain.CommonClasses.Response <init>
WARNING: username already exists
Apr 14, 2021 12:28:10 PM Server.Domain.CommonClasses.Response <init>
WARNING: username already exists
Apr 14, 2021 12:28:10 PM Server.Domain.CommonClasses.Response <init>
WARNING: The user is not allowed to remove products from the store
Apr 14, 2021 12:28:10 PM Server.Domain.CommonClasses.Response <init>
WARNING: username already exists
Apr 14, 2021 12:28:10 PM Server.Domain.CommonClasses.Response <init>
WARNING: username already exists
Apr 14, 2021 12:28:10 PM Server.Domain.CommonClasses.Response <init>
WARNING: user doesn't exist
Apr 14, 2021 12:28:10 PM Server.Domain.CommonClasses.Response <init>
WARNING: username already exists
Apr 14, 2021 12:28:10 PM Server.Domain.CommonClasses.Response <init>
WARNING: username already exists
Apr 14, 2021 12:28:10 PM Server.Domain.CommonClasses.Response <init>
WARNING: username already exists
Apr 14, 2021 12:28:10 PM Server.Domain.CommonClasses.Response <init>
WARNING: username already exists
Apr 14, 2021 12:28:10 PM Server.Domain.CommonClasses.Response <init>
WARNING: user doesn't exist
Apr 14, 2021 12:28:10 PM Server.Domain.CommonClasses.Response <init>
WARNING: username already exists
Apr 14, 2021 12:28:10 PM Server.Domain.CommonClasses.Response <init>
WARNING: username already exists
Apr 14, 2021 12:28:10 PM Server.Domain.CommonClasses.Response <init>
WARNING: user doesn't exist
Apr 14, 2021 12:28:10 PM Server.Domain.CommonClasses.Response <init>
WARNING: user not appointed by this appointer
Apr 14, 2021 12:28:10 PM Server.Domain.CommonClasses.Response <init>
WARNING: username already exists
Apr 14, 2021 12:28:10 PM Server.Domain.CommonClasses.Response <init>
WARNING: username already exists
Apr 14, 2021 12:28:10 PM Server.Domain.CommonClasses.Response <init>
WARNING: username already exists
Apr 14, 2021 12:28:10 PM Server.Domain.CommonClasses.Response <init>
WARNING: username already exists
Apr 14, 2021 12:28:10 PM Server.Domain.CommonClasses.Response <init>
WARNING: User isn't allowed to appoint owner
Apr 14, 2021 12:28:10 PM Server.Domain.CommonClasses.Response <init>
WARNING: username already exists
Apr 14, 2021 12:28:10 PM Server.Domain.CommonClasses.Response <init>
WARNING: username already exists
Apr 14, 2021 12:28:10 PM Server.Domain.CommonClasses.Response <init>
WARNING: user doesn't exist
Apr 14, 2021 12:28:10 PM Server.Domain.CommonClasses.Response <init>
WARNING: The user is not allowed to add products to the store
Apr 14, 2021 12:28:10 PM Server.Domain.CommonClasses.Response <init>
WARNING: User not allowed to add permissions to this user
Apr 14, 2021 12:28:10 PM Server.Domain.CommonClasses.Response <init>
WARNING: The user is not allowed to add products to the store
Apr 14, 2021 12:28:10 PM Server.Domain.CommonClasses.Response <init>
WARNING: username already exists
Apr 14, 2021 12:28:10 PM Server.Domain.CommonClasses.Response <init>
WARNING: username already exists
Apr 14, 2021 12:28:10 PM Server.Domain.CommonClasses.Response <init>
WARNING: user doesn't exist
Apr 14, 2021 12:28:10 PM Server.Domain.CommonClasses.Response <init>
WARNING: The user is not allowed to add products to the store
Apr 14, 2021 12:28:10 PM Server.Domain.CommonClasses.Response <init>
WARNING: username already exists
Apr 14, 2021 12:28:10 PM Server.Domain.CommonClasses.Response <init>
WARNING: username already exists
Apr 14, 2021 12:28:10 PM Server.Domain.CommonClasses.Response <init>
WARNING: The user is not allowed to add products to the store
Apr 14, 2021 12:28:10 PM Server.Domain.CommonClasses.Response <init>
WARNING: username already exists
Apr 14, 2021 12:28:10 PM Server.Domain.CommonClasses.Response <init>
WARNING: username already exists
Apr 14, 2021 12:28:10 PM Server.Domain.CommonClasses.Response <init>
WARNING: user doesn't exist
Apr 14, 2021 12:28:10 PM Server.Domain.CommonClasses.Response <init>
WARNING: username already exists
Apr 14, 2021 12:28:10 PM Server.Domain.CommonClasses.Response <init>
WARNING: username already exists
Apr 14, 2021 12:28:10 PM Server.Domain.CommonClasses.Response <init>
WARNING: The user is not allowed to edit products information in the store
Apr 14, 2021 12:28:10 PM Server.Domain.CommonClasses.Response <init>
WARNING: username already exists
Apr 14, 2021 12:28:10 PM Server.Domain.CommonClasses.Response <init>
WARNING: username already exists
Apr 14, 2021 12:28:10 PM Server.Domain.CommonClasses.Response <init>
WARNING: user doesn't exist
Apr 14, 2021 12:28:10 PM Server.Domain.CommonClasses.Response <init>
WARNING: user not appointed by this appointer
Apr 14, 2021 12:28:10 PM Server.Domain.CommonClasses.Response <init>
WARNING: username already exists
Apr 14, 2021 12:28:10 PM Server.Domain.CommonClasses.Response <init>
WARNING: username already exists
Apr 14, 2021 12:28:10 PM Server.Domain.CommonClasses.Response <init>
WARNING: user doesn't exist
Apr 14, 2021 12:28:10 PM Server.Domain.CommonClasses.Response <init>
WARNING: username already exists
Apr 14, 2021 12:28:10 PM Server.Domain.CommonClasses.Response <init>
WARNING: username already exists
Apr 14, 2021 12:28:10 PM Server.Domain.CommonClasses.Response <init>
WARNING: User isn't allowed to appoint manager
Apr 14, 2021 12:28:10 PM Server.Domain.CommonClasses.Response <init>
WARNING: username already exists
Apr 14, 2021 12:28:10 PM Server.Domain.CommonClasses.Response <init>
WARNING: username already exists
Apr 14, 2021 12:28:10 PM Server.Domain.CommonClasses.Response <init>
WARNING: User not allowed to review product
Apr 14, 2021 12:28:10 PM Server.Domain.CommonClasses.Response <init>
WARNING: username already exists
Apr 14, 2021 12:28:10 PM Server.Domain.CommonClasses.Response <init>
WARNING: username already exists
Apr 14, 2021 12:28:10 PM Server.Domain.CommonClasses.Response <init>
WARNING: Payment failed | created external connection
Apr 14, 2021 12:28:10 PM Server.Domain.CommonClasses.Response <init>
WARNING: Payment failed | created external connection
Apr 14, 2021 12:28:23 PM Server.Domain.CommonClasses.Response <init>
WARNING: username already exists
Apr 14, 2021 12:28:23 PM Server.Domain.CommonClasses.Response <init>
WARNING: username already exists
Apr 14, 2021 12:28:23 PM Server.Domain.CommonClasses.Response <init>
WARNING: username already exists
Apr 14, 2021 12:28:23 PM Server.Domain.CommonClasses.Response <init>
WARNING: username already exists
Apr 14, 2021 12:28:23 PM Server.Domain.CommonClasses.Response <init>
WARNING: The user is not allowed to remove products from the store
Apr 14, 2021 12:28:23 PM Server.Domain.CommonClasses.Response <init>
WARNING: username already exists
Apr 14, 2021 12:28:23 PM Server.Domain.CommonClasses.Response <init>
WARNING: username already exists
Apr 14, 2021 12:28:23 PM Server.Domain.CommonClasses.Response <init>
WARNING: user doesn't exist
Apr 14, 2021 12:28:23 PM Server.Domain.CommonClasses.Response <init>
WARNING: username already exists
Apr 14, 2021 12:28:23 PM Server.Domain.CommonClasses.Response <init>
WARNING: username already exists
Apr 14, 2021 12:28:23 PM Server.Domain.CommonClasses.Response <init>
WARNING: username already exists
Apr 14, 2021 12:28:23 PM Server.Domain.CommonClasses.Response <init>
WARNING: username already exists
Apr 14, 2021 12:28:23 PM Server.Domain.CommonClasses.Response <init>
WARNING: user doesn't exist
Apr 14, 2021 12:28:23 PM Server.Domain.CommonClasses.Response <init>
WARNING: username already exists
Apr 14, 2021 12:28:23 PM Server.Domain.CommonClasses.Response <init>
WARNING: username already exists
Apr 14, 2021 12:28:23 PM Server.Domain.CommonClasses.Response <init>
WARNING: user doesn't exist
Apr 14, 2021 12:28:23 PM Server.Domain.CommonClasses.Response <init>
WARNING: user not appointed by this appointer
Apr 14, 2021 12:28:23 PM Server.Domain.CommonClasses.Response <init>
WARNING: username already exists
Apr 14, 2021 12:28:23 PM Server.Domain.CommonClasses.Response <init>
WARNING: username already exists
Apr 14, 2021 12:28:23 PM Server.Domain.CommonClasses.Response <init>
WARNING: username already exists
Apr 14, 2021 12:28:23 PM Server.Domain.CommonClasses.Response <init>
WARNING: username already exists
Apr 14, 2021 12:28:23 PM Server.Domain.CommonClasses.Response <init>
WARNING: User isn't allowed to appoint owner
Apr 14, 2021 12:28:23 PM Server.Domain.CommonClasses.Response <init>
WARNING: username already exists
Apr 14, 2021 12:28:23 PM Server.Domain.CommonClasses.Response <init>
WARNING: username already exists
Apr 14, 2021 12:28:23 PM Server.Domain.CommonClasses.Response <init>
WARNING: user doesn't exist
Apr 14, 2021 12:28:23 PM Server.Domain.CommonClasses.Response <init>
WARNING: The user is not allowed to add products to the store
Apr 14, 2021 12:28:23 PM Server.Domain.CommonClasses.Response <init>
WARNING: User not allowed to add permissions to this user
Apr 14, 2021 12:28:23 PM Server.Domain.CommonClasses.Response <init>
WARNING: The user is not allowed to add products to the store
Apr 14, 2021 12:28:23 PM Server.Domain.CommonClasses.Response <init>
WARNING: username already exists
Apr 14, 2021 12:28:23 PM Server.Domain.CommonClasses.Response <init>
WARNING: username already exists
Apr 14, 2021 12:28:23 PM Server.Domain.CommonClasses.Response <init>
WARNING: user doesn't exist
Apr 14, 2021 12:28:23 PM Server.Domain.CommonClasses.Response <init>
WARNING: The user is not allowed to add products to the store
Apr 14, 2021 12:28:23 PM Server.Domain.CommonClasses.Response <init>
WARNING: username already exists
Apr 14, 2021 12:28:23 PM Server.Domain.CommonClasses.Response <init>
WARNING: username already exists
Apr 14, 2021 12:28:23 PM Server.Domain.CommonClasses.Response <init>
WARNING: The user is not allowed to add products to the store
Apr 14, 2021 12:28:23 PM Server.Domain.CommonClasses.Response <init>
WARNING: username already exists
Apr 14, 2021 12:28:23 PM Server.Domain.CommonClasses.Response <init>
WARNING: username already exists
Apr 14, 2021 12:28:23 PM Server.Domain.CommonClasses.Response <init>
WARNING: user doesn't exist
Apr 14, 2021 12:28:23 PM Server.Domain.CommonClasses.Response <init>
WARNING: username already exists
Apr 14, 2021 12:28:23 PM Server.Domain.CommonClasses.Response <init>
WARNING: username already exists
Apr 14, 2021 12:28:23 PM Server.Domain.CommonClasses.Response <init>
WARNING: The user is not allowed to edit products information in the store
Apr 14, 2021 12:28:23 PM Server.Domain.CommonClasses.Response <init>
WARNING: username already exists
Apr 14, 2021 12:28:23 PM Server.Domain.CommonClasses.Response <init>
WARNING: username already exists
Apr 14, 2021 12:28:23 PM Server.Domain.CommonClasses.Response <init>
WARNING: user doesn't exist
Apr 14, 2021 12:28:23 PM Server.Domain.CommonClasses.Response <init>
WARNING: user not appointed by this appointer
Apr 14, 2021 12:28:23 PM Server.Domain.CommonClasses.Response <init>
WARNING: username already exists
Apr 14, 2021 12:28:23 PM Server.Domain.CommonClasses.Response <init>
WARNING: username already exists
Apr 14, 2021 12:28:23 PM Server.Domain.CommonClasses.Response <init>
WARNING: user doesn't exist
Apr 14, 2021 12:28:23 PM Server.Domain.CommonClasses.Response <init>
WARNING: username already exists
Apr 14, 2021 12:28:23 PM Server.Domain.CommonClasses.Response <init>
WARNING: username already exists
Apr 14, 2021 12:28:23 PM Server.Domain.CommonClasses.Response <init>
WARNING: User isn't allowed to appoint manager
Apr 14, 2021 12:28:23 PM Server.Domain.CommonClasses.Response <init>
WARNING: username already exists
Apr 14, 2021 12:28:23 PM Server.Domain.CommonClasses.Response <init>
WARNING: username already exists
Apr 14, 2021 12:28:23 PM Server.Domain.CommonClasses.Response <init>
WARNING: User not allowed to review product
Apr 14, 2021 12:28:23 PM Server.Domain.CommonClasses.Response <init>
WARNING: username already exists
Apr 14, 2021 12:28:23 PM Server.Domain.CommonClasses.Response <init>
WARNING: username already exists
Apr 14, 2021 12:28:23 PM Server.Domain.CommonClasses.Response <init>
WARNING: Inventory: This product doesn't exists
Apr 14, 2021 12:41:30 PM Server.Domain.CommonClasses.Response <init>
WARNING: username already exists
Apr 14, 2021 12:41:30 PM Server.Domain.CommonClasses.Response <init>
WARNING: username already exists
Apr 14, 2021 12:41:30 PM Server.Domain.CommonClasses.Response <init>
WARNING: username already exists
Apr 14, 2021 12:41:30 PM Server.Domain.CommonClasses.Response <init>
WARNING: username already exists
Apr 14, 2021 12:41:30 PM Server.Domain.CommonClasses.Response <init>
WARNING: The user is not allowed to remove products from the store
Apr 14, 2021 12:41:30 PM Server.Domain.CommonClasses.Response <init>
WARNING: username already exists
Apr 14, 2021 12:41:30 PM Server.Domain.CommonClasses.Response <init>
WARNING: username already exists
Apr 14, 2021 12:41:30 PM Server.Domain.CommonClasses.Response <init>
WARNING: user doesn't exist
Apr 14, 2021 12:41:30 PM Server.Domain.CommonClasses.Response <init>
WARNING: username already exists
Apr 14, 2021 12:41:30 PM Server.Domain.CommonClasses.Response <init>
WARNING: username already exists
Apr 14, 2021 12:41:30 PM Server.Domain.CommonClasses.Response <init>
WARNING: username already exists
Apr 14, 2021 12:41:30 PM Server.Domain.CommonClasses.Response <init>
WARNING: username already exists
Apr 14, 2021 12:41:30 PM Server.Domain.CommonClasses.Response <init>
WARNING: user doesn't exist
Apr 14, 2021 12:41:30 PM Server.Domain.CommonClasses.Response <init>
WARNING: username already exists
Apr 14, 2021 12:41:30 PM Server.Domain.CommonClasses.Response <init>
WARNING: username already exists
Apr 14, 2021 12:41:30 PM Server.Domain.CommonClasses.Response <init>
WARNING: user doesn't exist
Apr 14, 2021 12:41:30 PM Server.Domain.CommonClasses.Response <init>
WARNING: user not appointed by this appointer
Apr 14, 2021 12:41:30 PM Server.Domain.CommonClasses.Response <init>
WARNING: username already exists
Apr 14, 2021 12:41:30 PM Server.Domain.CommonClasses.Response <init>
WARNING: username already exists
Apr 14, 2021 12:41:30 PM Server.Domain.CommonClasses.Response <init>
WARNING: username already exists
Apr 14, 2021 12:41:30 PM Server.Domain.CommonClasses.Response <init>
WARNING: username already exists
Apr 14, 2021 12:41:30 PM Server.Domain.CommonClasses.Response <init>
WARNING: User isn't allowed to appoint owner
Apr 14, 2021 12:41:30 PM Server.Domain.CommonClasses.Response <init>
WARNING: username already exists
Apr 14, 2021 12:41:30 PM Server.Domain.CommonClasses.Response <init>
WARNING: username already exists
Apr 14, 2021 12:41:30 PM Server.Domain.CommonClasses.Response <init>
WARNING: user doesn't exist
Apr 14, 2021 12:41:30 PM Server.Domain.CommonClasses.Response <init>
WARNING: The user is not allowed to add products to the store
Apr 14, 2021 12:41:30 PM Server.Domain.CommonClasses.Response <init>
WARNING: User not allowed to add permissions to this user
Apr 14, 2021 12:41:30 PM Server.Domain.CommonClasses.Response <init>
WARNING: The user is not allowed to add products to the store
Apr 14, 2021 12:41:30 PM Server.Domain.CommonClasses.Response <init>
WARNING: username already exists
Apr 14, 2021 12:41:30 PM Server.Domain.CommonClasses.Response <init>
WARNING: username already exists
Apr 14, 2021 12:41:30 PM Server.Domain.CommonClasses.Response <init>
WARNING: user doesn't exist
Apr 14, 2021 12:41:30 PM Server.Domain.CommonClasses.Response <init>
WARNING: The user is not allowed to add products to the store
Apr 14, 2021 12:41:30 PM Server.Domain.CommonClasses.Response <init>
WARNING: username already exists
Apr 14, 2021 12:41:30 PM Server.Domain.CommonClasses.Response <init>
WARNING: username already exists
Apr 14, 2021 12:41:30 PM Server.Domain.CommonClasses.Response <init>
WARNING: The user is not allowed to add products to the store
Apr 14, 2021 12:41:30 PM Server.Domain.CommonClasses.Response <init>
WARNING: username already exists
Apr 14, 2021 12:41:30 PM Server.Domain.CommonClasses.Response <init>
WARNING: username already exists
Apr 14, 2021 12:41:30 PM Server.Domain.CommonClasses.Response <init>
WARNING: user doesn't exist
Apr 14, 2021 12:41:30 PM Server.Domain.CommonClasses.Response <init>
WARNING: username already exists
Apr 14, 2021 12:41:30 PM Server.Domain.CommonClasses.Response <init>
WARNING: username already exists
Apr 14, 2021 12:41:30 PM Server.Domain.CommonClasses.Response <init>
WARNING: The user is not allowed to edit products information in the store
Apr 14, 2021 12:41:30 PM Server.Domain.CommonClasses.Response <init>
WARNING: username already exists
Apr 14, 2021 12:41:30 PM Server.Domain.CommonClasses.Response <init>
WARNING: username already exists
Apr 14, 2021 12:41:30 PM Server.Domain.CommonClasses.Response <init>
WARNING: user doesn't exist
Apr 14, 2021 12:41:30 PM Server.Domain.CommonClasses.Response <init>
WARNING: user not appointed by this appointer
Apr 14, 2021 12:41:30 PM Server.Domain.CommonClasses.Response <init>
WARNING: username already exists
Apr 14, 2021 12:41:30 PM Server.Domain.CommonClasses.Response <init>
WARNING: username already exists
Apr 14, 2021 12:41:30 PM Server.Domain.CommonClasses.Response <init>
WARNING: user doesn't exist
Apr 14, 2021 12:41:30 PM Server.Domain.CommonClasses.Response <init>
WARNING: username already exists
Apr 14, 2021 12:41:30 PM Server.Domain.CommonClasses.Response <init>
WARNING: username already exists
Apr 14, 2021 12:41:30 PM Server.Domain.CommonClasses.Response <init>
WARNING: User isn't allowed to appoint manager
Apr 14, 2021 12:41:30 PM Server.Domain.CommonClasses.Response <init>
WARNING: username already exists
Apr 14, 2021 12:41:30 PM Server.Domain.CommonClasses.Response <init>
WARNING: username already exists
Apr 14, 2021 12:41:30 PM Server.Domain.CommonClasses.Response <init>
WARNING: User not allowed to review product
Apr 14, 2021 12:41:30 PM Server.Domain.CommonClasses.Response <init>
WARNING: username already exists
Apr 14, 2021 12:41:30 PM Server.Domain.CommonClasses.Response <init>
WARNING: username already exists
Apr 14, 2021 12:41:30 PM Server.Domain.CommonClasses.Response <init>
WARNING: Inventory: This product doesn't exists
Apr 14, 2021 1:07:58 PM Server.Domain.CommonClasses.Response <init>
WARNING: username already exists
Apr 14, 2021 1:07:58 PM Server.Domain.CommonClasses.Response <init>
WARNING: username already exists
Apr 14, 2021 1:07:58 PM Server.Domain.CommonClasses.Response <init>
WARNING: username already exists
Apr 14, 2021 1:07:58 PM Server.Domain.CommonClasses.Response <init>
WARNING: username already exists
Apr 14, 2021 1:07:58 PM Server.Domain.CommonClasses.Response <init>
WARNING: The user is not allowed to remove products from the store
Apr 14, 2021 1:07:58 PM Server.Domain.CommonClasses.Response <init>
WARNING: username already exists
Apr 14, 2021 1:07:58 PM Server.Domain.CommonClasses.Response <init>
WARNING: username already exists
Apr 14, 2021 1:07:58 PM Server.Domain.CommonClasses.Response <init>
WARNING: user doesn't exist
Apr 14, 2021 1:07:58 PM Server.Domain.CommonClasses.Response <init>
WARNING: username already exists
Apr 14, 2021 1:07:58 PM Server.Domain.CommonClasses.Response <init>
WARNING: username already exists
Apr 14, 2021 1:07:58 PM Server.Domain.CommonClasses.Response <init>
WARNING: username already exists
Apr 14, 2021 1:07:58 PM Server.Domain.CommonClasses.Response <init>
WARNING: username already exists
Apr 14, 2021 1:07:58 PM Server.Domain.CommonClasses.Response <init>
WARNING: user doesn't exist
Apr 14, 2021 1:07:58 PM Server.Domain.CommonClasses.Response <init>
WARNING: username already exists
Apr 14, 2021 1:07:58 PM Server.Domain.CommonClasses.Response <init>
WARNING: username already exists
Apr 14, 2021 1:07:58 PM Server.Domain.CommonClasses.Response <init>
WARNING: user doesn't exist
Apr 14, 2021 1:07:58 PM Server.Domain.CommonClasses.Response <init>
WARNING: user not appointed by this appointer
Apr 14, 2021 1:07:58 PM Server.Domain.CommonClasses.Response <init>
WARNING: username already exists
Apr 14, 2021 1:07:58 PM Server.Domain.CommonClasses.Response <init>
WARNING: username already exists
Apr 14, 2021 1:07:58 PM Server.Domain.CommonClasses.Response <init>
WARNING: username already exists
Apr 14, 2021 1:07:58 PM Server.Domain.CommonClasses.Response <init>
WARNING: username already exists
Apr 14, 2021 1:07:58 PM Server.Domain.CommonClasses.Response <init>
WARNING: User isn't allowed to appoint owner
Apr 14, 2021 1:07:58 PM Server.Domain.CommonClasses.Response <init>
WARNING: username already exists
Apr 14, 2021 1:07:58 PM Server.Domain.CommonClasses.Response <init>
WARNING: username already exists
Apr 14, 2021 1:07:58 PM Server.Domain.CommonClasses.Response <init>
WARNING: user doesn't exist
Apr 14, 2021 1:07:58 PM Server.Domain.CommonClasses.Response <init>
WARNING: The user is not allowed to add products to the store
Apr 14, 2021 1:07:58 PM Server.Domain.CommonClasses.Response <init>
WARNING: User not allowed to add permissions to this user
Apr 14, 2021 1:07:58 PM Server.Domain.CommonClasses.Response <init>
WARNING: The user is not allowed to add products to the store
Apr 14, 2021 1:07:58 PM Server.Domain.CommonClasses.Response <init>
WARNING: username already exists
Apr 14, 2021 1:07:58 PM Server.Domain.CommonClasses.Response <init>
WARNING: username already exists
Apr 14, 2021 1:07:58 PM Server.Domain.CommonClasses.Response <init>
WARNING: user doesn't exist
Apr 14, 2021 1:07:58 PM Server.Domain.CommonClasses.Response <init>
WARNING: The user is not allowed to add products to the store
Apr 14, 2021 1:07:58 PM Server.Domain.CommonClasses.Response <init>
WARNING: username already exists
Apr 14, 2021 1:07:58 PM Server.Domain.CommonClasses.Response <init>
WARNING: username already exists
Apr 14, 2021 1:07:58 PM Server.Domain.CommonClasses.Response <init>
WARNING: The user is not allowed to add products to the store
Apr 14, 2021 1:07:58 PM Server.Domain.CommonClasses.Response <init>
WARNING: username already exists
Apr 14, 2021 1:07:58 PM Server.Domain.CommonClasses.Response <init>
WARNING: username already exists
Apr 14, 2021 1:07:58 PM Server.Domain.CommonClasses.Response <init>
WARNING: user doesn't exist
Apr 14, 2021 1:07:58 PM Server.Domain.CommonClasses.Response <init>
WARNING: username already exists
Apr 14, 2021 1:07:58 PM Server.Domain.CommonClasses.Response <init>
WARNING: username already exists
Apr 14, 2021 1:07:58 PM Server.Domain.CommonClasses.Response <init>
WARNING: The user is not allowed to edit products information in the store
Apr 14, 2021 1:07:58 PM Server.Domain.CommonClasses.Response <init>
WARNING: username already exists
Apr 14, 2021 1:07:58 PM Server.Domain.CommonClasses.Response <init>
WARNING: username already exists
Apr 14, 2021 1:07:58 PM Server.Domain.CommonClasses.Response <init>
WARNING: user doesn't exist
Apr 14, 2021 1:07:58 PM Server.Domain.CommonClasses.Response <init>
WARNING: user not appointed by this appointer
Apr 14, 2021 1:07:58 PM Server.Domain.CommonClasses.Response <init>
WARNING: username already exists
Apr 14, 2021 1:07:58 PM Server.Domain.CommonClasses.Response <init>
WARNING: username already exists
Apr 14, 2021 1:07:58 PM Server.Domain.CommonClasses.Response <init>
WARNING: user doesn't exist
Apr 14, 2021 1:07:58 PM Server.Domain.CommonClasses.Response <init>
WARNING: username already exists
Apr 14, 2021 1:07:58 PM Server.Domain.CommonClasses.Response <init>
WARNING: username already exists
Apr 14, 2021 1:07:58 PM Server.Domain.CommonClasses.Response <init>
WARNING: User isn't allowed to appoint manager
Apr 14, 2021 1:07:58 PM Server.Domain.CommonClasses.Response <init>
WARNING: username already exists
Apr 14, 2021 1:07:58 PM Server.Domain.CommonClasses.Response <init>
WARNING: username already exists
Apr 14, 2021 1:07:58 PM Server.Domain.CommonClasses.Response <init>
WARNING: User not allowed to review product
Apr 14, 2021 1:07:58 PM Server.Domain.CommonClasses.Response <init>
WARNING: username already exists
Apr 14, 2021 1:07:58 PM Server.Domain.CommonClasses.Response <init>
WARNING: username already exists
Apr 14, 2021 1:07:58 PM Server.Domain.CommonClasses.Response <init>
WARNING: Inventory: This product doesn't exists in the specified store
Apr 14, 2021 1:08:23 PM Server.Domain.CommonClasses.Response <init>
WARNING: username already exists
Apr 14, 2021 1:08:23 PM Server.Domain.CommonClasses.Response <init>
WARNING: username already exists
Apr 14, 2021 1:08:23 PM Server.Domain.CommonClasses.Response <init>
WARNING: username already exists
Apr 14, 2021 1:08:23 PM Server.Domain.CommonClasses.Response <init>
WARNING: username already exists
Apr 14, 2021 1:08:23 PM Server.Domain.CommonClasses.Response <init>
WARNING: The user is not allowed to remove products from the store
Apr 14, 2021 1:08:23 PM Server.Domain.CommonClasses.Response <init>
WARNING: username already exists
Apr 14, 2021 1:08:23 PM Server.Domain.CommonClasses.Response <init>
WARNING: username already exists
Apr 14, 2021 1:08:23 PM Server.Domain.CommonClasses.Response <init>
WARNING: user doesn't exist
Apr 14, 2021 1:08:23 PM Server.Domain.CommonClasses.Response <init>
WARNING: username already exists
Apr 14, 2021 1:08:23 PM Server.Domain.CommonClasses.Response <init>
WARNING: username already exists
Apr 14, 2021 1:08:23 PM Server.Domain.CommonClasses.Response <init>
WARNING: username already exists
Apr 14, 2021 1:08:23 PM Server.Domain.CommonClasses.Response <init>
WARNING: username already exists
Apr 14, 2021 1:08:23 PM Server.Domain.CommonClasses.Response <init>
WARNING: user doesn't exist
Apr 14, 2021 1:08:23 PM Server.Domain.CommonClasses.Response <init>
WARNING: username already exists
Apr 14, 2021 1:08:23 PM Server.Domain.CommonClasses.Response <init>
WARNING: username already exists
Apr 14, 2021 1:08:23 PM Server.Domain.CommonClasses.Response <init>
WARNING: user doesn't exist
Apr 14, 2021 1:08:23 PM Server.Domain.CommonClasses.Response <init>
WARNING: user not appointed by this appointer
Apr 14, 2021 1:08:23 PM Server.Domain.CommonClasses.Response <init>
WARNING: username already exists
Apr 14, 2021 1:08:23 PM Server.Domain.CommonClasses.Response <init>
WARNING: username already exists
Apr 14, 2021 1:08:23 PM Server.Domain.CommonClasses.Response <init>
WARNING: username already exists
Apr 14, 2021 1:08:23 PM Server.Domain.CommonClasses.Response <init>
WARNING: username already exists
Apr 14, 2021 1:08:23 PM Server.Domain.CommonClasses.Response <init>
WARNING: User isn't allowed to appoint owner
Apr 14, 2021 1:08:23 PM Server.Domain.CommonClasses.Response <init>
WARNING: username already exists
Apr 14, 2021 1:08:23 PM Server.Domain.CommonClasses.Response <init>
WARNING: username already exists
Apr 14, 2021 1:08:23 PM Server.Domain.CommonClasses.Response <init>
WARNING: user doesn't exist
Apr 14, 2021 1:08:23 PM Server.Domain.CommonClasses.Response <init>
WARNING: The user is not allowed to add products to the store
Apr 14, 2021 1:08:23 PM Server.Domain.CommonClasses.Response <init>
WARNING: User not allowed to add permissions to this user
Apr 14, 2021 1:08:23 PM Server.Domain.CommonClasses.Response <init>
WARNING: The user is not allowed to add products to the store
Apr 14, 2021 1:08:23 PM Server.Domain.CommonClasses.Response <init>
WARNING: username already exists
Apr 14, 2021 1:08:23 PM Server.Domain.CommonClasses.Response <init>
WARNING: username already exists
Apr 14, 2021 1:08:23 PM Server.Domain.CommonClasses.Response <init>
WARNING: user doesn't exist
Apr 14, 2021 1:08:23 PM Server.Domain.CommonClasses.Response <init>
WARNING: The user is not allowed to add products to the store
Apr 14, 2021 1:08:23 PM Server.Domain.CommonClasses.Response <init>
WARNING: username already exists
Apr 14, 2021 1:08:23 PM Server.Domain.CommonClasses.Response <init>
WARNING: username already exists
Apr 14, 2021 1:08:23 PM Server.Domain.CommonClasses.Response <init>
WARNING: The user is not allowed to add products to the store
Apr 14, 2021 1:08:23 PM Server.Domain.CommonClasses.Response <init>
WARNING: username already exists
Apr 14, 2021 1:08:23 PM Server.Domain.CommonClasses.Response <init>
WARNING: username already exists
Apr 14, 2021 1:08:23 PM Server.Domain.CommonClasses.Response <init>
WARNING: user doesn't exist
Apr 14, 2021 1:08:23 PM Server.Domain.CommonClasses.Response <init>
WARNING: username already exists
Apr 14, 2021 1:08:23 PM Server.Domain.CommonClasses.Response <init>
WARNING: username already exists
Apr 14, 2021 1:08:23 PM Server.Domain.CommonClasses.Response <init>
WARNING: The user is not allowed to edit products information in the store
Apr 14, 2021 1:08:23 PM Server.Domain.CommonClasses.Response <init>
WARNING: username already exists
Apr 14, 2021 1:08:23 PM Server.Domain.CommonClasses.Response <init>
WARNING: username already exists
Apr 14, 2021 1:08:23 PM Server.Domain.CommonClasses.Response <init>
WARNING: user doesn't exist
Apr 14, 2021 1:08:23 PM Server.Domain.CommonClasses.Response <init>
WARNING: user not appointed by this appointer
Apr 14, 2021 1:08:23 PM Server.Domain.CommonClasses.Response <init>
WARNING: username already exists
Apr 14, 2021 1:08:23 PM Server.Domain.CommonClasses.Response <init>
WARNING: username already exists
Apr 14, 2021 1:08:23 PM Server.Domain.CommonClasses.Response <init>
WARNING: user doesn't exist
Apr 14, 2021 1:08:23 PM Server.Domain.CommonClasses.Response <init>
WARNING: username already exists
Apr 14, 2021 1:08:23 PM Server.Domain.CommonClasses.Response <init>
WARNING: username already exists
Apr 14, 2021 1:08:23 PM Server.Domain.CommonClasses.Response <init>
WARNING: User isn't allowed to appoint manager
Apr 14, 2021 1:08:23 PM Server.Domain.CommonClasses.Response <init>
WARNING: username already exists
Apr 14, 2021 1:08:23 PM Server.Domain.CommonClasses.Response <init>
WARNING: username already exists
Apr 14, 2021 1:08:23 PM Server.Domain.CommonClasses.Response <init>
WARNING: User not allowed to review product
Apr 14, 2021 1:08:23 PM Server.Domain.CommonClasses.Response <init>
WARNING: username already exists
Apr 14, 2021 1:08:23 PM Server.Domain.CommonClasses.Response <init>
WARNING: username already exists
Apr 14, 2021 1:08:23 PM Server.Domain.CommonClasses.Response <init>
WARNING: Inventory: This product doesn't exists
Apr 14, 2021 1:08:39 PM Server.Domain.CommonClasses.Response <init>
WARNING: username already exists
Apr 14, 2021 1:08:39 PM Server.Domain.CommonClasses.Response <init>
WARNING: username already exists
Apr 14, 2021 1:08:39 PM Server.Domain.CommonClasses.Response <init>
WARNING: username already exists
Apr 14, 2021 1:08:39 PM Server.Domain.CommonClasses.Response <init>
WARNING: username already exists
Apr 14, 2021 1:08:39 PM Server.Domain.CommonClasses.Response <init>
WARNING: The user is not allowed to remove products from the store
Apr 14, 2021 1:08:39 PM Server.Domain.CommonClasses.Response <init>
WARNING: username already exists
Apr 14, 2021 1:08:39 PM Server.Domain.CommonClasses.Response <init>
WARNING: username already exists
Apr 14, 2021 1:08:39 PM Server.Domain.CommonClasses.Response <init>
WARNING: user doesn't exist
Apr 14, 2021 1:08:39 PM Server.Domain.CommonClasses.Response <init>
WARNING: username already exists
Apr 14, 2021 1:08:39 PM Server.Domain.CommonClasses.Response <init>
WARNING: username already exists
Apr 14, 2021 1:08:39 PM Server.Domain.CommonClasses.Response <init>
WARNING: username already exists
Apr 14, 2021 1:08:39 PM Server.Domain.CommonClasses.Response <init>
WARNING: username already exists
Apr 14, 2021 1:08:39 PM Server.Domain.CommonClasses.Response <init>
WARNING: user doesn't exist
Apr 14, 2021 1:08:39 PM Server.Domain.CommonClasses.Response <init>
WARNING: username already exists
Apr 14, 2021 1:08:39 PM Server.Domain.CommonClasses.Response <init>
WARNING: username already exists
Apr 14, 2021 1:08:39 PM Server.Domain.CommonClasses.Response <init>
WARNING: user doesn't exist
Apr 14, 2021 1:08:39 PM Server.Domain.CommonClasses.Response <init>
WARNING: user not appointed by this appointer
Apr 14, 2021 1:08:39 PM Server.Domain.CommonClasses.Response <init>
WARNING: username already exists
Apr 14, 2021 1:08:39 PM Server.Domain.CommonClasses.Response <init>
WARNING: username already exists
Apr 14, 2021 1:08:39 PM Server.Domain.CommonClasses.Response <init>
WARNING: username already exists
Apr 14, 2021 1:08:39 PM Server.Domain.CommonClasses.Response <init>
WARNING: username already exists
Apr 14, 2021 1:08:39 PM Server.Domain.CommonClasses.Response <init>
WARNING: User isn't allowed to appoint owner
Apr 14, 2021 1:08:39 PM Server.Domain.CommonClasses.Response <init>
WARNING: username already exists
Apr 14, 2021 1:08:39 PM Server.Domain.CommonClasses.Response <init>
WARNING: username already exists
Apr 14, 2021 1:08:39 PM Server.Domain.CommonClasses.Response <init>
WARNING: user doesn't exist
Apr 14, 2021 1:08:39 PM Server.Domain.CommonClasses.Response <init>
WARNING: The user is not allowed to add products to the store
Apr 14, 2021 1:08:39 PM Server.Domain.CommonClasses.Response <init>
WARNING: User not allowed to add permissions to this user
Apr 14, 2021 1:08:39 PM Server.Domain.CommonClasses.Response <init>
WARNING: The user is not allowed to add products to the store
Apr 14, 2021 1:08:39 PM Server.Domain.CommonClasses.Response <init>
WARNING: username already exists
Apr 14, 2021 1:08:39 PM Server.Domain.CommonClasses.Response <init>
WARNING: username already exists
Apr 14, 2021 1:08:39 PM Server.Domain.CommonClasses.Response <init>
WARNING: user doesn't exist
Apr 14, 2021 1:08:39 PM Server.Domain.CommonClasses.Response <init>
WARNING: The user is not allowed to add products to the store
Apr 14, 2021 1:08:39 PM Server.Domain.CommonClasses.Response <init>
WARNING: username already exists
Apr 14, 2021 1:08:39 PM Server.Domain.CommonClasses.Response <init>
WARNING: username already exists
Apr 14, 2021 1:08:39 PM Server.Domain.CommonClasses.Response <init>
WARNING: The user is not allowed to add products to the store
Apr 14, 2021 1:08:39 PM Server.Domain.CommonClasses.Response <init>
WARNING: username already exists
Apr 14, 2021 1:08:39 PM Server.Domain.CommonClasses.Response <init>
WARNING: username already exists
Apr 14, 2021 1:08:39 PM Server.Domain.CommonClasses.Response <init>
WARNING: user doesn't exist
Apr 14, 2021 1:08:39 PM Server.Domain.CommonClasses.Response <init>
WARNING: username already exists
Apr 14, 2021 1:08:39 PM Server.Domain.CommonClasses.Response <init>
WARNING: username already exists
Apr 14, 2021 1:08:39 PM Server.Domain.CommonClasses.Response <init>
WARNING: The user is not allowed to edit products information in the store
Apr 14, 2021 1:08:39 PM Server.Domain.CommonClasses.Response <init>
WARNING: username already exists
Apr 14, 2021 1:08:39 PM Server.Domain.CommonClasses.Response <init>
WARNING: username already exists
Apr 14, 2021 1:08:39 PM Server.Domain.CommonClasses.Response <init>
WARNING: user doesn't exist
Apr 14, 2021 1:08:39 PM Server.Domain.CommonClasses.Response <init>
WARNING: user not appointed by this appointer
Apr 14, 2021 1:08:39 PM Server.Domain.CommonClasses.Response <init>
WARNING: username already exists
Apr 14, 2021 1:08:39 PM Server.Domain.CommonClasses.Response <init>
WARNING: username already exists
Apr 14, 2021 1:08:39 PM Server.Domain.CommonClasses.Response <init>
WARNING: user doesn't exist
Apr 14, 2021 1:08:39 PM Server.Domain.CommonClasses.Response <init>
WARNING: username already exists
Apr 14, 2021 1:08:39 PM Server.Domain.CommonClasses.Response <init>
WARNING: username already exists
Apr 14, 2021 1:08:39 PM Server.Domain.CommonClasses.Response <init>
WARNING: User isn't allowed to appoint manager
Apr 14, 2021 1:08:39 PM Server.Domain.CommonClasses.Response <init>
WARNING: username already exists
Apr 14, 2021 1:08:39 PM Server.Domain.CommonClasses.Response <init>
WARNING: username already exists
Apr 14, 2021 1:08:39 PM Server.Domain.CommonClasses.Response <init>
WARNING: User not allowed to review product
Apr 14, 2021 1:08:39 PM Server.Domain.CommonClasses.Response <init>
WARNING: username already exists
Apr 14, 2021 1:08:39 PM Server.Domain.CommonClasses.Response <init>
WARNING: username already exists
Apr 14, 2021 1:08:51 PM Server.Domain.CommonClasses.Response <init>
WARNING: username already exists
Apr 14, 2021 1:08:51 PM Server.Domain.CommonClasses.Response <init>
WARNING: username already exists
Apr 14, 2021 1:08:51 PM Server.Domain.CommonClasses.Response <init>
WARNING: username already exists
Apr 14, 2021 1:08:51 PM Server.Domain.CommonClasses.Response <init>
WARNING: username already exists
Apr 14, 2021 1:08:51 PM Server.Domain.CommonClasses.Response <init>
WARNING: The user is not allowed to remove products from the store
Apr 14, 2021 1:08:51 PM Server.Domain.CommonClasses.Response <init>
WARNING: username already exists
Apr 14, 2021 1:08:51 PM Server.Domain.CommonClasses.Response <init>
WARNING: username already exists
Apr 14, 2021 1:08:51 PM Server.Domain.CommonClasses.Response <init>
WARNING: user doesn't exist
Apr 14, 2021 1:08:51 PM Server.Domain.CommonClasses.Response <init>
WARNING: username already exists
Apr 14, 2021 1:08:51 PM Server.Domain.CommonClasses.Response <init>
WARNING: username already exists
Apr 14, 2021 1:08:51 PM Server.Domain.CommonClasses.Response <init>
WARNING: username already exists
Apr 14, 2021 1:08:51 PM Server.Domain.CommonClasses.Response <init>
WARNING: username already exists
Apr 14, 2021 1:08:51 PM Server.Domain.CommonClasses.Response <init>
WARNING: user doesn't exist
Apr 14, 2021 1:08:51 PM Server.Domain.CommonClasses.Response <init>
WARNING: username already exists
Apr 14, 2021 1:08:51 PM Server.Domain.CommonClasses.Response <init>
WARNING: username already exists
Apr 14, 2021 1:08:51 PM Server.Domain.CommonClasses.Response <init>
WARNING: user doesn't exist
Apr 14, 2021 1:08:51 PM Server.Domain.CommonClasses.Response <init>
WARNING: user not appointed by this appointer
Apr 14, 2021 1:08:51 PM Server.Domain.CommonClasses.Response <init>
WARNING: username already exists
Apr 14, 2021 1:08:51 PM Server.Domain.CommonClasses.Response <init>
WARNING: username already exists
Apr 14, 2021 1:08:51 PM Server.Domain.CommonClasses.Response <init>
WARNING: username already exists
Apr 14, 2021 1:08:51 PM Server.Domain.CommonClasses.Response <init>
WARNING: username already exists
Apr 14, 2021 1:08:51 PM Server.Domain.CommonClasses.Response <init>
WARNING: User isn't allowed to appoint owner
Apr 14, 2021 1:08:51 PM Server.Domain.CommonClasses.Response <init>
WARNING: username already exists
Apr 14, 2021 1:08:51 PM Server.Domain.CommonClasses.Response <init>
WARNING: username already exists
Apr 14, 2021 1:08:51 PM Server.Domain.CommonClasses.Response <init>
WARNING: user doesn't exist
Apr 14, 2021 1:08:51 PM Server.Domain.CommonClasses.Response <init>
WARNING: The user is not allowed to add products to the store
Apr 14, 2021 1:08:51 PM Server.Domain.CommonClasses.Response <init>
WARNING: User not allowed to add permissions to this user
Apr 14, 2021 1:08:51 PM Server.Domain.CommonClasses.Response <init>
WARNING: The user is not allowed to add products to the store
Apr 14, 2021 1:08:51 PM Server.Domain.CommonClasses.Response <init>
WARNING: username already exists
Apr 14, 2021 1:08:51 PM Server.Domain.CommonClasses.Response <init>
WARNING: username already exists
Apr 14, 2021 1:08:51 PM Server.Domain.CommonClasses.Response <init>
WARNING: user doesn't exist
Apr 14, 2021 1:08:51 PM Server.Domain.CommonClasses.Response <init>
WARNING: The user is not allowed to add products to the store
Apr 14, 2021 1:08:51 PM Server.Domain.CommonClasses.Response <init>
WARNING: username already exists
Apr 14, 2021 1:08:51 PM Server.Domain.CommonClasses.Response <init>
WARNING: username already exists
Apr 14, 2021 1:08:51 PM Server.Domain.CommonClasses.Response <init>
WARNING: The user is not allowed to add products to the store
Apr 14, 2021 1:08:51 PM Server.Domain.CommonClasses.Response <init>
WARNING: username already exists
Apr 14, 2021 1:08:51 PM Server.Domain.CommonClasses.Response <init>
WARNING: username already exists
Apr 14, 2021 1:08:51 PM Server.Domain.CommonClasses.Response <init>
WARNING: user doesn't exist
Apr 14, 2021 1:08:51 PM Server.Domain.CommonClasses.Response <init>
WARNING: username already exists
Apr 14, 2021 1:08:51 PM Server.Domain.CommonClasses.Response <init>
WARNING: username already exists
Apr 14, 2021 1:08:51 PM Server.Domain.CommonClasses.Response <init>
WARNING: The user is not allowed to edit products information in the store
Apr 14, 2021 1:08:51 PM Server.Domain.CommonClasses.Response <init>
WARNING: username already exists
Apr 14, 2021 1:08:51 PM Server.Domain.CommonClasses.Response <init>
WARNING: username already exists
Apr 14, 2021 1:08:51 PM Server.Domain.CommonClasses.Response <init>
WARNING: user doesn't exist
Apr 14, 2021 1:08:51 PM Server.Domain.CommonClasses.Response <init>
WARNING: user not appointed by this appointer
Apr 14, 2021 1:08:51 PM Server.Domain.CommonClasses.Response <init>
WARNING: username already exists
Apr 14, 2021 1:08:51 PM Server.Domain.CommonClasses.Response <init>
WARNING: username already exists
Apr 14, 2021 1:08:51 PM Server.Domain.CommonClasses.Response <init>
WARNING: user doesn't exist
Apr 14, 2021 1:08:51 PM Server.Domain.CommonClasses.Response <init>
WARNING: username already exists
Apr 14, 2021 1:08:51 PM Server.Domain.CommonClasses.Response <init>
WARNING: username already exists
Apr 14, 2021 1:08:51 PM Server.Domain.CommonClasses.Response <init>
WARNING: User isn't allowed to appoint manager
Apr 14, 2021 1:08:51 PM Server.Domain.CommonClasses.Response <init>
WARNING: username already exists
Apr 14, 2021 1:08:51 PM Server.Domain.CommonClasses.Response <init>
WARNING: username already exists
Apr 14, 2021 1:08:51 PM Server.Domain.CommonClasses.Response <init>
WARNING: User not allowed to review product
Apr 14, 2021 1:08:51 PM Server.Domain.CommonClasses.Response <init>
WARNING: username already exists
Apr 14, 2021 1:08:51 PM Server.Domain.CommonClasses.Response <init>
WARNING: username already exists
Apr 14, 2021 1:09:22 PM Server.Domain.CommonClasses.Response <init>
WARNING: username already exists
Apr 14, 2021 1:09:22 PM Server.Domain.CommonClasses.Response <init>
WARNING: username already exists
Apr 14, 2021 1:09:22 PM Server.Domain.CommonClasses.Response <init>
WARNING: username already exists
Apr 14, 2021 1:09:22 PM Server.Domain.CommonClasses.Response <init>
WARNING: username already exists
Apr 14, 2021 1:09:22 PM Server.Domain.CommonClasses.Response <init>
WARNING: The user is not allowed to remove products from the store
Apr 14, 2021 1:09:22 PM Server.Domain.CommonClasses.Response <init>
WARNING: username already exists
Apr 14, 2021 1:09:22 PM Server.Domain.CommonClasses.Response <init>
WARNING: username already exists
Apr 14, 2021 1:09:22 PM Server.Domain.CommonClasses.Response <init>
WARNING: user doesn't exist
Apr 14, 2021 1:09:22 PM Server.Domain.CommonClasses.Response <init>
WARNING: username already exists
Apr 14, 2021 1:09:22 PM Server.Domain.CommonClasses.Response <init>
WARNING: username already exists
Apr 14, 2021 1:09:22 PM Server.Domain.CommonClasses.Response <init>
WARNING: username already exists
Apr 14, 2021 1:09:22 PM Server.Domain.CommonClasses.Response <init>
WARNING: username already exists
Apr 14, 2021 1:09:22 PM Server.Domain.CommonClasses.Response <init>
WARNING: user doesn't exist
Apr 14, 2021 1:09:22 PM Server.Domain.CommonClasses.Response <init>
WARNING: username already exists
Apr 14, 2021 1:09:22 PM Server.Domain.CommonClasses.Response <init>
WARNING: username already exists
Apr 14, 2021 1:09:22 PM Server.Domain.CommonClasses.Response <init>
WARNING: user doesn't exist
Apr 14, 2021 1:09:22 PM Server.Domain.CommonClasses.Response <init>
WARNING: user not appointed by this appointer
Apr 14, 2021 1:09:22 PM Server.Domain.CommonClasses.Response <init>
WARNING: username already exists
Apr 14, 2021 1:09:22 PM Server.Domain.CommonClasses.Response <init>
WARNING: username already exists
Apr 14, 2021 1:09:22 PM Server.Domain.CommonClasses.Response <init>
WARNING: username already exists
Apr 14, 2021 1:09:22 PM Server.Domain.CommonClasses.Response <init>
WARNING: username already exists
Apr 14, 2021 1:09:22 PM Server.Domain.CommonClasses.Response <init>
WARNING: User isn't allowed to appoint owner
Apr 14, 2021 1:09:22 PM Server.Domain.CommonClasses.Response <init>
WARNING: username already exists
Apr 14, 2021 1:09:22 PM Server.Domain.CommonClasses.Response <init>
WARNING: username already exists
Apr 14, 2021 1:09:22 PM Server.Domain.CommonClasses.Response <init>
WARNING: user doesn't exist
Apr 14, 2021 1:09:22 PM Server.Domain.CommonClasses.Response <init>
WARNING: The user is not allowed to add products to the store
Apr 14, 2021 1:09:22 PM Server.Domain.CommonClasses.Response <init>
WARNING: User not allowed to add permissions to this user
Apr 14, 2021 1:09:22 PM Server.Domain.CommonClasses.Response <init>
WARNING: The user is not allowed to add products to the store
Apr 14, 2021 1:09:22 PM Server.Domain.CommonClasses.Response <init>
WARNING: username already exists
Apr 14, 2021 1:09:22 PM Server.Domain.CommonClasses.Response <init>
WARNING: username already exists
Apr 14, 2021 1:09:22 PM Server.Domain.CommonClasses.Response <init>
WARNING: user doesn't exist
Apr 14, 2021 1:09:22 PM Server.Domain.CommonClasses.Response <init>
WARNING: The user is not allowed to add products to the store
Apr 14, 2021 1:09:22 PM Server.Domain.CommonClasses.Response <init>
WARNING: username already exists
Apr 14, 2021 1:09:22 PM Server.Domain.CommonClasses.Response <init>
WARNING: username already exists
Apr 14, 2021 1:09:22 PM Server.Domain.CommonClasses.Response <init>
WARNING: The user is not allowed to add products to the store
Apr 14, 2021 1:09:22 PM Server.Domain.CommonClasses.Response <init>
WARNING: username already exists
Apr 14, 2021 1:09:22 PM Server.Domain.CommonClasses.Response <init>
WARNING: username already exists
Apr 14, 2021 1:09:22 PM Server.Domain.CommonClasses.Response <init>
WARNING: user doesn't exist
Apr 14, 2021 1:09:22 PM Server.Domain.CommonClasses.Response <init>
WARNING: username already exists
Apr 14, 2021 1:09:22 PM Server.Domain.CommonClasses.Response <init>
WARNING: username already exists
Apr 14, 2021 1:09:22 PM Server.Domain.CommonClasses.Response <init>
WARNING: The user is not allowed to edit products information in the store
Apr 14, 2021 1:09:22 PM Server.Domain.CommonClasses.Response <init>
WARNING: username already exists
Apr 14, 2021 1:09:22 PM Server.Domain.CommonClasses.Response <init>
WARNING: username already exists
Apr 14, 2021 1:09:22 PM Server.Domain.CommonClasses.Response <init>
WARNING: user doesn't exist
Apr 14, 2021 1:09:22 PM Server.Domain.CommonClasses.Response <init>
WARNING: user not appointed by this appointer
Apr 14, 2021 1:09:22 PM Server.Domain.CommonClasses.Response <init>
WARNING: username already exists
Apr 14, 2021 1:09:22 PM Server.Domain.CommonClasses.Response <init>
WARNING: username already exists
Apr 14, 2021 1:09:22 PM Server.Domain.CommonClasses.Response <init>
WARNING: user doesn't exist
Apr 14, 2021 1:09:22 PM Server.Domain.CommonClasses.Response <init>
WARNING: username already exists
Apr 14, 2021 1:09:22 PM Server.Domain.CommonClasses.Response <init>
WARNING: username already exists
Apr 14, 2021 1:09:22 PM Server.Domain.CommonClasses.Response <init>
WARNING: User isn't allowed to appoint manager
Apr 14, 2021 1:09:22 PM Server.Domain.CommonClasses.Response <init>
WARNING: username already exists
Apr 14, 2021 1:09:22 PM Server.Domain.CommonClasses.Response <init>
WARNING: username already exists
Apr 14, 2021 1:09:22 PM Server.Domain.CommonClasses.Response <init>
WARNING: User not allowed to review product
Apr 14, 2021 1:09:22 PM Server.Domain.CommonClasses.Response <init>
WARNING: username already exists
Apr 14, 2021 1:09:22 PM Server.Domain.CommonClasses.Response <init>
WARNING: username already exists
Apr 14, 2021 1:09:43 PM Server.Domain.CommonClasses.Response <init>
WARNING: username already exists
Apr 14, 2021 1:09:43 PM Server.Domain.CommonClasses.Response <init>
WARNING: username already exists
Apr 14, 2021 1:09:43 PM Server.Domain.CommonClasses.Response <init>
WARNING: username already exists
Apr 14, 2021 1:09:43 PM Server.Domain.CommonClasses.Response <init>
WARNING: username already exists
Apr 14, 2021 1:09:43 PM Server.Domain.CommonClasses.Response <init>
WARNING: The user is not allowed to remove products from the store
Apr 14, 2021 1:09:43 PM Server.Domain.CommonClasses.Response <init>
WARNING: username already exists
Apr 14, 2021 1:09:43 PM Server.Domain.CommonClasses.Response <init>
WARNING: username already exists
Apr 14, 2021 1:09:43 PM Server.Domain.CommonClasses.Response <init>
WARNING: user doesn't exist
Apr 14, 2021 1:09:43 PM Server.Domain.CommonClasses.Response <init>
WARNING: username already exists
Apr 14, 2021 1:09:43 PM Server.Domain.CommonClasses.Response <init>
WARNING: username already exists
Apr 14, 2021 1:09:43 PM Server.Domain.CommonClasses.Response <init>
WARNING: username already exists
Apr 14, 2021 1:09:43 PM Server.Domain.CommonClasses.Response <init>
WARNING: username already exists
Apr 14, 2021 1:09:43 PM Server.Domain.CommonClasses.Response <init>
WARNING: user doesn't exist
Apr 14, 2021 1:09:43 PM Server.Domain.CommonClasses.Response <init>
WARNING: username already exists
Apr 14, 2021 1:09:43 PM Server.Domain.CommonClasses.Response <init>
WARNING: username already exists
Apr 14, 2021 1:09:43 PM Server.Domain.CommonClasses.Response <init>
WARNING: user doesn't exist
Apr 14, 2021 1:09:43 PM Server.Domain.CommonClasses.Response <init>
WARNING: user not appointed by this appointer
Apr 14, 2021 1:09:43 PM Server.Domain.CommonClasses.Response <init>
WARNING: username already exists
Apr 14, 2021 1:09:43 PM Server.Domain.CommonClasses.Response <init>
WARNING: username already exists
Apr 14, 2021 1:09:43 PM Server.Domain.CommonClasses.Response <init>
WARNING: username already exists
Apr 14, 2021 1:09:43 PM Server.Domain.CommonClasses.Response <init>
WARNING: username already exists
Apr 14, 2021 1:09:43 PM Server.Domain.CommonClasses.Response <init>
WARNING: User isn't allowed to appoint owner
Apr 14, 2021 1:09:43 PM Server.Domain.CommonClasses.Response <init>
WARNING: username already exists
Apr 14, 2021 1:09:43 PM Server.Domain.CommonClasses.Response <init>
WARNING: username already exists
Apr 14, 2021 1:09:43 PM Server.Domain.CommonClasses.Response <init>
WARNING: user doesn't exist
Apr 14, 2021 1:09:43 PM Server.Domain.CommonClasses.Response <init>
WARNING: The user is not allowed to add products to the store
Apr 14, 2021 1:09:43 PM Server.Domain.CommonClasses.Response <init>
WARNING: User not allowed to add permissions to this user
Apr 14, 2021 1:09:43 PM Server.Domain.CommonClasses.Response <init>
WARNING: The user is not allowed to add products to the store
Apr 14, 2021 1:09:43 PM Server.Domain.CommonClasses.Response <init>
WARNING: username already exists
Apr 14, 2021 1:09:43 PM Server.Domain.CommonClasses.Response <init>
WARNING: username already exists
Apr 14, 2021 1:09:43 PM Server.Domain.CommonClasses.Response <init>
WARNING: user doesn't exist
Apr 14, 2021 1:09:43 PM Server.Domain.CommonClasses.Response <init>
WARNING: The user is not allowed to add products to the store
Apr 14, 2021 1:09:43 PM Server.Domain.CommonClasses.Response <init>
WARNING: username already exists
Apr 14, 2021 1:09:43 PM Server.Domain.CommonClasses.Response <init>
WARNING: username already exists
Apr 14, 2021 1:09:43 PM Server.Domain.CommonClasses.Response <init>
WARNING: The user is not allowed to add products to the store
Apr 14, 2021 1:09:43 PM Server.Domain.CommonClasses.Response <init>
WARNING: username already exists
Apr 14, 2021 1:09:43 PM Server.Domain.CommonClasses.Response <init>
WARNING: username already exists
Apr 14, 2021 1:09:43 PM Server.Domain.CommonClasses.Response <init>
WARNING: user doesn't exist
Apr 14, 2021 1:09:43 PM Server.Domain.CommonClasses.Response <init>
WARNING: username already exists
Apr 14, 2021 1:09:43 PM Server.Domain.CommonClasses.Response <init>
WARNING: username already exists
Apr 14, 2021 1:09:43 PM Server.Domain.CommonClasses.Response <init>
WARNING: The user is not allowed to edit products information in the store
Apr 14, 2021 1:09:43 PM Server.Domain.CommonClasses.Response <init>
WARNING: username already exists
Apr 14, 2021 1:09:43 PM Server.Domain.CommonClasses.Response <init>
WARNING: username already exists
Apr 14, 2021 1:09:43 PM Server.Domain.CommonClasses.Response <init>
WARNING: user doesn't exist
Apr 14, 2021 1:09:43 PM Server.Domain.CommonClasses.Response <init>
WARNING: user not appointed by this appointer
Apr 14, 2021 1:09:43 PM Server.Domain.CommonClasses.Response <init>
WARNING: username already exists
Apr 14, 2021 1:09:43 PM Server.Domain.CommonClasses.Response <init>
WARNING: username already exists
Apr 14, 2021 1:09:43 PM Server.Domain.CommonClasses.Response <init>
WARNING: user doesn't exist
Apr 14, 2021 1:09:43 PM Server.Domain.CommonClasses.Response <init>
WARNING: username already exists
Apr 14, 2021 1:09:43 PM Server.Domain.CommonClasses.Response <init>
WARNING: username already exists
Apr 14, 2021 1:09:43 PM Server.Domain.CommonClasses.Response <init>
WARNING: User isn't allowed to appoint manager
Apr 14, 2021 1:09:43 PM Server.Domain.CommonClasses.Response <init>
WARNING: username already exists
Apr 14, 2021 1:09:43 PM Server.Domain.CommonClasses.Response <init>
WARNING: username already exists
Apr 14, 2021 1:09:43 PM Server.Domain.CommonClasses.Response <init>
WARNING: User not allowed to review product
Apr 14, 2021 1:09:43 PM Server.Domain.CommonClasses.Response <init>
WARNING: username already exists
Apr 14, 2021 1:09:43 PM Server.Domain.CommonClasses.Response <init>
WARNING: username already exists
Apr 14, 2021 1:10:20 PM Server.Domain.CommonClasses.Response <init>
WARNING: User not connected
Apr 14, 2021 1:10:20 PM Server.Domain.CommonClasses.Response <init>
WARNING: User not connected
Apr 14, 2021 1:10:20 PM Server.Domain.CommonClasses.Response <init>
WARNING: The user is not allowed to add products to the store
Apr 14, 2021 1:10:20 PM Server.Domain.CommonClasses.Response <init>
WARNING: User not connected
Apr 14, 2021 1:10:20 PM Server.Domain.CommonClasses.Response <init>
WARNING: User not connected
Apr 14, 2021 1:10:20 PM Server.Domain.CommonClasses.Response <init>
WARNING: The user is not allowed to add products to the store
Apr 14, 2021 1:10:20 PM Server.Domain.CommonClasses.Response <init>
WARNING: User not connected
Apr 14, 2021 1:10:20 PM Server.Domain.CommonClasses.Response <init>
WARNING: User not connected
Apr 14, 2021 1:10:20 PM Server.Domain.CommonClasses.Response <init>
WARNING: The user is not allowed to add products to the store
Apr 14, 2021 1:10:20 PM Server.Domain.CommonClasses.Response <init>
WARNING: User not connected
Apr 14, 2021 1:10:20 PM Server.Domain.CommonClasses.Response <init>
WARNING: User not connected
Apr 14, 2021 1:10:20 PM Server.Domain.CommonClasses.Response <init>
WARNING: The user is not allowed to add products to the store
Apr 14, 2021 1:10:28 PM Server.Domain.CommonClasses.Response <init>
WARNING: Inventory: Product tehini exceeding to inventory capacity
Apr 14, 2021 1:10:28 PM Server.Domain.CommonClasses.Response <init>
WARNING: Store: Product deletion failed successfully
Apr 14, 2021 1:10:28 PM Server.Domain.CommonClasses.Response <init>
WARNING: Problem with purchase from store 1.
Apr 14, 2021 1:10:28 PM Server.Domain.CommonClasses.Response <init>
WARNING: Problem with purchase from store 1. | doesn't created external connection
Apr 14, 2021 1:10:28 PM Server.Domain.CommonClasses.Response <init>
WARNING: Problem with purchase from store 1. | doesn't created external connection
Apr 14, 2021 1:10:28 PM Server.Domain.CommonClasses.Response <init>
WARNING: Inventory: This product doesn't exists in the specified store
Apr 14, 2021 1:10:28 PM Server.Domain.CommonClasses.Response <init>
WARNING: Inventory: This product doesn't exists in the specified store
Apr 14, 2021 1:10:28 PM Server.Domain.CommonClasses.Response <init>
WARNING: You cannot purchase an empty cart
Apr 14, 2021 1:10:28 PM Server.Domain.CommonClasses.Response <init>
WARNING: You cannot purchase an empty cart | doesn't created external connection
Apr 14, 2021 1:10:28 PM Server.Domain.CommonClasses.Response <init>
WARNING: You cannot purchase an empty cart | doesn't created external connection
Apr 14, 2021 1:10:28 PM Server.Domain.CommonClasses.Response <init>
WARNING: Inventory: Product sword exceeding to inventory capacity
Apr 14, 2021 1:10:28 PM Server.Domain.CommonClasses.Response <init>
WARNING: Store: Product deletion failed successfully
Apr 14, 2021 1:10:28 PM Server.Domain.CommonClasses.Response <init>
WARNING: Problem with purchase from store 2.
Apr 14, 2021 1:10:28 PM Server.Domain.CommonClasses.Response <init>
WARNING: Problem with purchase from store 2. | doesn't created external connection
Apr 14, 2021 1:10:28 PM Server.Domain.CommonClasses.Response <init>
WARNING: Problem with purchase from store 2. | doesn't created external connection
Apr 14, 2021 1:10:28 PM Server.Domain.CommonClasses.Response <init>
WARNING: username already exists
Apr 14, 2021 1:10:28 PM Server.Domain.CommonClasses.Response <init>
WARNING: User not connected
Apr 14, 2021 1:10:28 PM Server.Domain.CommonClasses.Response <init>
WARNING: User not connected
Apr 14, 2021 1:10:28 PM Server.Domain.CommonClasses.Response <init>
WARNING: User not connected
Apr 14, 2021 1:10:28 PM Server.Domain.CommonClasses.Response <init>
WARNING: User not connected
Apr 14, 2021 1:10:28 PM Server.Domain.CommonClasses.Response <init>
WARNING: User not connected
Apr 14, 2021 1:10:28 PM Server.Domain.CommonClasses.Response <init>
WARNING: User not connected
Apr 14, 2021 1:10:28 PM Server.Domain.CommonClasses.Response <init>
WARNING: User not connected
Apr 14, 2021 1:10:28 PM Server.Domain.CommonClasses.Response <init>
WARNING: User not connected
Apr 14, 2021 1:10:28 PM Server.Domain.CommonClasses.Response <init>
WARNING: User not connected
Apr 14, 2021 1:10:28 PM Server.Domain.CommonClasses.Response <init>
WARNING: User not connected
Apr 14, 2021 1:10:28 PM Server.Domain.CommonClasses.Response <init>
WARNING: User is not connected
Apr 14, 2021 1:10:28 PM Server.Domain.CommonClasses.Response <init>
WARNING: Inventory: Product jellyfish exceeding to inventory capacity
Apr 14, 2021 1:10:28 PM Server.Domain.CommonClasses.Response <init>
WARNING: Store: Product deletion failed successfully
Apr 14, 2021 1:10:28 PM Server.Domain.CommonClasses.Response <init>
WARNING: Problem with purchase from store 4.
Apr 14, 2021 1:10:28 PM Server.Domain.CommonClasses.Response <init>
WARNING: Problem with purchase from store 4. | doesn't created external connection
Apr 14, 2021 1:10:28 PM Server.Domain.CommonClasses.Response <init>
WARNING: Problem with purchase from store 4. | doesn't created external connection
Apr 14, 2021 1:10:28 PM Server.Domain.CommonClasses.Response <init>
WARNING: Payment failed | created external connection
Apr 14, 2021 1:10:28 PM Server.Domain.CommonClasses.Response <init>
WARNING: Payment failed | created external connection
Apr 14, 2021 1:10:28 PM Server.Domain.CommonClasses.Response <init>
WARNING: Delivery failed | created external connection
Apr 14, 2021 1:10:28 PM Server.Domain.CommonClasses.Response <init>
WARNING: Delivery failed | created external connection
Apr 14, 2021 1:10:28 PM Server.Domain.CommonClasses.Response <init>
WARNING: Inventory: Product scar exceeding to inventory capacity
Apr 14, 2021 1:10:28 PM Server.Domain.CommonClasses.Response <init>
WARNING: Store: Product deletion failed successfully
Apr 14, 2021 1:10:28 PM Server.Domain.CommonClasses.Response <init>
WARNING: Problem with purchase from store 7.
Apr 14, 2021 1:10:28 PM Server.Domain.CommonClasses.Response <init>
WARNING: Problem with purchase from store 7. | doesn't created external connection
Apr 14, 2021 1:10:28 PM Server.Domain.CommonClasses.Response <init>
WARNING: Problem with purchase from store 7. | doesn't created external connection
Apr 14, 2021 1:10:40 PM Server.Domain.CommonClasses.Response <init>
WARNING: username already exists
Apr 14, 2021 1:10:40 PM Server.Domain.CommonClasses.Response <init>
WARNING: username already exists
Apr 14, 2021 1:10:40 PM Server.Domain.CommonClasses.Response <init>
WARNING: User not allowed to add permissions to this user
Apr 14, 2021 1:10:40 PM Server.Domain.CommonClasses.Response <init>
WARNING: username already exists
Apr 14, 2021 1:10:40 PM Server.Domain.CommonClasses.Response <init>
WARNING: username already exists
Apr 14, 2021 1:10:40 PM Server.Domain.CommonClasses.Response <init>
WARNING: user doesn't exist
Apr 14, 2021 1:10:40 PM Server.Domain.CommonClasses.Response <init>
WARNING: username already exists
Apr 14, 2021 1:10:40 PM Server.Domain.CommonClasses.Response <init>
WARNING: username already exists
Apr 14, 2021 1:10:40 PM Server.Domain.CommonClasses.Response <init>
WARNING: User not allowed to remove permissions from this user
Apr 14, 2021 1:10:40 PM Server.Domain.CommonClasses.Response <init>
WARNING: username already exists
Apr 14, 2021 1:10:40 PM Server.Domain.CommonClasses.Response <init>
WARNING: username already exists
Apr 14, 2021 1:10:40 PM Server.Domain.CommonClasses.Response <init>
WARNING: user doesn't exist
Apr 14, 2021 1:10:40 PM Server.Domain.CommonClasses.Response <init>
WARNING: username already exists
Apr 14, 2021 1:10:40 PM Server.Domain.CommonClasses.Response <init>
WARNING: username already exists
Apr 14, 2021 1:10:40 PM Server.Domain.CommonClasses.Response <init>
WARNING: username already exists
Apr 14, 2021 1:10:40 PM Server.Domain.CommonClasses.Response <init>
WARNING: user doesn't exist
Apr 14, 2021 1:10:40 PM Server.Domain.CommonClasses.Response <init>
WARNING: user doesn't exist
Apr 14, 2021 1:10:40 PM Server.Domain.CommonClasses.Response <init>
WARNING: User not allowed to remove permissions from this user
Apr 14, 2021 1:10:40 PM Server.Domain.CommonClasses.Response <init>
WARNING: username already exists
Apr 14, 2021 1:10:40 PM Server.Domain.CommonClasses.Response <init>
WARNING: username already exists
Apr 14, 2021 1:10:40 PM Server.Domain.CommonClasses.Response <init>
WARNING: username already exists
Apr 14, 2021 1:10:40 PM Server.Domain.CommonClasses.Response <init>
WARNING: user doesn't exist
Apr 14, 2021 1:10:40 PM Server.Domain.CommonClasses.Response <init>
WARNING: user doesn't exist
Apr 14, 2021 1:10:40 PM Server.Domain.CommonClasses.Response <init>
WARNING: Attempted to remove a user that wasn't appointed by him
Apr 14, 2021 1:10:40 PM Server.Domain.CommonClasses.Response <init>
WARNING: username already exists
Apr 14, 2021 1:10:40 PM Server.Domain.CommonClasses.Response <init>
WARNING: username already exists
Apr 14, 2021 1:10:40 PM Server.Domain.CommonClasses.Response <init>
WARNING: user doesn't exist
Apr 14, 2021 1:10:40 PM Server.Domain.CommonClasses.Response <init>
WARNING: Attempted to remove not a store manager
Apr 14, 2021 1:10:40 PM Server.Domain.CommonClasses.Response <init>
WARNING: username already exists
Apr 14, 2021 1:10:40 PM Server.Domain.CommonClasses.Response <init>
WARNING: username already exists
Apr 14, 2021 1:10:40 PM Server.Domain.CommonClasses.Response <init>
WARNING: user doesn't exist
Apr 14, 2021 1:10:40 PM Server.Domain.CommonClasses.Response <init>
WARNING: User doesn't exist
Apr 14, 2021 1:10:40 PM Server.Domain.CommonClasses.Response <init>
WARNING: username already exists
Apr 14, 2021 1:10:40 PM Server.Domain.CommonClasses.Response <init>
WARNING: username already exists
Apr 14, 2021 1:10:40 PM Server.Domain.CommonClasses.Response <init>
WARNING: user doesn't exist
Apr 14, 2021 1:10:40 PM Server.Domain.CommonClasses.Response <init>
WARNING: username already exists
Apr 14, 2021 1:10:40 PM Server.Domain.CommonClasses.Response <init>
WARNING: username already exists
Apr 14, 2021 1:10:40 PM Server.Domain.CommonClasses.Response <init>
WARNING: user doesn't exist
Apr 14, 2021 1:10:40 PM Server.Domain.CommonClasses.Response <init>
WARNING: Attempted to remove not a store owner
Apr 14, 2021 1:10:40 PM Server.Domain.CommonClasses.Response <init>
WARNING: username already exists
Apr 14, 2021 1:10:40 PM Server.Domain.CommonClasses.Response <init>
WARNING: username already exists
Apr 14, 2021 1:10:40 PM Server.Domain.CommonClasses.Response <init>
WARNING: username already exists
Apr 14, 2021 1:10:40 PM Server.Domain.CommonClasses.Response <init>
WARNING: username already exists
Apr 14, 2021 1:10:40 PM Server.Domain.CommonClasses.Response <init>
WARNING: username already exists
Apr 14, 2021 1:10:40 PM Server.Domain.CommonClasses.Response <init>
WARNING: username already exists
Apr 14, 2021 1:10:40 PM Server.Domain.CommonClasses.Response <init>
WARNING: username already exists
Apr 14, 2021 1:10:40 PM Server.Domain.CommonClasses.Response <init>
WARNING: user doesn't exist
Apr 14, 2021 1:10:40 PM Server.Domain.CommonClasses.Response <init>
WARNING: user doesn't exist
Apr 14, 2021 1:10:40 PM Server.Domain.CommonClasses.Response <init>
WARNING: user doesn't exist
Apr 14, 2021 1:10:40 PM Server.Domain.CommonClasses.Response <init>
WARNING: user doesn't exist
Apr 14, 2021 1:10:40 PM Server.Domain.CommonClasses.Response <init>
WARNING: user doesn't exist
Apr 14, 2021 1:10:40 PM Server.Domain.CommonClasses.Response <init>
WARNING: User not allowed to receive store workers information
Apr 14, 2021 1:10:40 PM Server.Domain.CommonClasses.Response <init>
WARNING: User not permitted to get worker info
Apr 14, 2021 1:10:40 PM Server.Domain.CommonClasses.Response <init>
WARNING: username already exists
Apr 14, 2021 1:10:40 PM Server.Domain.CommonClasses.Response <init>
WARNING: username already exists
Apr 14, 2021 1:10:40 PM Server.Domain.CommonClasses.Response <init>
WARNING: Attempted to remove a user that wasn't appointed by him
Apr 14, 2021 1:10:40 PM Server.Domain.CommonClasses.Response <init>
WARNING: username already exists
Apr 14, 2021 1:10:40 PM Server.Domain.CommonClasses.Response <init>
WARNING: username already exists
Apr 14, 2021 1:10:40 PM Server.Domain.CommonClasses.Response <init>
WARNING: user doesn't exist
Apr 14, 2021 1:10:40 PM Server.Domain.CommonClasses.Response <init>
WARNING: User was already appointed in this store
Apr 14, 2021 1:10:40 PM Server.Domain.CommonClasses.Response <init>
WARNING: username already exists
Apr 14, 2021 1:10:40 PM Server.Domain.CommonClasses.Response <init>
WARNING: username already exists
Apr 14, 2021 1:10:40 PM Server.Domain.CommonClasses.Response <init>
WARNING: username already exists
Apr 14, 2021 1:10:40 PM Server.Domain.CommonClasses.Response <init>
WARNING: username already exists
Apr 14, 2021 1:10:40 PM Server.Domain.CommonClasses.Response <init>
WARNING: username already exists
Apr 14, 2021 1:10:40 PM Server.Domain.CommonClasses.Response <init>
WARNING: username already exists
Apr 14, 2021 1:10:40 PM Server.Domain.CommonClasses.Response <init>
WARNING: user doesn't exist
Apr 14, 2021 1:10:40 PM Server.Domain.CommonClasses.Response <init>
WARNING: user doesn't exist
Apr 14, 2021 1:10:40 PM Server.Domain.CommonClasses.Response <init>
WARNING: user doesn't exist
Apr 14, 2021 1:10:40 PM Server.Domain.CommonClasses.Response <init>
WARNING: user doesn't exist
Apr 14, 2021 1:10:40 PM Server.Domain.CommonClasses.Response <init>
WARNING: user doesn't exist
Apr 14, 2021 1:10:40 PM Server.Domain.CommonClasses.Response <init>
WARNING: user not appointed by this appointer
Apr 14, 2021 1:10:40 PM Server.Domain.CommonClasses.Response <init>
WARNING: user not appointed by this appointer
Apr 14, 2021 1:10:40 PM Server.Domain.CommonClasses.Response <init>
WARNING: User doesn't exist
Apr 14, 2021 1:10:40 PM Server.Domain.CommonClasses.Response <init>
WARNING: user not appointed by this appointer
Apr 14, 2021 1:10:40 PM Server.Domain.CommonClasses.Response <init>
WARNING: User doesn't exist
Apr 14, 2021 1:10:40 PM Server.Domain.CommonClasses.Response <init>
WARNING: user not appointed by this appointer
Apr 14, 2021 1:10:40 PM Server.Domain.CommonClasses.Response <init>
WARNING: User doesn't exist
Apr 14, 2021 1:10:40 PM Server.Domain.CommonClasses.Response <init>
WARNING: username already exists
Apr 14, 2021 1:10:40 PM Server.Domain.CommonClasses.Response <init>
WARNING: username already exists
Apr 14, 2021 1:10:40 PM Server.Domain.CommonClasses.Response <init>
WARNING: user doesn't exist
Apr 14, 2021 1:10:40 PM Server.Domain.CommonClasses.Response <init>
WARNING: User doesn't exist
Apr 14, 2021 1:10:40 PM Server.Domain.CommonClasses.Response <init>
WARNING: username already exists
Apr 14, 2021 1:10:40 PM Server.Domain.CommonClasses.Response <init>
WARNING: username already exists
Apr 14, 2021 1:10:40 PM Server.Domain.CommonClasses.Response <init>
WARNING: user doesn't exist
Apr 14, 2021 1:10:40 PM Server.Domain.CommonClasses.Response <init>
WARNING: username already exists
Apr 14, 2021 1:10:40 PM Server.Domain.CommonClasses.Response <init>
WARNING: username already exists
Apr 14, 2021 1:10:40 PM Server.Domain.CommonClasses.Response <init>
WARNING: username already exists
Apr 14, 2021 1:10:40 PM Server.Domain.CommonClasses.Response <init>
WARNING: username already exists
Apr 14, 2021 1:10:40 PM Server.Domain.CommonClasses.Response <init>
WARNING: username already exists
Apr 14, 2021 1:10:40 PM Server.Domain.CommonClasses.Response <init>
WARNING: username already exists
Apr 14, 2021 1:10:40 PM Server.Domain.CommonClasses.Response <init>
WARNING: username already exists
Apr 14, 2021 1:10:40 PM Server.Domain.CommonClasses.Response <init>
WARNING: user doesn't exist
Apr 14, 2021 1:10:40 PM Server.Domain.CommonClasses.Response <init>
WARNING: user doesn't exist
Apr 14, 2021 1:10:40 PM Server.Domain.CommonClasses.Response <init>
WARNING: user doesn't exist
Apr 14, 2021 1:10:40 PM Server.Domain.CommonClasses.Response <init>
WARNING: user doesn't exist
Apr 14, 2021 1:10:40 PM Server.Domain.CommonClasses.Response <init>
WARNING: user doesn't exist
Apr 14, 2021 1:10:40 PM Server.Domain.CommonClasses.Response <init>
WARNING: user doesn't exist
Apr 14, 2021 1:10:40 PM Server.Domain.CommonClasses.Response <init>
WARNING: Attempted to remove a user that wasn't appointed by him
Apr 14, 2021 1:10:40 PM Server.Domain.CommonClasses.Response <init>
WARNING: username already exists
Apr 14, 2021 1:10:40 PM Server.Domain.CommonClasses.Response <init>
WARNING: username already exists
Apr 14, 2021 1:10:40 PM Server.Domain.CommonClasses.Response <init>
WARNING: user doesn't exist
Apr 14, 2021 1:10:40 PM Server.Domain.CommonClasses.Response <init>
WARNING: User was already appointed in this store
Apr 14, 2021 1:10:40 PM Server.Domain.CommonClasses.Response <init>
WARNING: username already exists
Apr 14, 2021 1:10:40 PM Server.Domain.CommonClasses.Response <init>
WARNING: username already exists
Apr 14, 2021 1:10:40 PM Server.Domain.CommonClasses.Response <init>
WARNING: username already exists
Apr 14, 2021 1:10:40 PM Server.Domain.CommonClasses.Response <init>
WARNING: user doesn't exist
Apr 14, 2021 1:10:40 PM Server.Domain.CommonClasses.Response <init>
WARNING: user doesn't exist
Apr 14, 2021 1:10:40 PM Server.Domain.CommonClasses.Response <init>
WARNING: Attempted to remove a user that wasn't appointed by him
Apr 14, 2021 1:10:40 PM Server.Domain.CommonClasses.Response <init>
WARNING: username already exists
Apr 14, 2021 1:10:40 PM Server.Domain.CommonClasses.Response <init>
WARNING: username already exists
Apr 14, 2021 1:10:40 PM Server.Domain.CommonClasses.Response <init>
WARNING: user doesn't exist
Apr 14, 2021 1:10:40 PM Server.Domain.CommonClasses.Response <init>
WARNING: User was already appointed in this store
Apr 14, 2021 1:10:40 PM Server.Domain.CommonClasses.Response <init>
WARNING: username already exists
Apr 14, 2021 1:10:40 PM Server.Domain.CommonClasses.Response <init>
WARNING: username already exists
Apr 14, 2021 1:10:40 PM Server.Domain.CommonClasses.Response <init>
WARNING: username already exists
Apr 14, 2021 1:10:40 PM Server.Domain.CommonClasses.Response <init>
WARNING: username already exists
Apr 14, 2021 1:10:40 PM Server.Domain.CommonClasses.Response <init>
WARNING: username already exists
Apr 14, 2021 1:10:40 PM Server.Domain.CommonClasses.Response <init>
WARNING: username already exists
Apr 14, 2021 1:10:40 PM Server.Domain.CommonClasses.Response <init>
WARNING: user doesn't exist
Apr 14, 2021 1:10:40 PM Server.Domain.CommonClasses.Response <init>
WARNING: user doesn't exist
Apr 14, 2021 1:10:40 PM Server.Domain.CommonClasses.Response <init>
WARNING: user doesn't exist
Apr 14, 2021 1:10:40 PM Server.Domain.CommonClasses.Response <init>
WARNING: user doesn't exist
Apr 14, 2021 1:10:40 PM Server.Domain.CommonClasses.Response <init>
WARNING: user doesn't exist
Apr 14, 2021 1:10:40 PM Server.Domain.CommonClasses.Response <init>
WARNING: User doesn't exist
Apr 14, 2021 1:10:40 PM Server.Domain.CommonClasses.Response <init>
WARNING: User doesn't exist
Apr 14, 2021 1:10:40 PM Server.Domain.CommonClasses.Response <init>
WARNING: User doesn't exist
Apr 14, 2021 1:10:40 PM Server.Domain.CommonClasses.Response <init>
WARNING: User doesn't exist
Apr 14, 2021 1:10:40 PM Server.Domain.CommonClasses.Response <init>
WARNING: User doesn't exist
Apr 14, 2021 1:10:40 PM Server.Domain.CommonClasses.Response <init>
WARNING: User doesn't exist
Apr 14, 2021 1:10:40 PM Server.Domain.CommonClasses.Response <init>
WARNING: User doesn't exist
Apr 14, 2021 1:10:40 PM Server.Domain.CommonClasses.Response <init>
WARNING: User doesn't exist
Apr 14, 2021 1:10:40 PM Server.Domain.CommonClasses.Response <init>
WARNING: User doesn't exist
Apr 14, 2021 1:10:40 PM Server.Domain.CommonClasses.Response <init>
WARNING: User doesn't exist
Apr 14, 2021 1:10:40 PM Server.Domain.CommonClasses.Response <init>
WARNING: User doesn't exist
Apr 14, 2021 1:10:40 PM Server.Domain.CommonClasses.Response <init>
WARNING: User doesn't exist
Apr 14, 2021 1:10:40 PM Server.Domain.CommonClasses.Response <init>
WARNING: User doesn't exist
Apr 14, 2021 1:10:40 PM Server.Domain.CommonClasses.Response <init>
WARNING: User doesn't exist
Apr 14, 2021 1:10:40 PM Server.Domain.CommonClasses.Response <init>
WARNING: User doesn't exist
Apr 14, 2021 1:10:40 PM Server.Domain.CommonClasses.Response <init>
WARNING: User doesn't exist
Apr 14, 2021 1:10:40 PM Server.Domain.CommonClasses.Response <init>
WARNING: User doesn't exist
Apr 14, 2021 1:10:40 PM Server.Domain.CommonClasses.Response <init>
WARNING: User doesn't exist
Apr 14, 2021 1:10:40 PM Server.Domain.CommonClasses.Response <init>
WARNING: User doesn't exist
Apr 14, 2021 1:10:40 PM Server.Domain.CommonClasses.Response <init>
WARNING: User doesn't exist
Apr 14, 2021 1:10:40 PM Server.Domain.CommonClasses.Response <init>
WARNING: username already exists
Apr 14, 2021 1:10:40 PM Server.Domain.CommonClasses.Response <init>
WARNING: username already exists
Apr 14, 2021 1:10:40 PM Server.Domain.CommonClasses.Response <init>
WARNING: user doesn't exist
Apr 14, 2021 1:10:40 PM Server.Domain.CommonClasses.Response <init>
WARNING: User was already appointed in this store
Apr 14, 2021 1:10:40 PM Server.Domain.CommonClasses.Response <init>
WARNING: username already exists
Apr 14, 2021 1:10:40 PM Server.Domain.CommonClasses.Response <init>
WARNING: username already exists
Apr 14, 2021 1:10:40 PM Server.Domain.CommonClasses.Response <init>
WARNING: username already exists
Apr 14, 2021 1:10:40 PM Server.Domain.CommonClasses.Response <init>
WARNING: user doesn't exist
Apr 14, 2021 1:10:40 PM Server.Domain.CommonClasses.Response <init>
WARNING: user doesn't exist
Apr 14, 2021 1:10:40 PM Server.Domain.CommonClasses.Response <init>
WARNING: User not allowed to add permissions to this user
Apr 14, 2021 1:10:40 PM Server.Domain.CommonClasses.Response <init>
WARNING: username already exists
Apr 14, 2021 1:10:40 PM Server.Domain.CommonClasses.Response <init>
WARNING: username already exists
Apr 14, 2021 1:10:40 PM Server.Domain.CommonClasses.Response <init>
WARNING: Attempted to remove a user that wasn't appointed by him
Apr 14, 2021 1:10:52 PM Server.Domain.CommonClasses.Response <init>
WARNING: username already exists
Apr 14, 2021 1:10:52 PM Server.Domain.CommonClasses.Response <init>
WARNING: username already exists
Apr 14, 2021 1:10:52 PM Server.Domain.CommonClasses.Response <init>
WARNING: username already exists
Apr 14, 2021 1:10:52 PM Server.Domain.CommonClasses.Response <init>
WARNING: username already exists
Apr 14, 2021 1:10:52 PM Server.Domain.CommonClasses.Response <init>
WARNING: The user is not allowed to remove products from the store
Apr 14, 2021 1:10:52 PM Server.Domain.CommonClasses.Response <init>
WARNING: username already exists
Apr 14, 2021 1:10:52 PM Server.Domain.CommonClasses.Response <init>
WARNING: username already exists
Apr 14, 2021 1:10:52 PM Server.Domain.CommonClasses.Response <init>
WARNING: user doesn't exist
Apr 14, 2021 1:10:52 PM Server.Domain.CommonClasses.Response <init>
WARNING: username already exists
Apr 14, 2021 1:10:52 PM Server.Domain.CommonClasses.Response <init>
WARNING: username already exists
Apr 14, 2021 1:10:52 PM Server.Domain.CommonClasses.Response <init>
WARNING: username already exists
Apr 14, 2021 1:10:52 PM Server.Domain.CommonClasses.Response <init>
WARNING: username already exists
Apr 14, 2021 1:10:52 PM Server.Domain.CommonClasses.Response <init>
WARNING: user doesn't exist
Apr 14, 2021 1:10:52 PM Server.Domain.CommonClasses.Response <init>
WARNING: username already exists
Apr 14, 2021 1:10:52 PM Server.Domain.CommonClasses.Response <init>
WARNING: username already exists
Apr 14, 2021 1:10:52 PM Server.Domain.CommonClasses.Response <init>
WARNING: user doesn't exist
Apr 14, 2021 1:10:52 PM Server.Domain.CommonClasses.Response <init>
WARNING: user not appointed by this appointer
Apr 14, 2021 1:10:52 PM Server.Domain.CommonClasses.Response <init>
WARNING: username already exists
Apr 14, 2021 1:10:52 PM Server.Domain.CommonClasses.Response <init>
WARNING: username already exists
Apr 14, 2021 1:10:52 PM Server.Domain.CommonClasses.Response <init>
WARNING: username already exists
Apr 14, 2021 1:10:52 PM Server.Domain.CommonClasses.Response <init>
WARNING: username already exists
Apr 14, 2021 1:10:52 PM Server.Domain.CommonClasses.Response <init>
WARNING: User isn't allowed to appoint owner
Apr 14, 2021 1:10:52 PM Server.Domain.CommonClasses.Response <init>
WARNING: username already exists
Apr 14, 2021 1:10:52 PM Server.Domain.CommonClasses.Response <init>
WARNING: username already exists
Apr 14, 2021 1:10:52 PM Server.Domain.CommonClasses.Response <init>
WARNING: user doesn't exist
Apr 14, 2021 1:10:52 PM Server.Domain.CommonClasses.Response <init>
WARNING: The user is not allowed to add products to the store
Apr 14, 2021 1:10:52 PM Server.Domain.CommonClasses.Response <init>
WARNING: User not allowed to add permissions to this user
Apr 14, 2021 1:10:52 PM Server.Domain.CommonClasses.Response <init>
WARNING: The user is not allowed to add products to the store
Apr 14, 2021 1:10:52 PM Server.Domain.CommonClasses.Response <init>
WARNING: username already exists
Apr 14, 2021 1:10:52 PM Server.Domain.CommonClasses.Response <init>
WARNING: username already exists
Apr 14, 2021 1:10:52 PM Server.Domain.CommonClasses.Response <init>
WARNING: user doesn't exist
Apr 14, 2021 1:10:52 PM Server.Domain.CommonClasses.Response <init>
WARNING: The user is not allowed to add products to the store
Apr 14, 2021 1:10:52 PM Server.Domain.CommonClasses.Response <init>
WARNING: username already exists
Apr 14, 2021 1:10:52 PM Server.Domain.CommonClasses.Response <init>
WARNING: username already exists
Apr 14, 2021 1:10:52 PM Server.Domain.CommonClasses.Response <init>
WARNING: The user is not allowed to add products to the store
Apr 14, 2021 1:10:52 PM Server.Domain.CommonClasses.Response <init>
WARNING: username already exists
Apr 14, 2021 1:10:52 PM Server.Domain.CommonClasses.Response <init>
WARNING: username already exists
Apr 14, 2021 1:10:52 PM Server.Domain.CommonClasses.Response <init>
WARNING: user doesn't exist
Apr 14, 2021 1:10:52 PM Server.Domain.CommonClasses.Response <init>
WARNING: username already exists
Apr 14, 2021 1:10:52 PM Server.Domain.CommonClasses.Response <init>
WARNING: username already exists
Apr 14, 2021 1:10:52 PM Server.Domain.CommonClasses.Response <init>
WARNING: The user is not allowed to edit products information in the store
Apr 14, 2021 1:10:52 PM Server.Domain.CommonClasses.Response <init>
WARNING: username already exists
Apr 14, 2021 1:10:52 PM Server.Domain.CommonClasses.Response <init>
WARNING: username already exists
Apr 14, 2021 1:10:52 PM Server.Domain.CommonClasses.Response <init>
WARNING: user doesn't exist
Apr 14, 2021 1:10:52 PM Server.Domain.CommonClasses.Response <init>
WARNING: user not appointed by this appointer
Apr 14, 2021 1:10:52 PM Server.Domain.CommonClasses.Response <init>
WARNING: username already exists
Apr 14, 2021 1:10:52 PM Server.Domain.CommonClasses.Response <init>
WARNING: username already exists
Apr 14, 2021 1:10:52 PM Server.Domain.CommonClasses.Response <init>
WARNING: user doesn't exist
Apr 14, 2021 1:10:52 PM Server.Domain.CommonClasses.Response <init>
WARNING: username already exists
Apr 14, 2021 1:10:52 PM Server.Domain.CommonClasses.Response <init>
WARNING: username already exists
Apr 14, 2021 1:10:52 PM Server.Domain.CommonClasses.Response <init>
WARNING: User isn't allowed to appoint manager
Apr 14, 2021 1:10:52 PM Server.Domain.CommonClasses.Response <init>
WARNING: username already exists
Apr 14, 2021 1:10:52 PM Server.Domain.CommonClasses.Response <init>
WARNING: username already exists
Apr 14, 2021 1:10:52 PM Server.Domain.CommonClasses.Response <init>
WARNING: User not allowed to review product
Apr 14, 2021 1:10:52 PM Server.Domain.CommonClasses.Response <init>
WARNING: username already exists
Apr 14, 2021 1:10:52 PM Server.Domain.CommonClasses.Response <init>
WARNING: username already exists
Apr 14, 2021 1:10:59 PM Server.Domain.CommonClasses.Response <init>
WARNING: Inventory: This product doesn't exist
Apr 14, 2021 1:10:59 PM Server.Domain.CommonClasses.Response <init>
WARNING: Inventory: This product doesn't exist
Apr 14, 2021 1:11:19 PM Server.Domain.CommonClasses.Response <init>
WARNING: Inventory: Amount to remove exceeds the amount in stock
Apr 14, 2021 1:11:19 PM Server.Domain.CommonClasses.Response <init>
WARNING: Inventory: Amount to remove exceeds the amount in stock
Apr 14, 2021 1:11:28 PM Server.Domain.CommonClasses.Response <init>
WARNING: ShoppingBasket: The given product doesn't exists
Apr 14, 2021 1:11:28 PM Server.Domain.CommonClasses.Response <init>
WARNING: CRITICAL: Product AirPods isn't from store
Apr 14, 2021 1:11:28 PM Server.Domain.CommonClasses.Response <init>
WARNING: ShoppingBasket: The amount can't be negative
Apr 14, 2021 1:11:36 PM Server.Domain.CommonClasses.Response <init>
WARNING: ShoppingCart: This store basket doesn't exists
Apr 14, 2021 1:11:44 PM Server.Domain.CommonClasses.Response <init>
WARNING: username already exists
Apr 14, 2021 1:11:44 PM Server.Domain.CommonClasses.Response <init>
WARNING: username already exists
Apr 14, 2021 1:11:44 PM Server.Domain.CommonClasses.Response <init>
WARNING: Cannot logout without being logged in
Apr 14, 2021 1:11:44 PM Server.Domain.CommonClasses.Response <init>
WARNING: User not permitted to logout
Apr 14, 2021 1:11:44 PM Server.Domain.CommonClasses.Response <init>
WARNING: username already exists
Apr 14, 2021 1:11:44 PM Server.Domain.CommonClasses.Response <init>
WARNING: Failed to login user
Apr 14, 2021 1:11:44 PM Server.Domain.CommonClasses.Response <init>
WARNING: username already exists
Apr 14, 2021 1:11:44 PM Server.Domain.CommonClasses.Response <init>
WARNING: username already exists
Apr 14, 2021 1:11:44 PM Server.Domain.CommonClasses.Response <init>
WARNING: username already exists
Apr 14, 2021 1:11:44 PM Server.Domain.CommonClasses.Response <init>
WARNING: username already exists
Apr 14, 2021 1:11:44 PM Server.Domain.CommonClasses.Response <init>
WARNING: username already exists
Apr 14, 2021 1:11:44 PM Server.Domain.CommonClasses.Response <init>
WARNING: username already exists
Apr 14, 2021 1:11:44 PM Server.Domain.CommonClasses.Response <init>
WARNING: Failed to login user
Apr 14, 2021 1:11:53 PM Server.Domain.CommonClasses.Response <init>
WARNING: username already exists
Apr 14, 2021 1:11:53 PM Server.Domain.CommonClasses.Response <init>
WARNING: username already exists
Apr 14, 2021 1:11:53 PM Server.Domain.CommonClasses.Response <init>
WARNING: username already exists
Apr 14, 2021 1:11:53 PM Server.Domain.CommonClasses.Response <init>
WARNING: username already exists
Apr 14, 2021 1:11:53 PM Server.Domain.CommonClasses.Response <init>
WARNING: username already exists
Apr 14, 2021 1:11:53 PM Server.Domain.CommonClasses.Response <init>
WARNING: username already exists
Apr 14, 2021 1:11:53 PM Server.Domain.CommonClasses.Response <init>
WARNING: username already exists
Apr 14, 2021 1:11:53 PM Server.Domain.CommonClasses.Response <init>
WARNING: username already exists
Apr 14, 2021 1:11:53 PM Server.Domain.CommonClasses.Response <init>
WARNING: username already exists
Apr 14, 2021 1:11:53 PM Server.Domain.CommonClasses.Response <init>
WARNING: username already exists
Apr 14, 2021 1:11:53 PM Server.Domain.CommonClasses.Response <init>
WARNING: username already exists
Apr 14, 2021 1:11:53 PM Server.Domain.CommonClasses.Response <init>
WARNING: username already exists
Apr 14, 2021 1:11:53 PM Server.Domain.CommonClasses.Response <init>
WARNING: username already exists
Apr 14, 2021 1:11:53 PM Server.Domain.CommonClasses.Response <init>
WARNING: username already exists
Apr 14, 2021 1:11:53 PM Server.Domain.CommonClasses.Response <init>
WARNING: User not allowed to view user's purchase
Apr 14, 2021 1:11:53 PM Server.Domain.CommonClasses.Response <init>
WARNING: username already exists
Apr 14, 2021 1:11:53 PM Server.Domain.CommonClasses.Response <init>
WARNING: username already exists
Apr 14, 2021 1:11:53 PM Server.Domain.CommonClasses.Response <init>
WARNING: User not allowed to view purchase history
Apr 14, 2021 1:11:53 PM Server.Domain.CommonClasses.Response <init>
WARNING: username already exists
Apr 14, 2021 1:11:53 PM Server.Domain.CommonClasses.Response <init>
WARNING: username already exists
Apr 14, 2021 1:11:53 PM Server.Domain.CommonClasses.Response <init>
WARNING: User not allowed to receive store workers information
Apr 14, 2021 1:11:53 PM Server.Domain.CommonClasses.Response <init>
WARNING: username already exists
Apr 14, 2021 1:11:53 PM Server.Domain.CommonClasses.Response <init>
WARNING: username already exists
Apr 14, 2021 1:11:53 PM Server.Domain.CommonClasses.Response <init>
WARNING: username already exists
Apr 14, 2021 1:11:53 PM Server.Domain.CommonClasses.Response <init>
WARNING: username already exists
Apr 14, 2021 1:11:53 PM Server.Domain.CommonClasses.Response <init>
WARNING: username already exists
Apr 14, 2021 1:11:53 PM Server.Domain.CommonClasses.Response <init>
WARNING: username already exists
Apr 14, 2021 1:11:53 PM Server.Domain.CommonClasses.Response <init>
WARNING: User not allowed to receive store history
Apr 14, 2021 1:11:53 PM Server.Domain.CommonClasses.Response <init>
WARNING: username already exists
Apr 14, 2021 1:11:53 PM Server.Domain.CommonClasses.Response <init>
WARNING: username already exists
Apr 14, 2021 1:11:53 PM Server.Domain.CommonClasses.Response <init>
WARNING: User not allowed to view user's purchase
Apr 14, 2021 1:11:53 PM Server.Domain.CommonClasses.Response <init>
WARNING: username already exists
Apr 14, 2021 1:11:53 PM Server.Domain.CommonClasses.Response <init>
WARNING: username already exists
Apr 14, 2021 1:11:53 PM Server.Domain.CommonClasses.Response <init>
WARNING: username already exists
Apr 14, 2021 1:11:53 PM Server.Domain.CommonClasses.Response <init>
WARNING: username already exists
Apr 14, 2021 1:11:53 PM Server.Domain.CommonClasses.Response <init>
WARNING: User is not allowed to register
Apr 14, 2021 1:11:53 PM Server.Domain.CommonClasses.Response <init>
WARNING: username already exists
Apr 14, 2021 1:11:53 PM Server.Domain.CommonClasses.Response <init>
WARNING: username already exists
Apr 14, 2021 1:11:53 PM Server.Domain.CommonClasses.Response <init>
WARNING: Not allowed to open store
Apr 14, 2021 1:11:53 PM Server.Domain.CommonClasses.Response <init>
WARNING: username already exists
Apr 14, 2021 1:11:53 PM Server.Domain.CommonClasses.Response <init>
WARNING: username already exists
Apr 14, 2021 1:11:53 PM Server.Domain.CommonClasses.Response <init>
WARNING: Cannot logout without being logged in
Apr 14, 2021 1:25:14 PM Server.Domain.CommonClasses.Response <init>
WARNING: username already exists
Apr 14, 2021 1:25:14 PM Server.Domain.CommonClasses.Response <init>
WARNING: username already exists
Apr 14, 2021 1:25:14 PM Server.Domain.CommonClasses.Response <init>
WARNING: username already exists
Apr 14, 2021 1:25:14 PM Server.Domain.CommonClasses.Response <init>
WARNING: username already exists
Apr 14, 2021 1:25:14 PM Server.Domain.CommonClasses.Response <init>
WARNING: user doesn't exist
Apr 14, 2021 1:25:14 PM Server.Domain.CommonClasses.Response <init>
WARNING: username already exists
Apr 14, 2021 1:25:14 PM Server.Domain.CommonClasses.Response <init>
WARNING: username already exists
Apr 14, 2021 1:25:14 PM Server.Domain.CommonClasses.Response <init>
WARNING: user doesn't exist
Apr 14, 2021 1:25:14 PM Server.Domain.CommonClasses.Response <init>
WARNING: Delivery failed | created external connection
Apr 14, 2021 1:25:14 PM Server.Domain.CommonClasses.Response <init>
WARNING: Delivery failed | created external connection
Apr 14, 2021 1:25:14 PM Server.Domain.CommonClasses.Response <init>
WARNING: Delivery failed | created external connection
Apr 14, 2021 1:25:14 PM Server.Domain.CommonClasses.Response <init>
WARNING: Delivery failed | created external connection
Apr 14, 2021 1:25:14 PM Server.Domain.CommonClasses.Response <init>
WARNING: Delivery failed | created external connection
Apr 14, 2021 1:25:14 PM Server.Domain.CommonClasses.Response <init>
WARNING: Delivery failed | created external connection
Apr 14, 2021 1:25:14 PM Server.Domain.CommonClasses.Response <init>
WARNING: user doesn't exist
Apr 14, 2021 1:25:14 PM Server.Domain.CommonClasses.Response <init>
WARNING: User was already appointed in this store
